2026-04-23 12:51:25 | ectuner |     INFO -> Loading 2D Data (Sensitivity, Reference, Base)...
   > Loading reference for net_toa from: climate_average_net_toa_CERES EBAF_r180x90_2000-2024.nc
   > Loading reference for rsnt from: climate_average_rsnt_CERES EBAF_r180x90_2000-2024.nc
--- Loading cached base maps for phis ---
2026-04-23 12:51:26 | ectuner |     INFO -> Generating spatial weights (Area * Region)...
2026-04-23 12:51:26 | ectuner |     INFO -> Variable net_toa: Initial Spatial RMSE (Weighted) = 11.3965
2026-04-23 12:51:26 | ectuner |     INFO -> Variable rsnt: Initial Spatial RMSE (Weighted) = 10.4479
2026-04-23 12:51:26 | ectuner |     INFO -> Flattening data for fast optimization...
2026-04-23 12:51:26 | ectuner |     INFO -> DEBUG: Global Bias for net_toa in optimizer: 5.6259
2026-04-23 12:51:26 | ectuner |     INFO -> DEBUG: Global Bias for rsnt in optimizer: -1.3053
2026-04-23 12:51:26 | ectuner |     INFO -> Starting 2D Optimization (dual_annealing)...
2026-04-23 12:52:47 | ectuner |     INFO -> 
==================== GLOBAL MEAN & ZONAL SUMMARY FROM 2D OPTIMIZATION ====================
2026-04-23 12:52:47 | ectuner |     INFO -> Variable     | Metric       |            Initial ->              Final | Status
2026-04-23 12:52:47 | ectuner |     INFO -> ------------------------------------------------------------------------------------------
2026-04-23 12:52:47 | ectuner |     INFO -> net_toa      | Global Bias |             5.6259 ->             0.0000 | IMPROVED
2026-04-23 12:52:47 | ectuner |     INFO ->              | Spatial RMSE  |            11.3965 ->            10.3103 | IMPROVED
2026-04-23 12:52:47 | ectuner |     INFO -> ------------------------------------------------------------------------------------------
2026-04-23 12:52:47 | ectuner |     INFO -> rsnt         | Global Bias |            -1.3053 ->            -0.0000 | IMPROVED
2026-04-23 12:52:47 | ectuner |     INFO ->              | Spatial RMSE  |            10.4479 ->            11.5183 | WORSENED
2026-04-23 12:52:47 | ectuner |     INFO -> ------------------------------------------------------------------------------------------
2026-04-23 12:52:47 | ectuner |     INFO -> Structured tuning YAML written to ../results/tuned_2d_LR/rsut/alfa_080/tuned_phis_a080.yml

| Parameter         |   New Value |   Old Value |      Change |   Rel. Change |   Dist. from Ref. |
|-------------------+-------------+-------------+-------------+---------------+-------------------|
| RPRCON            |  1.4760e-03 |  1.4000e-03 |  7.6026e-05 |    5.4305e-02 |        5.4305e-02 |
| ENTRORG           |  2.0137e-03 |  1.7500e-03 |  2.6372e-04 |    1.5070e-01 |        1.5070e-01 |
| DETRPEN           |  8.1731e-05 |  7.5000e-05 |  6.7315e-06 |    8.9753e-02 |        8.9753e-02 |
| ENTRDD            |  3.1836e-04 |  3.0000e-04 |  1.8358e-05 |    6.1192e-02 |        6.1192e-02 |
| RMFDEPS           |  3.9394e-01 |  3.0000e-01 |  9.3944e-02 |    3.1315e-01 |        3.1315e-01 |
| RVICE             |  1.6584e-01 |  1.3000e-01 |  3.5840e-02 |    2.7569e-01 |        2.7569e-01 |
| RLCRITSNOW        |  1.2631e-05 |  2.0000e-05 | -7.3694e-06 |   -3.6847e-01 |       -3.6847e-01 |
| RSNOWLIN2         |  1.5875e-02 |  3.0000e-02 | -1.4125e-02 |   -4.7084e-01 |       -4.7084e-01 |
| RCLDIFF           |  7.3184e-06 |  6.0000e-06 |  1.3184e-06 |    2.1974e-01 |        2.1974e-01 |
| RCLDIFF_CONVI     |  9.6362e+00 |  1.0000e+01 | -3.6375e-01 |   -3.6375e-02 |       -3.6375e-02 |
| RDEPLIQREFRATE    |  5.7625e-01 |  5.0000e-01 |  7.6249e-02 |    1.5250e-01 |        1.5250e-01 |
| RDEPLIQREFDEPTH   |  5.2180e+02 |  5.0000e+02 |  2.1803e+01 |    4.3605e-02 |        4.3605e-02 |
| RCL_OVERLAPLIQICE |  4.3724e-01 |  6.5000e-01 | -2.1276e-01 |   -3.2732e-01 |       -3.2732e-01 |
| RCL_INHOMOGAUT    |  9.8523e-01 |  1.5000e+00 | -5.1477e-01 |   -3.4318e-01 |       -3.4318e-01 |
| RCL_INHOMOGACC    |  2.0132e+00 |  3.0000e+00 | -9.8675e-01 |   -3.2892e-01 |       -3.2892e-01 |
| RMINICE           |  8.9625e+01 |  6.0000e+01 |  2.9625e+01 |    4.9376e-01 |        4.9376e-01 |
2026-04-23 12:52:47 | ectuner |     INFO -> Diagnostic maps saved to ../results/tuned_2d_LR/rsut/alfa_080/diagnostics_2d_phis_Global_a08.nc
Copia del file YAML inviata a ../results/tuned_2d_LR/rsut/yaml_files
