2026-04-23 12:51:24 | ectuner |     INFO -> Loading 2D Data (Sensitivity, Reference, Base)...
   > Loading reference for net_toa from: climate_average_net_toa_CERES EBAF_r180x90_2000-2024.nc
   > Loading reference for rsnt from: climate_average_rsnt_CERES EBAF_r180x90_2000-2024.nc
--- Loading cached base maps for phis ---
2026-04-23 12:51:25 | ectuner |     INFO -> Generating spatial weights (Area * Region)...
2026-04-23 12:51:25 | ectuner |     INFO -> Variable net_toa: Initial Spatial RMSE (Weighted) = 11.3965
2026-04-23 12:51:25 | ectuner |     INFO -> Variable rsnt: Initial Spatial RMSE (Weighted) = 10.4479
2026-04-23 12:51:25 | ectuner |     INFO -> Flattening data for fast optimization...
2026-04-23 12:51:25 | ectuner |     INFO -> DEBUG: Global Bias for net_toa in optimizer: 5.6259
2026-04-23 12:51:25 | ectuner |     INFO -> DEBUG: Global Bias for rsnt in optimizer: -1.3053
2026-04-23 12:51:25 | ectuner |     INFO -> Starting 2D Optimization (dual_annealing)...
2026-04-23 12:52:26 | ectuner |     INFO -> 
==================== GLOBAL MEAN & ZONAL SUMMARY FROM 2D OPTIMIZATION ====================
2026-04-23 12:52:26 | ectuner |     INFO -> Variable     | Metric       |            Initial ->              Final | Status
2026-04-23 12:52:26 | ectuner |     INFO -> ------------------------------------------------------------------------------------------
2026-04-23 12:52:26 | ectuner |     INFO -> net_toa      | Global Bias |             5.6259 ->             1.7776 | IMPROVED
2026-04-23 12:52:26 | ectuner |     INFO ->              | Spatial RMSE  |            11.3965 ->             9.3221 | IMPROVED
2026-04-23 12:52:26 | ectuner |     INFO -> ------------------------------------------------------------------------------------------
2026-04-23 12:52:26 | ectuner |     INFO -> rsnt         | Global Bias |            -1.3053 ->             0.0000 | IMPROVED
2026-04-23 12:52:26 | ectuner |     INFO ->              | Spatial RMSE  |            10.4479 ->            10.7216 | WORSENED
2026-04-23 12:52:26 | ectuner |     INFO -> ------------------------------------------------------------------------------------------
2026-04-23 12:52:26 | ectuner |     INFO -> Structured tuning YAML written to ../results/tuned_2d_LR/rsut/alfa_040/tuned_phis_a040.yml

| Parameter         |   New Value |   Old Value |      Change |   Rel. Change |   Dist. from Ref. |
|-------------------+-------------+-------------+-------------+---------------+-------------------|
| RPRCON            |  8.9407e-04 |  1.4000e-03 | -5.0593e-04 |   -3.6138e-01 |       -3.6138e-01 |
| ENTRORG           |  1.6190e-03 |  1.7500e-03 | -1.3101e-04 |   -7.4862e-02 |       -7.4862e-02 |
| DETRPEN           |  1.0829e-04 |  7.5000e-05 |  3.3286e-05 |    4.4381e-01 |        4.4381e-01 |
| ENTRDD            |  1.4845e-04 |  3.0000e-04 | -1.5155e-04 |   -5.0518e-01 |       -5.0518e-01 |
| RMFDEPS           |  3.5133e-01 |  3.0000e-01 |  5.1329e-02 |    1.7110e-01 |        1.7110e-01 |
| RVICE             |  1.7750e-01 |  1.3000e-01 |  4.7502e-02 |    3.6540e-01 |        3.6540e-01 |
| RLCRITSNOW        |  8.0000e-06 |  2.0000e-05 | -1.2000e-05 |   -6.0000e-01 |       -6.0000e-01 |
| RSNOWLIN2         |  1.2059e-02 |  3.0000e-02 | -1.7941e-02 |   -5.9804e-01 |       -5.9804e-01 |
| RCLDIFF           |  3.6062e-06 |  6.0000e-06 | -2.3938e-06 |   -3.9896e-01 |       -3.9896e-01 |
| RCLDIFF_CONVI     |  9.5952e+00 |  1.0000e+01 | -4.0476e-01 |   -4.0476e-02 |       -4.0476e-02 |
| RDEPLIQREFRATE    |  5.0782e-01 |  5.0000e-01 |  7.8241e-03 |    1.5648e-02 |        1.5648e-02 |
| RDEPLIQREFDEPTH   |  6.5162e+02 |  5.0000e+02 |  1.5162e+02 |    3.0324e-01 |        3.0324e-01 |
| RCL_OVERLAPLIQICE |  2.9986e-01 |  6.5000e-01 | -3.5014e-01 |   -5.3868e-01 |       -5.3868e-01 |
| RCL_INHOMOGAUT    |  1.2983e+00 |  1.5000e+00 | -2.0169e-01 |   -1.3446e-01 |       -1.3446e-01 |
| RCL_INHOMOGACC    |  2.9487e+00 |  3.0000e+00 | -5.1346e-02 |   -1.7115e-02 |       -1.7115e-02 |
| RMINICE           |  9.4384e+01 |  6.0000e+01 |  3.4384e+01 |    5.7307e-01 |        5.7307e-01 |
2026-04-23 12:52:26 | ectuner |     INFO -> Diagnostic maps saved to ../results/tuned_2d_LR/rsut/alfa_040/diagnostics_2d_phis_Global_a04.nc
Copia del file YAML inviata a ../results/tuned_2d_LR/rsut/yaml_files
