2026-04-23 12:51:24 | ectuner |     INFO -> Loading 2D Data (Sensitivity, Reference, Base)...
   > Loading reference for net_toa from: climate_average_net_toa_CERES EBAF_r180x90_2000-2024.nc
   > Loading reference for rsnt from: climate_average_rsnt_CERES EBAF_r180x90_2000-2024.nc
--- Loading cached base maps for phis ---
2026-04-23 12:51:25 | ectuner |     INFO -> Generating spatial weights (Area * Region)...
2026-04-23 12:51:25 | ectuner |     INFO -> Variable net_toa: Initial Spatial RMSE (Weighted) = 11.3965
2026-04-23 12:51:25 | ectuner |     INFO -> Variable rsnt: Initial Spatial RMSE (Weighted) = 10.4479
2026-04-23 12:51:25 | ectuner |     INFO -> Flattening data for fast optimization...
2026-04-23 12:51:25 | ectuner |     INFO -> DEBUG: Global Bias for net_toa in optimizer: 5.6259
2026-04-23 12:51:25 | ectuner |     INFO -> DEBUG: Global Bias for rsnt in optimizer: -1.3053
2026-04-23 12:51:25 | ectuner |     INFO -> Starting 2D Optimization (dual_annealing)...
2026-04-23 12:52:28 | ectuner |     INFO -> 
==================== GLOBAL MEAN & ZONAL SUMMARY FROM 2D OPTIMIZATION ====================
2026-04-23 12:52:28 | ectuner |     INFO -> Variable     | Metric       |            Initial ->              Final | Status
2026-04-23 12:52:28 | ectuner |     INFO -> ------------------------------------------------------------------------------------------
2026-04-23 12:52:28 | ectuner |     INFO -> net_toa      | Global Bias |             5.6259 ->             2.5291 | IMPROVED
2026-04-23 12:52:28 | ectuner |     INFO ->              | Spatial RMSE  |            11.3965 ->             9.2828 | IMPROVED
2026-04-23 12:52:28 | ectuner |     INFO -> ------------------------------------------------------------------------------------------
2026-04-23 12:52:28 | ectuner |     INFO -> rsnt         | Global Bias |            -1.3053 ->            -0.4774 | IMPROVED
2026-04-23 12:52:28 | ectuner |     INFO ->              | Spatial RMSE  |            10.4479 ->            10.4174 | IMPROVED
2026-04-23 12:52:28 | ectuner |     INFO -> ------------------------------------------------------------------------------------------
2026-04-23 12:52:28 | ectuner |     INFO -> Structured tuning YAML written to ../results/tuned_2d_LR/rsut/alfa_000/tuned_phis_a000.yml

| Parameter         |   New Value |   Old Value |      Change |   Rel. Change |   Dist. from Ref. |
|-------------------+-------------+-------------+-------------+---------------+-------------------|
| RPRCON            |  1.0459e-03 |  1.4000e-03 | -3.5413e-04 |   -2.5295e-01 |       -2.5295e-01 |
| ENTRORG           |  1.4167e-03 |  1.7500e-03 | -3.3333e-04 |   -1.9047e-01 |       -1.9047e-01 |
| DETRPEN           |  1.1172e-04 |  7.5000e-05 |  3.6715e-05 |    4.8953e-01 |        4.8953e-01 |
| ENTRDD            |  2.4241e-04 |  3.0000e-04 | -5.7586e-05 |   -1.9195e-01 |       -1.9195e-01 |
| RMFDEPS           |  4.0210e-01 |  3.0000e-01 |  1.0210e-01 |    3.4032e-01 |        3.4032e-01 |
| RVICE             |  2.0790e-01 |  1.3000e-01 |  7.7897e-02 |    5.9920e-01 |        5.9920e-01 |
| RLCRITSNOW        |  1.0376e-05 |  2.0000e-05 | -9.6240e-06 |   -4.8120e-01 |       -4.8120e-01 |
| RSNOWLIN2         |  1.5638e-02 |  3.0000e-02 | -1.4362e-02 |   -4.7872e-01 |       -4.7872e-01 |
| RCLDIFF           |  2.4000e-06 |  6.0000e-06 | -3.6000e-06 |   -6.0000e-01 |       -6.0000e-01 |
| RCLDIFF_CONVI     |  8.9799e+00 |  1.0000e+01 | -1.0201e+00 |   -1.0201e-01 |       -1.0201e-01 |
| RDEPLIQREFRATE    |  6.8234e-01 |  5.0000e-01 |  1.8234e-01 |    3.6469e-01 |        3.6469e-01 |
| RDEPLIQREFDEPTH   |  4.6160e+02 |  5.0000e+02 | -3.8395e+01 |   -7.6790e-02 |       -7.6790e-02 |
| RCL_OVERLAPLIQICE |  2.6045e-01 |  6.5000e-01 | -3.8955e-01 |   -5.9931e-01 |       -5.9931e-01 |
| RCL_INHOMOGAUT    |  1.2662e+00 |  1.5000e+00 | -2.3381e-01 |   -1.5587e-01 |       -1.5587e-01 |
| RCL_INHOMOGACC    |  2.9558e+00 |  3.0000e+00 | -4.4201e-02 |   -1.4734e-02 |       -1.4734e-02 |
| RMINICE           |  7.4924e+01 |  6.0000e+01 |  1.4924e+01 |    2.4874e-01 |        2.4874e-01 |
2026-04-23 12:52:28 | ectuner |     INFO -> Diagnostic maps saved to ../results/tuned_2d_LR/rsut/alfa_000/diagnostics_2d_phis_Global_a00.nc
Copia del file YAML inviata a ../results/tuned_2d_LR/rsut/yaml_files
