2026-04-23 12:51:23 | ectuner |     INFO -> Loading 2D Data (Sensitivity, Reference, Base)...
   > Loading reference for net_toa from: climate_average_net_toa_CERES EBAF_r180x90_2000-2024.nc
   > Loading reference for rsnt from: climate_average_rsnt_CERES EBAF_r180x90_2000-2024.nc
--- Loading cached base maps for phis ---
2026-04-23 12:51:25 | ectuner |     INFO -> Generating spatial weights (Area * Region)...
2026-04-23 12:51:25 | ectuner |     INFO -> Variable net_toa: Initial Spatial RMSE (Weighted) = 11.3965
2026-04-23 12:51:25 | ectuner |     INFO -> Variable rsnt: Initial Spatial RMSE (Weighted) = 10.4479
2026-04-23 12:51:25 | ectuner |     INFO -> Flattening data for fast optimization...
2026-04-23 12:51:25 | ectuner |     INFO -> DEBUG: Global Bias for net_toa in optimizer: 5.6259
2026-04-23 12:51:25 | ectuner |     INFO -> DEBUG: Global Bias for rsnt in optimizer: -1.3053
2026-04-23 12:51:25 | ectuner |     INFO -> Starting 2D Optimization (dual_annealing)...
2026-04-23 12:53:20 | ectuner |     INFO -> 
==================== GLOBAL MEAN & ZONAL SUMMARY FROM 2D OPTIMIZATION ====================
2026-04-23 12:53:20 | ectuner |     INFO -> Variable     | Metric       |            Initial ->              Final | Status
2026-04-23 12:53:20 | ectuner |     INFO -> ------------------------------------------------------------------------------------------
2026-04-23 12:53:20 | ectuner |     INFO -> net_toa      | Global Bias |             5.6259 ->             1.5844 | IMPROVED
2026-04-23 12:53:20 | ectuner |     INFO ->              | Spatial RMSE  |            11.3965 ->             9.3494 | IMPROVED
2026-04-23 12:53:20 | ectuner |     INFO -> ------------------------------------------------------------------------------------------
2026-04-23 12:53:20 | ectuner |     INFO -> rsnt         | Global Bias |            -1.3053 ->            -0.0000 | IMPROVED
2026-04-23 12:53:20 | ectuner |     INFO ->              | Spatial RMSE  |            10.4479 ->            10.5827 | WORSENED
2026-04-23 12:53:20 | ectuner |     INFO -> ------------------------------------------------------------------------------------------
2026-04-23 12:53:20 | ectuner |     INFO -> Structured tuning YAML written to ../results/tuned_2d_LR/rsut/alfa_017/tuned_phis_a017.yml

| Parameter         |   New Value |   Old Value |      Change |   Rel. Change |   Dist. from Ref. |
|-------------------+-------------+-------------+-------------+---------------+-------------------|
| RPRCON            |  1.3263e-03 |  1.4000e-03 | -7.3673e-05 |   -5.2623e-02 |       -5.2623e-02 |
| ENTRORG           |  1.2612e-03 |  1.7500e-03 | -4.8881e-04 |   -2.7932e-01 |       -2.7932e-01 |
| DETRPEN           |  1.1940e-04 |  7.5000e-05 |  4.4400e-05 |    5.9200e-01 |        5.9200e-01 |
| ENTRDD            |  2.1439e-04 |  3.0000e-04 | -8.5615e-05 |   -2.8538e-01 |       -2.8538e-01 |
| RMFDEPS           |  3.6695e-01 |  3.0000e-01 |  6.6951e-02 |    2.2317e-01 |        2.2317e-01 |
| RVICE             |  2.0772e-01 |  1.3000e-01 |  7.7723e-02 |    5.9787e-01 |        5.9787e-01 |
| RLCRITSNOW        |  8.0698e-06 |  2.0000e-05 | -1.1930e-05 |   -5.9651e-01 |       -5.9651e-01 |
| RSNOWLIN2         |  1.6978e-02 |  3.0000e-02 | -1.3022e-02 |   -4.3407e-01 |       -4.3407e-01 |
| RCLDIFF           |  2.5021e-06 |  6.0000e-06 | -3.4979e-06 |   -5.8298e-01 |       -5.8298e-01 |
| RCLDIFF_CONVI     |  8.9303e+00 |  1.0000e+01 | -1.0697e+00 |   -1.0697e-01 |       -1.0697e-01 |
| RDEPLIQREFRATE    |  6.6851e-01 |  5.0000e-01 |  1.6851e-01 |    3.3703e-01 |        3.3703e-01 |
| RDEPLIQREFDEPTH   |  4.4220e+02 |  5.0000e+02 | -5.7803e+01 |   -1.1561e-01 |       -1.1561e-01 |
| RCL_OVERLAPLIQICE |  2.6028e-01 |  6.5000e-01 | -3.8972e-01 |   -5.9957e-01 |       -5.9957e-01 |
| RCL_INHOMOGAUT    |  1.3691e+00 |  1.5000e+00 | -1.3095e-01 |   -8.7298e-02 |       -8.7298e-02 |
| RCL_INHOMOGACC    |  2.0895e+00 |  3.0000e+00 | -9.1054e-01 |   -3.0351e-01 |       -3.0351e-01 |
| RMINICE           |  7.9477e+01 |  6.0000e+01 |  1.9477e+01 |    3.2462e-01 |        3.2462e-01 |
2026-04-23 12:53:20 | ectuner |     INFO -> Diagnostic maps saved to ../results/tuned_2d_LR/rsut/alfa_017/diagnostics_2d_phis_Global_a017.nc
Copia del file YAML inviata a ../results/tuned_2d_LR/rsut/yaml_files
