2026-04-23 12:51:24 | ectuner |     INFO -> Loading 2D Data (Sensitivity, Reference, Base)...
   > Loading reference for net_toa from: climate_average_net_toa_CERES EBAF_r180x90_2000-2024.nc
   > Loading reference for rsnt from: climate_average_rsnt_CERES EBAF_r180x90_2000-2024.nc
--- Loading cached base maps for phis ---
2026-04-23 12:51:25 | ectuner |     INFO -> Generating spatial weights (Area * Region)...
2026-04-23 12:51:25 | ectuner |     INFO -> Variable net_toa: Initial Spatial RMSE (Weighted) = 11.3965
2026-04-23 12:51:25 | ectuner |     INFO -> Variable rsnt: Initial Spatial RMSE (Weighted) = 10.4479
2026-04-23 12:51:25 | ectuner |     INFO -> Flattening data for fast optimization...
2026-04-23 12:51:26 | ectuner |     INFO -> DEBUG: Global Bias for net_toa in optimizer: 5.6259
2026-04-23 12:51:26 | ectuner |     INFO -> DEBUG: Global Bias for rsnt in optimizer: -1.3053
2026-04-23 12:51:26 | ectuner |     INFO -> Starting 2D Optimization (dual_annealing)...
2026-04-23 12:53:24 | ectuner |     INFO -> 
==================== GLOBAL MEAN & ZONAL SUMMARY FROM 2D OPTIMIZATION ====================
2026-04-23 12:53:24 | ectuner |     INFO -> Variable     | Metric       |            Initial ->              Final | Status
2026-04-23 12:53:24 | ectuner |     INFO -> ------------------------------------------------------------------------------------------
2026-04-23 12:53:24 | ectuner |     INFO -> net_toa      | Global Bias |             5.6259 ->             0.8361 | IMPROVED
2026-04-23 12:53:24 | ectuner |     INFO ->              | Spatial RMSE  |            11.3965 ->             9.4498 | IMPROVED
2026-04-23 12:53:24 | ectuner |     INFO -> ------------------------------------------------------------------------------------------
2026-04-23 12:53:24 | ectuner |     INFO -> rsnt         | Global Bias |            -1.3053 ->            -0.0000 | IMPROVED
2026-04-23 12:53:24 | ectuner |     INFO ->              | Spatial RMSE  |            10.4479 ->            10.8178 | WORSENED
2026-04-23 12:53:24 | ectuner |     INFO -> ------------------------------------------------------------------------------------------
2026-04-23 12:53:24 | ectuner |     INFO -> Structured tuning YAML written to ../results/tuned_2d_LR/rsut/alfa_030/tuned_phis_a030.yml

| Parameter         |   New Value |   Old Value |      Change |   Rel. Change |   Dist. from Ref. |
|-------------------+-------------+-------------+-------------+---------------+-------------------|
| RPRCON            |  1.0869e-03 |  1.4000e-03 | -3.1308e-04 |   -2.2363e-01 |       -2.2363e-01 |
| ENTRORG           |  1.8431e-03 |  1.7500e-03 |  9.3057e-05 |    5.3176e-02 |        5.3176e-02 |
| DETRPEN           |  9.2579e-05 |  7.5000e-05 |  1.7579e-05 |    2.3439e-01 |        2.3439e-01 |
| ENTRDD            |  1.9353e-04 |  3.0000e-04 | -1.0647e-04 |   -3.5489e-01 |       -3.5489e-01 |
| RMFDEPS           |  4.2279e-01 |  3.0000e-01 |  1.2279e-01 |    4.0929e-01 |        4.0929e-01 |
| RVICE             |  1.9728e-01 |  1.3000e-01 |  6.7285e-02 |    5.1758e-01 |        5.1758e-01 |
| RLCRITSNOW        |  9.2449e-06 |  2.0000e-05 | -1.0755e-05 |   -5.3776e-01 |       -5.3776e-01 |
| RSNOWLIN2         |  1.2559e-02 |  3.0000e-02 | -1.7441e-02 |   -5.8136e-01 |       -5.8136e-01 |
| RCLDIFF           |  2.4000e-06 |  6.0000e-06 | -3.6000e-06 |   -6.0000e-01 |       -6.0000e-01 |
| RCLDIFF_CONVI     |  8.6083e+00 |  1.0000e+01 | -1.3917e+00 |   -1.3917e-01 |       -1.3917e-01 |
| RDEPLIQREFRATE    |  6.8154e-01 |  5.0000e-01 |  1.8154e-01 |    3.6307e-01 |        3.6307e-01 |
| RDEPLIQREFDEPTH   |  4.2610e+02 |  5.0000e+02 | -7.3899e+01 |   -1.4780e-01 |       -1.4780e-01 |
| RCL_OVERLAPLIQICE |  2.7185e-01 |  6.5000e-01 | -3.7815e-01 |   -5.8178e-01 |       -5.8178e-01 |
| RCL_INHOMOGAUT    |  7.7805e-01 |  1.5000e+00 | -7.2195e-01 |   -4.8130e-01 |       -4.8130e-01 |
| RCL_INHOMOGACC    |  3.4112e+00 |  3.0000e+00 |  4.1119e-01 |    1.3706e-01 |        1.3706e-01 |
| RMINICE           |  8.6214e+01 |  6.0000e+01 |  2.6214e+01 |    4.3691e-01 |        4.3691e-01 |
2026-04-23 12:53:24 | ectuner |     INFO -> Diagnostic maps saved to ../results/tuned_2d_LR/rsut/alfa_030/diagnostics_2d_phis_Global_a03.nc
Copia del file YAML inviata a ../results/tuned_2d_LR/rsut/yaml_files
