2026-04-23 12:51:27 | ectuner |     INFO -> Loading 2D Data (Sensitivity, Reference, Base)...
   > Loading reference for net_toa from: climate_average_net_toa_CERES EBAF_r180x90_2000-2024.nc
   > Loading reference for rsnt from: climate_average_rsnt_CERES EBAF_r180x90_2000-2024.nc
--- Loading cached base maps for phis ---
2026-04-23 12:51:28 | ectuner |     INFO -> Generating spatial weights (Area * Region)...
2026-04-23 12:51:28 | ectuner |     INFO -> Variable net_toa: Initial Spatial RMSE (Weighted) = 11.3965
2026-04-23 12:51:28 | ectuner |     INFO -> Variable rsnt: Initial Spatial RMSE (Weighted) = 10.4479
2026-04-23 12:51:28 | ectuner |     INFO -> Flattening data for fast optimization...
2026-04-23 12:51:28 | ectuner |     INFO -> DEBUG: Global Bias for net_toa in optimizer: 5.6259
2026-04-23 12:51:28 | ectuner |     INFO -> DEBUG: Global Bias for rsnt in optimizer: -1.3053
2026-04-23 12:51:28 | ectuner |     INFO -> Starting 2D Optimization (dual_annealing)...
2026-04-23 12:52:23 | ectuner |     INFO -> 
==================== GLOBAL MEAN & ZONAL SUMMARY FROM 2D OPTIMIZATION ====================
2026-04-23 12:52:23 | ectuner |     INFO -> Variable     | Metric       |            Initial ->              Final | Status
2026-04-23 12:52:23 | ectuner |     INFO -> ------------------------------------------------------------------------------------------
2026-04-23 12:52:23 | ectuner |     INFO -> net_toa      | Global Bias |             5.6259 ->            -0.0006 | IMPROVED
2026-04-23 12:52:23 | ectuner |     INFO ->              | Spatial RMSE  |            11.3965 ->            10.7695 | IMPROVED
2026-04-23 12:52:23 | ectuner |     INFO -> ------------------------------------------------------------------------------------------
2026-04-23 12:52:23 | ectuner |     INFO -> rsnt         | Global Bias |            -1.3053 ->             0.0000 | IMPROVED
2026-04-23 12:52:23 | ectuner |     INFO ->              | Spatial RMSE  |            10.4479 ->            11.7355 | WORSENED
2026-04-23 12:52:23 | ectuner |     INFO -> ------------------------------------------------------------------------------------------
2026-04-23 12:52:24 | ectuner |     INFO -> Structured tuning YAML written to ../results/tuned_2d_LR/rsut/alfa_095/tuned_phis_a095.yml

| Parameter         |   New Value |   Old Value |      Change |   Rel. Change |   Dist. from Ref. |
|-------------------+-------------+-------------+-------------+---------------+-------------------|
| RPRCON            |  2.0878e-03 |  1.4000e-03 |  6.8777e-04 |    4.9127e-01 |        4.9127e-01 |
| ENTRORG           |  1.8822e-03 |  1.7500e-03 |  1.3219e-04 |    7.5535e-02 |        7.5535e-02 |
| DETRPEN           |  9.7302e-05 |  7.5000e-05 |  2.2302e-05 |    2.9736e-01 |        2.9736e-01 |
| ENTRDD            |  4.6881e-04 |  3.0000e-04 |  1.6881e-04 |    5.6269e-01 |        5.6269e-01 |
| RMFDEPS           |  4.4857e-01 |  3.0000e-01 |  1.4857e-01 |    4.9522e-01 |        4.9522e-01 |
| RVICE             |  2.0326e-01 |  1.3000e-01 |  7.3257e-02 |    5.6352e-01 |        5.6352e-01 |
| RLCRITSNOW        |  1.2796e-05 |  2.0000e-05 | -7.2043e-06 |   -3.6021e-01 |       -3.6021e-01 |
| RSNOWLIN2         |  3.0586e-02 |  3.0000e-02 |  5.8570e-04 |    1.9523e-02 |        1.9523e-02 |
| RCLDIFF           |  7.4079e-06 |  6.0000e-06 |  1.4079e-06 |    2.3464e-01 |        2.3464e-01 |
| RCLDIFF_CONVI     |  9.2586e+00 |  1.0000e+01 | -7.4142e-01 |   -7.4142e-02 |       -7.4142e-02 |
| RDEPLIQREFRATE    |  6.1593e-01 |  5.0000e-01 |  1.1593e-01 |    2.3186e-01 |        2.3186e-01 |
| RDEPLIQREFDEPTH   |  5.1693e+02 |  5.0000e+02 |  1.6933e+01 |    3.3866e-02 |        3.3866e-02 |
| RCL_OVERLAPLIQICE |  4.9651e-01 |  6.5000e-01 | -1.5349e-01 |   -2.3614e-01 |       -2.3614e-01 |
| RCL_INHOMOGAUT    |  1.2130e+00 |  1.5000e+00 | -2.8697e-01 |   -1.9132e-01 |       -1.9132e-01 |
| RCL_INHOMOGACC    |  1.2769e+00 |  3.0000e+00 | -1.7231e+00 |   -5.7436e-01 |       -5.7436e-01 |
| RMINICE           |  7.9240e+01 |  6.0000e+01 |  1.9240e+01 |    3.2067e-01 |        3.2067e-01 |
2026-04-23 12:52:24 | ectuner |     INFO -> Diagnostic maps saved to ../results/tuned_2d_LR/rsut/alfa_095/diagnostics_2d_phis_Global_a095.nc
Copia del file YAML inviata a ../results/tuned_2d_LR/rsut/yaml_files
