2026-05-27 15:37:32 | ectuner |     INFO -> Loading 2D Data (Sensitivity, Reference, Base)...
   > Loading reference for lwcf from: climate_average_lwcf_CERES EBAF_r180x90_2000-2024.nc
   > Loading reference for net_toa from: climate_average_net_toa_CERES EBAF_r180x90_2000-2024.nc
   > Loading reference for rlnt from: climate_average_rlnt_CERES EBAF_r180x90_2000-2024.nc
   > Flipping sign for rlnt (Obs is UP, Model is DOWN)
   > Loading reference for rsnt from: climate_average_rsnt_CERES EBAF_r180x90_2000-2024.nc
   > Loading reference for swcf from: climate_average_swcf_CERES EBAF_r180x90_2000-2024.nc
--- Loading cached base maps for phis ---
2026-05-27 15:37:34 | ectuner |     INFO -> Generating spatial weights (Area * Region)...
2026-05-27 15:37:34 | ectuner |     INFO -> Variable lwcf: Initial Spatial Absolute Cost (L1) (Weighted) = 5.9092
2026-05-27 15:37:34 | ectuner |     INFO -> Variable net_toa: Initial Spatial Absolute Cost (L1) (Weighted) = 8.7339
2026-05-27 15:37:34 | ectuner |     INFO -> Variable rlnt: Initial Spatial Absolute Cost (L1) (Weighted) = 9.4438
2026-05-27 15:37:34 | ectuner |     INFO -> Variable rsnt: Initial Spatial Absolute Cost (L1) (Weighted) = 7.8074
2026-05-27 15:37:34 | ectuner |     INFO -> Variable swcf: Initial Spatial Absolute Cost (L1) (Weighted) = 8.2304
2026-05-27 15:37:34 | ectuner |     INFO -> Flattening data for fast optimization...
2026-05-27 15:37:35 | ectuner |     INFO -> DEBUG: Global Bias for lwcf in optimizer: -2.7092
2026-05-27 15:37:35 | ectuner |     INFO -> DEBUG: Global Bias for net_toa in optimizer: 5.6259
2026-05-27 15:37:35 | ectuner |     INFO -> DEBUG: Global Bias for rlnt in optimizer: 6.9311
2026-05-27 15:37:35 | ectuner |     INFO -> DEBUG: Global Bias for rsnt in optimizer: -1.3053
2026-05-27 15:37:35 | ectuner |     INFO -> DEBUG: Global Bias for swcf in optimizer: 0.5056
2026-05-27 15:37:35 | ectuner |     INFO -> Starting 2D Optimization (dual_annealing)...
2026-05-27 15:41:20 | ectuner |     INFO -> Optimization finished. Final Weighted Cost (L1): Spatial=44.2823, Global=10.1331
2026-05-27 15:41:20 | ectuner |     INFO -> 
============================== GLOBAL & SPATIAL COSTS (L1) ===============================
2026-05-27 15:41:20 | ectuner |     INFO -> Variable     | Metric           |            Initial ->              Final | Status
2026-05-27 15:41:20 | ectuner |     INFO -> ------------------------------------------------------------------------------------------
2026-05-27 15:41:20 | ectuner |     INFO -> lwcf         | Global Cost|             2.7092 ->             6.3905 | WORSENED
2026-05-27 15:41:20 | ectuner |     INFO ->              | Spatial Cost  |             5.9092 ->             7.8379 | WORSENED
2026-05-27 15:41:20 | ectuner |     INFO -> ------------------------------------------------------------------------------------------
2026-05-27 15:41:20 | ectuner |     INFO -> net_toa      | Global Cost|             5.6259 ->             0.0001 | IMPROVED
2026-05-27 15:41:20 | ectuner |     INFO ->              | Spatial Cost  |             8.7339 ->             8.9844 | WORSENED
2026-05-27 15:41:20 | ectuner |     INFO -> ------------------------------------------------------------------------------------------
2026-05-27 15:41:20 | ectuner |     INFO -> rlnt         | Global Cost|             6.9311 ->             1.8711 | IMPROVED
2026-05-27 15:41:20 | ectuner |     INFO ->              | Spatial Cost  |             9.4438 ->             9.0990 | IMPROVED
2026-05-27 15:41:20 | ectuner |     INFO -> ------------------------------------------------------------------------------------------
2026-05-27 15:41:20 | ectuner |     INFO -> rsnt         | Global Cost|             1.3053 ->             1.8712 | WORSENED
2026-05-27 15:41:20 | ectuner |     INFO ->              | Spatial Cost  |             7.8074 ->             8.9187 | WORSENED
2026-05-27 15:41:20 | ectuner |     INFO -> ------------------------------------------------------------------------------------------
2026-05-27 15:41:20 | ectuner |     INFO -> swcf         | Global Cost|             0.5056 ->             0.0002 | IMPROVED
2026-05-27 15:41:20 | ectuner |     INFO ->              | Spatial Cost  |             8.2304 ->             9.4422 | WORSENED
2026-05-27 15:41:20 | ectuner |     INFO -> ------------------------------------------------------------------------------------------
2026-05-27 15:41:20 | ectuner |     INFO -> Structured tuning YAML written to ../results/tuned_2d_LR/l1/af_nor2_nw/alfa_080/tuned_phis_l1_a080.yml

| Parameter         |   New Value |   Old Value |      Change |   Rel. Change |   Dist. from Ref. |
|-------------------+-------------+-------------+-------------+---------------+-------------------|
| RPRCON            |  2.1984e-03 |  1.4000e-03 |  7.9843e-04 |    5.7031e-01 |        5.7031e-01 |
| ENTRORG           |  2.5007e-03 |  1.7500e-03 |  7.5070e-04 |    4.2897e-01 |        4.2897e-01 |
| DETRPEN           |  1.0886e-04 |  7.5000e-05 |  3.3864e-05 |    4.5151e-01 |        4.5151e-01 |
| ENTRDD            |  1.2116e-04 |  3.0000e-04 | -1.7884e-04 |   -5.9614e-01 |       -5.9614e-01 |
| RMFDEPS           |  2.7242e-01 |  3.0000e-01 | -2.7582e-02 |   -9.1941e-02 |       -9.1941e-02 |
| RVICE             |  1.4593e-01 |  1.3000e-01 |  1.5932e-02 |    1.2255e-01 |        1.2255e-01 |
| RLCRITSNOW        |  2.1057e-05 |  2.0000e-05 |  1.0569e-06 |    5.2845e-02 |        5.2845e-02 |
| RSNOWLIN2         |  3.0831e-02 |  3.0000e-02 |  8.3080e-04 |    2.7693e-02 |        2.7693e-02 |
| RCLDIFF           |  2.8087e-06 |  6.0000e-06 | -3.1913e-06 |   -5.3188e-01 |       -5.3188e-01 |
| RCLDIFF_CONVI     |  5.7769e+00 |  1.0000e+01 | -4.2231e+00 |   -4.2231e-01 |       -4.2231e-01 |
| RDEPLIQREFRATE    |  6.0204e-01 |  5.0000e-01 |  1.0204e-01 |    2.0407e-01 |        2.0407e-01 |
| RDEPLIQREFDEPTH   |  3.7221e+02 |  5.0000e+02 | -1.2779e+02 |   -2.5557e-01 |       -2.5557e-01 |
| RCL_OVERLAPLIQICE |  3.0407e-01 |  6.5000e-01 | -3.4593e-01 |   -5.3220e-01 |       -5.3220e-01 |
| RCL_INHOMOGAUT    |  9.2906e-01 |  1.5000e+00 | -5.7094e-01 |   -3.8063e-01 |       -3.8063e-01 |
| RCL_INHOMOGACC    |  3.1773e+00 |  3.0000e+00 |  1.7730e-01 |    5.9098e-02 |        5.9098e-02 |
| RMINICE           |  6.6944e+01 |  6.0000e+01 |  6.9439e+00 |    1.1573e-01 |        1.1573e-01 |
2026-05-27 15:41:21 | ectuner |     INFO -> Diagnostic maps saved to ../results/tuned_2d_LR/l1/af_nor2_nw/alfa_080/diagnostics_2d_phis_Global_a08.nc
Copia del file YAML inviata a ../results/tuned_2d_LR/l1/af_nor2_nw/yaml_files
