2026-05-27 15:37:34 | ectuner |     INFO -> Loading 2D Data (Sensitivity, Reference, Base)...
   > Loading reference for lwcf from: climate_average_lwcf_CERES EBAF_r180x90_2000-2024.nc
   > Loading reference for net_toa from: climate_average_net_toa_CERES EBAF_r180x90_2000-2024.nc
   > Loading reference for rlnt from: climate_average_rlnt_CERES EBAF_r180x90_2000-2024.nc
   > Flipping sign for rlnt (Obs is UP, Model is DOWN)
   > Loading reference for rsnt from: climate_average_rsnt_CERES EBAF_r180x90_2000-2024.nc
   > Loading reference for swcf from: climate_average_swcf_CERES EBAF_r180x90_2000-2024.nc
--- Loading cached base maps for phis ---
2026-05-27 15:37:35 | ectuner |     INFO -> Generating spatial weights (Area * Region)...
2026-05-27 15:37:35 | ectuner |     INFO -> Variable lwcf: Initial Spatial Absolute Cost (L1) (Weighted) = 5.9092
2026-05-27 15:37:35 | ectuner |     INFO -> Variable net_toa: Initial Spatial Absolute Cost (L1) (Weighted) = 8.7339
2026-05-27 15:37:35 | ectuner |     INFO -> Variable rlnt: Initial Spatial Absolute Cost (L1) (Weighted) = 9.4438
2026-05-27 15:37:35 | ectuner |     INFO -> Variable rsnt: Initial Spatial Absolute Cost (L1) (Weighted) = 7.8074
2026-05-27 15:37:35 | ectuner |     INFO -> Variable swcf: Initial Spatial Absolute Cost (L1) (Weighted) = 8.2304
2026-05-27 15:37:35 | ectuner |     INFO -> Flattening data for fast optimization...
2026-05-27 15:37:35 | ectuner |     INFO -> DEBUG: Global Bias for lwcf in optimizer: -2.7092
2026-05-27 15:37:35 | ectuner |     INFO -> DEBUG: Global Bias for net_toa in optimizer: 5.6259
2026-05-27 15:37:35 | ectuner |     INFO -> DEBUG: Global Bias for rlnt in optimizer: 6.9311
2026-05-27 15:37:35 | ectuner |     INFO -> DEBUG: Global Bias for rsnt in optimizer: -1.3053
2026-05-27 15:37:35 | ectuner |     INFO -> DEBUG: Global Bias for swcf in optimizer: 0.5056
2026-05-27 15:37:35 | ectuner |     INFO -> Starting 2D Optimization (dual_annealing)...
2026-05-27 15:42:52 | ectuner |     INFO -> Optimization finished. Final Weighted Cost (L1): Spatial=45.1574, Global=9.7139
2026-05-27 15:42:52 | ectuner |     INFO -> 
============================== GLOBAL & SPATIAL COSTS (L1) ===============================
2026-05-27 15:42:52 | ectuner |     INFO -> Variable     | Metric           |            Initial ->              Final | Status
2026-05-27 15:42:52 | ectuner |     INFO -> ------------------------------------------------------------------------------------------
2026-05-27 15:42:52 | ectuner |     INFO -> lwcf         | Global Cost|             2.7092 ->             5.9262 | WORSENED
2026-05-27 15:42:52 | ectuner |     INFO ->              | Spatial Cost  |             5.9092 ->             7.4531 | WORSENED
2026-05-27 15:42:52 | ectuner |     INFO -> ------------------------------------------------------------------------------------------
2026-05-27 15:42:52 | ectuner |     INFO -> net_toa      | Global Cost|             5.6259 ->             0.0000 | IMPROVED
2026-05-27 15:42:52 | ectuner |     INFO ->              | Spatial Cost  |             8.7339 ->             9.3630 | WORSENED
2026-05-27 15:42:52 | ectuner |     INFO -> ------------------------------------------------------------------------------------------
2026-05-27 15:42:52 | ectuner |     INFO -> rlnt         | Global Cost|             6.9311 ->             1.8938 | IMPROVED
2026-05-27 15:42:52 | ectuner |     INFO ->              | Spatial Cost  |             9.4438 ->             9.3063 | IMPROVED
2026-05-27 15:42:52 | ectuner |     INFO -> ------------------------------------------------------------------------------------------
2026-05-27 15:42:52 | ectuner |     INFO -> rsnt         | Global Cost|             1.3053 ->             1.8938 | WORSENED
2026-05-27 15:42:52 | ectuner |     INFO ->              | Spatial Cost  |             7.8074 ->             9.2200 | WORSENED
2026-05-27 15:42:52 | ectuner |     INFO -> ------------------------------------------------------------------------------------------
2026-05-27 15:42:52 | ectuner |     INFO -> swcf         | Global Cost|             0.5056 ->             0.0000 | IMPROVED
2026-05-27 15:42:52 | ectuner |     INFO ->              | Spatial Cost  |             8.2304 ->             9.8150 | WORSENED
2026-05-27 15:42:52 | ectuner |     INFO -> ------------------------------------------------------------------------------------------
2026-05-27 15:42:52 | ectuner |     INFO -> Structured tuning YAML written to ../results/tuned_2d_LR/l1/af_nor2_nw/alfa_095/tuned_phis_l1_a095.yml

| Parameter         |   New Value |   Old Value |      Change |   Rel. Change |   Dist. from Ref. |
|-------------------+-------------+-------------+-------------+---------------+-------------------|
| RPRCON            |  2.2392e-03 |  1.4000e-03 |  8.3915e-04 |    5.9939e-01 |        5.9939e-01 |
| ENTRORG           |  2.7826e-03 |  1.7500e-03 |  1.0326e-03 |    5.9008e-01 |        5.9008e-01 |
| DETRPEN           |  1.1325e-04 |  7.5000e-05 |  3.8254e-05 |    5.1005e-01 |        5.1005e-01 |
| ENTRDD            |  1.3334e-04 |  3.0000e-04 | -1.6666e-04 |   -5.5552e-01 |       -5.5552e-01 |
| RMFDEPS           |  2.8273e-01 |  3.0000e-01 | -1.7271e-02 |   -5.7571e-02 |       -5.7571e-02 |
| RVICE             |  2.0763e-01 |  1.3000e-01 |  7.7626e-02 |    5.9712e-01 |        5.9712e-01 |
| RLCRITSNOW        |  1.6234e-05 |  2.0000e-05 | -3.7664e-06 |   -1.8832e-01 |       -1.8832e-01 |
| RSNOWLIN2         |  4.3830e-02 |  3.0000e-02 |  1.3830e-02 |    4.6101e-01 |        4.6101e-01 |
| RCLDIFF           |  4.7132e-06 |  6.0000e-06 | -1.2868e-06 |   -2.1447e-01 |       -2.1447e-01 |
| RCLDIFF_CONVI     |  4.1958e+00 |  1.0000e+01 | -5.8042e+00 |   -5.8042e-01 |       -5.8042e-01 |
| RDEPLIQREFRATE    |  3.7182e-01 |  5.0000e-01 | -1.2818e-01 |   -2.5636e-01 |       -2.5636e-01 |
| RDEPLIQREFDEPTH   |  3.0480e+02 |  5.0000e+02 | -1.9520e+02 |   -3.9040e-01 |       -3.9040e-01 |
| RCL_OVERLAPLIQICE |  4.9854e-01 |  6.5000e-01 | -1.5146e-01 |   -2.3302e-01 |       -2.3302e-01 |
| RCL_INHOMOGAUT    |  6.2275e-01 |  1.5000e+00 | -8.7725e-01 |   -5.8483e-01 |       -5.8483e-01 |
| RCL_INHOMOGACC    |  3.8295e+00 |  3.0000e+00 |  8.2951e-01 |    2.7650e-01 |        2.7650e-01 |
| RMINICE           |  6.2916e+01 |  6.0000e+01 |  2.9158e+00 |    4.8596e-02 |        4.8596e-02 |
2026-05-27 15:42:53 | ectuner |     INFO -> Diagnostic maps saved to ../results/tuned_2d_LR/l1/af_nor2_nw/alfa_095/diagnostics_2d_phis_Global_a095.nc
Copia del file YAML inviata a ../results/tuned_2d_LR/l1/af_nor2_nw/yaml_files
