2026-05-27 15:37:33 | ectuner |     INFO -> Loading 2D Data (Sensitivity, Reference, Base)...
   > Loading reference for lwcf from: climate_average_lwcf_CERES EBAF_r180x90_2000-2024.nc
   > Loading reference for net_toa from: climate_average_net_toa_CERES EBAF_r180x90_2000-2024.nc
   > Loading reference for rlnt from: climate_average_rlnt_CERES EBAF_r180x90_2000-2024.nc
   > Flipping sign for rlnt (Obs is UP, Model is DOWN)
   > Loading reference for rsnt from: climate_average_rsnt_CERES EBAF_r180x90_2000-2024.nc
   > Loading reference for swcf from: climate_average_swcf_CERES EBAF_r180x90_2000-2024.nc
--- Loading cached base maps for phis ---
2026-05-27 15:37:35 | ectuner |     INFO -> Generating spatial weights (Area * Region)...
2026-05-27 15:37:35 | ectuner |     INFO -> Variable lwcf: Initial Spatial Absolute Cost (L1) (Weighted) = 5.9092
2026-05-27 15:37:35 | ectuner |     INFO -> Variable net_toa: Initial Spatial Absolute Cost (L1) (Weighted) = 8.7339
2026-05-27 15:37:35 | ectuner |     INFO -> Variable rlnt: Initial Spatial Absolute Cost (L1) (Weighted) = 9.4438
2026-05-27 15:37:35 | ectuner |     INFO -> Variable rsnt: Initial Spatial Absolute Cost (L1) (Weighted) = 7.8074
2026-05-27 15:37:35 | ectuner |     INFO -> Variable swcf: Initial Spatial Absolute Cost (L1) (Weighted) = 8.2304
2026-05-27 15:37:35 | ectuner |     INFO -> Flattening data for fast optimization...
2026-05-27 15:37:35 | ectuner |     INFO -> DEBUG: Global Bias for lwcf in optimizer: -2.7092
2026-05-27 15:37:35 | ectuner |     INFO -> DEBUG: Global Bias for net_toa in optimizer: 5.6259
2026-05-27 15:37:35 | ectuner |     INFO -> DEBUG: Global Bias for rlnt in optimizer: 6.9311
2026-05-27 15:37:35 | ectuner |     INFO -> DEBUG: Global Bias for rsnt in optimizer: -1.3053
2026-05-27 15:37:35 | ectuner |     INFO -> DEBUG: Global Bias for swcf in optimizer: 0.5056
2026-05-27 15:37:35 | ectuner |     INFO -> Starting 2D Optimization (dual_annealing)...
2026-05-27 15:41:55 | ectuner |     INFO -> Optimization finished. Final Weighted Cost (L1): Spatial=45.6973, Global=9.6729
2026-05-27 15:41:55 | ectuner |     INFO -> 
============================== GLOBAL & SPATIAL COSTS (L1) ===============================
2026-05-27 15:41:55 | ectuner |     INFO -> Variable     | Metric           |            Initial ->              Final | Status
2026-05-27 15:41:55 | ectuner |     INFO -> ------------------------------------------------------------------------------------------
2026-05-27 15:41:55 | ectuner |     INFO -> lwcf         | Global Cost|             2.7092 ->             5.9884 | WORSENED
2026-05-27 15:41:55 | ectuner |     INFO ->              | Spatial Cost  |             5.9092 ->             7.5965 | WORSENED
2026-05-27 15:41:55 | ectuner |     INFO -> ------------------------------------------------------------------------------------------
2026-05-27 15:41:55 | ectuner |     INFO -> net_toa      | Global Cost|             5.6259 ->             0.0000 | IMPROVED
2026-05-27 15:41:55 | ectuner |     INFO ->              | Spatial Cost  |             8.7339 ->             9.4092 | WORSENED
2026-05-27 15:41:55 | ectuner |     INFO -> ------------------------------------------------------------------------------------------
2026-05-27 15:41:55 | ectuner |     INFO -> rlnt         | Global Cost|             6.9311 ->             1.8422 | IMPROVED
2026-05-27 15:41:55 | ectuner |     INFO ->              | Spatial Cost  |             9.4438 ->             9.5471 | WORSENED
2026-05-27 15:41:55 | ectuner |     INFO -> ------------------------------------------------------------------------------------------
2026-05-27 15:41:55 | ectuner |     INFO -> rsnt         | Global Cost|             1.3053 ->             1.8422 | WORSENED
2026-05-27 15:41:55 | ectuner |     INFO ->              | Spatial Cost  |             7.8074 ->             9.3075 | WORSENED
2026-05-27 15:41:55 | ectuner |     INFO -> ------------------------------------------------------------------------------------------
2026-05-27 15:41:55 | ectuner |     INFO -> swcf         | Global Cost|             0.5056 ->             0.0001 | IMPROVED
2026-05-27 15:41:55 | ectuner |     INFO ->              | Spatial Cost  |             8.2304 ->             9.8371 | WORSENED
2026-05-27 15:41:55 | ectuner |     INFO -> ------------------------------------------------------------------------------------------
2026-05-27 15:41:55 | ectuner |     INFO -> Structured tuning YAML written to ../results/tuned_2d_LR/l1/af_nor2_nw/alfa_090/tuned_phis_l1_a090.yml

| Parameter         |   New Value |   Old Value |      Change |   Rel. Change |   Dist. from Ref. |
|-------------------+-------------+-------------+-------------+---------------+-------------------|
| RPRCON            |  2.2363e-03 |  1.4000e-03 |  8.3632e-04 |    5.9737e-01 |        5.9737e-01 |
| ENTRORG           |  2.6072e-03 |  1.7500e-03 |  8.5721e-04 |    4.8983e-01 |        4.8983e-01 |
| DETRPEN           |  8.4564e-05 |  7.5000e-05 |  9.5636e-06 |    1.2751e-01 |        1.2751e-01 |
| ENTRDD            |  1.7453e-04 |  3.0000e-04 | -1.2547e-04 |   -4.1822e-01 |       -4.1822e-01 |
| RMFDEPS           |  2.0178e-01 |  3.0000e-01 | -9.8223e-02 |   -3.2741e-01 |       -3.2741e-01 |
| RVICE             |  1.9863e-01 |  1.3000e-01 |  6.8632e-02 |    5.2794e-01 |        5.2794e-01 |
| RLCRITSNOW        |  2.5206e-05 |  2.0000e-05 |  5.2061e-06 |    2.6030e-01 |        2.6030e-01 |
| RSNOWLIN2         |  4.4032e-02 |  3.0000e-02 |  1.4032e-02 |    4.6773e-01 |        4.6773e-01 |
| RCLDIFF           |  2.8771e-06 |  6.0000e-06 | -3.1229e-06 |   -5.2048e-01 |       -5.2048e-01 |
| RCLDIFF_CONVI     |  4.0434e+00 |  1.0000e+01 | -5.9566e+00 |   -5.9566e-01 |       -5.9566e-01 |
| RDEPLIQREFRATE    |  6.3360e-01 |  5.0000e-01 |  1.3360e-01 |    2.6720e-01 |        2.6720e-01 |
| RDEPLIQREFDEPTH   |  3.2631e+02 |  5.0000e+02 | -1.7369e+02 |   -3.4737e-01 |       -3.4737e-01 |
| RCL_OVERLAPLIQICE |  3.4038e-01 |  6.5000e-01 | -3.0962e-01 |   -4.7634e-01 |       -4.7634e-01 |
| RCL_INHOMOGAUT    |  8.0124e-01 |  1.5000e+00 | -6.9876e-01 |   -4.6584e-01 |       -4.6584e-01 |
| RCL_INHOMOGACC    |  3.1434e+00 |  3.0000e+00 |  1.4340e-01 |    4.7800e-02 |        4.7800e-02 |
| RMINICE           |  7.5943e+01 |  6.0000e+01 |  1.5943e+01 |    2.6572e-01 |        2.6572e-01 |
2026-05-27 15:41:56 | ectuner |     INFO -> Diagnostic maps saved to ../results/tuned_2d_LR/l1/af_nor2_nw/alfa_090/diagnostics_2d_phis_Global_a09.nc
Copia del file YAML inviata a ../results/tuned_2d_LR/l1/af_nor2_nw/yaml_files
