2026-05-27 15:30:01 | ectuner |     INFO -> Loading 2D Data (Sensitivity, Reference, Base)...
   > Loading reference for lwcf from: climate_average_lwcf_CERES EBAF_r180x90_2000-2024.nc
   > Loading reference for net_toa from: climate_average_net_toa_CERES EBAF_r180x90_2000-2024.nc
   > Loading reference for rlnt from: climate_average_rlnt_CERES EBAF_r180x90_2000-2024.nc
   > Flipping sign for rlnt (Obs is UP, Model is DOWN)
   > Loading reference for rsnt from: climate_average_rsnt_CERES EBAF_r180x90_2000-2024.nc
   > Loading reference for swcf from: climate_average_swcf_CERES EBAF_r180x90_2000-2024.nc
--- Cache not found. Extracting 2D maps for phis (this may take a while...) ---
   > Processing lwcf...
   > Processing net_toa...
   > Processing rlnt...
   > Processing rsnt...
   > Processing swcf...
--- Cache saved: /ec/res4/hpcperm/ecme3038/ecearth/ecearth4/ECtuner/mari/ectuner/ecmean/maps_lres/base_2d_phis_2000_2017.nc ---
2026-05-27 15:30:17 | ectuner |     INFO -> Generating spatial weights (Area * Region)...
2026-05-27 15:30:17 | ectuner |     INFO -> Variable lwcf: Initial Spatial Absolute Cost (L1) (Weighted) = 5.9092
2026-05-27 15:30:17 | ectuner |     INFO -> Variable net_toa: Initial Spatial Absolute Cost (L1) (Weighted) = 8.7339
2026-05-27 15:30:17 | ectuner |     INFO -> Variable rlnt: Initial Spatial Absolute Cost (L1) (Weighted) = 9.4438
2026-05-27 15:30:17 | ectuner |     INFO -> Variable rsnt: Initial Spatial Absolute Cost (L1) (Weighted) = 7.8074
2026-05-27 15:30:17 | ectuner |     INFO -> Variable swcf: Initial Spatial Absolute Cost (L1) (Weighted) = 8.2304
2026-05-27 15:30:17 | ectuner |     INFO -> Flattening data for fast optimization...
2026-05-27 15:30:18 | ectuner |     INFO -> DEBUG: Global Bias for lwcf in optimizer: -2.7092
2026-05-27 15:30:18 | ectuner |     INFO -> DEBUG: Global Bias for net_toa in optimizer: 5.6259
2026-05-27 15:30:18 | ectuner |     INFO -> DEBUG: Global Bias for rlnt in optimizer: 6.9311
2026-05-27 15:30:18 | ectuner |     INFO -> DEBUG: Global Bias for rsnt in optimizer: -1.3053
2026-05-27 15:30:18 | ectuner |     INFO -> DEBUG: Global Bias for swcf in optimizer: 0.5056
2026-05-27 15:30:18 | ectuner |     INFO -> Starting 2D Optimization (dual_annealing)...
2026-05-27 15:33:50 | ectuner |     INFO -> Optimization finished. Final Weighted Cost (L1): Spatial=36.5903, Global=15.9278
2026-05-27 15:33:50 | ectuner |     INFO -> 
============================== GLOBAL & SPATIAL COSTS (L1) ===============================
2026-05-27 15:33:50 | ectuner |     INFO -> Variable     | Metric           |            Initial ->              Final | Status
2026-05-27 15:33:50 | ectuner |     INFO -> ------------------------------------------------------------------------------------------
2026-05-27 15:33:50 | ectuner |     INFO -> lwcf         | Global Cost|             2.7092 ->             5.3088 | WORSENED
2026-05-27 15:33:50 | ectuner |     INFO ->              | Spatial Cost  |             5.9092 ->             6.2562 | WORSENED
2026-05-27 15:33:50 | ectuner |     INFO -> ------------------------------------------------------------------------------------------
2026-05-27 15:33:51 | ectuner |     INFO -> net_toa      | Global Cost|             5.6259 ->             3.9134 | IMPROVED
2026-05-27 15:33:51 | ectuner |     INFO ->              | Spatial Cost  |             8.7339 ->             7.3456 | IMPROVED
2026-05-27 15:33:51 | ectuner |     INFO -> ------------------------------------------------------------------------------------------
2026-05-27 15:33:51 | ectuner |     INFO -> rlnt         | Global Cost|             6.9311 ->             4.7852 | IMPROVED
2026-05-27 15:33:51 | ectuner |     INFO ->              | Spatial Cost  |             9.4438 ->             7.4402 | IMPROVED
2026-05-27 15:33:51 | ectuner |     INFO -> ------------------------------------------------------------------------------------------
2026-05-27 15:33:51 | ectuner |     INFO -> rsnt         | Global Cost|             1.3053 ->             0.8718 | IMPROVED
2026-05-27 15:33:51 | ectuner |     INFO ->              | Spatial Cost  |             7.8074 ->             7.5167 | IMPROVED
2026-05-27 15:33:51 | ectuner |     INFO -> ------------------------------------------------------------------------------------------
2026-05-27 15:33:51 | ectuner |     INFO -> swcf         | Global Cost|             0.5056 ->             1.0486 | WORSENED
2026-05-27 15:33:51 | ectuner |     INFO ->              | Spatial Cost  |             8.2304 ->             8.0316 | IMPROVED
2026-05-27 15:33:51 | ectuner |     INFO -> ------------------------------------------------------------------------------------------
2026-05-27 15:33:51 | ectuner |     INFO -> Structured tuning YAML written to ../results/tuned_2d_LR/l1/af_nor2_nw/alfa_000/tuned_phis_l1_a000.yml

| Parameter         |   New Value |   Old Value |      Change |   Rel. Change |   Dist. from Ref. |
|-------------------+-------------+-------------+-------------+---------------+-------------------|
| RPRCON            |  1.3154e-03 |  1.4000e-03 | -8.4645e-05 |   -6.0461e-02 |       -6.0461e-02 |
| ENTRORG           |  1.4279e-03 |  1.7500e-03 | -3.2208e-04 |   -1.8404e-01 |       -1.8404e-01 |
| DETRPEN           |  1.1290e-04 |  7.5000e-05 |  3.7897e-05 |    5.0530e-01 |        5.0530e-01 |
| ENTRDD            |  2.4095e-04 |  3.0000e-04 | -5.9051e-05 |   -1.9684e-01 |       -1.9684e-01 |
| RMFDEPS           |  3.9192e-01 |  3.0000e-01 |  9.1919e-02 |    3.0640e-01 |        3.0640e-01 |
| RVICE             |  2.0792e-01 |  1.3000e-01 |  7.7919e-02 |    5.9938e-01 |        5.9938e-01 |
| RLCRITSNOW        |  1.7311e-05 |  2.0000e-05 | -2.6892e-06 |   -1.3446e-01 |       -1.3446e-01 |
| RSNOWLIN2         |  1.7959e-02 |  3.0000e-02 | -1.2041e-02 |   -4.0136e-01 |       -4.0136e-01 |
| RCLDIFF           |  3.5710e-06 |  6.0000e-06 | -2.4290e-06 |   -4.0483e-01 |       -4.0483e-01 |
| RCLDIFF_CONVI     |  9.6783e+00 |  1.0000e+01 | -3.2172e-01 |   -3.2172e-02 |       -3.2172e-02 |
| RDEPLIQREFRATE    |  6.3538e-01 |  5.0000e-01 |  1.3538e-01 |    2.7076e-01 |        2.7076e-01 |
| RDEPLIQREFDEPTH   |  4.7655e+02 |  5.0000e+02 | -2.3452e+01 |   -4.6905e-02 |       -4.6905e-02 |
| RCL_OVERLAPLIQICE |  5.4662e-01 |  6.5000e-01 | -1.0338e-01 |   -1.5905e-01 |       -1.5905e-01 |
| RCL_INHOMOGAUT    |  1.5629e+00 |  1.5000e+00 |  6.2873e-02 |    4.1915e-02 |        4.1915e-02 |
| RCL_INHOMOGACC    |  2.8969e+00 |  3.0000e+00 | -1.0312e-01 |   -3.4372e-02 |       -3.4372e-02 |
| RMINICE           |  4.6136e+01 |  6.0000e+01 | -1.3864e+01 |   -2.3106e-01 |       -2.3106e-01 |
2026-05-27 15:33:52 | ectuner |     INFO -> Diagnostic maps saved to ../results/tuned_2d_LR/l1/af_nor2_nw/alfa_000/diagnostics_2d_phis_Global_a00.nc
Copia del file YAML inviata a ../results/tuned_2d_LR/l1/af_nor2_nw/yaml_files
