2026-05-27 15:37:34 | ectuner |     INFO -> Loading 2D Data (Sensitivity, Reference, Base)...
   > Loading reference for lwcf from: climate_average_lwcf_CERES EBAF_r180x90_2000-2024.nc
   > Loading reference for net_toa from: climate_average_net_toa_CERES EBAF_r180x90_2000-2024.nc
   > Loading reference for rlnt from: climate_average_rlnt_CERES EBAF_r180x90_2000-2024.nc
   > Flipping sign for rlnt (Obs is UP, Model is DOWN)
   > Loading reference for rsnt from: climate_average_rsnt_CERES EBAF_r180x90_2000-2024.nc
   > Loading reference for swcf from: climate_average_swcf_CERES EBAF_r180x90_2000-2024.nc
--- Loading cached base maps for phis ---
2026-05-27 15:37:35 | ectuner |     INFO -> Generating spatial weights (Area * Region)...
2026-05-27 15:37:35 | ectuner |     INFO -> Variable lwcf: Initial Spatial Absolute Cost (L1) (Weighted) = 5.9092
2026-05-27 15:37:35 | ectuner |     INFO -> Variable net_toa: Initial Spatial Absolute Cost (L1) (Weighted) = 8.7339
2026-05-27 15:37:35 | ectuner |     INFO -> Variable rlnt: Initial Spatial Absolute Cost (L1) (Weighted) = 9.4438
2026-05-27 15:37:35 | ectuner |     INFO -> Variable rsnt: Initial Spatial Absolute Cost (L1) (Weighted) = 7.8074
2026-05-27 15:37:35 | ectuner |     INFO -> Variable swcf: Initial Spatial Absolute Cost (L1) (Weighted) = 8.2304
2026-05-27 15:37:35 | ectuner |     INFO -> Flattening data for fast optimization...
2026-05-27 15:37:35 | ectuner |     INFO -> DEBUG: Global Bias for lwcf in optimizer: -2.7092
2026-05-27 15:37:35 | ectuner |     INFO -> DEBUG: Global Bias for net_toa in optimizer: 5.6259
2026-05-27 15:37:35 | ectuner |     INFO -> DEBUG: Global Bias for rlnt in optimizer: 6.9311
2026-05-27 15:37:36 | ectuner |     INFO -> DEBUG: Global Bias for rsnt in optimizer: -1.3053
2026-05-27 15:37:36 | ectuner |     INFO -> DEBUG: Global Bias for swcf in optimizer: 0.5056
2026-05-27 15:37:36 | ectuner |     INFO -> Starting 2D Optimization (dual_annealing)...
2026-05-27 15:45:29 | ectuner |     INFO -> Optimization finished. Final Weighted Cost (L1): Spatial=38.7028, Global=12.5265
2026-05-27 15:45:29 | ectuner |     INFO -> 
============================== GLOBAL & SPATIAL COSTS (L1) ===============================
2026-05-27 15:45:29 | ectuner |     INFO -> Variable     | Metric           |            Initial ->              Final | Status
2026-05-27 15:45:29 | ectuner |     INFO -> ------------------------------------------------------------------------------------------
2026-05-27 15:45:29 | ectuner |     INFO -> lwcf         | Global Cost|             2.7092 ->             5.9025 | WORSENED
2026-05-27 15:45:29 | ectuner |     INFO ->              | Spatial Cost  |             5.9092 ->             6.8042 | WORSENED
2026-05-27 15:45:29 | ectuner |     INFO -> ------------------------------------------------------------------------------------------
2026-05-27 15:45:29 | ectuner |     INFO -> net_toa      | Global Cost|             5.6259 ->             1.3884 | IMPROVED
2026-05-27 15:45:29 | ectuner |     INFO ->              | Spatial Cost  |             8.7339 ->             7.6187 | IMPROVED
2026-05-27 15:45:29 | ectuner |     INFO -> ------------------------------------------------------------------------------------------
2026-05-27 15:45:29 | ectuner |     INFO -> rlnt         | Global Cost|             6.9311 ->             3.3119 | IMPROVED
2026-05-27 15:45:29 | ectuner |     INFO ->              | Spatial Cost  |             9.4438 ->             7.7337 | IMPROVED
2026-05-27 15:45:29 | ectuner |     INFO -> ------------------------------------------------------------------------------------------
2026-05-27 15:45:29 | ectuner |     INFO -> rsnt         | Global Cost|             1.3053 ->             1.9236 | WORSENED
2026-05-27 15:45:29 | ectuner |     INFO ->              | Spatial Cost  |             7.8074 ->             8.0470 | WORSENED
2026-05-27 15:45:29 | ectuner |     INFO -> ------------------------------------------------------------------------------------------
2026-05-27 15:45:29 | ectuner |     INFO -> swcf         | Global Cost|             0.5056 ->             0.0001 | IMPROVED
2026-05-27 15:45:29 | ectuner |     INFO ->              | Spatial Cost  |             8.2304 ->             8.4992 | WORSENED
2026-05-27 15:45:29 | ectuner |     INFO -> ------------------------------------------------------------------------------------------
2026-05-27 15:45:29 | ectuner |     INFO -> Structured tuning YAML written to ../results/tuned_2d_LR/l1/af_nor2_nw/alfa_050/tuned_phis_l1_a050.yml

| Parameter         |   New Value |   Old Value |      Change |   Rel. Change |   Dist. from Ref. |
|-------------------+-------------+-------------+-------------+---------------+-------------------|
| RPRCON            |  1.8241e-03 |  1.4000e-03 |  4.2410e-04 |    3.0293e-01 |        3.0293e-01 |
| ENTRORG           |  1.8130e-03 |  1.7500e-03 |  6.2981e-05 |    3.5989e-02 |        3.5989e-02 |
| DETRPEN           |  1.1637e-04 |  7.5000e-05 |  4.1372e-05 |    5.5163e-01 |        5.5163e-01 |
| ENTRDD            |  1.7627e-04 |  3.0000e-04 | -1.2373e-04 |   -4.1243e-01 |       -4.1243e-01 |
| RMFDEPS           |  3.7197e-01 |  3.0000e-01 |  7.1971e-02 |    2.3990e-01 |        2.3990e-01 |
| RVICE             |  2.0794e-01 |  1.3000e-01 |  7.7937e-02 |    5.9952e-01 |        5.9952e-01 |
| RLCRITSNOW        |  1.2833e-05 |  2.0000e-05 | -7.1669e-06 |   -3.5835e-01 |       -3.5835e-01 |
| RSNOWLIN2         |  2.4322e-02 |  3.0000e-02 | -5.6778e-03 |   -1.8926e-01 |       -1.8926e-01 |
| RCLDIFF           |  2.4009e-06 |  6.0000e-06 | -3.5991e-06 |   -5.9985e-01 |       -5.9985e-01 |
| RCLDIFF_CONVI     |  5.8863e+00 |  1.0000e+01 | -4.1137e+00 |   -4.1137e-01 |       -4.1137e-01 |
| RDEPLIQREFRATE    |  6.2945e-01 |  5.0000e-01 |  1.2945e-01 |    2.5890e-01 |        2.5890e-01 |
| RDEPLIQREFDEPTH   |  4.0933e+02 |  5.0000e+02 | -9.0667e+01 |   -1.8133e-01 |       -1.8133e-01 |
| RCL_OVERLAPLIQICE |  3.8084e-01 |  6.5000e-01 | -2.6916e-01 |   -4.1409e-01 |       -4.1409e-01 |
| RCL_INHOMOGAUT    |  1.0334e+00 |  1.5000e+00 | -4.6658e-01 |   -3.1106e-01 |       -3.1106e-01 |
| RCL_INHOMOGACC    |  2.9640e+00 |  3.0000e+00 | -3.6016e-02 |   -1.2005e-02 |       -1.2005e-02 |
| RMINICE           |  4.0594e+01 |  6.0000e+01 | -1.9406e+01 |   -3.2344e-01 |       -3.2344e-01 |
2026-05-27 15:45:30 | ectuner |     INFO -> Diagnostic maps saved to ../results/tuned_2d_LR/l1/af_nor2_nw/alfa_050/diagnostics_2d_phis_Global_a05.nc
Copia del file YAML inviata a ../results/tuned_2d_LR/l1/af_nor2_nw/yaml_files
