2026-05-27 15:37:39 | ectuner |     INFO -> Loading 2D Data (Sensitivity, Reference, Base)...
   > Loading reference for lwcf from: climate_average_lwcf_CERES EBAF_r180x90_2000-2024.nc
   > Loading reference for net_toa from: climate_average_net_toa_CERES EBAF_r180x90_2000-2024.nc
   > Loading reference for rlnt from: climate_average_rlnt_CERES EBAF_r180x90_2000-2024.nc
   > Flipping sign for rlnt (Obs is UP, Model is DOWN)
   > Loading reference for rsnt from: climate_average_rsnt_CERES EBAF_r180x90_2000-2024.nc
   > Loading reference for swcf from: climate_average_swcf_CERES EBAF_r180x90_2000-2024.nc
--- Loading cached base maps for phis ---
2026-05-27 15:37:40 | ectuner |     INFO -> Generating spatial weights (Area * Region)...
2026-05-27 15:37:40 | ectuner |     INFO -> Variable lwcf: Initial Spatial Absolute Cost (L1) (Weighted) = 5.9092
2026-05-27 15:37:40 | ectuner |     INFO -> Variable net_toa: Initial Spatial Absolute Cost (L1) (Weighted) = 8.7339
2026-05-27 15:37:40 | ectuner |     INFO -> Variable rlnt: Initial Spatial Absolute Cost (L1) (Weighted) = 9.4438
2026-05-27 15:37:40 | ectuner |     INFO -> Variable rsnt: Initial Spatial Absolute Cost (L1) (Weighted) = 7.8074
2026-05-27 15:37:40 | ectuner |     INFO -> Variable swcf: Initial Spatial Absolute Cost (L1) (Weighted) = 8.2304
2026-05-27 15:37:40 | ectuner |     INFO -> Flattening data for fast optimization...
2026-05-27 15:37:40 | ectuner |     INFO -> DEBUG: Global Bias for lwcf in optimizer: -2.7092
2026-05-27 15:37:40 | ectuner |     INFO -> DEBUG: Global Bias for net_toa in optimizer: 5.6259
2026-05-27 15:37:40 | ectuner |     INFO -> DEBUG: Global Bias for rlnt in optimizer: 6.9311
2026-05-27 15:37:40 | ectuner |     INFO -> DEBUG: Global Bias for rsnt in optimizer: -1.3053
2026-05-27 15:37:40 | ectuner |     INFO -> DEBUG: Global Bias for swcf in optimizer: 0.5056
2026-05-27 15:37:40 | ectuner |     INFO -> Starting 2D Optimization (dual_annealing)...
2026-05-27 15:43:10 | ectuner |     INFO -> Optimization finished. Final Weighted Cost (L1): Spatial=47.1864, Global=9.7318
2026-05-27 15:43:10 | ectuner |     INFO -> 
============================== GLOBAL & SPATIAL COSTS (L1) ===============================
2026-05-27 15:43:10 | ectuner |     INFO -> Variable     | Metric           |            Initial ->              Final | Status
2026-05-27 15:43:10 | ectuner |     INFO -> ------------------------------------------------------------------------------------------
2026-05-27 15:43:10 | ectuner |     INFO -> lwcf         | Global Cost|             2.7092 ->             7.6673 | WORSENED
2026-05-27 15:43:10 | ectuner |     INFO ->              | Spatial Cost  |             5.9092 ->             8.6853 | WORSENED
2026-05-27 15:43:10 | ectuner |     INFO -> ------------------------------------------------------------------------------------------
2026-05-27 15:43:10 | ectuner |     INFO -> net_toa      | Global Cost|             5.6259 ->             0.0000 | IMPROVED
2026-05-27 15:43:10 | ectuner |     INFO ->              | Spatial Cost  |             8.7339 ->             9.3876 | WORSENED
2026-05-27 15:43:10 | ectuner |     INFO -> ------------------------------------------------------------------------------------------
2026-05-27 15:43:10 | ectuner |     INFO -> rlnt         | Global Cost|             6.9311 ->             0.1491 | IMPROVED
2026-05-27 15:43:10 | ectuner |     INFO ->              | Spatial Cost  |             9.4438 ->             9.6052 | WORSENED
2026-05-27 15:43:10 | ectuner |     INFO -> ------------------------------------------------------------------------------------------
2026-05-27 15:43:10 | ectuner |     INFO -> rsnt         | Global Cost|             1.3053 ->             0.1492 | IMPROVED
2026-05-27 15:43:10 | ectuner |     INFO ->              | Spatial Cost  |             7.8074 ->             9.3938 | WORSENED
2026-05-27 15:43:10 | ectuner |     INFO -> ------------------------------------------------------------------------------------------
2026-05-27 15:43:10 | ectuner |     INFO -> swcf         | Global Cost|             0.5056 ->             1.7663 | WORSENED
2026-05-27 15:43:10 | ectuner |     INFO ->              | Spatial Cost  |             8.2304 ->            10.1145 | WORSENED
2026-05-27 15:43:10 | ectuner |     INFO -> ------------------------------------------------------------------------------------------
2026-05-27 15:43:10 | ectuner |     INFO -> Structured tuning YAML written to ../results/tuned_2d_LR/l1/af_nor2_nw/alfa_100/tuned_phis_l1_a100.yml

| Parameter         |   New Value |   Old Value |      Change |   Rel. Change |   Dist. from Ref. |
|-------------------+-------------+-------------+-------------+---------------+-------------------|
| RPRCON            |  2.2399e-03 |  1.4000e-03 |  8.3988e-04 |    5.9991e-01 |        5.9991e-01 |
| ENTRORG           |  2.6824e-03 |  1.7500e-03 |  9.3238e-04 |    5.3279e-01 |        5.3279e-01 |
| DETRPEN           |  1.1025e-04 |  7.5000e-05 |  3.5254e-05 |    4.7005e-01 |        4.7005e-01 |
| ENTRDD            |  2.2406e-04 |  3.0000e-04 | -7.5942e-05 |   -2.5314e-01 |       -2.5314e-01 |
| RMFDEPS           |  1.5594e-01 |  3.0000e-01 | -1.4406e-01 |   -4.8019e-01 |       -4.8019e-01 |
| RVICE             |  1.8024e-01 |  1.3000e-01 |  5.0244e-02 |    3.8649e-01 |        3.8649e-01 |
| RLCRITSNOW        |  9.9042e-06 |  2.0000e-05 | -1.0096e-05 |   -5.0479e-01 |       -5.0479e-01 |
| RSNOWLIN2         |  3.3160e-02 |  3.0000e-02 |  3.1603e-03 |    1.0534e-01 |        1.0534e-01 |
| RCLDIFF           |  3.9053e-06 |  6.0000e-06 | -2.0947e-06 |   -3.4911e-01 |       -3.4911e-01 |
| RCLDIFF_CONVI     |  4.4072e+00 |  1.0000e+01 | -5.5928e+00 |   -5.5928e-01 |       -5.5928e-01 |
| RDEPLIQREFRATE    |  2.0135e-01 |  5.0000e-01 | -2.9865e-01 |   -5.9730e-01 |       -5.9730e-01 |
| RDEPLIQREFDEPTH   |  2.0011e+02 |  5.0000e+02 | -2.9989e+02 |   -5.9977e-01 |       -5.9977e-01 |
| RCL_OVERLAPLIQICE |  3.5853e-01 |  6.5000e-01 | -2.9147e-01 |   -4.4842e-01 |       -4.4842e-01 |
| RCL_INHOMOGAUT    |  2.0297e+00 |  1.5000e+00 |  5.2966e-01 |    3.5311e-01 |        3.5311e-01 |
| RCL_INHOMOGACC    |  3.0012e+00 |  3.0000e+00 |  1.1627e-03 |    3.8756e-04 |        3.8756e-04 |
| RMINICE           |  6.0881e+01 |  6.0000e+01 |  8.8132e-01 |    1.4689e-02 |        1.4689e-02 |
2026-05-27 15:43:11 | ectuner |     INFO -> Diagnostic maps saved to ../results/tuned_2d_LR/l1/af_nor2_nw/alfa_100/diagnostics_2d_phis_Global_a10.nc
Copia del file YAML inviata a ../results/tuned_2d_LR/l1/af_nor2_nw/yaml_files
