2026-05-27 15:37:34 | ectuner |     INFO -> Loading 2D Data (Sensitivity, Reference, Base)...
   > Loading reference for lwcf from: climate_average_lwcf_CERES EBAF_r180x90_2000-2024.nc
   > Loading reference for net_toa from: climate_average_net_toa_CERES EBAF_r180x90_2000-2024.nc
   > Loading reference for rlnt from: climate_average_rlnt_CERES EBAF_r180x90_2000-2024.nc
   > Flipping sign for rlnt (Obs is UP, Model is DOWN)
   > Loading reference for rsnt from: climate_average_rsnt_CERES EBAF_r180x90_2000-2024.nc
   > Loading reference for swcf from: climate_average_swcf_CERES EBAF_r180x90_2000-2024.nc
--- Loading cached base maps for phis ---
2026-05-27 15:37:35 | ectuner |     INFO -> Generating spatial weights (Area * Region)...
2026-05-27 15:37:35 | ectuner |     INFO -> Variable lwcf: Initial Spatial Absolute Cost (L1) (Weighted) = 5.9092
2026-05-27 15:37:35 | ectuner |     INFO -> Variable net_toa: Initial Spatial Absolute Cost (L1) (Weighted) = 8.7339
2026-05-27 15:37:35 | ectuner |     INFO -> Variable rlnt: Initial Spatial Absolute Cost (L1) (Weighted) = 9.4438
2026-05-27 15:37:35 | ectuner |     INFO -> Variable rsnt: Initial Spatial Absolute Cost (L1) (Weighted) = 7.8074
2026-05-27 15:37:35 | ectuner |     INFO -> Variable swcf: Initial Spatial Absolute Cost (L1) (Weighted) = 8.2304
2026-05-27 15:37:35 | ectuner |     INFO -> Flattening data for fast optimization...
2026-05-27 15:37:35 | ectuner |     INFO -> DEBUG: Global Bias for lwcf in optimizer: -2.7092
2026-05-27 15:37:35 | ectuner |     INFO -> DEBUG: Global Bias for net_toa in optimizer: 5.6259
2026-05-27 15:37:35 | ectuner |     INFO -> DEBUG: Global Bias for rlnt in optimizer: 6.9311
2026-05-27 15:37:35 | ectuner |     INFO -> DEBUG: Global Bias for rsnt in optimizer: -1.3053
2026-05-27 15:37:35 | ectuner |     INFO -> DEBUG: Global Bias for swcf in optimizer: 0.5056
2026-05-27 15:37:35 | ectuner |     INFO -> Starting 2D Optimization (dual_annealing)...
2026-05-27 15:42:42 | ectuner |     INFO -> Optimization finished. Final Weighted Cost (L1): Spatial=36.6080, Global=15.6060
2026-05-27 15:42:42 | ectuner |     INFO -> 
============================== GLOBAL & SPATIAL COSTS (L1) ===============================
2026-05-27 15:42:42 | ectuner |     INFO -> Variable     | Metric           |            Initial ->              Final | Status
2026-05-27 15:42:42 | ectuner |     INFO -> ------------------------------------------------------------------------------------------
2026-05-27 15:42:42 | ectuner |     INFO -> lwcf         | Global Cost|             2.7092 ->             5.3596 | WORSENED
2026-05-27 15:42:42 | ectuner |     INFO ->              | Spatial Cost  |             5.9092 ->             6.2847 | WORSENED
2026-05-27 15:42:42 | ectuner |     INFO -> ------------------------------------------------------------------------------------------
2026-05-27 15:42:42 | ectuner |     INFO -> net_toa      | Global Cost|             5.6259 ->             3.6419 | IMPROVED
2026-05-27 15:42:42 | ectuner |     INFO ->              | Spatial Cost  |             8.7339 ->             7.2988 | IMPROVED
2026-05-27 15:42:42 | ectuner |     INFO -> ------------------------------------------------------------------------------------------
2026-05-27 15:42:42 | ectuner |     INFO -> rlnt         | Global Cost|             6.9311 ->             4.6851 | IMPROVED
2026-05-27 15:42:42 | ectuner |     INFO ->              | Spatial Cost  |             9.4438 ->             7.4232 | IMPROVED
2026-05-27 15:42:42 | ectuner |     INFO -> ------------------------------------------------------------------------------------------
2026-05-27 15:42:42 | ectuner |     INFO -> rsnt         | Global Cost|             1.3053 ->             1.0432 | IMPROVED
2026-05-27 15:42:42 | ectuner |     INFO ->              | Spatial Cost  |             7.8074 ->             7.5497 | IMPROVED
2026-05-27 15:42:42 | ectuner |     INFO -> ------------------------------------------------------------------------------------------
2026-05-27 15:42:42 | ectuner |     INFO -> swcf         | Global Cost|             0.5056 ->             0.8762 | WORSENED
2026-05-27 15:42:42 | ectuner |     INFO ->              | Spatial Cost  |             8.2304 ->             8.0515 | IMPROVED
2026-05-27 15:42:42 | ectuner |     INFO -> ------------------------------------------------------------------------------------------
2026-05-27 15:42:42 | ectuner |     INFO -> Structured tuning YAML written to ../results/tuned_2d_LR/l1/af_nor2_nw/alfa_010/tuned_phis_l1_a010.yml

| Parameter         |   New Value |   Old Value |      Change |   Rel. Change |   Dist. from Ref. |
|-------------------+-------------+-------------+-------------+---------------+-------------------|
| RPRCON            |  1.3389e-03 |  1.4000e-03 | -6.1051e-05 |   -4.3608e-02 |       -4.3608e-02 |
| ENTRORG           |  1.4569e-03 |  1.7500e-03 | -2.9310e-04 |   -1.6749e-01 |       -1.6749e-01 |
| DETRPEN           |  1.1339e-04 |  7.5000e-05 |  3.8390e-05 |    5.1187e-01 |        5.1187e-01 |
| ENTRDD            |  2.3398e-04 |  3.0000e-04 | -6.6015e-05 |   -2.2005e-01 |       -2.2005e-01 |
| RMFDEPS           |  3.8777e-01 |  3.0000e-01 |  8.7771e-02 |    2.9257e-01 |        2.9257e-01 |
| RVICE             |  2.0792e-01 |  1.3000e-01 |  7.7919e-02 |    5.9938e-01 |        5.9938e-01 |
| RLCRITSNOW        |  1.6953e-05 |  2.0000e-05 | -3.0474e-06 |   -1.5237e-01 |       -1.5237e-01 |
| RSNOWLIN2         |  1.8422e-02 |  3.0000e-02 | -1.1578e-02 |   -3.8593e-01 |       -3.8593e-01 |
| RCLDIFF           |  3.5286e-06 |  6.0000e-06 | -2.4714e-06 |   -4.1190e-01 |       -4.1190e-01 |
| RCLDIFF_CONVI     |  9.3960e+00 |  1.0000e+01 | -6.0396e-01 |   -6.0396e-02 |       -6.0396e-02 |
| RDEPLIQREFRATE    |  6.2949e-01 |  5.0000e-01 |  1.2949e-01 |    2.5898e-01 |        2.5898e-01 |
| RDEPLIQREFDEPTH   |  4.7248e+02 |  5.0000e+02 | -2.7520e+01 |   -5.5040e-02 |       -5.5040e-02 |
| RCL_OVERLAPLIQICE |  5.3183e-01 |  6.5000e-01 | -1.1817e-01 |   -1.8181e-01 |       -1.8181e-01 |
| RCL_INHOMOGAUT    |  1.5029e+00 |  1.5000e+00 |  2.9103e-03 |    1.9402e-03 |        1.9402e-03 |
| RCL_INHOMOGACC    |  2.8730e+00 |  3.0000e+00 | -1.2701e-01 |   -4.2338e-02 |       -4.2338e-02 |
| RMINICE           |  4.6573e+01 |  6.0000e+01 | -1.3427e+01 |   -2.2378e-01 |       -2.2378e-01 |
2026-05-27 15:42:42 | ectuner |     INFO -> Diagnostic maps saved to ../results/tuned_2d_LR/l1/af_nor2_nw/alfa_010/diagnostics_2d_phis_Global_a01.nc
Copia del file YAML inviata a ../results/tuned_2d_LR/l1/af_nor2_nw/yaml_files
