2026-05-27 15:37:36 | ectuner |     INFO -> Loading 2D Data (Sensitivity, Reference, Base)...
   > Loading reference for lwcf from: climate_average_lwcf_CERES EBAF_r180x90_2000-2024.nc
   > Loading reference for net_toa from: climate_average_net_toa_CERES EBAF_r180x90_2000-2024.nc
   > Loading reference for rlnt from: climate_average_rlnt_CERES EBAF_r180x90_2000-2024.nc
   > Flipping sign for rlnt (Obs is UP, Model is DOWN)
   > Loading reference for rsnt from: climate_average_rsnt_CERES EBAF_r180x90_2000-2024.nc
   > Loading reference for swcf from: climate_average_swcf_CERES EBAF_r180x90_2000-2024.nc
--- Loading cached base maps for phis ---
2026-05-27 15:37:36 | ectuner |     INFO -> Generating spatial weights (Area * Region)...
2026-05-27 15:37:36 | ectuner |     INFO -> Variable lwcf: Initial Spatial Absolute Cost (L1) (Weighted) = 5.9092
2026-05-27 15:37:36 | ectuner |     INFO -> Variable net_toa: Initial Spatial Absolute Cost (L1) (Weighted) = 8.7339
2026-05-27 15:37:36 | ectuner |     INFO -> Variable rlnt: Initial Spatial Absolute Cost (L1) (Weighted) = 9.4438
2026-05-27 15:37:36 | ectuner |     INFO -> Variable rsnt: Initial Spatial Absolute Cost (L1) (Weighted) = 7.8074
2026-05-27 15:37:36 | ectuner |     INFO -> Variable swcf: Initial Spatial Absolute Cost (L1) (Weighted) = 8.2304
2026-05-27 15:37:36 | ectuner |     INFO -> Flattening data for fast optimization...
2026-05-27 15:37:37 | ectuner |     INFO -> DEBUG: Global Bias for lwcf in optimizer: -2.7092
2026-05-27 15:37:37 | ectuner |     INFO -> DEBUG: Global Bias for net_toa in optimizer: 5.6259
2026-05-27 15:37:37 | ectuner |     INFO -> DEBUG: Global Bias for rlnt in optimizer: 6.9311
2026-05-27 15:37:37 | ectuner |     INFO -> DEBUG: Global Bias for rsnt in optimizer: -1.3053
2026-05-27 15:37:37 | ectuner |     INFO -> DEBUG: Global Bias for swcf in optimizer: 0.5056
2026-05-27 15:37:37 | ectuner |     INFO -> Starting 2D Optimization (dual_annealing)...
2026-05-27 15:42:29 | ectuner |     INFO -> Optimization finished. Final Weighted Cost (L1): Spatial=39.7371, Global=12.0170
2026-05-27 15:42:29 | ectuner |     INFO -> 
============================== GLOBAL & SPATIAL COSTS (L1) ===============================
2026-05-27 15:42:29 | ectuner |     INFO -> Variable     | Metric           |            Initial ->              Final | Status
2026-05-27 15:42:29 | ectuner |     INFO -> ------------------------------------------------------------------------------------------
2026-05-27 15:42:29 | ectuner |     INFO -> lwcf         | Global Cost|             2.7092 ->             7.8487 | WORSENED
2026-05-27 15:42:29 | ectuner |     INFO ->              | Spatial Cost  |             5.9092 ->             8.2419 | WORSENED
2026-05-27 15:42:29 | ectuner |     INFO -> ------------------------------------------------------------------------------------------
2026-05-27 15:42:29 | ectuner |     INFO -> net_toa      | Global Cost|             5.6259 ->             0.1451 | IMPROVED
2026-05-27 15:42:29 | ectuner |     INFO ->              | Spatial Cost  |             8.7339 ->             7.4157 | IMPROVED
2026-05-27 15:42:29 | ectuner |     INFO -> ------------------------------------------------------------------------------------------
2026-05-27 15:42:29 | ectuner |     INFO -> rlnt         | Global Cost|             6.9311 ->             2.0841 | IMPROVED
2026-05-27 15:42:29 | ectuner |     INFO ->              | Spatial Cost  |             9.4438 ->             7.0773 | IMPROVED
2026-05-27 15:42:29 | ectuner |     INFO -> ------------------------------------------------------------------------------------------
2026-05-27 15:42:29 | ectuner |     INFO -> rsnt         | Global Cost|             1.3053 ->             1.9390 | WORSENED
2026-05-27 15:42:29 | ectuner |     INFO ->              | Spatial Cost  |             7.8074 ->             8.2553 | WORSENED
2026-05-27 15:42:29 | ectuner |     INFO -> ------------------------------------------------------------------------------------------
2026-05-27 15:42:29 | ectuner |     INFO -> swcf         | Global Cost|             0.5056 ->             0.0000 | IMPROVED
2026-05-27 15:42:29 | ectuner |     INFO ->              | Spatial Cost  |             8.2304 ->             8.7469 | WORSENED
2026-05-27 15:42:29 | ectuner |     INFO -> ------------------------------------------------------------------------------------------
2026-05-27 15:42:29 | ectuner |     INFO -> Structured tuning YAML written to ../results/tuned_2d_LR/l1/af_nor2_nw/alfa_060/tuned_phis_l1_a060.yml

| Parameter         |   New Value |   Old Value |      Change |   Rel. Change |   Dist. from Ref. |
|-------------------+-------------+-------------+-------------+---------------+-------------------|
| RPRCON            |  1.3779e-03 |  1.4000e-03 | -2.2063e-05 |   -1.5759e-02 |       -1.5759e-02 |
| ENTRORG           |  1.7046e-03 |  1.7500e-03 | -4.5412e-05 |   -2.5950e-02 |       -2.5950e-02 |
| DETRPEN           |  1.1870e-04 |  7.5000e-05 |  4.3703e-05 |    5.8271e-01 |        5.8271e-01 |
| ENTRDD            |  2.0220e-04 |  3.0000e-04 | -9.7802e-05 |   -3.2601e-01 |       -3.2601e-01 |
| RMFDEPS           |  3.6036e-01 |  3.0000e-01 |  6.0362e-02 |    2.0121e-01 |        2.0121e-01 |
| RVICE             |  2.0796e-01 |  1.3000e-01 |  7.7963e-02 |    5.9972e-01 |        5.9972e-01 |
| RLCRITSNOW        |  1.4801e-05 |  2.0000e-05 | -5.1985e-06 |   -2.5993e-01 |       -2.5993e-01 |
| RSNOWLIN2         |  2.2476e-02 |  3.0000e-02 | -7.5237e-03 |   -2.5079e-01 |       -2.5079e-01 |
| RCLDIFF           |  2.4003e-06 |  6.0000e-06 | -3.5997e-06 |   -5.9996e-01 |       -5.9996e-01 |
| RCLDIFF_CONVI     |  6.4057e+00 |  1.0000e+01 | -3.5943e+00 |   -3.5943e-01 |       -3.5943e-01 |
| RDEPLIQREFRATE    |  6.2088e-01 |  5.0000e-01 |  1.2088e-01 |    2.4175e-01 |        2.4175e-01 |
| RDEPLIQREFDEPTH   |  4.2455e+02 |  5.0000e+02 | -7.5454e+01 |   -1.5091e-01 |       -1.5091e-01 |
| RCL_OVERLAPLIQICE |  3.1409e-01 |  6.5000e-01 | -3.3591e-01 |   -5.1678e-01 |       -5.1678e-01 |
| RCL_INHOMOGAUT    |  1.2880e+00 |  1.5000e+00 | -2.1195e-01 |   -1.4130e-01 |       -1.4130e-01 |
| RCL_INHOMOGACC    |  2.2677e+00 |  3.0000e+00 | -7.3234e-01 |   -2.4411e-01 |       -2.4411e-01 |
| RMINICE           |  8.4696e+01 |  6.0000e+01 |  2.4696e+01 |    4.1160e-01 |        4.1160e-01 |
2026-05-27 15:42:29 | ectuner |     INFO -> Diagnostic maps saved to ../results/tuned_2d_LR/l1/af_nor2_nw/alfa_060/diagnostics_2d_phis_Global_a06.nc
Copia del file YAML inviata a ../results/tuned_2d_LR/l1/af_nor2_nw/yaml_files
