2026-05-27 15:37:34 | ectuner |     INFO -> Loading 2D Data (Sensitivity, Reference, Base)...
   > Loading reference for lwcf from: climate_average_lwcf_CERES EBAF_r180x90_2000-2024.nc
   > Loading reference for net_toa from: climate_average_net_toa_CERES EBAF_r180x90_2000-2024.nc
   > Loading reference for rlnt from: climate_average_rlnt_CERES EBAF_r180x90_2000-2024.nc
   > Flipping sign for rlnt (Obs is UP, Model is DOWN)
   > Loading reference for rsnt from: climate_average_rsnt_CERES EBAF_r180x90_2000-2024.nc
   > Loading reference for swcf from: climate_average_swcf_CERES EBAF_r180x90_2000-2024.nc
--- Loading cached base maps for phis ---
2026-05-27 15:37:35 | ectuner |     INFO -> Generating spatial weights (Area * Region)...
2026-05-27 15:37:35 | ectuner |     INFO -> Variable lwcf: Initial Spatial Absolute Cost (L1) (Weighted) = 5.9092
2026-05-27 15:37:35 | ectuner |     INFO -> Variable net_toa: Initial Spatial Absolute Cost (L1) (Weighted) = 8.7339
2026-05-27 15:37:35 | ectuner |     INFO -> Variable rlnt: Initial Spatial Absolute Cost (L1) (Weighted) = 9.4438
2026-05-27 15:37:35 | ectuner |     INFO -> Variable rsnt: Initial Spatial Absolute Cost (L1) (Weighted) = 7.8074
2026-05-27 15:37:35 | ectuner |     INFO -> Variable swcf: Initial Spatial Absolute Cost (L1) (Weighted) = 8.2304
2026-05-27 15:37:35 | ectuner |     INFO -> Flattening data for fast optimization...
2026-05-27 15:37:35 | ectuner |     INFO -> DEBUG: Global Bias for lwcf in optimizer: -2.7092
2026-05-27 15:37:35 | ectuner |     INFO -> DEBUG: Global Bias for net_toa in optimizer: 5.6259
2026-05-27 15:37:35 | ectuner |     INFO -> DEBUG: Global Bias for rlnt in optimizer: 6.9311
2026-05-27 15:37:35 | ectuner |     INFO -> DEBUG: Global Bias for rsnt in optimizer: -1.3053
2026-05-27 15:37:35 | ectuner |     INFO -> DEBUG: Global Bias for swcf in optimizer: 0.5056
2026-05-27 15:37:35 | ectuner |     INFO -> Starting 2D Optimization (dual_annealing)...
2026-05-27 15:41:46 | ectuner |     INFO -> Optimization finished. Final Weighted Cost (L1): Spatial=36.8523, Global=14.6925
2026-05-27 15:41:46 | ectuner |     INFO -> 
============================== GLOBAL & SPATIAL COSTS (L1) ===============================
2026-05-27 15:41:46 | ectuner |     INFO -> Variable     | Metric           |            Initial ->              Final | Status
2026-05-27 15:41:46 | ectuner |     INFO -> ------------------------------------------------------------------------------------------
2026-05-27 15:41:46 | ectuner |     INFO -> lwcf         | Global Cost|             2.7092 ->             5.5726 | WORSENED
2026-05-27 15:41:46 | ectuner |     INFO ->              | Spatial Cost  |             5.9092 ->             6.4278 | WORSENED
2026-05-27 15:41:46 | ectuner |     INFO -> ------------------------------------------------------------------------------------------
2026-05-27 15:41:46 | ectuner |     INFO -> net_toa      | Global Cost|             5.6259 ->             2.8566 | IMPROVED
2026-05-27 15:41:46 | ectuner |     INFO ->              | Spatial Cost  |             8.7339 ->             7.2022 | IMPROVED
2026-05-27 15:41:46 | ectuner |     INFO -> ------------------------------------------------------------------------------------------
2026-05-27 15:41:46 | ectuner |     INFO -> rlnt         | Global Cost|             6.9311 ->             4.3456 | IMPROVED
2026-05-27 15:41:46 | ectuner |     INFO ->              | Spatial Cost  |             9.4438 ->             7.3908 | IMPROVED
2026-05-27 15:41:46 | ectuner |     INFO -> ------------------------------------------------------------------------------------------
2026-05-27 15:41:46 | ectuner |     INFO -> rsnt         | Global Cost|             1.3053 ->             1.4890 | WORSENED
2026-05-27 15:41:46 | ectuner |     INFO ->              | Spatial Cost  |             7.8074 ->             7.6812 | IMPROVED
2026-05-27 15:41:46 | ectuner |     INFO -> ------------------------------------------------------------------------------------------
2026-05-27 15:41:46 | ectuner |     INFO -> swcf         | Global Cost|             0.5056 ->             0.4286 | IMPROVED
2026-05-27 15:41:46 | ectuner |     INFO ->              | Spatial Cost  |             8.2304 ->             8.1502 | IMPROVED
2026-05-27 15:41:46 | ectuner |     INFO -> ------------------------------------------------------------------------------------------
2026-05-27 15:41:46 | ectuner |     INFO -> Structured tuning YAML written to ../results/tuned_2d_LR/l1/af_nor2_nw/alfa_030/tuned_phis_l1_a030.yml

| Parameter         |   New Value |   Old Value |      Change |   Rel. Change |   Dist. from Ref. |
|-------------------+-------------+-------------+-------------+---------------+-------------------|
| RPRCON            |  1.4044e-03 |  1.4000e-03 |  4.3717e-06 |    3.1227e-03 |        3.1227e-03 |
| ENTRORG           |  1.5244e-03 |  1.7500e-03 | -2.2560e-04 |   -1.2892e-01 |       -1.2892e-01 |
| DETRPEN           |  1.1468e-04 |  7.5000e-05 |  3.9677e-05 |    5.2903e-01 |        5.2903e-01 |
| ENTRDD            |  2.1343e-04 |  3.0000e-04 | -8.6571e-05 |   -2.8857e-01 |       -2.8857e-01 |
| RMFDEPS           |  3.7444e-01 |  3.0000e-01 |  7.4439e-02 |    2.4813e-01 |        2.4813e-01 |
| RVICE             |  2.0785e-01 |  1.3000e-01 |  7.7853e-02 |    5.9887e-01 |        5.9887e-01 |
| RLCRITSNOW        |  1.5631e-05 |  2.0000e-05 | -4.3687e-06 |   -2.1843e-01 |       -2.1843e-01 |
| RSNOWLIN2         |  1.9038e-02 |  3.0000e-02 | -1.0962e-02 |   -3.6538e-01 |       -3.6538e-01 |
| RCLDIFF           |  3.4275e-06 |  6.0000e-06 | -2.5725e-06 |   -4.2874e-01 |       -4.2874e-01 |
| RCLDIFF_CONVI     |  8.5150e+00 |  1.0000e+01 | -1.4850e+00 |   -1.4850e-01 |       -1.4850e-01 |
| RDEPLIQREFRATE    |  6.2355e-01 |  5.0000e-01 |  1.2355e-01 |    2.4710e-01 |        2.4710e-01 |
| RDEPLIQREFDEPTH   |  4.4874e+02 |  5.0000e+02 | -5.1262e+01 |   -1.0252e-01 |       -1.0252e-01 |
| RCL_OVERLAPLIQICE |  4.7128e-01 |  6.5000e-01 | -1.7872e-01 |   -2.7495e-01 |       -2.7495e-01 |
| RCL_INHOMOGAUT    |  1.3482e+00 |  1.5000e+00 | -1.5182e-01 |   -1.0121e-01 |       -1.0121e-01 |
| RCL_INHOMOGACC    |  2.7816e+00 |  3.0000e+00 | -2.1843e-01 |   -7.2810e-02 |       -7.2810e-02 |
| RMINICE           |  4.6859e+01 |  6.0000e+01 | -1.3141e+01 |   -2.1901e-01 |       -2.1901e-01 |
2026-05-27 15:41:46 | ectuner |     INFO -> Diagnostic maps saved to ../results/tuned_2d_LR/l1/af_nor2_nw/alfa_030/diagnostics_2d_phis_Global_a03.nc
Copia del file YAML inviata a ../results/tuned_2d_LR/l1/af_nor2_nw/yaml_files
