2026-05-27 15:37:33 | ectuner |     INFO -> Loading 2D Data (Sensitivity, Reference, Base)...
   > Loading reference for lwcf from: climate_average_lwcf_CERES EBAF_r180x90_2000-2024.nc
   > Loading reference for net_toa from: climate_average_net_toa_CERES EBAF_r180x90_2000-2024.nc
   > Loading reference for rlnt from: climate_average_rlnt_CERES EBAF_r180x90_2000-2024.nc
   > Flipping sign for rlnt (Obs is UP, Model is DOWN)
   > Loading reference for rsnt from: climate_average_rsnt_CERES EBAF_r180x90_2000-2024.nc
   > Loading reference for swcf from: climate_average_swcf_CERES EBAF_r180x90_2000-2024.nc
--- Loading cached base maps for phis ---
2026-05-27 15:37:34 | ectuner |     INFO -> Generating spatial weights (Area * Region)...
2026-05-27 15:37:34 | ectuner |     INFO -> Variable lwcf: Initial Spatial Absolute Cost (L1) (Weighted) = 5.9092
2026-05-27 15:37:34 | ectuner |     INFO -> Variable net_toa: Initial Spatial Absolute Cost (L1) (Weighted) = 8.7339
2026-05-27 15:37:34 | ectuner |     INFO -> Variable rlnt: Initial Spatial Absolute Cost (L1) (Weighted) = 9.4438
2026-05-27 15:37:34 | ectuner |     INFO -> Variable rsnt: Initial Spatial Absolute Cost (L1) (Weighted) = 7.8074
2026-05-27 15:37:34 | ectuner |     INFO -> Variable swcf: Initial Spatial Absolute Cost (L1) (Weighted) = 8.2304
2026-05-27 15:37:34 | ectuner |     INFO -> Flattening data for fast optimization...
2026-05-27 15:37:35 | ectuner |     INFO -> DEBUG: Global Bias for lwcf in optimizer: -2.7092
2026-05-27 15:37:35 | ectuner |     INFO -> DEBUG: Global Bias for net_toa in optimizer: 5.6259
2026-05-27 15:37:35 | ectuner |     INFO -> DEBUG: Global Bias for rlnt in optimizer: 6.9311
2026-05-27 15:37:35 | ectuner |     INFO -> DEBUG: Global Bias for rsnt in optimizer: -1.3053
2026-05-27 15:37:35 | ectuner |     INFO -> DEBUG: Global Bias for swcf in optimizer: 0.5056
2026-05-27 15:37:35 | ectuner |     INFO -> Starting 2D Optimization (dual_annealing)...
2026-05-27 15:49:27 | ectuner |     INFO -> Optimization finished. Final Weighted Cost (L1): Spatial=37.2834, Global=13.9125
2026-05-27 15:49:27 | ectuner |     INFO -> 
============================== GLOBAL & SPATIAL COSTS (L1) ===============================
2026-05-27 15:49:27 | ectuner |     INFO -> Variable     | Metric           |            Initial ->              Final | Status
2026-05-27 15:49:27 | ectuner |     INFO -> ------------------------------------------------------------------------------------------
2026-05-27 15:49:27 | ectuner |     INFO -> lwcf         | Global Cost|             2.7092 ->             5.7496 | WORSENED
2026-05-27 15:49:27 | ectuner |     INFO ->              | Spatial Cost  |             5.9092 ->             6.5584 | WORSENED
2026-05-27 15:49:27 | ectuner |     INFO -> ------------------------------------------------------------------------------------------
2026-05-27 15:49:27 | ectuner |     INFO -> net_toa      | Global Cost|             5.6259 ->             2.1984 | IMPROVED
2026-05-27 15:49:27 | ectuner |     INFO ->              | Spatial Cost  |             8.7339 ->             7.2167 | IMPROVED
2026-05-27 15:49:27 | ectuner |     INFO -> ------------------------------------------------------------------------------------------
2026-05-27 15:49:27 | ectuner |     INFO -> rlnt         | Global Cost|             6.9311 ->             4.0482 | IMPROVED
2026-05-27 15:49:27 | ectuner |     INFO ->              | Spatial Cost  |             9.4438 ->             7.3946 | IMPROVED
2026-05-27 15:49:27 | ectuner |     INFO -> ------------------------------------------------------------------------------------------
2026-05-27 15:49:27 | ectuner |     INFO -> rsnt         | Global Cost|             1.3053 ->             1.8497 | WORSENED
2026-05-27 15:49:27 | ectuner |     INFO ->              | Spatial Cost  |             7.8074 ->             7.8338 | WORSENED
2026-05-27 15:49:27 | ectuner |     INFO -> ------------------------------------------------------------------------------------------
2026-05-27 15:49:27 | ectuner |     INFO -> swcf         | Global Cost|             0.5056 ->             0.0665 | IMPROVED
2026-05-27 15:49:27 | ectuner |     INFO ->              | Spatial Cost  |             8.2304 ->             8.2799 | WORSENED
2026-05-27 15:49:27 | ectuner |     INFO -> ------------------------------------------------------------------------------------------
2026-05-27 15:49:27 | ectuner |     INFO -> Structured tuning YAML written to ../results/tuned_2d_LR/l1/af_nor2_nw/alfa_040/tuned_phis_l1_a040.yml

| Parameter         |   New Value |   Old Value |      Change |   Rel. Change |   Dist. from Ref. |
|-------------------+-------------+-------------+-------------+---------------+-------------------|
| RPRCON            |  1.4583e-03 |  1.4000e-03 |  5.8254e-05 |    4.1610e-02 |        4.1610e-02 |
| ENTRORG           |  1.5953e-03 |  1.7500e-03 | -1.5469e-04 |   -8.8394e-02 |       -8.8394e-02 |
| DETRPEN           |  1.1572e-04 |  7.5000e-05 |  4.0725e-05 |    5.4299e-01 |        5.4299e-01 |
| ENTRDD            |  1.9678e-04 |  3.0000e-04 | -1.0322e-04 |   -3.4405e-01 |       -3.4405e-01 |
| RMFDEPS           |  3.6450e-01 |  3.0000e-01 |  6.4500e-02 |    2.1500e-01 |        2.1500e-01 |
| RVICE             |  2.0780e-01 |  1.3000e-01 |  7.7803e-02 |    5.9849e-01 |        5.9849e-01 |
| RLCRITSNOW        |  1.4809e-05 |  2.0000e-05 | -5.1906e-06 |   -2.5953e-01 |       -2.5953e-01 |
| RSNOWLIN2         |  2.0057e-02 |  3.0000e-02 | -9.9426e-03 |   -3.3142e-01 |       -3.3142e-01 |
| RCLDIFF           |  3.1547e-06 |  6.0000e-06 | -2.8453e-06 |   -4.7422e-01 |       -4.7422e-01 |
| RCLDIFF_CONVI     |  7.7159e+00 |  1.0000e+01 | -2.2841e+00 |   -2.2841e-01 |       -2.2841e-01 |
| RDEPLIQREFRATE    |  6.1938e-01 |  5.0000e-01 |  1.1938e-01 |    2.3877e-01 |        2.3877e-01 |
| RDEPLIQREFDEPTH   |  4.2917e+02 |  5.0000e+02 | -7.0826e+01 |   -1.4165e-01 |       -1.4165e-01 |
| RCL_OVERLAPLIQICE |  4.4532e-01 |  6.5000e-01 | -2.0468e-01 |   -3.1488e-01 |       -3.1488e-01 |
| RCL_INHOMOGAUT    |  1.2304e+00 |  1.5000e+00 | -2.6965e-01 |   -1.7976e-01 |       -1.7976e-01 |
| RCL_INHOMOGACC    |  2.7332e+00 |  3.0000e+00 | -2.6680e-01 |   -8.8933e-02 |       -8.8933e-02 |
| RMINICE           |  4.8545e+01 |  6.0000e+01 | -1.1455e+01 |   -1.9091e-01 |       -1.9091e-01 |
2026-05-27 15:49:27 | ectuner |     INFO -> Diagnostic maps saved to ../results/tuned_2d_LR/l1/af_nor2_nw/alfa_040/diagnostics_2d_phis_Global_a04.nc
Copia del file YAML inviata a ../results/tuned_2d_LR/l1/af_nor2_nw/yaml_files
