2026-05-27 15:37:32 | ectuner |     INFO -> Loading 2D Data (Sensitivity, Reference, Base)...
   > Loading reference for lwcf from: climate_average_lwcf_CERES EBAF_r180x90_2000-2024.nc
   > Loading reference for net_toa from: climate_average_net_toa_CERES EBAF_r180x90_2000-2024.nc
   > Loading reference for rlnt from: climate_average_rlnt_CERES EBAF_r180x90_2000-2024.nc
   > Flipping sign for rlnt (Obs is UP, Model is DOWN)
   > Loading reference for rsnt from: climate_average_rsnt_CERES EBAF_r180x90_2000-2024.nc
   > Loading reference for swcf from: climate_average_swcf_CERES EBAF_r180x90_2000-2024.nc
--- Loading cached base maps for phis ---
2026-05-27 15:37:34 | ectuner |     INFO -> Generating spatial weights (Area * Region)...
2026-05-27 15:37:34 | ectuner |     INFO -> Variable lwcf: Initial Spatial Absolute Cost (L1) (Weighted) = 5.9092
2026-05-27 15:37:34 | ectuner |     INFO -> Variable net_toa: Initial Spatial Absolute Cost (L1) (Weighted) = 8.7339
2026-05-27 15:37:34 | ectuner |     INFO -> Variable rlnt: Initial Spatial Absolute Cost (L1) (Weighted) = 9.4438
2026-05-27 15:37:34 | ectuner |     INFO -> Variable rsnt: Initial Spatial Absolute Cost (L1) (Weighted) = 7.8074
2026-05-27 15:37:34 | ectuner |     INFO -> Variable swcf: Initial Spatial Absolute Cost (L1) (Weighted) = 8.2304
2026-05-27 15:37:34 | ectuner |     INFO -> Flattening data for fast optimization...
2026-05-27 15:37:35 | ectuner |     INFO -> DEBUG: Global Bias for lwcf in optimizer: -2.7092
2026-05-27 15:37:35 | ectuner |     INFO -> DEBUG: Global Bias for net_toa in optimizer: 5.6259
2026-05-27 15:37:35 | ectuner |     INFO -> DEBUG: Global Bias for rlnt in optimizer: 6.9311
2026-05-27 15:37:35 | ectuner |     INFO -> DEBUG: Global Bias for rsnt in optimizer: -1.3053
2026-05-27 15:37:35 | ectuner |     INFO -> DEBUG: Global Bias for swcf in optimizer: 0.5056
2026-05-27 15:37:35 | ectuner |     INFO -> Starting 2D Optimization (dual_annealing)...
2026-05-27 15:42:40 | ectuner |     INFO -> Optimization finished. Final Weighted Cost (L1): Spatial=36.6816, Global=15.1947
2026-05-27 15:42:40 | ectuner |     INFO -> 
============================== GLOBAL & SPATIAL COSTS (L1) ===============================
2026-05-27 15:42:40 | ectuner |     INFO -> Variable     | Metric           |            Initial ->              Final | Status
2026-05-27 15:42:40 | ectuner |     INFO -> ------------------------------------------------------------------------------------------
2026-05-27 15:42:40 | ectuner |     INFO -> lwcf         | Global Cost|             2.7092 ->             5.4370 | WORSENED
2026-05-27 15:42:40 | ectuner |     INFO ->              | Spatial Cost  |             5.9092 ->             6.3354 | WORSENED
2026-05-27 15:42:40 | ectuner |     INFO -> ------------------------------------------------------------------------------------------
2026-05-27 15:42:40 | ectuner |     INFO -> net_toa      | Global Cost|             5.6259 ->             3.3009 | IMPROVED
2026-05-27 15:42:40 | ectuner |     INFO ->              | Spatial Cost  |             8.7339 ->             7.2518 | IMPROVED
2026-05-27 15:42:40 | ectuner |     INFO -> ------------------------------------------------------------------------------------------
2026-05-27 15:42:40 | ectuner |     INFO -> rlnt         | Global Cost|             6.9311 ->             4.5390 | IMPROVED
2026-05-27 15:42:40 | ectuner |     INFO ->              | Spatial Cost  |             9.4438 ->             7.4120 | IMPROVED
2026-05-27 15:42:40 | ectuner |     INFO -> ------------------------------------------------------------------------------------------
2026-05-27 15:42:40 | ectuner |     INFO -> rsnt         | Global Cost|             1.3053 ->             1.2381 | IMPROVED
2026-05-27 15:42:40 | ectuner |     INFO ->              | Spatial Cost  |             7.8074 ->             7.5962 | IMPROVED
2026-05-27 15:42:40 | ectuner |     INFO -> ------------------------------------------------------------------------------------------
2026-05-27 15:42:40 | ectuner |     INFO -> swcf         | Global Cost|             0.5056 ->             0.6798 | WORSENED
2026-05-27 15:42:40 | ectuner |     INFO ->              | Spatial Cost  |             8.2304 ->             8.0862 | IMPROVED
2026-05-27 15:42:40 | ectuner |     INFO -> ------------------------------------------------------------------------------------------
2026-05-27 15:42:40 | ectuner |     INFO -> Structured tuning YAML written to ../results/tuned_2d_LR/l1/af_nor2_nw/alfa_020/tuned_phis_l1_a020.yml

| Parameter         |   New Value |   Old Value |      Change |   Rel. Change |   Dist. from Ref. |
|-------------------+-------------+-------------+-------------+---------------+-------------------|
| RPRCON            |  1.3753e-03 |  1.4000e-03 | -2.4734e-05 |   -1.7667e-02 |       -1.7667e-02 |
| ENTRORG           |  1.4935e-03 |  1.7500e-03 | -2.5655e-04 |   -1.4660e-01 |       -1.4660e-01 |
| DETRPEN           |  1.1391e-04 |  7.5000e-05 |  3.8906e-05 |    5.1874e-01 |        5.1874e-01 |
| ENTRDD            |  2.2593e-04 |  3.0000e-04 | -7.4073e-05 |   -2.4691e-01 |       -2.4691e-01 |
| RMFDEPS           |  3.8279e-01 |  3.0000e-01 |  8.2787e-02 |    2.7596e-01 |        2.7596e-01 |
| RVICE             |  2.0793e-01 |  1.3000e-01 |  7.7933e-02 |    5.9949e-01 |        5.9949e-01 |
| RLCRITSNOW        |  1.6099e-05 |  2.0000e-05 | -3.9013e-06 |   -1.9507e-01 |       -1.9507e-01 |
| RSNOWLIN2         |  1.9347e-02 |  3.0000e-02 | -1.0653e-02 |   -3.5510e-01 |       -3.5510e-01 |
| RCLDIFF           |  3.4442e-06 |  6.0000e-06 | -2.5558e-06 |   -4.2596e-01 |       -4.2596e-01 |
| RCLDIFF_CONVI     |  8.9938e+00 |  1.0000e+01 | -1.0062e+00 |   -1.0062e-01 |       -1.0062e-01 |
| RDEPLIQREFRATE    |  6.2260e-01 |  5.0000e-01 |  1.2260e-01 |    2.4519e-01 |        2.4519e-01 |
| RDEPLIQREFDEPTH   |  4.6238e+02 |  5.0000e+02 | -3.7622e+01 |   -7.5244e-02 |       -7.5244e-02 |
| RCL_OVERLAPLIQICE |  5.0480e-01 |  6.5000e-01 | -1.4520e-01 |   -2.2339e-01 |       -2.2339e-01 |
| RCL_INHOMOGAUT    |  1.4308e+00 |  1.5000e+00 | -6.9214e-02 |   -4.6142e-02 |       -4.6142e-02 |
| RCL_INHOMOGACC    |  2.8488e+00 |  3.0000e+00 | -1.5122e-01 |   -5.0408e-02 |       -5.0408e-02 |
| RMINICE           |  4.7388e+01 |  6.0000e+01 | -1.2612e+01 |   -2.1020e-01 |       -2.1020e-01 |
2026-05-27 15:42:40 | ectuner |     INFO -> Diagnostic maps saved to ../results/tuned_2d_LR/l1/af_nor2_nw/alfa_020/diagnostics_2d_phis_Global_a02.nc
Copia del file YAML inviata a ../results/tuned_2d_LR/l1/af_nor2_nw/yaml_files
