2026-05-27 15:37:32 | ectuner |     INFO -> Loading 2D Data (Sensitivity, Reference, Base)...
   > Loading reference for lwcf from: climate_average_lwcf_CERES EBAF_r180x90_2000-2024.nc
   > Loading reference for net_toa from: climate_average_net_toa_CERES EBAF_r180x90_2000-2024.nc
   > Loading reference for rlnt from: climate_average_rlnt_CERES EBAF_r180x90_2000-2024.nc
   > Flipping sign for rlnt (Obs is UP, Model is DOWN)
   > Loading reference for rsnt from: climate_average_rsnt_CERES EBAF_r180x90_2000-2024.nc
   > Loading reference for swcf from: climate_average_swcf_CERES EBAF_r180x90_2000-2024.nc
--- Loading cached base maps for phis ---
2026-05-27 15:37:34 | ectuner |     INFO -> Generating spatial weights (Area * Region)...
2026-05-27 15:37:34 | ectuner |     INFO -> Variable lwcf: Initial Spatial Absolute Cost (L1) (Weighted) = 5.9092
2026-05-27 15:37:34 | ectuner |     INFO -> Variable net_toa: Initial Spatial Absolute Cost (L1) (Weighted) = 8.7339
2026-05-27 15:37:34 | ectuner |     INFO -> Variable rlnt: Initial Spatial Absolute Cost (L1) (Weighted) = 9.4438
2026-05-27 15:37:34 | ectuner |     INFO -> Variable rsnt: Initial Spatial Absolute Cost (L1) (Weighted) = 7.8074
2026-05-27 15:37:34 | ectuner |     INFO -> Variable swcf: Initial Spatial Absolute Cost (L1) (Weighted) = 8.2304
2026-05-27 15:37:34 | ectuner |     INFO -> Flattening data for fast optimization...
2026-05-27 15:37:35 | ectuner |     INFO -> DEBUG: Global Bias for lwcf in optimizer: -2.7092
2026-05-27 15:37:35 | ectuner |     INFO -> DEBUG: Global Bias for net_toa in optimizer: 5.6259
2026-05-27 15:37:35 | ectuner |     INFO -> DEBUG: Global Bias for rlnt in optimizer: 6.9311
2026-05-27 15:37:35 | ectuner |     INFO -> DEBUG: Global Bias for rsnt in optimizer: -1.3053
2026-05-27 15:37:35 | ectuner |     INFO -> DEBUG: Global Bias for swcf in optimizer: 0.5056
2026-05-27 15:37:35 | ectuner |     INFO -> Starting 2D Optimization (dual_annealing)...
2026-05-27 15:41:48 | ectuner |     INFO -> Optimization finished. Final Weighted Cost (L1): Spatial=41.9524, Global=10.8924
2026-05-27 15:41:48 | ectuner |     INFO -> 
============================== GLOBAL & SPATIAL COSTS (L1) ===============================
2026-05-27 15:41:48 | ectuner |     INFO -> Variable     | Metric           |            Initial ->              Final | Status
2026-05-27 15:41:48 | ectuner |     INFO -> ------------------------------------------------------------------------------------------
2026-05-27 15:41:48 | ectuner |     INFO -> lwcf         | Global Cost|             2.7092 ->             6.9786 | WORSENED
2026-05-27 15:41:48 | ectuner |     INFO ->              | Spatial Cost  |             5.9092 ->             7.6790 | WORSENED
2026-05-27 15:41:48 | ectuner |     INFO -> ------------------------------------------------------------------------------------------
2026-05-27 15:41:48 | ectuner |     INFO -> net_toa      | Global Cost|             5.6259 ->             0.0000 | IMPROVED
2026-05-27 15:41:48 | ectuner |     INFO ->              | Spatial Cost  |             8.7339 ->             8.4651 | IMPROVED
2026-05-27 15:41:48 | ectuner |     INFO -> ------------------------------------------------------------------------------------------
2026-05-27 15:41:48 | ectuner |     INFO -> rlnt         | Global Cost|             6.9311 ->             1.9569 | IMPROVED
2026-05-27 15:41:48 | ectuner |     INFO ->              | Spatial Cost  |             9.4438 ->             7.8603 | IMPROVED
2026-05-27 15:41:48 | ectuner |     INFO -> ------------------------------------------------------------------------------------------
2026-05-27 15:41:48 | ectuner |     INFO -> rsnt         | Global Cost|             1.3053 ->             1.9569 | WORSENED
2026-05-27 15:41:48 | ectuner |     INFO ->              | Spatial Cost  |             7.8074 ->             8.7050 | WORSENED
2026-05-27 15:41:48 | ectuner |     INFO -> ------------------------------------------------------------------------------------------
2026-05-27 15:41:48 | ectuner |     INFO -> swcf         | Global Cost|             0.5056 ->             0.0001 | IMPROVED
2026-05-27 15:41:48 | ectuner |     INFO ->              | Spatial Cost  |             8.2304 ->             9.2430 | WORSENED
2026-05-27 15:41:48 | ectuner |     INFO -> ------------------------------------------------------------------------------------------
2026-05-27 15:41:48 | ectuner |     INFO -> Structured tuning YAML written to ../results/tuned_2d_LR/l1/af_nor2_nw/alfa_070/tuned_phis_l1_a070.yml

| Parameter         |   New Value |   Old Value |      Change |   Rel. Change |   Dist. from Ref. |
|-------------------+-------------+-------------+-------------+---------------+-------------------|
| RPRCON            |  2.0709e-03 |  1.4000e-03 |  6.7085e-04 |    4.7918e-01 |        4.7918e-01 |
| ENTRORG           |  1.9035e-03 |  1.7500e-03 |  1.5350e-04 |    8.7713e-02 |        8.7713e-02 |
| DETRPEN           |  1.1043e-04 |  7.5000e-05 |  3.5427e-05 |    4.7236e-01 |        4.7236e-01 |
| ENTRDD            |  1.6367e-04 |  3.0000e-04 | -1.3633e-04 |   -4.5444e-01 |       -4.5444e-01 |
| RMFDEPS           |  2.3898e-01 |  3.0000e-01 | -6.1017e-02 |   -2.0339e-01 |       -2.0339e-01 |
| RVICE             |  1.9173e-01 |  1.3000e-01 |  6.1734e-02 |    4.7488e-01 |        4.7488e-01 |
| RLCRITSNOW        |  1.5399e-05 |  2.0000e-05 | -4.6014e-06 |   -2.3007e-01 |       -2.3007e-01 |
| RSNOWLIN2         |  2.6374e-02 |  3.0000e-02 | -3.6258e-03 |   -1.2086e-01 |       -1.2086e-01 |
| RCLDIFF           |  5.0342e-06 |  6.0000e-06 | -9.6581e-07 |   -1.6097e-01 |       -1.6097e-01 |
| RCLDIFF_CONVI     |  7.1903e+00 |  1.0000e+01 | -2.8097e+00 |   -2.8097e-01 |       -2.8097e-01 |
| RDEPLIQREFRATE    |  5.0491e-01 |  5.0000e-01 |  4.9138e-03 |    9.8275e-03 |        9.8275e-03 |
| RDEPLIQREFDEPTH   |  5.5321e+02 |  5.0000e+02 |  5.3214e+01 |    1.0643e-01 |        1.0643e-01 |
| RCL_OVERLAPLIQICE |  5.8765e-01 |  6.5000e-01 | -6.2350e-02 |   -9.5924e-02 |       -9.5924e-02 |
| RCL_INHOMOGAUT    |  1.2503e+00 |  1.5000e+00 | -2.4974e-01 |   -1.6649e-01 |       -1.6649e-01 |
| RCL_INHOMOGACC    |  1.5396e+00 |  3.0000e+00 | -1.4604e+00 |   -4.8679e-01 |       -4.8679e-01 |
| RMINICE           |  5.0807e+01 |  6.0000e+01 | -9.1934e+00 |   -1.5322e-01 |       -1.5322e-01 |
2026-05-27 15:41:48 | ectuner |     INFO -> Diagnostic maps saved to ../results/tuned_2d_LR/l1/af_nor2_nw/alfa_070/diagnostics_2d_phis_Global_a07.nc
Copia del file YAML inviata a ../results/tuned_2d_LR/l1/af_nor2_nw/yaml_files
