2026-04-15 14:18:32 | ectuner |     INFO -> Loading 2D Data (Sensitivity, Reference, Base)...
   > Loading reference for net_toa from: climate_average_net_toa_CERES EBAF_r180x90_2000-2024.nc
--- Loading cached base maps for phis ---
2026-04-15 14:18:33 | ectuner |     INFO -> Generating spatial weights (Area * Region)...
2026-04-15 14:18:33 | ectuner |     INFO -> Variable net_toa: Initial Spatial RMSE (Weighted) = 11.3965
2026-04-15 14:18:33 | ectuner |     INFO -> Flattening data for fast optimization...
2026-04-15 14:18:33 | ectuner |     INFO -> DEBUG: Global Bias for net_toa in optimizer: 5.6259
2026-04-15 14:18:33 | ectuner |     INFO -> Starting 2D Optimization (dual_annealing)...
2026-04-15 14:19:13 | ectuner |     INFO -> 
==================== GLOBAL MEAN & ZONAL SUMMARY FROM 2D OPTIMIZATION ====================
2026-04-15 14:19:13 | ectuner |     INFO -> Variable     | Metric       |            Initial ->              Final | Status
2026-04-15 14:19:13 | ectuner |     INFO -> ------------------------------------------------------------------------------------------
2026-04-15 14:19:13 | ectuner |     INFO -> net_toa      | Global Bias |             5.6259 ->             0.5866 | IMPROVED
2026-04-15 14:19:13 | ectuner |     INFO ->              | Spatial RMSE  |            11.3965 ->             9.1575 | IMPROVED
2026-04-15 14:19:13 | ectuner |     INFO -> ------------------------------------------------------------------------------------------
2026-04-15 14:19:13 | ectuner |     INFO -> Structured tuning YAML written to ../results/tuned_2d_LR/net_TOA/alfa_07/tuned_phis_2000_2017_2D_a07.yml

| Parameter         |   New Value |   Old Value |      Change |   Rel. Change |   Dist. from Ref. |
|-------------------+-------------+-------------+-------------+---------------+-------------------|
| RPRCON            |  5.6000e-04 |  1.4000e-03 | -8.4000e-04 |   -6.0000e-01 |       -6.0000e-01 |
| ENTRORG           |  1.4434e-03 |  1.7500e-03 | -3.0664e-04 |   -1.7522e-01 |       -1.7522e-01 |
| DETRPEN           |  1.0321e-04 |  7.5000e-05 |  2.8206e-05 |    3.7608e-01 |        3.7608e-01 |
| ENTRDD            |  1.5592e-04 |  3.0000e-04 | -1.4408e-04 |   -4.8027e-01 |       -4.8027e-01 |
| RMFDEPS           |  4.7355e-01 |  3.0000e-01 |  1.7355e-01 |    5.7852e-01 |        5.7852e-01 |
| RVICE             |  2.0800e-01 |  1.3000e-01 |  7.8000e-02 |    6.0000e-01 |        6.0000e-01 |
| RLCRITSNOW        |  8.0000e-06 |  2.0000e-05 | -1.2000e-05 |   -6.0000e-01 |       -6.0000e-01 |
| RSNOWLIN2         |  1.2000e-02 |  3.0000e-02 | -1.8000e-02 |   -6.0000e-01 |       -6.0000e-01 |
| RCLDIFF           |  2.7798e-06 |  6.0000e-06 | -3.2202e-06 |   -5.3670e-01 |       -5.3670e-01 |
| RCLDIFF_CONVI     |  7.1729e+00 |  1.0000e+01 | -2.8271e+00 |   -2.8271e-01 |       -2.8271e-01 |
| RDEPLIQREFRATE    |  5.7523e-01 |  5.0000e-01 |  7.5227e-02 |    1.5045e-01 |        1.5045e-01 |
| RDEPLIQREFDEPTH   |  4.4319e+02 |  5.0000e+02 | -5.6811e+01 |   -1.1362e-01 |       -1.1362e-01 |
| RCL_OVERLAPLIQICE |  2.6016e-01 |  6.5000e-01 | -3.8984e-01 |   -5.9976e-01 |       -5.9976e-01 |
| RCL_INHOMOGAUT    |  7.3000e-01 |  1.5000e+00 | -7.7000e-01 |   -5.1333e-01 |       -5.1333e-01 |
| RCL_INHOMOGACC    |  2.8168e+00 |  3.0000e+00 | -1.8322e-01 |   -6.1072e-02 |       -6.1072e-02 |
| RMINICE           |  9.2470e+01 |  6.0000e+01 |  3.2470e+01 |    5.4117e-01 |        5.4117e-01 |
2026-04-15 14:19:13 | ectuner |     INFO -> Diagnostic maps saved to /ec/res4/hpcperm/ecme3038/ecearth/ecearth4/ECtuner/mari/results/tuned_2d_LR/net_TOA/alfa_07/diagnostics_2d_phis_Global_a07.nc
