2026-04-24 08:22:32 | ectuner |     INFO -> Loading 2D Data (Sensitivity, Reference, Base)...
   > Loading reference for net_toa from: climate_average_net_toa_CERES EBAF_r180x90_2000-2024.nc
   > Loading reference for swcf from: climate_average_swcf_CERES EBAF_r180x90_2000-2024.nc
--- Loading cached base maps for phis ---
2026-04-24 08:22:34 | ectuner |     INFO -> Generating spatial weights (Area * Region)...
2026-04-24 08:22:34 | ectuner |     INFO -> Variable net_toa: Initial Spatial RMSE (Weighted) = 11.3965
2026-04-24 08:22:34 | ectuner |     INFO -> Variable swcf: Initial Spatial RMSE (Weighted) = 11.0812
2026-04-24 08:22:34 | ectuner |     INFO -> Flattening data for fast optimization...
2026-04-24 08:22:34 | ectuner |     INFO -> DEBUG: Global Bias for net_toa in optimizer: 5.6259
2026-04-24 08:22:34 | ectuner |     INFO -> DEBUG: Global Bias for swcf in optimizer: 0.5056
2026-04-24 08:22:34 | ectuner |     INFO -> Starting 2D Optimization (dual_annealing)...
2026-04-24 08:23:27 | ectuner |     INFO -> 
==================== GLOBAL MEAN & ZONAL SUMMARY FROM 2D OPTIMIZATION ====================
2026-04-24 08:23:27 | ectuner |     INFO -> Variable     | Metric       |            Initial ->              Final | Status
2026-04-24 08:23:27 | ectuner |     INFO -> ------------------------------------------------------------------------------------------
2026-04-24 08:23:27 | ectuner |     INFO -> net_toa      | Global Bias |             5.6259 ->            -0.0000 | IMPROVED
2026-04-24 08:23:27 | ectuner |     INFO ->              | Spatial RMSE  |            11.3965 ->            11.6973 | WORSENED
2026-04-24 08:23:27 | ectuner |     INFO -> ------------------------------------------------------------------------------------------
2026-04-24 08:23:27 | ectuner |     INFO -> swcf         | Global Bias |             0.5056 ->             0.0000 | IMPROVED
2026-04-24 08:23:27 | ectuner |     INFO ->              | Spatial RMSE  |            11.0812 ->            12.5906 | WORSENED
2026-04-24 08:23:27 | ectuner |     INFO -> ------------------------------------------------------------------------------------------
2026-04-24 08:23:27 | ectuner |     INFO -> Structured tuning YAML written to ../results/tuned_2d_LR/swcf/alfa_095/tuned_phis_a095.yml

| Parameter         |   New Value |   Old Value |      Change |   Rel. Change |   Dist. from Ref. |
|-------------------+-------------+-------------+-------------+---------------+-------------------|
| RPRCON            |  1.9547e-03 |  1.4000e-03 |  5.5468e-04 |    3.9620e-01 |        3.9620e-01 |
| ENTRORG           |  2.4168e-03 |  1.7500e-03 |  6.6681e-04 |    3.8104e-01 |        3.8104e-01 |
| DETRPEN           |  8.4659e-05 |  7.5000e-05 |  9.6590e-06 |    1.2879e-01 |        1.2879e-01 |
| ENTRDD            |  2.0016e-04 |  3.0000e-04 | -9.9842e-05 |   -3.3281e-01 |       -3.3281e-01 |
| RMFDEPS           |  4.5208e-01 |  3.0000e-01 |  1.5208e-01 |    5.0694e-01 |        5.0694e-01 |
| RVICE             |  1.0998e-01 |  1.3000e-01 | -2.0017e-02 |   -1.5397e-01 |       -1.5397e-01 |
| RLCRITSNOW        |  2.0631e-05 |  2.0000e-05 |  6.3136e-07 |    3.1568e-02 |        3.1568e-02 |
| RSNOWLIN2         |  2.2872e-02 |  3.0000e-02 | -7.1285e-03 |   -2.3762e-01 |       -2.3762e-01 |
| RCLDIFF           |  8.2916e-06 |  6.0000e-06 |  2.2916e-06 |    3.8194e-01 |        3.8194e-01 |
| RCLDIFF_CONVI     |  9.4136e+00 |  1.0000e+01 | -5.8642e-01 |   -5.8642e-02 |       -5.8642e-02 |
| RDEPLIQREFRATE    |  5.6093e-01 |  5.0000e-01 |  6.0928e-02 |    1.2186e-01 |        1.2186e-01 |
| RDEPLIQREFDEPTH   |  3.0283e+02 |  5.0000e+02 | -1.9717e+02 |   -3.9434e-01 |       -3.9434e-01 |
| RCL_OVERLAPLIQICE |  8.1712e-01 |  6.5000e-01 |  1.6712e-01 |    2.5711e-01 |        2.5711e-01 |
| RCL_INHOMOGAUT    |  1.1490e+00 |  1.5000e+00 | -3.5096e-01 |   -2.3397e-01 |       -2.3397e-01 |
| RCL_INHOMOGACC    |  2.1198e+00 |  3.0000e+00 | -8.8024e-01 |   -2.9341e-01 |       -2.9341e-01 |
| RMINICE           |  7.3620e+01 |  6.0000e+01 |  1.3620e+01 |    2.2700e-01 |        2.2700e-01 |
2026-04-24 08:23:27 | ectuner |     INFO -> Diagnostic maps saved to ../results/tuned_2d_LR/swcf/alfa_095/diagnostics_2d_phis_Global_a095.nc
Copia del file YAML inviata a ../results/tuned_2d_LR/swcf/yaml_files
