2026-04-24 08:22:24 | ectuner |     INFO -> Loading 2D Data (Sensitivity, Reference, Base)...
   > Loading reference for net_toa from: climate_average_net_toa_CERES EBAF_r180x90_2000-2024.nc
   > Loading reference for swcf from: climate_average_swcf_CERES EBAF_r180x90_2000-2024.nc
--- Loading cached base maps for phis ---
2026-04-24 08:22:26 | ectuner |     INFO -> Generating spatial weights (Area * Region)...
2026-04-24 08:22:26 | ectuner |     INFO -> Variable net_toa: Initial Spatial RMSE (Weighted) = 11.3965
2026-04-24 08:22:26 | ectuner |     INFO -> Variable swcf: Initial Spatial RMSE (Weighted) = 11.0812
2026-04-24 08:22:26 | ectuner |     INFO -> Flattening data for fast optimization...
2026-04-24 08:22:26 | ectuner |     INFO -> DEBUG: Global Bias for net_toa in optimizer: 5.6259
2026-04-24 08:22:26 | ectuner |     INFO -> DEBUG: Global Bias for swcf in optimizer: 0.5056
2026-04-24 08:22:26 | ectuner |     INFO -> Starting 2D Optimization (dual_annealing)...
2026-04-24 08:23:24 | ectuner |     INFO -> 
==================== GLOBAL MEAN & ZONAL SUMMARY FROM 2D OPTIMIZATION ====================
2026-04-24 08:23:24 | ectuner |     INFO -> Variable     | Metric       |            Initial ->              Final | Status
2026-04-24 08:23:24 | ectuner |     INFO -> ------------------------------------------------------------------------------------------
2026-04-24 08:23:24 | ectuner |     INFO -> net_toa      | Global Bias |             5.6259 ->             0.4042 | IMPROVED
2026-04-24 08:23:24 | ectuner |     INFO ->              | Spatial RMSE  |            11.3965 ->             9.7711 | IMPROVED
2026-04-24 08:23:24 | ectuner |     INFO -> ------------------------------------------------------------------------------------------
2026-04-24 08:23:24 | ectuner |     INFO -> swcf         | Global Bias |             0.5056 ->            -0.0000 | IMPROVED
2026-04-24 08:23:24 | ectuner |     INFO ->              | Spatial RMSE  |            11.0812 ->            11.5734 | WORSENED
2026-04-24 08:23:24 | ectuner |     INFO -> ------------------------------------------------------------------------------------------
2026-04-24 08:23:24 | ectuner |     INFO -> Structured tuning YAML written to ../results/tuned_2d_LR/swcf/alfa_040/tuned_phis_a040.yml

| Parameter         |   New Value |   Old Value |      Change |   Rel. Change |   Dist. from Ref. |
|-------------------+-------------+-------------+-------------+---------------+-------------------|
| RPRCON            |  1.2165e-03 |  1.4000e-03 | -1.8350e-04 |   -1.3107e-01 |       -1.3107e-01 |
| ENTRORG           |  1.9041e-03 |  1.7500e-03 |  1.5409e-04 |    8.8051e-02 |        8.8051e-02 |
| DETRPEN           |  6.4027e-05 |  7.5000e-05 | -1.0973e-05 |   -1.4631e-01 |       -1.4631e-01 |
| ENTRDD            |  2.2524e-04 |  3.0000e-04 | -7.4765e-05 |   -2.4922e-01 |       -2.4922e-01 |
| RMFDEPS           |  4.7395e-01 |  3.0000e-01 |  1.7395e-01 |    5.7984e-01 |        5.7984e-01 |
| RVICE             |  1.7289e-01 |  1.3000e-01 |  4.2893e-02 |    3.2994e-01 |        3.2994e-01 |
| RLCRITSNOW        |  8.0000e-06 |  2.0000e-05 | -1.2000e-05 |   -6.0000e-01 |       -6.0000e-01 |
| RSNOWLIN2         |  1.2000e-02 |  3.0000e-02 | -1.8000e-02 |   -6.0000e-01 |       -6.0000e-01 |
| RCLDIFF           |  3.4689e-06 |  6.0000e-06 | -2.5311e-06 |   -4.2185e-01 |       -4.2185e-01 |
| RCLDIFF_CONVI     |  1.2308e+01 |  1.0000e+01 |  2.3081e+00 |    2.3081e-01 |        2.3081e-01 |
| RDEPLIQREFRATE    |  7.8092e-01 |  5.0000e-01 |  2.8092e-01 |    5.6184e-01 |        5.6184e-01 |
| RDEPLIQREFDEPTH   |  4.0599e+02 |  5.0000e+02 | -9.4012e+01 |   -1.8802e-01 |       -1.8802e-01 |
| RCL_OVERLAPLIQICE |  3.1707e-01 |  6.5000e-01 | -3.3293e-01 |   -5.1220e-01 |       -5.1220e-01 |
| RCL_INHOMOGAUT    |  1.4056e+00 |  1.5000e+00 | -9.4369e-02 |   -6.2913e-02 |       -6.2913e-02 |
| RCL_INHOMOGACC    |  2.5460e+00 |  3.0000e+00 | -4.5401e-01 |   -1.5134e-01 |       -1.5134e-01 |
| RMINICE           |  6.4708e+01 |  6.0000e+01 |  4.7081e+00 |    7.8469e-02 |        7.8469e-02 |
2026-04-24 08:23:24 | ectuner |     INFO -> Diagnostic maps saved to ../results/tuned_2d_LR/swcf/alfa_040/diagnostics_2d_phis_Global_a04.nc
Copia del file YAML inviata a ../results/tuned_2d_LR/swcf/yaml_files
