2026-04-24 08:22:28 | ectuner |     INFO -> Loading 2D Data (Sensitivity, Reference, Base)...
   > Loading reference for net_toa from: climate_average_net_toa_CERES EBAF_r180x90_2000-2024.nc
   > Loading reference for swcf from: climate_average_swcf_CERES EBAF_r180x90_2000-2024.nc
--- Loading cached base maps for phis ---
2026-04-24 08:22:30 | ectuner |     INFO -> Generating spatial weights (Area * Region)...
2026-04-24 08:22:30 | ectuner |     INFO -> Variable net_toa: Initial Spatial RMSE (Weighted) = 11.3965
2026-04-24 08:22:30 | ectuner |     INFO -> Variable swcf: Initial Spatial RMSE (Weighted) = 11.0812
2026-04-24 08:22:30 | ectuner |     INFO -> Flattening data for fast optimization...
2026-04-24 08:22:30 | ectuner |     INFO -> DEBUG: Global Bias for net_toa in optimizer: 5.6259
2026-04-24 08:22:30 | ectuner |     INFO -> DEBUG: Global Bias for swcf in optimizer: 0.5056
2026-04-24 08:22:30 | ectuner |     INFO -> Starting 2D Optimization (dual_annealing)...
2026-04-24 08:24:09 | ectuner |     INFO -> 
==================== GLOBAL MEAN & ZONAL SUMMARY FROM 2D OPTIMIZATION ====================
2026-04-24 08:24:09 | ectuner |     INFO -> Variable     | Metric       |            Initial ->              Final | Status
2026-04-24 08:24:09 | ectuner |     INFO -> ------------------------------------------------------------------------------------------
2026-04-24 08:24:09 | ectuner |     INFO -> net_toa      | Global Bias |             5.6259 ->             1.3078 | IMPROVED
2026-04-24 08:24:09 | ectuner |     INFO ->              | Spatial RMSE  |            11.3965 ->             9.3247 | IMPROVED
2026-04-24 08:24:09 | ectuner |     INFO -> ------------------------------------------------------------------------------------------
2026-04-24 08:24:09 | ectuner |     INFO -> swcf         | Global Bias |             0.5056 ->             0.0000 | IMPROVED
2026-04-24 08:24:09 | ectuner |     INFO ->              | Spatial RMSE  |            11.0812 ->            11.2687 | WORSENED
2026-04-24 08:24:09 | ectuner |     INFO -> ------------------------------------------------------------------------------------------
2026-04-24 08:24:09 | ectuner |     INFO -> Structured tuning YAML written to ../results/tuned_2d_LR/swcf/alfa_020/tuned_phis_a020.yml

| Parameter         |   New Value |   Old Value |      Change |   Rel. Change |   Dist. from Ref. |
|-------------------+-------------+-------------+-------------+---------------+-------------------|
| RPRCON            |  1.2098e-03 |  1.4000e-03 | -1.9023e-04 |   -1.3588e-01 |       -1.3588e-01 |
| ENTRORG           |  1.5188e-03 |  1.7500e-03 | -2.3122e-04 |   -1.3213e-01 |       -1.3213e-01 |
| DETRPEN           |  1.0240e-04 |  7.5000e-05 |  2.7397e-05 |    3.6530e-01 |        3.6530e-01 |
| ENTRDD            |  2.2244e-04 |  3.0000e-04 | -7.7558e-05 |   -2.5853e-01 |       -2.5853e-01 |
| RMFDEPS           |  4.4731e-01 |  3.0000e-01 |  1.4731e-01 |    4.9105e-01 |        4.9105e-01 |
| RVICE             |  1.8832e-01 |  1.3000e-01 |  5.8316e-02 |    4.4859e-01 |        4.4859e-01 |
| RLCRITSNOW        |  1.0771e-05 |  2.0000e-05 | -9.2291e-06 |   -4.6145e-01 |       -4.6145e-01 |
| RSNOWLIN2         |  1.3614e-02 |  3.0000e-02 | -1.6386e-02 |   -5.4621e-01 |       -5.4621e-01 |
| RCLDIFF           |  3.2112e-06 |  6.0000e-06 | -2.7888e-06 |   -4.6479e-01 |       -4.6479e-01 |
| RCLDIFF_CONVI     |  8.8834e+00 |  1.0000e+01 | -1.1166e+00 |   -1.1166e-01 |       -1.1166e-01 |
| RDEPLIQREFRATE    |  6.7267e-01 |  5.0000e-01 |  1.7267e-01 |    3.4534e-01 |        3.4534e-01 |
| RDEPLIQREFDEPTH   |  4.3380e+02 |  5.0000e+02 | -6.6201e+01 |   -1.3240e-01 |       -1.3240e-01 |
| RCL_OVERLAPLIQICE |  2.6029e-01 |  6.5000e-01 | -3.8971e-01 |   -5.9955e-01 |       -5.9955e-01 |
| RCL_INHOMOGAUT    |  1.0032e+00 |  1.5000e+00 | -4.9679e-01 |   -3.3119e-01 |       -3.3119e-01 |
| RCL_INHOMOGACC    |  2.5564e+00 |  3.0000e+00 | -4.4355e-01 |   -1.4785e-01 |       -1.4785e-01 |
| RMINICE           |  6.4766e+01 |  6.0000e+01 |  4.7659e+00 |    7.9432e-02 |        7.9432e-02 |
2026-04-24 08:24:09 | ectuner |     INFO -> Diagnostic maps saved to ../results/tuned_2d_LR/swcf/alfa_020/diagnostics_2d_phis_Global_a02.nc
Copia del file YAML inviata a ../results/tuned_2d_LR/swcf/yaml_files
