2026-04-24 08:22:23 | ectuner |     INFO -> Loading 2D Data (Sensitivity, Reference, Base)...
   > Loading reference for net_toa from: climate_average_net_toa_CERES EBAF_r180x90_2000-2024.nc
   > Loading reference for swcf from: climate_average_swcf_CERES EBAF_r180x90_2000-2024.nc
--- Loading cached base maps for phis ---
2026-04-24 08:22:25 | ectuner |     INFO -> Generating spatial weights (Area * Region)...
2026-04-24 08:22:25 | ectuner |     INFO -> Variable net_toa: Initial Spatial RMSE (Weighted) = 11.3965
2026-04-24 08:22:25 | ectuner |     INFO -> Variable swcf: Initial Spatial RMSE (Weighted) = 11.0812
2026-04-24 08:22:25 | ectuner |     INFO -> Flattening data for fast optimization...
2026-04-24 08:22:25 | ectuner |     INFO -> DEBUG: Global Bias for net_toa in optimizer: 5.6259
2026-04-24 08:22:25 | ectuner |     INFO -> DEBUG: Global Bias for swcf in optimizer: 0.5056
2026-04-24 08:22:25 | ectuner |     INFO -> Starting 2D Optimization (dual_annealing)...
2026-04-24 08:24:01 | ectuner |     INFO -> 
==================== GLOBAL MEAN & ZONAL SUMMARY FROM 2D OPTIMIZATION ====================
2026-04-24 08:24:01 | ectuner |     INFO -> Variable     | Metric       |            Initial ->              Final | Status
2026-04-24 08:24:01 | ectuner |     INFO -> ------------------------------------------------------------------------------------------
2026-04-24 08:24:01 | ectuner |     INFO -> net_toa      | Global Bias |             5.6259 ->             1.8569 | IMPROVED
2026-04-24 08:24:01 | ectuner |     INFO ->              | Spatial RMSE  |            11.3965 ->             9.3672 | IMPROVED
2026-04-24 08:24:01 | ectuner |     INFO -> ------------------------------------------------------------------------------------------
2026-04-24 08:24:01 | ectuner |     INFO -> swcf         | Global Bias |             0.5056 ->            -0.0000 | IMPROVED
2026-04-24 08:24:01 | ectuner |     INFO ->              | Spatial RMSE  |            11.0812 ->            11.1453 | WORSENED
2026-04-24 08:24:01 | ectuner |     INFO -> ------------------------------------------------------------------------------------------
2026-04-24 08:24:02 | ectuner |     INFO -> Structured tuning YAML written to ../results/tuned_2d_LR/swcf/alfa_015/tuned_phis_a015.yml

| Parameter         |   New Value |   Old Value |      Change |   Rel. Change |   Dist. from Ref. |
|-------------------+-------------+-------------+-------------+---------------+-------------------|
| RPRCON            |  1.2918e-03 |  1.4000e-03 | -1.0817e-04 |   -7.7265e-02 |       -7.7265e-02 |
| ENTRORG           |  1.4617e-03 |  1.7500e-03 | -2.8830e-04 |   -1.6474e-01 |       -1.6474e-01 |
| DETRPEN           |  1.1165e-04 |  7.5000e-05 |  3.6654e-05 |    4.8872e-01 |        4.8872e-01 |
| ENTRDD            |  2.0269e-04 |  3.0000e-04 | -9.7313e-05 |   -3.2438e-01 |       -3.2438e-01 |
| RMFDEPS           |  4.1463e-01 |  3.0000e-01 |  1.1463e-01 |    3.8210e-01 |        3.8210e-01 |
| RVICE             |  1.9992e-01 |  1.3000e-01 |  6.9920e-02 |    5.3784e-01 |        5.3784e-01 |
| RLCRITSNOW        |  1.2118e-05 |  2.0000e-05 | -7.8818e-06 |   -3.9409e-01 |       -3.9409e-01 |
| RSNOWLIN2         |  1.3264e-02 |  3.0000e-02 | -1.6736e-02 |   -5.5786e-01 |       -5.5786e-01 |
| RCLDIFF           |  2.4005e-06 |  6.0000e-06 | -3.5995e-06 |   -5.9992e-01 |       -5.9992e-01 |
| RCLDIFF_CONVI     |  8.6777e+00 |  1.0000e+01 | -1.3223e+00 |   -1.3223e-01 |       -1.3223e-01 |
| RDEPLIQREFRATE    |  6.5812e-01 |  5.0000e-01 |  1.5812e-01 |    3.1625e-01 |        3.1625e-01 |
| RDEPLIQREFDEPTH   |  4.2989e+02 |  5.0000e+02 | -7.0113e+01 |   -1.4023e-01 |       -1.4023e-01 |
| RCL_OVERLAPLIQICE |  2.6001e-01 |  6.5000e-01 | -3.8999e-01 |   -5.9998e-01 |       -5.9998e-01 |
| RCL_INHOMOGAUT    |  1.1379e+00 |  1.5000e+00 | -3.6208e-01 |   -2.4138e-01 |       -2.4138e-01 |
| RCL_INHOMOGACC    |  2.7198e+00 |  3.0000e+00 | -2.8015e-01 |   -9.3384e-02 |       -9.3384e-02 |
| RMINICE           |  5.0363e+01 |  6.0000e+01 | -9.6371e+00 |   -1.6062e-01 |       -1.6062e-01 |
2026-04-24 08:24:02 | ectuner |     INFO -> Diagnostic maps saved to ../results/tuned_2d_LR/swcf/alfa_015/diagnostics_2d_phis_Global_a015.nc
Copia del file YAML inviata a ../results/tuned_2d_LR/swcf/yaml_files
