2026-04-23 12:51:23 | ectuner |     INFO -> Loading 2D Data (Sensitivity, Reference, Base)...
   > Loading reference for net_toa from: climate_average_net_toa_CERES EBAF_r180x90_2000-2024.nc
   > Loading reference for rsnt from: climate_average_rsnt_CERES EBAF_r180x90_2000-2024.nc
--- Loading cached base maps for phis ---
2026-04-23 12:51:24 | ectuner |     INFO -> Generating spatial weights (Area * Region)...
2026-04-23 12:51:24 | ectuner |     INFO -> Variable net_toa: Initial Spatial RMSE (Weighted) = 11.3965
2026-04-23 12:51:24 | ectuner |     INFO -> Variable rsnt: Initial Spatial RMSE (Weighted) = 10.4479
2026-04-23 12:51:24 | ectuner |     INFO -> Flattening data for fast optimization...
2026-04-23 12:51:24 | ectuner |     INFO -> DEBUG: Global Bias for net_toa in optimizer: 5.6259
2026-04-23 12:51:24 | ectuner |     INFO -> DEBUG: Global Bias for rsnt in optimizer: -1.3053
2026-04-23 12:51:24 | ectuner |     INFO -> Starting 2D Optimization (dual_annealing)...
2026-04-23 12:53:03 | ectuner |     INFO -> 
==================== GLOBAL MEAN & ZONAL SUMMARY FROM 2D OPTIMIZATION ====================
2026-04-23 12:53:03 | ectuner |     INFO -> Variable     | Metric       |            Initial ->              Final | Status
2026-04-23 12:53:03 | ectuner |     INFO -> ------------------------------------------------------------------------------------------
2026-04-23 12:53:03 | ectuner |     INFO -> net_toa      | Global Bias |             5.6259 ->             1.5801 | IMPROVED
2026-04-23 12:53:03 | ectuner |     INFO ->              | Spatial RMSE  |            11.3965 ->             9.3488 | IMPROVED
2026-04-23 12:53:03 | ectuner |     INFO -> ------------------------------------------------------------------------------------------
2026-04-23 12:53:03 | ectuner |     INFO -> rsnt         | Global Bias |            -1.3053 ->             0.0000 | IMPROVED
2026-04-23 12:53:03 | ectuner |     INFO ->              | Spatial RMSE  |            10.4479 ->            10.5680 | WORSENED
2026-04-23 12:53:03 | ectuner |     INFO -> ------------------------------------------------------------------------------------------
2026-04-23 12:53:03 | ectuner |     INFO -> Structured tuning YAML written to ../results/tuned_2d_LR/rsut/alfa_020/tuned_phis_a020.yml

| Parameter         |   New Value |   Old Value |      Change |   Rel. Change |   Dist. from Ref. |
|-------------------+-------------+-------------+-------------+---------------+-------------------|
| RPRCON            |  1.1973e-03 |  1.4000e-03 | -2.0274e-04 |   -1.4482e-01 |       -1.4482e-01 |
| ENTRORG           |  1.6604e-03 |  1.7500e-03 | -8.9588e-05 |   -5.1193e-02 |       -5.1193e-02 |
| DETRPEN           |  1.0936e-04 |  7.5000e-05 |  3.4355e-05 |    4.5807e-01 |        4.5807e-01 |
| ENTRDD            |  2.2274e-04 |  3.0000e-04 | -7.7265e-05 |   -2.5755e-01 |       -2.5755e-01 |
| RMFDEPS           |  4.1506e-01 |  3.0000e-01 |  1.1506e-01 |    3.8352e-01 |        3.8352e-01 |
| RVICE             |  2.0261e-01 |  1.3000e-01 |  7.2610e-02 |    5.5854e-01 |        5.5854e-01 |
| RLCRITSNOW        |  8.0740e-06 |  2.0000e-05 | -1.1926e-05 |   -5.9630e-01 |       -5.9630e-01 |
| RSNOWLIN2         |  1.6457e-02 |  3.0000e-02 | -1.3543e-02 |   -4.5142e-01 |       -4.5142e-01 |
| RCLDIFF           |  2.4000e-06 |  6.0000e-06 | -3.6000e-06 |   -6.0000e-01 |       -6.0000e-01 |
| RCLDIFF_CONVI     |  7.9914e+00 |  1.0000e+01 | -2.0086e+00 |   -2.0086e-01 |       -2.0086e-01 |
| RDEPLIQREFRATE    |  6.4800e-01 |  5.0000e-01 |  1.4800e-01 |    2.9601e-01 |        2.9601e-01 |
| RDEPLIQREFDEPTH   |  4.4684e+02 |  5.0000e+02 | -5.3157e+01 |   -1.0631e-01 |       -1.0631e-01 |
| RCL_OVERLAPLIQICE |  2.6015e-01 |  6.5000e-01 | -3.8985e-01 |   -5.9976e-01 |       -5.9976e-01 |
| RCL_INHOMOGAUT    |  1.3427e+00 |  1.5000e+00 | -1.5726e-01 |   -1.0484e-01 |       -1.0484e-01 |
| RCL_INHOMOGACC    |  3.0798e+00 |  3.0000e+00 |  7.9766e-02 |    2.6589e-02 |        2.6589e-02 |
| RMINICE           |  8.0854e+01 |  6.0000e+01 |  2.0854e+01 |    3.4756e-01 |        3.4756e-01 |
2026-04-23 12:53:03 | ectuner |     INFO -> Diagnostic maps saved to ../results/tuned_2d_LR/rsut/alfa_020/diagnostics_2d_phis_Global_a02.nc
Copia del file YAML inviata a ../results/tuned_2d_LR/rsut/yaml_files
