2026-04-23 12:51:27 | ectuner |     INFO -> Loading 2D Data (Sensitivity, Reference, Base)...
   > Loading reference for net_toa from: climate_average_net_toa_CERES EBAF_r180x90_2000-2024.nc
   > Loading reference for rsnt from: climate_average_rsnt_CERES EBAF_r180x90_2000-2024.nc
--- Loading cached base maps for phis ---
2026-04-23 12:51:28 | ectuner |     INFO -> Generating spatial weights (Area * Region)...
2026-04-23 12:51:28 | ectuner |     INFO -> Variable net_toa: Initial Spatial RMSE (Weighted) = 11.3965
2026-04-23 12:51:28 | ectuner |     INFO -> Variable rsnt: Initial Spatial RMSE (Weighted) = 10.4479
2026-04-23 12:51:28 | ectuner |     INFO -> Flattening data for fast optimization...
2026-04-23 12:51:28 | ectuner |     INFO -> DEBUG: Global Bias for net_toa in optimizer: 5.6259
2026-04-23 12:51:28 | ectuner |     INFO -> DEBUG: Global Bias for rsnt in optimizer: -1.3053
2026-04-23 12:51:28 | ectuner |     INFO -> Starting 2D Optimization (dual_annealing)...
2026-04-23 12:52:38 | ectuner |     INFO -> 
==================== GLOBAL MEAN & ZONAL SUMMARY FROM 2D OPTIMIZATION ====================
2026-04-23 12:52:38 | ectuner |     INFO -> Variable     | Metric       |            Initial ->              Final | Status
2026-04-23 12:52:38 | ectuner |     INFO -> ------------------------------------------------------------------------------------------
2026-04-23 12:52:38 | ectuner |     INFO -> net_toa      | Global Bias |             5.6259 ->             0.0000 | IMPROVED
2026-04-23 12:52:38 | ectuner |     INFO ->              | Spatial RMSE  |            11.3965 ->            10.2636 | IMPROVED
2026-04-23 12:52:38 | ectuner |     INFO -> ------------------------------------------------------------------------------------------
2026-04-23 12:52:38 | ectuner |     INFO -> rsnt         | Global Bias |            -1.3053 ->            -0.0000 | IMPROVED
2026-04-23 12:52:38 | ectuner |     INFO ->              | Spatial RMSE  |            10.4479 ->            11.2637 | WORSENED
2026-04-23 12:52:38 | ectuner |     INFO -> ------------------------------------------------------------------------------------------
2026-04-23 12:52:38 | ectuner |     INFO -> Structured tuning YAML written to ../results/tuned_2d_LR/rsut/alfa_060/tuned_phis_a060.yml

| Parameter         |   New Value |   Old Value |      Change |   Rel. Change |   Dist. from Ref. |
|-------------------+-------------+-------------+-------------+---------------+-------------------|
| RPRCON            |  1.3796e-03 |  1.4000e-03 | -2.0445e-05 |   -1.4604e-02 |       -1.4604e-02 |
| ENTRORG           |  2.1302e-03 |  1.7500e-03 |  3.8018e-04 |    2.1724e-01 |        2.1724e-01 |
| DETRPEN           |  5.2344e-05 |  7.5000e-05 | -2.2656e-05 |   -3.0207e-01 |       -3.0207e-01 |
| ENTRDD            |  1.3850e-04 |  3.0000e-04 | -1.6150e-04 |   -5.3834e-01 |       -5.3834e-01 |
| RMFDEPS           |  3.3808e-01 |  3.0000e-01 |  3.8079e-02 |    1.2693e-01 |        1.2693e-01 |
| RVICE             |  2.0590e-01 |  1.3000e-01 |  7.5901e-02 |    5.8386e-01 |        5.8386e-01 |
| RLCRITSNOW        |  8.0793e-06 |  2.0000e-05 | -1.1921e-05 |   -5.9604e-01 |       -5.9604e-01 |
| RSNOWLIN2         |  1.4702e-02 |  3.0000e-02 | -1.5298e-02 |   -5.0995e-01 |       -5.0995e-01 |
| RCLDIFF           |  4.6270e-06 |  6.0000e-06 | -1.3730e-06 |   -2.2884e-01 |       -2.2884e-01 |
| RCLDIFF_CONVI     |  6.3669e+00 |  1.0000e+01 | -3.6331e+00 |   -3.6331e-01 |       -3.6331e-01 |
| RDEPLIQREFRATE    |  6.8091e-01 |  5.0000e-01 |  1.8091e-01 |    3.6181e-01 |        3.6181e-01 |
| RDEPLIQREFDEPTH   |  3.8205e+02 |  5.0000e+02 | -1.1795e+02 |   -2.3590e-01 |       -2.3590e-01 |
| RCL_OVERLAPLIQICE |  3.9561e-01 |  6.5000e-01 | -2.5439e-01 |   -3.9137e-01 |       -3.9137e-01 |
| RCL_INHOMOGAUT    |  1.6561e+00 |  1.5000e+00 |  1.5611e-01 |    1.0407e-01 |        1.0407e-01 |
| RCL_INHOMOGACC    |  2.6788e+00 |  3.0000e+00 | -3.2117e-01 |   -1.0706e-01 |       -1.0706e-01 |
| RMINICE           |  6.8355e+01 |  6.0000e+01 |  8.3551e+00 |    1.3925e-01 |        1.3925e-01 |
2026-04-23 12:52:38 | ectuner |     INFO -> Diagnostic maps saved to ../results/tuned_2d_LR/rsut/alfa_060/diagnostics_2d_phis_Global_a06.nc
Copia del file YAML inviata a ../results/tuned_2d_LR/rsut/yaml_files
