2026-04-23 12:51:26 | ectuner |     INFO -> Loading 2D Data (Sensitivity, Reference, Base)...
   > Loading reference for net_toa from: climate_average_net_toa_CERES EBAF_r180x90_2000-2024.nc
   > Loading reference for rsnt from: climate_average_rsnt_CERES EBAF_r180x90_2000-2024.nc
--- Loading cached base maps for phis ---
2026-04-23 12:51:27 | ectuner |     INFO -> Generating spatial weights (Area * Region)...
2026-04-23 12:51:27 | ectuner |     INFO -> Variable net_toa: Initial Spatial RMSE (Weighted) = 11.3965
2026-04-23 12:51:27 | ectuner |     INFO -> Variable rsnt: Initial Spatial RMSE (Weighted) = 10.4479
2026-04-23 12:51:27 | ectuner |     INFO -> Flattening data for fast optimization...
2026-04-23 12:51:27 | ectuner |     INFO -> DEBUG: Global Bias for net_toa in optimizer: 5.6259
2026-04-23 12:51:27 | ectuner |     INFO -> DEBUG: Global Bias for rsnt in optimizer: -1.3053
2026-04-23 12:51:27 | ectuner |     INFO -> Starting 2D Optimization (dual_annealing)...
2026-04-23 12:53:37 | ectuner |     INFO -> 
==================== GLOBAL MEAN & ZONAL SUMMARY FROM 2D OPTIMIZATION ====================
2026-04-23 12:53:37 | ectuner |     INFO -> Variable     | Metric       |            Initial ->              Final | Status
2026-04-23 12:53:37 | ectuner |     INFO -> ------------------------------------------------------------------------------------------
2026-04-23 12:53:37 | ectuner |     INFO -> net_toa      | Global Bias |             5.6259 ->             0.2015 | IMPROVED
2026-04-23 12:53:37 | ectuner |     INFO ->              | Spatial RMSE  |            11.3965 ->             9.7785 | IMPROVED
2026-04-23 12:53:37 | ectuner |     INFO -> ------------------------------------------------------------------------------------------
2026-04-23 12:53:37 | ectuner |     INFO -> rsnt         | Global Bias |            -1.3053 ->             0.0000 | IMPROVED
2026-04-23 12:53:37 | ectuner |     INFO ->              | Spatial RMSE  |            10.4479 ->            11.0243 | WORSENED
2026-04-23 12:53:37 | ectuner |     INFO -> ------------------------------------------------------------------------------------------
2026-04-23 12:53:37 | ectuner |     INFO -> Structured tuning YAML written to ../results/tuned_2d_LR/rsut/alfa_050/tuned_phis_a050.yml

| Parameter         |   New Value |   Old Value |      Change |   Rel. Change |   Dist. from Ref. |
|-------------------+-------------+-------------+-------------+---------------+-------------------|
| RPRCON            |  1.5331e-03 |  1.4000e-03 |  1.3309e-04 |    9.5063e-02 |        9.5063e-02 |
| ENTRORG           |  1.7107e-03 |  1.7500e-03 | -3.9343e-05 |   -2.2482e-02 |       -2.2482e-02 |
| DETRPEN           |  9.2283e-05 |  7.5000e-05 |  1.7283e-05 |    2.3044e-01 |        2.3044e-01 |
| ENTRDD            |  1.2194e-04 |  3.0000e-04 | -1.7806e-04 |   -5.9354e-01 |       -5.9354e-01 |
| RMFDEPS           |  3.7306e-01 |  3.0000e-01 |  7.3056e-02 |    2.4352e-01 |        2.4352e-01 |
| RVICE             |  2.0740e-01 |  1.3000e-01 |  7.7396e-02 |    5.9535e-01 |        5.9535e-01 |
| RLCRITSNOW        |  8.0011e-06 |  2.0000e-05 | -1.1999e-05 |   -5.9995e-01 |       -5.9995e-01 |
| RSNOWLIN2         |  2.5071e-02 |  3.0000e-02 | -4.9289e-03 |   -1.6430e-01 |       -1.6430e-01 |
| RCLDIFF           |  3.1109e-06 |  6.0000e-06 | -2.8891e-06 |   -4.8152e-01 |       -4.8152e-01 |
| RCLDIFF_CONVI     |  6.6524e+00 |  1.0000e+01 | -3.3476e+00 |   -3.3476e-01 |       -3.3476e-01 |
| RDEPLIQREFRATE    |  5.0932e-01 |  5.0000e-01 |  9.3151e-03 |    1.8630e-02 |        1.8630e-02 |
| RDEPLIQREFDEPTH   |  3.6281e+02 |  5.0000e+02 | -1.3719e+02 |   -2.7437e-01 |       -2.7437e-01 |
| RCL_OVERLAPLIQICE |  2.6095e-01 |  6.5000e-01 | -3.8905e-01 |   -5.9854e-01 |       -5.9854e-01 |
| RCL_INHOMOGAUT    |  1.4908e+00 |  1.5000e+00 | -9.2391e-03 |   -6.1594e-03 |       -6.1594e-03 |
| RCL_INHOMOGACC    |  2.2938e+00 |  3.0000e+00 | -7.0621e-01 |   -2.3540e-01 |       -2.3540e-01 |
| RMINICE           |  9.3590e+01 |  6.0000e+01 |  3.3590e+01 |    5.5984e-01 |        5.5984e-01 |
2026-04-23 12:53:38 | ectuner |     INFO -> Diagnostic maps saved to ../results/tuned_2d_LR/rsut/alfa_050/diagnostics_2d_phis_Global_a05.nc
Copia del file YAML inviata a ../results/tuned_2d_LR/rsut/yaml_files
