2026-04-23 12:51:27 | ectuner |     INFO -> Loading 2D Data (Sensitivity, Reference, Base)...
   > Loading reference for net_toa from: climate_average_net_toa_CERES EBAF_r180x90_2000-2024.nc
   > Loading reference for rsnt from: climate_average_rsnt_CERES EBAF_r180x90_2000-2024.nc
--- Loading cached base maps for phis ---
2026-04-23 12:51:28 | ectuner |     INFO -> Generating spatial weights (Area * Region)...
2026-04-23 12:51:28 | ectuner |     INFO -> Variable net_toa: Initial Spatial RMSE (Weighted) = 11.3965
2026-04-23 12:51:28 | ectuner |     INFO -> Variable rsnt: Initial Spatial RMSE (Weighted) = 10.4479
2026-04-23 12:51:28 | ectuner |     INFO -> Flattening data for fast optimization...
2026-04-23 12:51:28 | ectuner |     INFO -> DEBUG: Global Bias for net_toa in optimizer: 5.6259
2026-04-23 12:51:28 | ectuner |     INFO -> DEBUG: Global Bias for rsnt in optimizer: -1.3053
2026-04-23 12:51:28 | ectuner |     INFO -> Starting 2D Optimization (dual_annealing)...
2026-04-23 12:54:22 | ectuner |     INFO -> 
==================== GLOBAL MEAN & ZONAL SUMMARY FROM 2D OPTIMIZATION ====================
2026-04-23 12:54:22 | ectuner |     INFO -> Variable     | Metric       |            Initial ->              Final | Status
2026-04-23 12:54:22 | ectuner |     INFO -> ------------------------------------------------------------------------------------------
2026-04-23 12:54:22 | ectuner |     INFO -> net_toa      | Global Bias |             5.6259 ->             0.0560 | IMPROVED
2026-04-23 12:54:22 | ectuner |     INFO ->              | Spatial RMSE  |            11.3965 ->            10.1011 | IMPROVED
2026-04-23 12:54:22 | ectuner |     INFO -> ------------------------------------------------------------------------------------------
2026-04-23 12:54:22 | ectuner |     INFO -> rsnt         | Global Bias |            -1.3053 ->             0.0000 | IMPROVED
2026-04-23 12:54:22 | ectuner |     INFO ->              | Spatial RMSE  |            10.4479 ->            11.3265 | WORSENED
2026-04-23 12:54:22 | ectuner |     INFO -> ------------------------------------------------------------------------------------------
2026-04-23 12:54:22 | ectuner |     INFO -> Structured tuning YAML written to ../results/tuned_2d_LR/rsut/alfa_070/tuned_phis_a070.yml

| Parameter         |   New Value |   Old Value |      Change |   Rel. Change |   Dist. from Ref. |
|-------------------+-------------+-------------+-------------+---------------+-------------------|
| RPRCON            |  1.4119e-03 |  1.4000e-03 |  1.1858e-05 |    8.4697e-03 |        8.4697e-03 |
| ENTRORG           |  1.8111e-03 |  1.7500e-03 |  6.1067e-05 |    3.4895e-02 |        3.4895e-02 |
| DETRPEN           |  6.6568e-05 |  7.5000e-05 | -8.4319e-06 |   -1.1243e-01 |       -1.1243e-01 |
| ENTRDD            |  1.2980e-04 |  3.0000e-04 | -1.7020e-04 |   -5.6732e-01 |       -5.6732e-01 |
| RMFDEPS           |  2.9267e-01 |  3.0000e-01 | -7.3325e-03 |   -2.4442e-02 |       -2.4442e-02 |
| RVICE             |  1.7756e-01 |  1.3000e-01 |  4.7557e-02 |    3.6583e-01 |        3.6583e-01 |
| RLCRITSNOW        |  8.0000e-06 |  2.0000e-05 | -1.2000e-05 |   -6.0000e-01 |       -6.0000e-01 |
| RSNOWLIN2         |  1.9965e-02 |  3.0000e-02 | -1.0035e-02 |   -3.3451e-01 |       -3.3451e-01 |
| RCLDIFF           |  2.4000e-06 |  6.0000e-06 | -3.6000e-06 |   -6.0000e-01 |       -6.0000e-01 |
| RCLDIFF_CONVI     |  7.8414e+00 |  1.0000e+01 | -2.1586e+00 |   -2.1586e-01 |       -2.1586e-01 |
| RDEPLIQREFRATE    |  4.0501e-01 |  5.0000e-01 | -9.4990e-02 |   -1.8998e-01 |       -1.8998e-01 |
| RDEPLIQREFDEPTH   |  2.8213e+02 |  5.0000e+02 | -2.1787e+02 |   -4.3573e-01 |       -4.3573e-01 |
| RCL_OVERLAPLIQICE |  3.7110e-01 |  6.5000e-01 | -2.7890e-01 |   -4.2908e-01 |       -4.2908e-01 |
| RCL_INHOMOGAUT    |  9.3236e-01 |  1.5000e+00 | -5.6764e-01 |   -3.7843e-01 |       -3.7843e-01 |
| RCL_INHOMOGACC    |  2.3831e+00 |  3.0000e+00 | -6.1689e-01 |   -2.0563e-01 |       -2.0563e-01 |
| RMINICE           |  9.5098e+01 |  6.0000e+01 |  3.5098e+01 |    5.8496e-01 |        5.8496e-01 |
2026-04-23 12:54:22 | ectuner |     INFO -> Diagnostic maps saved to ../results/tuned_2d_LR/rsut/alfa_070/diagnostics_2d_phis_Global_a07.nc
Copia del file YAML inviata a ../results/tuned_2d_LR/rsut/yaml_files
