2026-04-23 12:51:27 | ectuner |     INFO -> Loading 2D Data (Sensitivity, Reference, Base)...
   > Loading reference for net_toa from: climate_average_net_toa_CERES EBAF_r180x90_2000-2024.nc
   > Loading reference for rsnt from: climate_average_rsnt_CERES EBAF_r180x90_2000-2024.nc
--- Loading cached base maps for phis ---
2026-04-23 12:51:27 | ectuner |     INFO -> Generating spatial weights (Area * Region)...
2026-04-23 12:51:27 | ectuner |     INFO -> Variable net_toa: Initial Spatial RMSE (Weighted) = 11.3965
2026-04-23 12:51:27 | ectuner |     INFO -> Variable rsnt: Initial Spatial RMSE (Weighted) = 10.4479
2026-04-23 12:51:27 | ectuner |     INFO -> Flattening data for fast optimization...
2026-04-23 12:51:28 | ectuner |     INFO -> DEBUG: Global Bias for net_toa in optimizer: 5.6259
2026-04-23 12:51:28 | ectuner |     INFO -> DEBUG: Global Bias for rsnt in optimizer: -1.3053
2026-04-23 12:51:28 | ectuner |     INFO -> Starting 2D Optimization (dual_annealing)...
2026-04-23 12:52:26 | ectuner |     INFO -> 
==================== GLOBAL MEAN & ZONAL SUMMARY FROM 2D OPTIMIZATION ====================
2026-04-23 12:52:26 | ectuner |     INFO -> Variable     | Metric       |            Initial ->              Final | Status
2026-04-23 12:52:26 | ectuner |     INFO -> ------------------------------------------------------------------------------------------
2026-04-23 12:52:26 | ectuner |     INFO -> net_toa      | Global Bias |             5.6259 ->            -0.0000 | IMPROVED
2026-04-23 12:52:26 | ectuner |     INFO ->              | Spatial RMSE  |            11.3965 ->            11.1734 | IMPROVED
2026-04-23 12:52:26 | ectuner |     INFO -> ------------------------------------------------------------------------------------------
2026-04-23 12:52:27 | ectuner |     INFO -> rsnt         | Global Bias |            -1.3053 ->            -0.0000 | IMPROVED
2026-04-23 12:52:27 | ectuner |     INFO ->              | Spatial RMSE  |            10.4479 ->            11.9828 | WORSENED
2026-04-23 12:52:27 | ectuner |     INFO -> ------------------------------------------------------------------------------------------
2026-04-23 12:52:27 | ectuner |     INFO -> Structured tuning YAML written to ../results/tuned_2d_LR/rsut/alfa_099/tuned_phis_a099.yml

| Parameter         |   New Value |   Old Value |      Change |   Rel. Change |   Dist. from Ref. |
|-------------------+-------------+-------------+-------------+---------------+-------------------|
| RPRCON            |  2.1105e-03 |  1.4000e-03 |  7.1049e-04 |    5.0749e-01 |        5.0749e-01 |
| ENTRORG           |  2.0130e-03 |  1.7500e-03 |  2.6298e-04 |    1.5027e-01 |        1.5027e-01 |
| DETRPEN           |  3.5675e-05 |  7.5000e-05 | -3.9325e-05 |   -5.2434e-01 |       -5.2434e-01 |
| ENTRDD            |  3.6796e-04 |  3.0000e-04 |  6.7963e-05 |    2.2654e-01 |        2.2654e-01 |
| RMFDEPS           |  4.3212e-01 |  3.0000e-01 |  1.3212e-01 |    4.4041e-01 |        4.4041e-01 |
| RVICE             |  1.9479e-01 |  1.3000e-01 |  6.4788e-02 |    4.9837e-01 |        4.9837e-01 |
| RLCRITSNOW        |  2.4740e-05 |  2.0000e-05 |  4.7401e-06 |    2.3700e-01 |        2.3700e-01 |
| RSNOWLIN2         |  1.8919e-02 |  3.0000e-02 | -1.1081e-02 |   -3.6936e-01 |       -3.6936e-01 |
| RCLDIFF           |  5.2481e-06 |  6.0000e-06 | -7.5192e-07 |   -1.2532e-01 |       -1.2532e-01 |
| RCLDIFF_CONVI     |  4.7232e+00 |  1.0000e+01 | -5.2768e+00 |   -5.2768e-01 |       -5.2768e-01 |
| RDEPLIQREFRATE    |  6.2780e-01 |  5.0000e-01 |  1.2780e-01 |    2.5559e-01 |        2.5559e-01 |
| RDEPLIQREFDEPTH   |  6.0784e+02 |  5.0000e+02 |  1.0784e+02 |    2.1568e-01 |        2.1568e-01 |
| RCL_OVERLAPLIQICE |  5.2779e-01 |  6.5000e-01 | -1.2221e-01 |   -1.8802e-01 |       -1.8802e-01 |
| RCL_INHOMOGAUT    |  1.3564e+00 |  1.5000e+00 | -1.4359e-01 |   -9.5728e-02 |       -9.5728e-02 |
| RCL_INHOMOGACC    |  1.6409e+00 |  3.0000e+00 | -1.3591e+00 |   -4.5302e-01 |       -4.5302e-01 |
| RMINICE           |  5.5788e+01 |  6.0000e+01 | -4.2122e+00 |   -7.0203e-02 |       -7.0203e-02 |
2026-04-23 12:52:27 | ectuner |     INFO -> Diagnostic maps saved to ../results/tuned_2d_LR/rsut/alfa_099/diagnostics_2d_phis_Global_a099.nc
Copia del file YAML inviata a ../results/tuned_2d_LR/rsut/yaml_files
