2026-04-23 12:51:26 | ectuner |     INFO -> Loading 2D Data (Sensitivity, Reference, Base)...
   > Loading reference for net_toa from: climate_average_net_toa_CERES EBAF_r180x90_2000-2024.nc
   > Loading reference for rsnt from: climate_average_rsnt_CERES EBAF_r180x90_2000-2024.nc
--- Loading cached base maps for phis ---
2026-04-23 12:51:27 | ectuner |     INFO -> Generating spatial weights (Area * Region)...
2026-04-23 12:51:27 | ectuner |     INFO -> Variable net_toa: Initial Spatial RMSE (Weighted) = 11.3965
2026-04-23 12:51:27 | ectuner |     INFO -> Variable rsnt: Initial Spatial RMSE (Weighted) = 10.4479
2026-04-23 12:51:27 | ectuner |     INFO -> Flattening data for fast optimization...
2026-04-23 12:51:27 | ectuner |     INFO -> DEBUG: Global Bias for net_toa in optimizer: 5.6259
2026-04-23 12:51:27 | ectuner |     INFO -> DEBUG: Global Bias for rsnt in optimizer: -1.3053
2026-04-23 12:51:27 | ectuner |     INFO -> Starting 2D Optimization (dual_annealing)...
2026-04-23 12:52:26 | ectuner |     INFO -> 
==================== GLOBAL MEAN & ZONAL SUMMARY FROM 2D OPTIMIZATION ====================
2026-04-23 12:52:26 | ectuner |     INFO -> Variable     | Metric       |            Initial ->              Final | Status
2026-04-23 12:52:26 | ectuner |     INFO -> ------------------------------------------------------------------------------------------
2026-04-23 12:52:27 | ectuner |     INFO -> net_toa      | Global Bias |             5.6259 ->             0.0000 | IMPROVED
2026-04-23 12:52:27 | ectuner |     INFO ->              | Spatial RMSE  |            11.3965 ->            11.3194 | IMPROVED
2026-04-23 12:52:27 | ectuner |     INFO -> ------------------------------------------------------------------------------------------
2026-04-23 12:52:27 | ectuner |     INFO -> rsnt         | Global Bias |            -1.3053 ->            -0.0000 | IMPROVED
2026-04-23 12:52:27 | ectuner |     INFO ->              | Spatial RMSE  |            10.4479 ->            12.6616 | WORSENED
2026-04-23 12:52:27 | ectuner |     INFO -> ------------------------------------------------------------------------------------------
2026-04-23 12:52:27 | ectuner |     INFO -> Structured tuning YAML written to ../results/tuned_2d_LR/rsut/alfa_100/tuned_phis_a100.yml

| Parameter         |   New Value |   Old Value |      Change |   Rel. Change |   Dist. from Ref. |
|-------------------+-------------+-------------+-------------+---------------+-------------------|
| RPRCON            |  2.0219e-03 |  1.4000e-03 |  6.2191e-04 |    4.4422e-01 |        4.4422e-01 |
| ENTRORG           |  2.1432e-03 |  1.7500e-03 |  3.9317e-04 |    2.2467e-01 |        2.2467e-01 |
| DETRPEN           |  9.5002e-05 |  7.5000e-05 |  2.0002e-05 |    2.6669e-01 |        2.6669e-01 |
| ENTRDD            |  3.6558e-04 |  3.0000e-04 |  6.5579e-05 |    2.1860e-01 |        2.1860e-01 |
| RMFDEPS           |  2.3527e-01 |  3.0000e-01 | -6.4730e-02 |   -2.1577e-01 |       -2.1577e-01 |
| RVICE             |  1.8591e-01 |  1.3000e-01 |  5.5911e-02 |    4.3008e-01 |        4.3008e-01 |
| RLCRITSNOW        |  1.3071e-05 |  2.0000e-05 | -6.9287e-06 |   -3.4644e-01 |       -3.4644e-01 |
| RSNOWLIN2         |  2.6122e-02 |  3.0000e-02 | -3.8778e-03 |   -1.2926e-01 |       -1.2926e-01 |
| RCLDIFF           |  9.5813e-06 |  6.0000e-06 |  3.5813e-06 |    5.9688e-01 |        5.9688e-01 |
| RCLDIFF_CONVI     |  1.3249e+01 |  1.0000e+01 |  3.2494e+00 |    3.2494e-01 |        3.2494e-01 |
| RDEPLIQREFRATE    |  2.3613e-01 |  5.0000e-01 | -2.6387e-01 |   -5.2775e-01 |       -5.2775e-01 |
| RDEPLIQREFDEPTH   |  7.9376e+02 |  5.0000e+02 |  2.9376e+02 |    5.8751e-01 |        5.8751e-01 |
| RCL_OVERLAPLIQICE |  3.2360e-01 |  6.5000e-01 | -3.2640e-01 |   -5.0216e-01 |       -5.0216e-01 |
| RCL_INHOMOGAUT    |  9.3110e-01 |  1.5000e+00 | -5.6890e-01 |   -3.7926e-01 |       -3.7926e-01 |
| RCL_INHOMOGACC    |  1.4681e+00 |  3.0000e+00 | -1.5319e+00 |   -5.1064e-01 |       -5.1064e-01 |
| RMINICE           |  6.9911e+01 |  6.0000e+01 |  9.9113e+00 |    1.6519e-01 |        1.6519e-01 |
2026-04-23 12:52:27 | ectuner |     INFO -> Diagnostic maps saved to ../results/tuned_2d_LR/rsut/alfa_100/diagnostics_2d_phis_Global_a10.nc
Copia del file YAML inviata a ../results/tuned_2d_LR/rsut/yaml_files
