2026-04-23 12:51:25 | ectuner |     INFO -> Loading 2D Data (Sensitivity, Reference, Base)...
   > Loading reference for net_toa from: climate_average_net_toa_CERES EBAF_r180x90_2000-2024.nc
   > Loading reference for rsnt from: climate_average_rsnt_CERES EBAF_r180x90_2000-2024.nc
--- Loading cached base maps for phis ---
2026-04-23 12:51:26 | ectuner |     INFO -> Generating spatial weights (Area * Region)...
2026-04-23 12:51:26 | ectuner |     INFO -> Variable net_toa: Initial Spatial RMSE (Weighted) = 11.3965
2026-04-23 12:51:26 | ectuner |     INFO -> Variable rsnt: Initial Spatial RMSE (Weighted) = 10.4479
2026-04-23 12:51:26 | ectuner |     INFO -> Flattening data for fast optimization...
2026-04-23 12:51:26 | ectuner |     INFO -> DEBUG: Global Bias for net_toa in optimizer: 5.6259
2026-04-23 12:51:26 | ectuner |     INFO -> DEBUG: Global Bias for rsnt in optimizer: -1.3053
2026-04-23 12:51:26 | ectuner |     INFO -> Starting 2D Optimization (dual_annealing)...
2026-04-23 12:54:17 | ectuner |     INFO -> 
==================== GLOBAL MEAN & ZONAL SUMMARY FROM 2D OPTIMIZATION ====================
2026-04-23 12:54:17 | ectuner |     INFO -> Variable     | Metric       |            Initial ->              Final | Status
2026-04-23 12:54:17 | ectuner |     INFO -> ------------------------------------------------------------------------------------------
2026-04-23 12:54:17 | ectuner |     INFO -> net_toa      | Global Bias |             5.6259 ->             2.2015 | IMPROVED
2026-04-23 12:54:17 | ectuner |     INFO ->              | Spatial RMSE  |            11.3965 ->             9.2885 | IMPROVED
2026-04-23 12:54:17 | ectuner |     INFO -> ------------------------------------------------------------------------------------------
2026-04-23 12:54:17 | ectuner |     INFO -> rsnt         | Global Bias |            -1.3053 ->            -0.0015 | IMPROVED
2026-04-23 12:54:17 | ectuner |     INFO ->              | Spatial RMSE  |            10.4479 ->            10.4669 | WORSENED
2026-04-23 12:54:17 | ectuner |     INFO -> ------------------------------------------------------------------------------------------
2026-04-23 12:54:17 | ectuner |     INFO -> Structured tuning YAML written to ../results/tuned_2d_LR/rsut/alfa_010/tuned_phis_a010.yml

| Parameter         |   New Value |   Old Value |      Change |   Rel. Change |   Dist. from Ref. |
|-------------------+-------------+-------------+-------------+---------------+-------------------|
| RPRCON            |  1.1298e-03 |  1.4000e-03 | -2.7022e-04 |   -1.9302e-01 |       -1.9302e-01 |
| ENTRORG           |  1.4270e-03 |  1.7500e-03 | -3.2296e-04 |   -1.8455e-01 |       -1.8455e-01 |
| DETRPEN           |  1.1088e-04 |  7.5000e-05 |  3.5879e-05 |    4.7838e-01 |        4.7838e-01 |
| ENTRDD            |  2.2854e-04 |  3.0000e-04 | -7.1464e-05 |   -2.3821e-01 |       -2.3821e-01 |
| RMFDEPS           |  3.8939e-01 |  3.0000e-01 |  8.9394e-02 |    2.9798e-01 |        2.9798e-01 |
| RVICE             |  2.0798e-01 |  1.3000e-01 |  7.7978e-02 |    5.9983e-01 |        5.9983e-01 |
| RLCRITSNOW        |  8.1646e-06 |  2.0000e-05 | -1.1835e-05 |   -5.9177e-01 |       -5.9177e-01 |
| RSNOWLIN2         |  1.2001e-02 |  3.0000e-02 | -1.7999e-02 |   -5.9997e-01 |       -5.9997e-01 |
| RCLDIFF           |  2.8008e-06 |  6.0000e-06 | -3.1992e-06 |   -5.3320e-01 |       -5.3320e-01 |
| RCLDIFF_CONVI     |  8.9711e+00 |  1.0000e+01 | -1.0289e+00 |   -1.0289e-01 |       -1.0289e-01 |
| RDEPLIQREFRATE    |  6.7944e-01 |  5.0000e-01 |  1.7944e-01 |    3.5889e-01 |        3.5889e-01 |
| RDEPLIQREFDEPTH   |  4.5079e+02 |  5.0000e+02 | -4.9213e+01 |   -9.8426e-02 |       -9.8426e-02 |
| RCL_OVERLAPLIQICE |  2.6031e-01 |  6.5000e-01 | -3.8969e-01 |   -5.9952e-01 |       -5.9952e-01 |
| RCL_INHOMOGAUT    |  1.2297e+00 |  1.5000e+00 | -2.7034e-01 |   -1.8023e-01 |       -1.8023e-01 |
| RCL_INHOMOGACC    |  2.8582e+00 |  3.0000e+00 | -1.4177e-01 |   -4.7256e-02 |       -4.7256e-02 |
| RMINICE           |  6.7841e+01 |  6.0000e+01 |  7.8411e+00 |    1.3068e-01 |        1.3068e-01 |
2026-04-23 12:54:17 | ectuner |     INFO -> Diagnostic maps saved to ../results/tuned_2d_LR/rsut/alfa_010/diagnostics_2d_phis_Global_a01.nc
Copia del file YAML inviata a ../results/tuned_2d_LR/rsut/yaml_files
