2026-04-23 12:51:26 | ectuner |     INFO -> Loading 2D Data (Sensitivity, Reference, Base)...
   > Loading reference for net_toa from: climate_average_net_toa_CERES EBAF_r180x90_2000-2024.nc
   > Loading reference for rsnt from: climate_average_rsnt_CERES EBAF_r180x90_2000-2024.nc
--- Loading cached base maps for phis ---
2026-04-23 12:51:27 | ectuner |     INFO -> Generating spatial weights (Area * Region)...
2026-04-23 12:51:27 | ectuner |     INFO -> Variable net_toa: Initial Spatial RMSE (Weighted) = 11.3965
2026-04-23 12:51:27 | ectuner |     INFO -> Variable rsnt: Initial Spatial RMSE (Weighted) = 10.4479
2026-04-23 12:51:27 | ectuner |     INFO -> Flattening data for fast optimization...
2026-04-23 12:51:27 | ectuner |     INFO -> DEBUG: Global Bias for net_toa in optimizer: 5.6259
2026-04-23 12:51:27 | ectuner |     INFO -> DEBUG: Global Bias for rsnt in optimizer: -1.3053
2026-04-23 12:51:27 | ectuner |     INFO -> Starting 2D Optimization (dual_annealing)...
2026-04-23 12:54:12 | ectuner |     INFO -> 
==================== GLOBAL MEAN & ZONAL SUMMARY FROM 2D OPTIMIZATION ====================
2026-04-23 12:54:12 | ectuner |     INFO -> Variable     | Metric       |            Initial ->              Final | Status
2026-04-23 12:54:12 | ectuner |     INFO -> ------------------------------------------------------------------------------------------
2026-04-23 12:54:12 | ectuner |     INFO -> net_toa      | Global Bias |             5.6259 ->             2.1205 | IMPROVED
2026-04-23 12:54:12 | ectuner |     INFO ->              | Spatial RMSE  |            11.3965 ->             9.3063 | IMPROVED
2026-04-23 12:54:12 | ectuner |     INFO -> ------------------------------------------------------------------------------------------
2026-04-23 12:54:12 | ectuner |     INFO -> rsnt         | Global Bias |            -1.3053 ->             0.0000 | IMPROVED
2026-04-23 12:54:12 | ectuner |     INFO ->              | Spatial RMSE  |            10.4479 ->            10.5250 | WORSENED
2026-04-23 12:54:12 | ectuner |     INFO -> ------------------------------------------------------------------------------------------
2026-04-23 12:54:12 | ectuner |     INFO -> Structured tuning YAML written to ../results/tuned_2d_LR/rsut/alfa_015/tuned_phis_a015.yml

| Parameter         |   New Value |   Old Value |      Change |   Rel. Change |   Dist. from Ref. |
|-------------------+-------------+-------------+-------------+---------------+-------------------|
| RPRCON            |  1.1030e-03 |  1.4000e-03 | -2.9704e-04 |   -2.1217e-01 |       -2.1217e-01 |
| ENTRORG           |  1.6798e-03 |  1.7500e-03 | -7.0223e-05 |   -4.0128e-02 |       -4.0128e-02 |
| DETRPEN           |  1.0389e-04 |  7.5000e-05 |  2.8892e-05 |    3.8523e-01 |        3.8523e-01 |
| ENTRDD            |  2.3933e-04 |  3.0000e-04 | -6.0668e-05 |   -2.0223e-01 |       -2.0223e-01 |
| RMFDEPS           |  4.3033e-01 |  3.0000e-01 |  1.3033e-01 |    4.3443e-01 |        4.3443e-01 |
| RVICE             |  2.0277e-01 |  1.3000e-01 |  7.2767e-02 |    5.5975e-01 |        5.5975e-01 |
| RLCRITSNOW        |  8.0000e-06 |  2.0000e-05 | -1.2000e-05 |   -6.0000e-01 |       -6.0000e-01 |
| RSNOWLIN2         |  1.6836e-02 |  3.0000e-02 | -1.3164e-02 |   -4.3880e-01 |       -4.3880e-01 |
| RCLDIFF           |  2.4000e-06 |  6.0000e-06 | -3.6000e-06 |   -6.0000e-01 |       -6.0000e-01 |
| RCLDIFF_CONVI     |  7.9123e+00 |  1.0000e+01 | -2.0877e+00 |   -2.0877e-01 |       -2.0877e-01 |
| RDEPLIQREFRATE    |  6.7437e-01 |  5.0000e-01 |  1.7437e-01 |    3.4873e-01 |        3.4873e-01 |
| RDEPLIQREFDEPTH   |  4.4625e+02 |  5.0000e+02 | -5.3746e+01 |   -1.0749e-01 |       -1.0749e-01 |
| RCL_OVERLAPLIQICE |  2.6037e-01 |  6.5000e-01 | -3.8963e-01 |   -5.9943e-01 |       -5.9943e-01 |
| RCL_INHOMOGAUT    |  9.7716e-01 |  1.5000e+00 | -5.2284e-01 |   -3.4856e-01 |       -3.4856e-01 |
| RCL_INHOMOGACC    |  3.5128e+00 |  3.0000e+00 |  5.1280e-01 |    1.7093e-01 |        1.7093e-01 |
| RMINICE           |  7.9487e+01 |  6.0000e+01 |  1.9487e+01 |    3.2478e-01 |        3.2478e-01 |
2026-04-23 12:54:12 | ectuner |     INFO -> Diagnostic maps saved to ../results/tuned_2d_LR/rsut/alfa_015/diagnostics_2d_phis_Global_a015.nc
Copia del file YAML inviata a ../results/tuned_2d_LR/rsut/yaml_files
