2026-04-23 12:51:27 | ectuner |     INFO -> Loading 2D Data (Sensitivity, Reference, Base)...
   > Loading reference for net_toa from: climate_average_net_toa_CERES EBAF_r180x90_2000-2024.nc
   > Loading reference for rsnt from: climate_average_rsnt_CERES EBAF_r180x90_2000-2024.nc
--- Loading cached base maps for phis ---
2026-04-23 12:51:30 | ectuner |     INFO -> Generating spatial weights (Area * Region)...
2026-04-23 12:51:30 | ectuner |     INFO -> Variable net_toa: Initial Spatial RMSE (Weighted) = 11.3965
2026-04-23 12:51:30 | ectuner |     INFO -> Variable rsnt: Initial Spatial RMSE (Weighted) = 10.4479
2026-04-23 12:51:30 | ectuner |     INFO -> Flattening data for fast optimization...
2026-04-23 12:51:30 | ectuner |     INFO -> DEBUG: Global Bias for net_toa in optimizer: 5.6259
2026-04-23 12:51:30 | ectuner |     INFO -> DEBUG: Global Bias for rsnt in optimizer: -1.3053
2026-04-23 12:51:30 | ectuner |     INFO -> Starting 2D Optimization (dual_annealing)...
2026-04-23 12:53:51 | ectuner |     INFO -> 
==================== GLOBAL MEAN & ZONAL SUMMARY FROM 2D OPTIMIZATION ====================
2026-04-23 12:53:51 | ectuner |     INFO -> Variable     | Metric       |            Initial ->              Final | Status
2026-04-23 12:53:51 | ectuner |     INFO -> ------------------------------------------------------------------------------------------
2026-04-23 12:53:51 | ectuner |     INFO -> net_toa      | Global Bias |             5.6259 ->             2.1556 | IMPROVED
2026-04-23 12:53:51 | ectuner |     INFO ->              | Spatial RMSE  |            11.3965 ->             9.2726 | IMPROVED
2026-04-23 12:53:51 | ectuner |     INFO -> ------------------------------------------------------------------------------------------
2026-04-23 12:53:51 | ectuner |     INFO -> rsnt         | Global Bias |            -1.3053 ->             0.0000 | IMPROVED
2026-04-23 12:53:51 | ectuner |     INFO ->              | Spatial RMSE  |            10.4479 ->            10.4837 | WORSENED
2026-04-23 12:53:51 | ectuner |     INFO -> ------------------------------------------------------------------------------------------
2026-04-23 12:53:51 | ectuner |     INFO -> Structured tuning YAML written to ../results/tuned_2d_LR/rsut/alfa_012/tuned_phis_a012.yml

| Parameter         |   New Value |   Old Value |      Change |   Rel. Change |   Dist. from Ref. |
|-------------------+-------------+-------------+-------------+---------------+-------------------|
| RPRCON            |  1.1178e-03 |  1.4000e-03 | -2.8221e-04 |   -2.0158e-01 |       -2.0158e-01 |
| ENTRORG           |  1.4627e-03 |  1.7500e-03 | -2.8734e-04 |   -1.6419e-01 |       -1.6419e-01 |
| DETRPEN           |  1.0791e-04 |  7.5000e-05 |  3.2906e-05 |    4.3875e-01 |        4.3875e-01 |
| ENTRDD            |  2.4181e-04 |  3.0000e-04 | -5.8186e-05 |   -1.9395e-01 |       -1.9395e-01 |
| RMFDEPS           |  4.0946e-01 |  3.0000e-01 |  1.0946e-01 |    3.6485e-01 |        3.6485e-01 |
| RVICE             |  2.0699e-01 |  1.3000e-01 |  7.6995e-02 |    5.9227e-01 |        5.9227e-01 |
| RLCRITSNOW        |  8.0000e-06 |  2.0000e-05 | -1.2000e-05 |   -6.0000e-01 |       -6.0000e-01 |
| RSNOWLIN2         |  1.3000e-02 |  3.0000e-02 | -1.7000e-02 |   -5.6667e-01 |       -5.6667e-01 |
| RCLDIFF           |  2.5423e-06 |  6.0000e-06 | -3.4577e-06 |   -5.7629e-01 |       -5.7629e-01 |
| RCLDIFF_CONVI     |  8.8224e+00 |  1.0000e+01 | -1.1776e+00 |   -1.1776e-01 |       -1.1776e-01 |
| RDEPLIQREFRATE    |  6.7474e-01 |  5.0000e-01 |  1.7474e-01 |    3.4948e-01 |        3.4948e-01 |
| RDEPLIQREFDEPTH   |  4.4921e+02 |  5.0000e+02 | -5.0787e+01 |   -1.0157e-01 |       -1.0157e-01 |
| RCL_OVERLAPLIQICE |  2.6030e-01 |  6.5000e-01 | -3.8970e-01 |   -5.9954e-01 |       -5.9954e-01 |
| RCL_INHOMOGAUT    |  1.1907e+00 |  1.5000e+00 | -3.0933e-01 |   -2.0622e-01 |       -2.0622e-01 |
| RCL_INHOMOGACC    |  2.9646e+00 |  3.0000e+00 | -3.5367e-02 |   -1.1789e-02 |       -1.1789e-02 |
| RMINICE           |  7.1392e+01 |  6.0000e+01 |  1.1392e+01 |    1.8987e-01 |        1.8987e-01 |
2026-04-23 12:53:51 | ectuner |     INFO -> Diagnostic maps saved to ../results/tuned_2d_LR/rsut/alfa_012/diagnostics_2d_phis_Global_a012.nc
Copia del file YAML inviata a ../results/tuned_2d_LR/rsut/yaml_files
