2026-04-27 09:28:38 | ectuner |     INFO -> Loading 2D Data (Sensitivity, Reference, Base)...
   > Loading reference for net_toa from: climate_average_net_toa_CERES EBAF_r180x90_2000-2024.nc
   > Loading reference for rlnt from: climate_average_rlnt_CERES EBAF_r180x90_2000-2024.nc
   > Flipping sign for rlnt (Obs is UP, Model is DOWN)
   > Loading reference for rsnt from: climate_average_rsnt_CERES EBAF_r180x90_2000-2024.nc
--- Loading cached base maps for phis ---
2026-04-27 09:28:39 | ectuner |     INFO -> Generating spatial weights (Area * Region)...
2026-04-27 09:28:39 | ectuner |     INFO -> Variable net_toa: Initial Spatial RMSE (Weighted) = 11.3965
2026-04-27 09:28:39 | ectuner |     INFO -> Variable rlnt: Initial Spatial RMSE (Weighted) = 11.5226
2026-04-27 09:28:39 | ectuner |     INFO -> Variable rsnt: Initial Spatial RMSE (Weighted) = 10.4479
2026-04-27 09:28:39 | ectuner |     INFO -> Flattening data for fast optimization...
2026-04-27 09:28:39 | ectuner |     INFO -> DEBUG: Global Bias for net_toa in optimizer: 5.6259
2026-04-27 09:28:39 | ectuner |     INFO -> DEBUG: Global Bias for rlnt in optimizer: 6.9311
2026-04-27 09:28:39 | ectuner |     INFO -> DEBUG: Global Bias for rsnt in optimizer: -1.3053
2026-04-27 09:28:39 | ectuner |     INFO -> Starting 2D Optimization (dual_annealing)...
2026-04-27 09:31:16 | ectuner |     INFO -> 
==================== GLOBAL MEAN & ZONAL SUMMARY FROM 2D OPTIMIZATION ====================
2026-04-27 09:31:16 | ectuner |     INFO -> Variable     | Metric       |            Initial ->              Final | Status
2026-04-27 09:31:16 | ectuner |     INFO -> ------------------------------------------------------------------------------------------
2026-04-27 09:31:16 | ectuner |     INFO -> net_toa      | Global Bias |             5.6259 ->             0.6755 | IMPROVED
2026-04-27 09:31:16 | ectuner |     INFO ->              | Spatial RMSE  |            11.3965 ->             9.5592 | IMPROVED
2026-04-27 09:31:16 | ectuner |     INFO -> ------------------------------------------------------------------------------------------
2026-04-27 09:31:16 | ectuner |     INFO -> rlnt         | Global Bias |             6.9311 ->             0.6755 | IMPROVED
2026-04-27 09:31:16 | ectuner |     INFO ->              | Spatial RMSE  |            11.5226 ->             8.7824 | IMPROVED
2026-04-27 09:31:16 | ectuner |     INFO -> ------------------------------------------------------------------------------------------
2026-04-27 09:31:16 | ectuner |     INFO -> rsnt         | Global Bias |            -1.3053 ->            -0.0000 | IMPROVED
2026-04-27 09:31:16 | ectuner |     INFO ->              | Spatial RMSE  |            10.4479 ->            10.8379 | WORSENED
2026-04-27 09:31:16 | ectuner |     INFO -> ------------------------------------------------------------------------------------------
2026-04-27 09:31:16 | ectuner |     INFO -> Structured tuning YAML written to ../results/tuned_2d_LR/ntoa_rsnt_rlnt/tol_alfa_030/tuned_phis_a030.yml

| Parameter         |   New Value |   Old Value |      Change |   Rel. Change |   Dist. from Ref. |
|-------------------+-------------+-------------+-------------+---------------+-------------------|
| RPRCON            |  1.2501e-03 |  1.4000e-03 | -1.4992e-04 |   -1.0708e-01 |       -1.0708e-01 |
| ENTRORG           |  1.5176e-03 |  1.7500e-03 | -2.3242e-04 |   -1.3281e-01 |       -1.3281e-01 |
| DETRPEN           |  1.0959e-04 |  7.5000e-05 |  3.4592e-05 |    4.6123e-01 |        4.6123e-01 |
| ENTRDD            |  1.8650e-04 |  3.0000e-04 | -1.1350e-04 |   -3.7832e-01 |       -3.7832e-01 |
| RMFDEPS           |  4.2927e-01 |  3.0000e-01 |  1.2927e-01 |    4.3089e-01 |        4.3089e-01 |
| RVICE             |  2.0789e-01 |  1.3000e-01 |  7.7886e-02 |    5.9913e-01 |        5.9913e-01 |
| RLCRITSNOW        |  8.3957e-06 |  2.0000e-05 | -1.1604e-05 |   -5.8022e-01 |       -5.8022e-01 |
| RSNOWLIN2         |  1.5456e-02 |  3.0000e-02 | -1.4544e-02 |   -4.8482e-01 |       -4.8482e-01 |
| RCLDIFF           |  4.1939e-06 |  6.0000e-06 | -1.8061e-06 |   -3.0102e-01 |       -3.0102e-01 |
| RCLDIFF_CONVI     |  9.5294e+00 |  1.0000e+01 | -4.7055e-01 |   -4.7055e-02 |       -4.7055e-02 |
| RDEPLIQREFRATE    |  6.5198e-01 |  5.0000e-01 |  1.5198e-01 |    3.0396e-01 |        3.0396e-01 |
| RDEPLIQREFDEPTH   |  4.8735e+02 |  5.0000e+02 | -1.2647e+01 |   -2.5295e-02 |       -2.5295e-02 |
| RCL_OVERLAPLIQICE |  5.0502e-01 |  6.5000e-01 | -1.4498e-01 |   -2.2305e-01 |       -2.2305e-01 |
| RCL_INHOMOGAUT    |  1.4960e+00 |  1.5000e+00 | -4.0026e-03 |   -2.6684e-03 |       -2.6684e-03 |
| RCL_INHOMOGACC    |  2.0423e+00 |  3.0000e+00 | -9.5774e-01 |   -3.1925e-01 |       -3.1925e-01 |
| RMINICE           |  8.7603e+01 |  6.0000e+01 |  2.7603e+01 |    4.6005e-01 |        4.6005e-01 |
2026-04-27 09:31:16 | ectuner |     INFO -> Diagnostic maps saved to ../results/tuned_2d_LR/ntoa_rsnt_rlnt/tol_alfa_030/diagnostics_2d_phis_Global_a03.nc
Copia del file YAML inviata a ../results/tuned_2d_LR/ntoa_rsnt_rlnt/tol_yaml_files
