2026-04-27 09:28:37 | ectuner |     INFO -> Loading 2D Data (Sensitivity, Reference, Base)...
   > Loading reference for net_toa from: climate_average_net_toa_CERES EBAF_r180x90_2000-2024.nc
   > Loading reference for rlnt from: climate_average_rlnt_CERES EBAF_r180x90_2000-2024.nc
   > Flipping sign for rlnt (Obs is UP, Model is DOWN)
   > Loading reference for rsnt from: climate_average_rsnt_CERES EBAF_r180x90_2000-2024.nc
--- Loading cached base maps for phis ---
2026-04-27 09:28:38 | ectuner |     INFO -> Generating spatial weights (Area * Region)...
2026-04-27 09:28:38 | ectuner |     INFO -> Variable net_toa: Initial Spatial RMSE (Weighted) = 11.3965
2026-04-27 09:28:38 | ectuner |     INFO -> Variable rlnt: Initial Spatial RMSE (Weighted) = 11.5226
2026-04-27 09:28:38 | ectuner |     INFO -> Variable rsnt: Initial Spatial RMSE (Weighted) = 10.4479
2026-04-27 09:28:38 | ectuner |     INFO -> Flattening data for fast optimization...
2026-04-27 09:28:38 | ectuner |     INFO -> DEBUG: Global Bias for net_toa in optimizer: 5.6259
2026-04-27 09:28:39 | ectuner |     INFO -> DEBUG: Global Bias for rlnt in optimizer: 6.9311
2026-04-27 09:28:39 | ectuner |     INFO -> DEBUG: Global Bias for rsnt in optimizer: -1.3053
2026-04-27 09:28:39 | ectuner |     INFO -> Starting 2D Optimization (dual_annealing)...
2026-04-27 09:30:27 | ectuner |     INFO -> 
==================== GLOBAL MEAN & ZONAL SUMMARY FROM 2D OPTIMIZATION ====================
2026-04-27 09:30:27 | ectuner |     INFO -> Variable     | Metric       |            Initial ->              Final | Status
2026-04-27 09:30:27 | ectuner |     INFO -> ------------------------------------------------------------------------------------------
2026-04-27 09:30:27 | ectuner |     INFO -> net_toa      | Global Bias |             5.6259 ->            -0.0007 | IMPROVED
2026-04-27 09:30:27 | ectuner |     INFO ->              | Spatial RMSE  |            11.3965 ->            11.1695 | IMPROVED
2026-04-27 09:30:27 | ectuner |     INFO -> ------------------------------------------------------------------------------------------
2026-04-27 09:30:27 | ectuner |     INFO -> rlnt         | Global Bias |             6.9311 ->            -0.0001 | IMPROVED
2026-04-27 09:30:27 | ectuner |     INFO ->              | Spatial RMSE  |            11.5226 ->            11.0164 | IMPROVED
2026-04-27 09:30:27 | ectuner |     INFO -> ------------------------------------------------------------------------------------------
2026-04-27 09:30:27 | ectuner |     INFO -> rsnt         | Global Bias |            -1.3053 ->            -0.0006 | IMPROVED
2026-04-27 09:30:27 | ectuner |     INFO ->              | Spatial RMSE  |            10.4479 ->            11.5546 | WORSENED
2026-04-27 09:30:27 | ectuner |     INFO -> ------------------------------------------------------------------------------------------
2026-04-27 09:30:27 | ectuner |     INFO -> Structured tuning YAML written to ../results/tuned_2d_LR/ntoa_rsnt_rlnt/tol_alfa_070/tuned_phis_a070.yml

| Parameter         |   New Value |   Old Value |      Change |   Rel. Change |   Dist. from Ref. |
|-------------------+-------------+-------------+-------------+---------------+-------------------|
| RPRCON            |  1.9533e-03 |  1.4000e-03 |  5.5330e-04 |    3.9521e-01 |        3.9521e-01 |
| ENTRORG           |  2.5613e-03 |  1.7500e-03 |  8.1135e-04 |    4.6363e-01 |        4.6363e-01 |
| DETRPEN           |  1.0697e-04 |  7.5000e-05 |  3.1965e-05 |    4.2621e-01 |        4.2621e-01 |
| ENTRDD            |  2.1347e-04 |  3.0000e-04 | -8.6533e-05 |   -2.8844e-01 |       -2.8844e-01 |
| RMFDEPS           |  4.5266e-01 |  3.0000e-01 |  1.5266e-01 |    5.0887e-01 |        5.0887e-01 |
| RVICE             |  1.9251e-01 |  1.3000e-01 |  6.2515e-02 |    4.8088e-01 |        4.8088e-01 |
| RLCRITSNOW        |  1.1929e-05 |  2.0000e-05 | -8.0708e-06 |   -4.0354e-01 |       -4.0354e-01 |
| RSNOWLIN2         |  1.5076e-02 |  3.0000e-02 | -1.4924e-02 |   -4.9748e-01 |       -4.9748e-01 |
| RCLDIFF           |  8.0989e-06 |  6.0000e-06 |  2.0989e-06 |    3.4982e-01 |        3.4982e-01 |
| RCLDIFF_CONVI     |  4.1897e+00 |  1.0000e+01 | -5.8103e+00 |   -5.8103e-01 |       -5.8103e-01 |
| RDEPLIQREFRATE    |  5.2362e-01 |  5.0000e-01 |  2.3625e-02 |    4.7249e-02 |        4.7249e-02 |
| RDEPLIQREFDEPTH   |  5.9142e+02 |  5.0000e+02 |  9.1422e+01 |    1.8284e-01 |        1.8284e-01 |
| RCL_OVERLAPLIQICE |  4.3793e-01 |  6.5000e-01 | -2.1207e-01 |   -3.2626e-01 |       -3.2626e-01 |
| RCL_INHOMOGAUT    |  1.3510e+00 |  1.5000e+00 | -1.4899e-01 |   -9.9330e-02 |       -9.9330e-02 |
| RCL_INHOMOGACC    |  3.4083e+00 |  3.0000e+00 |  4.0834e-01 |    1.3611e-01 |        1.3611e-01 |
| RMINICE           |  4.0868e+01 |  6.0000e+01 | -1.9132e+01 |   -3.1887e-01 |       -3.1887e-01 |
2026-04-27 09:30:27 | ectuner |     INFO -> Diagnostic maps saved to ../results/tuned_2d_LR/ntoa_rsnt_rlnt/tol_alfa_070/diagnostics_2d_phis_Global_a07.nc
Copia del file YAML inviata a ../results/tuned_2d_LR/ntoa_rsnt_rlnt/tol_yaml_files
