2026-04-27 09:28:35 | ectuner |     INFO -> Loading 2D Data (Sensitivity, Reference, Base)...
   > Loading reference for net_toa from: climate_average_net_toa_CERES EBAF_r180x90_2000-2024.nc
   > Loading reference for rlnt from: climate_average_rlnt_CERES EBAF_r180x90_2000-2024.nc
   > Flipping sign for rlnt (Obs is UP, Model is DOWN)
   > Loading reference for rsnt from: climate_average_rsnt_CERES EBAF_r180x90_2000-2024.nc
--- Loading cached base maps for phis ---
2026-04-27 09:28:36 | ectuner |     INFO -> Generating spatial weights (Area * Region)...
2026-04-27 09:28:36 | ectuner |     INFO -> Variable net_toa: Initial Spatial RMSE (Weighted) = 11.3965
2026-04-27 09:28:36 | ectuner |     INFO -> Variable rlnt: Initial Spatial RMSE (Weighted) = 11.5226
2026-04-27 09:28:36 | ectuner |     INFO -> Variable rsnt: Initial Spatial RMSE (Weighted) = 10.4479
2026-04-27 09:28:36 | ectuner |     INFO -> Flattening data for fast optimization...
2026-04-27 09:28:36 | ectuner |     INFO -> DEBUG: Global Bias for net_toa in optimizer: 5.6259
2026-04-27 09:28:36 | ectuner |     INFO -> DEBUG: Global Bias for rlnt in optimizer: 6.9311
2026-04-27 09:28:36 | ectuner |     INFO -> DEBUG: Global Bias for rsnt in optimizer: -1.3053
2026-04-27 09:28:36 | ectuner |     INFO -> Starting 2D Optimization (dual_annealing)...
2026-04-27 09:31:41 | ectuner |     INFO -> 
==================== GLOBAL MEAN & ZONAL SUMMARY FROM 2D OPTIMIZATION ====================
2026-04-27 09:31:41 | ectuner |     INFO -> Variable     | Metric       |            Initial ->              Final | Status
2026-04-27 09:31:41 | ectuner |     INFO -> ------------------------------------------------------------------------------------------
2026-04-27 09:31:41 | ectuner |     INFO -> net_toa      | Global Bias |             5.6259 ->             1.4826 | IMPROVED
2026-04-27 09:31:41 | ectuner |     INFO ->              | Spatial RMSE  |            11.3965 ->             9.4057 | IMPROVED
2026-04-27 09:31:41 | ectuner |     INFO -> ------------------------------------------------------------------------------------------
2026-04-27 09:31:41 | ectuner |     INFO -> rlnt         | Global Bias |             6.9311 ->             1.4826 | IMPROVED
2026-04-27 09:31:41 | ectuner |     INFO ->              | Spatial RMSE  |            11.5226 ->             8.6577 | IMPROVED
2026-04-27 09:31:41 | ectuner |     INFO -> ------------------------------------------------------------------------------------------
2026-04-27 09:31:42 | ectuner |     INFO -> rsnt         | Global Bias |            -1.3053 ->            -0.0000 | IMPROVED
2026-04-27 09:31:42 | ectuner |     INFO ->              | Spatial RMSE  |            10.4479 ->            10.5969 | WORSENED
2026-04-27 09:31:42 | ectuner |     INFO -> ------------------------------------------------------------------------------------------
2026-04-27 09:31:42 | ectuner |     INFO -> Structured tuning YAML written to ../results/tuned_2d_LR/ntoa_rsnt_rlnt/tol_alfa_020/tuned_phis_a020.yml

| Parameter         |   New Value |   Old Value |      Change |   Rel. Change |   Dist. from Ref. |
|-------------------+-------------+-------------+-------------+---------------+-------------------|
| RPRCON            |  1.1864e-03 |  1.4000e-03 | -2.1358e-04 |   -1.5256e-01 |       -1.5256e-01 |
| ENTRORG           |  1.4496e-03 |  1.7500e-03 | -3.0040e-04 |   -1.7166e-01 |       -1.7166e-01 |
| DETRPEN           |  1.1828e-04 |  7.5000e-05 |  4.3279e-05 |    5.7705e-01 |        5.7705e-01 |
| ENTRDD            |  1.7946e-04 |  3.0000e-04 | -1.2054e-04 |   -4.0179e-01 |       -4.0179e-01 |
| RMFDEPS           |  3.8938e-01 |  3.0000e-01 |  8.9383e-02 |    2.9794e-01 |        2.9794e-01 |
| RVICE             |  2.0793e-01 |  1.3000e-01 |  7.7926e-02 |    5.9943e-01 |        5.9943e-01 |
| RLCRITSNOW        |  1.0552e-05 |  2.0000e-05 | -9.4484e-06 |   -4.7242e-01 |       -4.7242e-01 |
| RSNOWLIN2         |  1.7477e-02 |  3.0000e-02 | -1.2523e-02 |   -4.1743e-01 |       -4.1743e-01 |
| RCLDIFF           |  3.2500e-06 |  6.0000e-06 | -2.7500e-06 |   -4.5833e-01 |       -4.5833e-01 |
| RCLDIFF_CONVI     |  8.6208e+00 |  1.0000e+01 | -1.3792e+00 |   -1.3792e-01 |       -1.3792e-01 |
| RDEPLIQREFRATE    |  7.1360e-01 |  5.0000e-01 |  2.1360e-01 |    4.2719e-01 |        4.2719e-01 |
| RDEPLIQREFDEPTH   |  4.9092e+02 |  5.0000e+02 | -9.0808e+00 |   -1.8162e-02 |       -1.8162e-02 |
| RCL_OVERLAPLIQICE |  4.7621e-01 |  6.5000e-01 | -1.7379e-01 |   -2.6737e-01 |       -2.6737e-01 |
| RCL_INHOMOGAUT    |  1.0254e+00 |  1.5000e+00 | -4.7463e-01 |   -3.1642e-01 |       -3.1642e-01 |
| RCL_INHOMOGACC    |  2.5027e+00 |  3.0000e+00 | -4.9730e-01 |   -1.6577e-01 |       -1.6577e-01 |
| RMINICE           |  8.8895e+01 |  6.0000e+01 |  2.8895e+01 |    4.8158e-01 |        4.8158e-01 |
2026-04-27 09:31:42 | ectuner |     INFO -> Diagnostic maps saved to ../results/tuned_2d_LR/ntoa_rsnt_rlnt/tol_alfa_020/diagnostics_2d_phis_Global_a02.nc
Copia del file YAML inviata a ../results/tuned_2d_LR/ntoa_rsnt_rlnt/tol_yaml_files
