2026-04-15 10:48:02 | ectuner |     INFO -> Loading 2D Data (Sensitivity, Reference, Base)...
   > Loading reference for net_toa from: climate_average_net_toa_CERES EBAF_r180x90_2000-2024.nc
--- Loading cached base maps for phis ---
2026-04-15 10:48:03 | ectuner |     INFO -> Generating spatial weights (Area * Region)...
2026-04-15 10:48:03 | ectuner |     INFO -> Variable net_toa: Initial Spatial RMSE (Weighted) = 11.3965
2026-04-15 10:48:03 | ectuner |     INFO -> Flattening data for fast optimization...
2026-04-15 10:48:04 | ectuner |     INFO -> DEBUG: Global Bias for net_toa in optimizer: 5.6259
2026-04-15 10:48:04 | ectuner |     INFO -> Starting 2D Optimization (dual_annealing)...
2026-04-15 10:48:39 | ectuner |     INFO -> 
==================== GLOBAL MEAN & ZONAL SUMMARY FROM 2D OPTIMIZATION ====================
2026-04-15 10:48:39 | ectuner |     INFO -> Variable     | Metric       |            Initial ->              Final | Status
2026-04-15 10:48:39 | ectuner |     INFO -> ------------------------------------------------------------------------------------------
2026-04-15 10:48:39 | ectuner |     INFO -> net_toa      | Global Bias |             5.6259 ->             1.4919 | IMPROVED
2026-04-15 10:48:39 | ectuner |     INFO ->              | Spatial RMSE  |            11.3965 ->             9.0812 | IMPROVED
2026-04-15 10:48:39 | ectuner |     INFO -> ------------------------------------------------------------------------------------------
2026-04-15 10:48:39 | ectuner |     INFO -> Structured tuning YAML written to ../results/tuned_2d_LR/net_TOA/alfa_01/tuned_phis_2000_2017_2D_a01.yml

| Parameter         |   New Value |   Old Value |      Change |   Rel. Change |   Dist. from Ref. |
|-------------------+-------------+-------------+-------------+---------------+-------------------|
| RPRCON            |  5.6000e-04 |  1.4000e-03 | -8.4000e-04 |   -6.0000e-01 |       -6.0000e-01 |
| ENTRORG           |  1.4522e-03 |  1.7500e-03 | -2.9775e-04 |   -1.7014e-01 |       -1.7014e-01 |
| DETRPEN           |  1.0369e-04 |  7.5000e-05 |  2.8685e-05 |    3.8247e-01 |        3.8247e-01 |
| ENTRDD            |  1.7390e-04 |  3.0000e-04 | -1.2610e-04 |   -4.2032e-01 |       -4.2032e-01 |
| RMFDEPS           |  4.7736e-01 |  3.0000e-01 |  1.7736e-01 |    5.9120e-01 |        5.9120e-01 |
| RVICE             |  2.0800e-01 |  1.3000e-01 |  7.8000e-02 |    6.0000e-01 |        6.0000e-01 |
| RLCRITSNOW        |  8.0000e-06 |  2.0000e-05 | -1.2000e-05 |   -6.0000e-01 |       -6.0000e-01 |
| RSNOWLIN2         |  1.2211e-02 |  3.0000e-02 | -1.7789e-02 |   -5.9296e-01 |       -5.9296e-01 |
| RCLDIFF           |  3.0918e-06 |  6.0000e-06 | -2.9082e-06 |   -4.8470e-01 |       -4.8470e-01 |
| RCLDIFF_CONVI     |  7.6575e+00 |  1.0000e+01 | -2.3425e+00 |   -2.3425e-01 |       -2.3425e-01 |
| RDEPLIQREFRATE    |  5.8286e-01 |  5.0000e-01 |  8.2861e-02 |    1.6572e-01 |        1.6572e-01 |
| RDEPLIQREFDEPTH   |  4.5906e+02 |  5.0000e+02 | -4.0945e+01 |   -8.1889e-02 |       -8.1889e-02 |
| RCL_OVERLAPLIQICE |  2.6001e-01 |  6.5000e-01 | -3.8999e-01 |   -5.9999e-01 |       -5.9999e-01 |
| RCL_INHOMOGAUT    |  8.5403e-01 |  1.5000e+00 | -6.4597e-01 |   -4.3064e-01 |       -4.3064e-01 |
| RCL_INHOMOGACC    |  3.1303e+00 |  3.0000e+00 |  1.3033e-01 |    4.3443e-02 |        4.3443e-02 |
| RMINICE           |  8.7483e+01 |  6.0000e+01 |  2.7483e+01 |    4.5805e-01 |        4.5805e-01 |
2026-04-15 10:48:39 | ectuner |     INFO -> Diagnostic maps saved to /ec/res4/hpcperm/ecme3038/ecearth/ecearth4/ECtuner/mari/results/tuned_2d_LR/net_TOA/alfa_01/diagnostics_2d_phis_Global_a01.nc
