2026-04-29 14:20:17 | ectuner |     INFO -> Loading 2D Data (Sensitivity, Reference, Base)...
   > Loading reference for lwcf from: climate_average_lwcf_CERES EBAF_r180x90_2000-2024.nc
   > Loading reference for net_toa from: climate_average_net_toa_CERES EBAF_r180x90_2000-2024.nc
   > Loading reference for rlnt from: climate_average_rlnt_CERES EBAF_r180x90_2000-2024.nc
   > Flipping sign for rlnt (Obs is UP, Model is DOWN)
   > Loading reference for rsnt from: climate_average_rsnt_CERES EBAF_r180x90_2000-2024.nc
   > Loading reference for swcf from: climate_average_swcf_CERES EBAF_r180x90_2000-2024.nc
--- Loading cached base maps for phis ---
2026-04-29 14:20:18 | ectuner |     INFO -> Generating spatial weights (Area * Region)...
2026-04-29 14:20:18 | ectuner |     INFO -> Variable lwcf: Initial Spatial Squared Cost (L2) (Weighted) = 60.3479
2026-04-29 14:20:18 | ectuner |     INFO -> Variable net_toa: Initial Spatial Squared Cost (L2) (Weighted) = 129.8791
2026-04-29 14:20:18 | ectuner |     INFO -> Variable rlnt: Initial Spatial Squared Cost (L2) (Weighted) = 132.7713
2026-04-29 14:20:18 | ectuner |     INFO -> Variable rsnt: Initial Spatial Squared Cost (L2) (Weighted) = 109.1577
2026-04-29 14:20:18 | ectuner |     INFO -> Variable swcf: Initial Spatial Squared Cost (L2) (Weighted) = 122.7931
2026-04-29 14:20:18 | ectuner |     INFO -> Flattening data for fast optimization...
2026-04-29 14:20:18 | ectuner |     INFO -> DEBUG: Global Bias for lwcf in optimizer: -2.7092
2026-04-29 14:20:18 | ectuner |     INFO -> DEBUG: Global Bias for net_toa in optimizer: 5.6259
2026-04-29 14:20:18 | ectuner |     INFO -> DEBUG: Global Bias for rlnt in optimizer: 6.9311
2026-04-29 14:20:18 | ectuner |     INFO -> DEBUG: Global Bias for rsnt in optimizer: -1.3053
2026-04-29 14:20:18 | ectuner |     INFO -> DEBUG: Global Bias for swcf in optimizer: 0.5056
2026-04-29 14:20:18 | ectuner |     INFO -> Starting 2D Optimization (dual_annealing)...
2026-04-29 14:28:41 | ectuner |     INFO -> Optimization finished. Final Weighted Cost (L2): Spatial=473.1348, Global=58.9776
2026-04-29 14:28:41 | ectuner |     INFO -> 
============================== GLOBAL & SPATIAL COSTS (L2) ===============================
2026-04-29 14:28:41 | ectuner |     INFO -> Variable     | Metric           |            Initial ->              Final | Status
2026-04-29 14:28:41 | ectuner |     INFO -> ------------------------------------------------------------------------------------------
2026-04-29 14:28:41 | ectuner |     INFO -> lwcf         | Global Cost|             7.3396 ->            28.0094 | WORSENED
2026-04-29 14:28:41 | ectuner |     INFO ->              | Spatial Cost  |            60.3479 ->            65.5095 | WORSENED
2026-04-29 14:28:41 | ectuner |     INFO -> ------------------------------------------------------------------------------------------
2026-04-29 14:28:41 | ectuner |     INFO -> net_toa      | Global Cost|            31.6503 ->             8.8172 | IMPROVED
2026-04-29 14:28:41 | ectuner |     INFO ->              | Spatial Cost  |           129.8791 ->            97.6467 | IMPROVED
2026-04-29 14:28:41 | ectuner |     INFO -> ------------------------------------------------------------------------------------------
2026-04-29 14:28:41 | ectuner |     INFO -> rlnt         | Global Cost|            48.0406 ->            19.7669 | IMPROVED
2026-04-29 14:28:41 | ectuner |     INFO ->              | Spatial Cost  |           132.7713 ->            84.8421 | IMPROVED
2026-04-29 14:28:41 | ectuner |     INFO -> ------------------------------------------------------------------------------------------
2026-04-29 14:28:41 | ectuner |     INFO -> rsnt         | Global Cost|             1.7037 ->             2.1804 | WORSENED
2026-04-29 14:28:41 | ectuner |     INFO ->              | Spatial Cost  |           109.1577 ->           106.0955 | IMPROVED
2026-04-29 14:28:41 | ectuner |     INFO -> ------------------------------------------------------------------------------------------
2026-04-29 14:28:41 | ectuner |     INFO -> swcf         | Global Cost|             0.2556 ->             0.2037 | IMPROVED
2026-04-29 14:28:41 | ectuner |     INFO ->              | Spatial Cost  |           122.7931 ->           119.0411 | IMPROVED
2026-04-29 14:28:41 | ectuner |     INFO -> ------------------------------------------------------------------------------------------
2026-04-29 14:28:41 | ectuner |     INFO -> Structured tuning YAML written to ../results/tuned_2d_LR/l2/all_flux_tol/alfa_060/tuned_phis_l2_a060.yml

| Parameter         |   New Value |   Old Value |      Change |   Rel. Change |   Dist. from Ref. |
|-------------------+-------------+-------------+-------------+---------------+-------------------|
| RPRCON            |  1.5492e-03 |  1.4000e-03 |  1.4924e-04 |    1.0660e-01 |        1.0660e-01 |
| ENTRORG           |  1.5653e-03 |  1.7500e-03 | -1.8467e-04 |   -1.0552e-01 |       -1.0552e-01 |
| DETRPEN           |  1.1172e-04 |  7.5000e-05 |  3.6724e-05 |    4.8965e-01 |        4.8965e-01 |
| ENTRDD            |  2.4732e-04 |  3.0000e-04 | -5.2679e-05 |   -1.7560e-01 |       -1.7560e-01 |
| RMFDEPS           |  3.9529e-01 |  3.0000e-01 |  9.5288e-02 |    3.1763e-01 |        3.1763e-01 |
| RVICE             |  2.0794e-01 |  1.3000e-01 |  7.7941e-02 |    5.9954e-01 |        5.9954e-01 |
| RLCRITSNOW        |  1.7309e-05 |  2.0000e-05 | -2.6907e-06 |   -1.3454e-01 |       -1.3454e-01 |
| RSNOWLIN2         |  2.2932e-02 |  3.0000e-02 | -7.0683e-03 |   -2.3561e-01 |       -2.3561e-01 |
| RCLDIFF           |  2.4017e-06 |  6.0000e-06 | -3.5983e-06 |   -5.9972e-01 |       -5.9972e-01 |
| RCLDIFF_CONVI     |  8.2116e+00 |  1.0000e+01 | -1.7884e+00 |   -1.7884e-01 |       -1.7884e-01 |
| RDEPLIQREFRATE    |  7.1176e-01 |  5.0000e-01 |  2.1176e-01 |    4.2351e-01 |        4.2351e-01 |
| RDEPLIQREFDEPTH   |  4.7313e+02 |  5.0000e+02 | -2.6866e+01 |   -5.3732e-02 |       -5.3732e-02 |
| RCL_OVERLAPLIQICE |  5.1122e-01 |  6.5000e-01 | -1.3878e-01 |   -2.1351e-01 |       -2.1351e-01 |
| RCL_INHOMOGAUT    |  1.4764e+00 |  1.5000e+00 | -2.3569e-02 |   -1.5713e-02 |       -1.5713e-02 |
| RCL_INHOMOGACC    |  2.8026e+00 |  3.0000e+00 | -1.9744e-01 |   -6.5813e-02 |       -6.5813e-02 |
| RMINICE           |  4.7222e+01 |  6.0000e+01 | -1.2778e+01 |   -2.1297e-01 |       -2.1297e-01 |
2026-04-29 14:28:41 | ectuner |     INFO -> Diagnostic maps saved to ../results/tuned_2d_LR/l2/all_flux_tol/alfa_060/diagnostics_2d_phis_Global_a06.nc
Copia del file YAML inviata a ../results/tuned_2d_LR/l2/all_flux_tol/yaml_files
