2026-04-29 14:20:17 | ectuner |     INFO -> Loading 2D Data (Sensitivity, Reference, Base)...
   > Loading reference for lwcf from: climate_average_lwcf_CERES EBAF_r180x90_2000-2024.nc
   > Loading reference for net_toa from: climate_average_net_toa_CERES EBAF_r180x90_2000-2024.nc
   > Loading reference for rlnt from: climate_average_rlnt_CERES EBAF_r180x90_2000-2024.nc
   > Flipping sign for rlnt (Obs is UP, Model is DOWN)
   > Loading reference for rsnt from: climate_average_rsnt_CERES EBAF_r180x90_2000-2024.nc
   > Loading reference for swcf from: climate_average_swcf_CERES EBAF_r180x90_2000-2024.nc
--- Loading cached base maps for phis ---
2026-04-29 14:20:18 | ectuner |     INFO -> Generating spatial weights (Area * Region)...
2026-04-29 14:20:18 | ectuner |     INFO -> Variable lwcf: Initial Spatial Squared Cost (L2) (Weighted) = 60.3479
2026-04-29 14:20:18 | ectuner |     INFO -> Variable net_toa: Initial Spatial Squared Cost (L2) (Weighted) = 129.8791
2026-04-29 14:20:18 | ectuner |     INFO -> Variable rlnt: Initial Spatial Squared Cost (L2) (Weighted) = 132.7713
2026-04-29 14:20:18 | ectuner |     INFO -> Variable rsnt: Initial Spatial Squared Cost (L2) (Weighted) = 109.1577
2026-04-29 14:20:18 | ectuner |     INFO -> Variable swcf: Initial Spatial Squared Cost (L2) (Weighted) = 122.7931
2026-04-29 14:20:18 | ectuner |     INFO -> Flattening data for fast optimization...
2026-04-29 14:20:18 | ectuner |     INFO -> DEBUG: Global Bias for lwcf in optimizer: -2.7092
2026-04-29 14:20:18 | ectuner |     INFO -> DEBUG: Global Bias for net_toa in optimizer: 5.6259
2026-04-29 14:20:18 | ectuner |     INFO -> DEBUG: Global Bias for rlnt in optimizer: 6.9311
2026-04-29 14:20:18 | ectuner |     INFO -> DEBUG: Global Bias for rsnt in optimizer: -1.3053
2026-04-29 14:20:18 | ectuner |     INFO -> DEBUG: Global Bias for swcf in optimizer: 0.5056
2026-04-29 14:20:18 | ectuner |     INFO -> Starting 2D Optimization (dual_annealing)...
2026-04-29 14:46:29 | ectuner |     INFO -> Optimization finished. Final Weighted Cost (L2): Spatial=487.0856, Global=53.4132
2026-04-29 14:46:29 | ectuner |     INFO -> 
============================== GLOBAL & SPATIAL COSTS (L2) ===============================
2026-04-29 14:46:29 | ectuner |     INFO -> Variable     | Metric           |            Initial ->              Final | Status
2026-04-29 14:46:29 | ectuner |     INFO -> ------------------------------------------------------------------------------------------
2026-04-29 14:46:29 | ectuner |     INFO -> lwcf         | Global Cost|             7.3396 ->            27.2377 | WORSENED
2026-04-29 14:46:29 | ectuner |     INFO ->              | Spatial Cost  |            60.3479 ->            67.3640 | WORSENED
2026-04-29 14:46:29 | ectuner |     INFO -> ------------------------------------------------------------------------------------------
2026-04-29 14:46:29 | ectuner |     INFO -> net_toa      | Global Cost|            31.6503 ->             6.3999 | IMPROVED
2026-04-29 14:46:29 | ectuner |     INFO ->              | Spatial Cost  |           129.8791 ->           100.9831 | IMPROVED
2026-04-29 14:46:29 | ectuner |     INFO -> ------------------------------------------------------------------------------------------
2026-04-29 14:46:29 | ectuner |     INFO -> rlnt         | Global Cost|            48.0406 ->            17.1017 | IMPROVED
2026-04-29 14:46:29 | ectuner |     INFO ->              | Spatial Cost  |           132.7713 ->            88.8526 | IMPROVED
2026-04-29 14:46:29 | ectuner |     INFO -> ------------------------------------------------------------------------------------------
2026-04-29 14:46:29 | ectuner |     INFO -> rsnt         | Global Cost|             1.7037 ->             2.5781 | WORSENED
2026-04-29 14:46:29 | ectuner |     INFO ->              | Spatial Cost  |           109.1577 ->           108.4599 | IMPROVED
2026-04-29 14:46:29 | ectuner |     INFO -> ------------------------------------------------------------------------------------------
2026-04-29 14:46:29 | ectuner |     INFO -> swcf         | Global Cost|             0.2556 ->             0.0958 | IMPROVED
2026-04-29 14:46:29 | ectuner |     INFO ->              | Spatial Cost  |           122.7931 ->           121.4260 | IMPROVED
2026-04-29 14:46:29 | ectuner |     INFO -> ------------------------------------------------------------------------------------------
2026-04-29 14:46:29 | ectuner |     INFO -> Structured tuning YAML written to ../results/tuned_2d_LR/l2/all_flux_tol/alfa_080/tuned_phis_l2_a080.yml

| Parameter         |   New Value |   Old Value |      Change |   Rel. Change |   Dist. from Ref. |
|-------------------+-------------+-------------+-------------+---------------+-------------------|
| RPRCON            |  1.6706e-03 |  1.4000e-03 |  2.7060e-04 |    1.9328e-01 |        1.9328e-01 |
| ENTRORG           |  1.7575e-03 |  1.7500e-03 |  7.4761e-06 |    4.2721e-03 |        4.2721e-03 |
| DETRPEN           |  1.0818e-04 |  7.5000e-05 |  3.3184e-05 |    4.4246e-01 |        4.4246e-01 |
| ENTRDD            |  2.0919e-04 |  3.0000e-04 | -9.0814e-05 |   -3.0271e-01 |       -3.0271e-01 |
| RMFDEPS           |  3.6954e-01 |  3.0000e-01 |  6.9543e-02 |    2.3181e-01 |        2.3181e-01 |
| RVICE             |  2.0785e-01 |  1.3000e-01 |  7.7851e-02 |    5.9885e-01 |        5.9885e-01 |
| RLCRITSNOW        |  1.7977e-05 |  2.0000e-05 | -2.0235e-06 |   -1.0117e-01 |       -1.0117e-01 |
| RSNOWLIN2         |  2.2731e-02 |  3.0000e-02 | -7.2686e-03 |   -2.4229e-01 |       -2.4229e-01 |
| RCLDIFF           |  2.4043e-06 |  6.0000e-06 | -3.5957e-06 |   -5.9928e-01 |       -5.9928e-01 |
| RCLDIFF_CONVI     |  6.3996e+00 |  1.0000e+01 | -3.6004e+00 |   -3.6004e-01 |       -3.6004e-01 |
| RDEPLIQREFRATE    |  6.9610e-01 |  5.0000e-01 |  1.9610e-01 |    3.9220e-01 |        3.9220e-01 |
| RDEPLIQREFDEPTH   |  4.3581e+02 |  5.0000e+02 | -6.4193e+01 |   -1.2839e-01 |       -1.2839e-01 |
| RCL_OVERLAPLIQICE |  5.0327e-01 |  6.5000e-01 | -1.4673e-01 |   -2.2574e-01 |       -2.2574e-01 |
| RCL_INHOMOGAUT    |  1.3508e+00 |  1.5000e+00 | -1.4923e-01 |   -9.9489e-02 |       -9.9489e-02 |
| RCL_INHOMOGACC    |  3.0594e+00 |  3.0000e+00 |  5.9409e-02 |    1.9803e-02 |        1.9803e-02 |
| RMINICE           |  3.9619e+01 |  6.0000e+01 | -2.0381e+01 |   -3.3968e-01 |       -3.3968e-01 |
2026-04-29 14:46:29 | ectuner |     INFO -> Diagnostic maps saved to ../results/tuned_2d_LR/l2/all_flux_tol/alfa_080/diagnostics_2d_phis_Global_a08.nc
Copia del file YAML inviata a ../results/tuned_2d_LR/l2/all_flux_tol/yaml_files
