2026-04-29 14:10:39 | ectuner |     INFO -> Loading 2D Data (Sensitivity, Reference, Base)...
   > Loading reference for lwcf from: climate_average_lwcf_CERES EBAF_r180x90_2000-2024.nc
   > Loading reference for net_toa from: climate_average_net_toa_CERES EBAF_r180x90_2000-2024.nc
   > Loading reference for rlnt from: climate_average_rlnt_CERES EBAF_r180x90_2000-2024.nc
   > Flipping sign for rlnt (Obs is UP, Model is DOWN)
   > Loading reference for rsnt from: climate_average_rsnt_CERES EBAF_r180x90_2000-2024.nc
   > Loading reference for swcf from: climate_average_swcf_CERES EBAF_r180x90_2000-2024.nc
--- Loading cached base maps for phis ---
2026-04-29 14:10:40 | ectuner |     INFO -> Generating spatial weights (Area * Region)...
2026-04-29 14:10:40 | ectuner |     INFO -> Variable lwcf: Initial Spatial Squared Cost (L2) (Weighted) = 60.3479
2026-04-29 14:10:40 | ectuner |     INFO -> Variable net_toa: Initial Spatial Squared Cost (L2) (Weighted) = 129.8791
2026-04-29 14:10:40 | ectuner |     INFO -> Variable rlnt: Initial Spatial Squared Cost (L2) (Weighted) = 132.7713
2026-04-29 14:10:40 | ectuner |     INFO -> Variable rsnt: Initial Spatial Squared Cost (L2) (Weighted) = 109.1577
2026-04-29 14:10:40 | ectuner |     INFO -> Variable swcf: Initial Spatial Squared Cost (L2) (Weighted) = 122.7931
2026-04-29 14:10:40 | ectuner |     INFO -> Flattening data for fast optimization...
2026-04-29 14:10:40 | ectuner |     INFO -> DEBUG: Global Bias for lwcf in optimizer: -2.7092
2026-04-29 14:10:40 | ectuner |     INFO -> DEBUG: Global Bias for net_toa in optimizer: 5.6259
2026-04-29 14:10:40 | ectuner |     INFO -> DEBUG: Global Bias for rlnt in optimizer: 6.9311
2026-04-29 14:10:40 | ectuner |     INFO -> DEBUG: Global Bias for rsnt in optimizer: -1.3053
2026-04-29 14:10:40 | ectuner |     INFO -> DEBUG: Global Bias for swcf in optimizer: 0.5056
2026-04-29 14:10:40 | ectuner |     INFO -> Starting 2D Optimization (dual_annealing)...
2026-04-29 14:19:13 | ectuner |     INFO -> Optimization finished. Final Weighted Cost (L2): Spatial=468.0800, Global=66.5387
2026-04-29 14:19:13 | ectuner |     INFO -> 
============================== GLOBAL & SPATIAL COSTS (L2) ===============================
2026-04-29 14:19:13 | ectuner |     INFO -> Variable     | Metric           |            Initial ->              Final | Status
2026-04-29 14:19:13 | ectuner |     INFO -> ------------------------------------------------------------------------------------------
2026-04-29 14:19:13 | ectuner |     INFO -> lwcf         | Global Cost|             7.3396 ->            28.5951 | WORSENED
2026-04-29 14:19:13 | ectuner |     INFO ->              | Spatial Cost  |            60.3479 ->            64.4627 | WORSENED
2026-04-29 14:19:13 | ectuner |     INFO -> ------------------------------------------------------------------------------------------
2026-04-29 14:19:13 | ectuner |     INFO -> net_toa      | Global Cost|            31.6503 ->            13.3506 | IMPROVED
2026-04-29 14:19:13 | ectuner |     INFO ->              | Spatial Cost  |           129.8791 ->            97.1311 | IMPROVED
2026-04-29 14:19:13 | ectuner |     INFO -> ------------------------------------------------------------------------------------------
2026-04-29 14:19:13 | ectuner |     INFO -> rlnt         | Global Cost|            48.0406 ->            22.6884 | IMPROVED
2026-04-29 14:19:13 | ectuner |     INFO ->              | Spatial Cost  |           132.7713 ->            83.8841 | IMPROVED
2026-04-29 14:19:13 | ectuner |     INFO -> ------------------------------------------------------------------------------------------
2026-04-29 14:19:13 | ectuner |     INFO -> rsnt         | Global Cost|             1.7037 ->             1.2308 | IMPROVED
2026-04-29 14:19:13 | ectuner |     INFO ->              | Spatial Cost  |           109.1577 ->           104.5439 | IMPROVED
2026-04-29 14:19:13 | ectuner |     INFO -> ------------------------------------------------------------------------------------------
2026-04-29 14:19:13 | ectuner |     INFO -> swcf         | Global Cost|             0.2556 ->             0.6738 | WORSENED
2026-04-29 14:19:13 | ectuner |     INFO ->              | Spatial Cost  |           122.7931 ->           118.0583 | IMPROVED
2026-04-29 14:19:13 | ectuner |     INFO -> ------------------------------------------------------------------------------------------
2026-04-29 14:19:14 | ectuner |     INFO -> Structured tuning YAML written to ../results/tuned_2d_LR/l2/all_flux_tol/alfa_000/tuned_phis_l2_a000.yml

| Parameter         |   New Value |   Old Value |      Change |   Rel. Change |   Dist. from Ref. |
|-------------------+-------------+-------------+-------------+---------------+-------------------|
| RPRCON            |  1.3273e-03 |  1.4000e-03 | -7.2651e-05 |   -5.1894e-02 |       -5.1894e-02 |
| ENTRORG           |  1.4357e-03 |  1.7500e-03 | -3.1428e-04 |   -1.7959e-01 |       -1.7959e-01 |
| DETRPEN           |  1.1268e-04 |  7.5000e-05 |  3.7676e-05 |    5.0234e-01 |        5.0234e-01 |
| ENTRDD            |  2.7305e-04 |  3.0000e-04 | -2.6950e-05 |   -8.9832e-02 |       -8.9832e-02 |
| RMFDEPS           |  4.0718e-01 |  3.0000e-01 |  1.0718e-01 |    3.5728e-01 |        3.5728e-01 |
| RVICE             |  2.0798e-01 |  1.3000e-01 |  7.7983e-02 |    5.9987e-01 |        5.9987e-01 |
| RLCRITSNOW        |  1.7949e-05 |  2.0000e-05 | -2.0505e-06 |   -1.0253e-01 |       -1.0253e-01 |
| RSNOWLIN2         |  1.9715e-02 |  3.0000e-02 | -1.0285e-02 |   -3.4283e-01 |       -3.4283e-01 |
| RCLDIFF           |  2.7202e-06 |  6.0000e-06 | -3.2798e-06 |   -5.4664e-01 |       -5.4664e-01 |
| RCLDIFF_CONVI     |  9.6374e+00 |  1.0000e+01 | -3.6258e-01 |   -3.6258e-02 |       -3.6258e-02 |
| RDEPLIQREFRATE    |  7.2176e-01 |  5.0000e-01 |  2.2176e-01 |    4.4352e-01 |        4.4352e-01 |
| RDEPLIQREFDEPTH   |  5.0117e+02 |  5.0000e+02 |  1.1729e+00 |    2.3459e-03 |        2.3459e-03 |
| RCL_OVERLAPLIQICE |  5.5383e-01 |  6.5000e-01 | -9.6174e-02 |   -1.4796e-01 |       -1.4796e-01 |
| RCL_INHOMOGAUT    |  1.5848e+00 |  1.5000e+00 |  8.4796e-02 |    5.6531e-02 |        5.6531e-02 |
| RCL_INHOMOGACC    |  2.8073e+00 |  3.0000e+00 | -1.9269e-01 |   -6.4231e-02 |       -6.4231e-02 |
| RMINICE           |  5.1526e+01 |  6.0000e+01 | -8.4737e+00 |   -1.4123e-01 |       -1.4123e-01 |
2026-04-29 14:19:14 | ectuner |     INFO -> Diagnostic maps saved to ../results/tuned_2d_LR/l2/all_flux_tol/alfa_000/diagnostics_2d_phis_Global_a00.nc
Copia del file YAML inviata a ../results/tuned_2d_LR/l2/all_flux_tol/yaml_files
