2026-04-29 14:20:17 | ectuner |     INFO -> Loading 2D Data (Sensitivity, Reference, Base)...
   > Loading reference for lwcf from: climate_average_lwcf_CERES EBAF_r180x90_2000-2024.nc
   > Loading reference for net_toa from: climate_average_net_toa_CERES EBAF_r180x90_2000-2024.nc
   > Loading reference for rlnt from: climate_average_rlnt_CERES EBAF_r180x90_2000-2024.nc
   > Flipping sign for rlnt (Obs is UP, Model is DOWN)
   > Loading reference for rsnt from: climate_average_rsnt_CERES EBAF_r180x90_2000-2024.nc
   > Loading reference for swcf from: climate_average_swcf_CERES EBAF_r180x90_2000-2024.nc
--- Loading cached base maps for phis ---
2026-04-29 14:20:18 | ectuner |     INFO -> Generating spatial weights (Area * Region)...
2026-04-29 14:20:18 | ectuner |     INFO -> Variable lwcf: Initial Spatial Squared Cost (L2) (Weighted) = 60.3479
2026-04-29 14:20:18 | ectuner |     INFO -> Variable net_toa: Initial Spatial Squared Cost (L2) (Weighted) = 129.8791
2026-04-29 14:20:18 | ectuner |     INFO -> Variable rlnt: Initial Spatial Squared Cost (L2) (Weighted) = 132.7713
2026-04-29 14:20:18 | ectuner |     INFO -> Variable rsnt: Initial Spatial Squared Cost (L2) (Weighted) = 109.1577
2026-04-29 14:20:18 | ectuner |     INFO -> Variable swcf: Initial Spatial Squared Cost (L2) (Weighted) = 122.7931
2026-04-29 14:20:18 | ectuner |     INFO -> Flattening data for fast optimization...
2026-04-29 14:20:18 | ectuner |     INFO -> DEBUG: Global Bias for lwcf in optimizer: -2.7092
2026-04-29 14:20:18 | ectuner |     INFO -> DEBUG: Global Bias for net_toa in optimizer: 5.6259
2026-04-29 14:20:18 | ectuner |     INFO -> DEBUG: Global Bias for rlnt in optimizer: 6.9311
2026-04-29 14:20:18 | ectuner |     INFO -> DEBUG: Global Bias for rsnt in optimizer: -1.3053
2026-04-29 14:20:18 | ectuner |     INFO -> DEBUG: Global Bias for swcf in optimizer: 0.5056
2026-04-29 14:20:18 | ectuner |     INFO -> Starting 2D Optimization (dual_annealing)...
2026-04-29 14:40:11 | ectuner |     INFO -> Optimization finished. Final Weighted Cost (L2): Spatial=910.9520, Global=30.2416
2026-04-29 14:40:11 | ectuner |     INFO -> 
============================== GLOBAL & SPATIAL COSTS (L2) ===============================
2026-04-29 14:40:11 | ectuner |     INFO -> Variable     | Metric           |            Initial ->              Final | Status
2026-04-29 14:40:11 | ectuner |     INFO -> ------------------------------------------------------------------------------------------
2026-04-29 14:40:11 | ectuner |     INFO -> lwcf         | Global Cost|             7.3396 ->            16.8276 | WORSENED
2026-04-29 14:40:11 | ectuner |     INFO ->              | Spatial Cost  |            60.3479 ->           118.9092 | WORSENED
2026-04-29 14:40:11 | ectuner |     INFO -> ------------------------------------------------------------------------------------------
2026-04-29 14:40:11 | ectuner |     INFO -> net_toa      | Global Cost|            31.6503 ->             2.1424 | IMPROVED
2026-04-29 14:40:11 | ectuner |     INFO ->              | Spatial Cost  |           129.8791 ->           175.7997 | WORSENED
2026-04-29 14:40:11 | ectuner |     INFO -> ------------------------------------------------------------------------------------------
2026-04-29 14:40:11 | ectuner |     INFO -> rlnt         | Global Cost|            48.0406 ->             8.8937 | IMPROVED
2026-04-29 14:40:11 | ectuner |     INFO ->              | Spatial Cost  |           132.7713 ->           221.2589 | WORSENED
2026-04-29 14:40:11 | ectuner |     INFO -> ------------------------------------------------------------------------------------------
2026-04-29 14:40:11 | ectuner |     INFO -> rsnt         | Global Cost|             1.7037 ->             2.3060 | WORSENED
2026-04-29 14:40:11 | ectuner |     INFO ->              | Spatial Cost  |           109.1577 ->           190.5560 | WORSENED
2026-04-29 14:40:11 | ectuner |     INFO -> ------------------------------------------------------------------------------------------
2026-04-29 14:40:11 | ectuner |     INFO -> swcf         | Global Cost|             0.2556 ->             0.0720 | IMPROVED
2026-04-29 14:40:11 | ectuner |     INFO ->              | Spatial Cost  |           122.7931 ->           204.4282 | WORSENED
2026-04-29 14:40:11 | ectuner |     INFO -> ------------------------------------------------------------------------------------------
2026-04-29 14:40:12 | ectuner |     INFO -> Structured tuning YAML written to ../results/tuned_2d_LR/l2/all_flux_tol/alfa_100/tuned_phis_l2_a100.yml

| Parameter         |   New Value |   Old Value |      Change |   Rel. Change |   Dist. from Ref. |
|-------------------+-------------+-------------+-------------+---------------+-------------------|
| RPRCON            |  2.2393e-03 |  1.4000e-03 |  8.3932e-04 |    5.9951e-01 |        5.9951e-01 |
| ENTRORG           |  2.7979e-03 |  1.7500e-03 |  1.0479e-03 |    5.9880e-01 |        5.9880e-01 |
| DETRPEN           |  3.0064e-05 |  7.5000e-05 | -4.4936e-05 |   -5.9915e-01 |       -5.9915e-01 |
| ENTRDD            |  4.7974e-04 |  3.0000e-04 |  1.7974e-04 |    5.9914e-01 |        5.9914e-01 |
| RMFDEPS           |  1.2012e-01 |  3.0000e-01 | -1.7988e-01 |   -5.9959e-01 |       -5.9959e-01 |
| RVICE             |  2.0789e-01 |  1.3000e-01 |  7.7891e-02 |    5.9916e-01 |        5.9916e-01 |
| RLCRITSNOW        |  3.1991e-05 |  2.0000e-05 |  1.1991e-05 |    5.9953e-01 |        5.9953e-01 |
| RSNOWLIN2         |  3.3223e-02 |  3.0000e-02 |  3.2230e-03 |    1.0743e-01 |        1.0743e-01 |
| RCLDIFF           |  2.4029e-06 |  6.0000e-06 | -3.5971e-06 |   -5.9952e-01 |       -5.9952e-01 |
| RCLDIFF_CONVI     |  4.0002e+00 |  1.0000e+01 | -5.9998e+00 |   -5.9998e-01 |       -5.9998e-01 |
| RDEPLIQREFRATE    |  2.0006e-01 |  5.0000e-01 | -2.9994e-01 |   -5.9989e-01 |       -5.9989e-01 |
| RDEPLIQREFDEPTH   |  2.0000e+02 |  5.0000e+02 | -3.0000e+02 |   -5.9999e-01 |       -5.9999e-01 |
| RCL_OVERLAPLIQICE |  4.8484e-01 |  6.5000e-01 | -1.6516e-01 |   -2.5409e-01 |       -2.5409e-01 |
| RCL_INHOMOGAUT    |  6.0004e-01 |  1.5000e+00 | -8.9996e-01 |   -5.9997e-01 |       -5.9997e-01 |
| RCL_INHOMOGACC    |  3.5738e+00 |  3.0000e+00 |  5.7383e-01 |    1.9128e-01 |        1.9128e-01 |
| RMINICE           |  2.6823e+01 |  6.0000e+01 | -3.3177e+01 |   -5.5295e-01 |       -5.5295e-01 |
2026-04-29 14:40:12 | ectuner |     INFO -> Diagnostic maps saved to ../results/tuned_2d_LR/l2/all_flux_tol/alfa_100/diagnostics_2d_phis_Global_a10.nc
Copia del file YAML inviata a ../results/tuned_2d_LR/l2/all_flux_tol/yaml_files
