2026-04-29 14:20:06 | ectuner |     INFO -> Loading 2D Data (Sensitivity, Reference, Base)...
   > Loading reference for lwcf from: climate_average_lwcf_CERES EBAF_r180x90_2000-2024.nc
   > Loading reference for net_toa from: climate_average_net_toa_CERES EBAF_r180x90_2000-2024.nc
   > Loading reference for rlnt from: climate_average_rlnt_CERES EBAF_r180x90_2000-2024.nc
   > Flipping sign for rlnt (Obs is UP, Model is DOWN)
   > Loading reference for rsnt from: climate_average_rsnt_CERES EBAF_r180x90_2000-2024.nc
   > Loading reference for swcf from: climate_average_swcf_CERES EBAF_r180x90_2000-2024.nc
--- Loading cached base maps for phis ---
2026-04-29 14:20:07 | ectuner |     INFO -> Generating spatial weights (Area * Region)...
2026-04-29 14:20:07 | ectuner |     INFO -> Variable lwcf: Initial Spatial Squared Cost (L2) (Weighted) = 60.3479
2026-04-29 14:20:07 | ectuner |     INFO -> Variable net_toa: Initial Spatial Squared Cost (L2) (Weighted) = 129.8791
2026-04-29 14:20:07 | ectuner |     INFO -> Variable rlnt: Initial Spatial Squared Cost (L2) (Weighted) = 132.7713
2026-04-29 14:20:07 | ectuner |     INFO -> Variable rsnt: Initial Spatial Squared Cost (L2) (Weighted) = 109.1577
2026-04-29 14:20:07 | ectuner |     INFO -> Variable swcf: Initial Spatial Squared Cost (L2) (Weighted) = 122.7931
2026-04-29 14:20:07 | ectuner |     INFO -> Flattening data for fast optimization...
2026-04-29 14:20:07 | ectuner |     INFO -> DEBUG: Global Bias for lwcf in optimizer: -2.7092
2026-04-29 14:20:07 | ectuner |     INFO -> DEBUG: Global Bias for net_toa in optimizer: 5.6259
2026-04-29 14:20:07 | ectuner |     INFO -> DEBUG: Global Bias for rlnt in optimizer: 6.9311
2026-04-29 14:20:07 | ectuner |     INFO -> DEBUG: Global Bias for rsnt in optimizer: -1.3053
2026-04-29 14:20:07 | ectuner |     INFO -> DEBUG: Global Bias for swcf in optimizer: 0.5056
2026-04-29 14:20:07 | ectuner |     INFO -> Starting 2D Optimization (dual_annealing)...
2026-04-29 14:27:10 | ectuner |     INFO -> Optimization finished. Final Weighted Cost (L2): Spatial=468.1442, Global=65.6616
2026-04-29 14:27:10 | ectuner |     INFO -> 
============================== GLOBAL & SPATIAL COSTS (L2) ===============================
2026-04-29 14:27:10 | ectuner |     INFO -> Variable     | Metric           |            Initial ->              Final | Status
2026-04-29 14:27:10 | ectuner |     INFO -> ------------------------------------------------------------------------------------------
2026-04-29 14:27:10 | ectuner |     INFO -> lwcf         | Global Cost|             7.3396 ->            28.3447 | WORSENED
2026-04-29 14:27:10 | ectuner |     INFO ->              | Spatial Cost  |            60.3479 ->            64.3601 | WORSENED
2026-04-29 14:27:10 | ectuner |     INFO -> ------------------------------------------------------------------------------------------
2026-04-29 14:27:10 | ectuner |     INFO -> net_toa      | Global Cost|            31.6503 ->            12.8338 | IMPROVED
2026-04-29 14:27:10 | ectuner |     INFO ->              | Spatial Cost  |           129.8791 ->            97.0250 | IMPROVED
2026-04-29 14:27:10 | ectuner |     INFO -> ------------------------------------------------------------------------------------------
2026-04-29 14:27:10 | ectuner |     INFO -> rlnt         | Global Cost|            48.0406 ->            22.5404 | IMPROVED
2026-04-29 14:27:10 | ectuner |     INFO ->              | Spatial Cost  |           132.7713 ->            84.0551 | IMPROVED
2026-04-29 14:27:10 | ectuner |     INFO -> ------------------------------------------------------------------------------------------
2026-04-29 14:27:10 | ectuner |     INFO -> rsnt         | Global Cost|             1.7037 ->             1.3578 | IMPROVED
2026-04-29 14:27:10 | ectuner |     INFO ->              | Spatial Cost  |           109.1577 ->           104.6259 | IMPROVED
2026-04-29 14:27:10 | ectuner |     INFO -> ------------------------------------------------------------------------------------------
2026-04-29 14:27:11 | ectuner |     INFO -> swcf         | Global Cost|             0.2556 ->             0.5848 | WORSENED
2026-04-29 14:27:11 | ectuner |     INFO ->              | Spatial Cost  |           122.7931 ->           118.0781 | IMPROVED
2026-04-29 14:27:11 | ectuner |     INFO -> ------------------------------------------------------------------------------------------
2026-04-29 14:27:11 | ectuner |     INFO -> Structured tuning YAML written to ../results/tuned_2d_LR/l2/all_flux_tol/alfa_010/tuned_phis_l2_a010.yml

| Parameter         |   New Value |   Old Value |      Change |   Rel. Change |   Dist. from Ref. |
|-------------------+-------------+-------------+-------------+---------------+-------------------|
| RPRCON            |  1.3543e-03 |  1.4000e-03 | -4.5726e-05 |   -3.2661e-02 |       -3.2661e-02 |
| ENTRORG           |  1.4539e-03 |  1.7500e-03 | -2.9609e-04 |   -1.6919e-01 |       -1.6919e-01 |
| DETRPEN           |  1.1265e-04 |  7.5000e-05 |  3.7646e-05 |    5.0195e-01 |        5.0195e-01 |
| ENTRDD            |  2.7447e-04 |  3.0000e-04 | -2.5532e-05 |   -8.5106e-02 |       -8.5106e-02 |
| RMFDEPS           |  4.1002e-01 |  3.0000e-01 |  1.1002e-01 |    3.6673e-01 |        3.6673e-01 |
| RVICE             |  2.0792e-01 |  1.3000e-01 |  7.7923e-02 |    5.9941e-01 |        5.9941e-01 |
| RLCRITSNOW        |  1.7687e-05 |  2.0000e-05 | -2.3133e-06 |   -1.1567e-01 |       -1.1567e-01 |
| RSNOWLIN2         |  2.0977e-02 |  3.0000e-02 | -9.0231e-03 |   -3.0077e-01 |       -3.0077e-01 |
| RCLDIFF           |  2.6395e-06 |  6.0000e-06 | -3.3605e-06 |   -5.6009e-01 |       -5.6009e-01 |
| RCLDIFF_CONVI     |  9.4402e+00 |  1.0000e+01 | -5.5979e-01 |   -5.5979e-02 |       -5.5979e-02 |
| RDEPLIQREFRATE    |  7.2033e-01 |  5.0000e-01 |  2.2033e-01 |    4.4066e-01 |        4.4066e-01 |
| RDEPLIQREFDEPTH   |  5.0125e+02 |  5.0000e+02 |  1.2464e+00 |    2.4929e-03 |        2.4929e-03 |
| RCL_OVERLAPLIQICE |  5.4814e-01 |  6.5000e-01 | -1.0186e-01 |   -1.5670e-01 |       -1.5670e-01 |
| RCL_INHOMOGAUT    |  1.5699e+00 |  1.5000e+00 |  6.9932e-02 |    4.6621e-02 |        4.6621e-02 |
| RCL_INHOMOGACC    |  2.8157e+00 |  3.0000e+00 | -1.8426e-01 |   -6.1420e-02 |       -6.1420e-02 |
| RMINICE           |  5.2743e+01 |  6.0000e+01 | -7.2567e+00 |   -1.2094e-01 |       -1.2094e-01 |
2026-04-29 14:27:16 | ectuner |     INFO -> Diagnostic maps saved to ../results/tuned_2d_LR/l2/all_flux_tol/alfa_010/diagnostics_2d_phis_Global_a01.nc
Copia del file YAML inviata a ../results/tuned_2d_LR/l2/all_flux_tol/yaml_files
