2026-04-29 14:20:04 | ectuner |     INFO -> Loading 2D Data (Sensitivity, Reference, Base)...
   > Loading reference for lwcf from: climate_average_lwcf_CERES EBAF_r180x90_2000-2024.nc
   > Loading reference for net_toa from: climate_average_net_toa_CERES EBAF_r180x90_2000-2024.nc
   > Loading reference for rlnt from: climate_average_rlnt_CERES EBAF_r180x90_2000-2024.nc
   > Flipping sign for rlnt (Obs is UP, Model is DOWN)
   > Loading reference for rsnt from: climate_average_rsnt_CERES EBAF_r180x90_2000-2024.nc
   > Loading reference for swcf from: climate_average_swcf_CERES EBAF_r180x90_2000-2024.nc
--- Loading cached base maps for phis ---
2026-04-29 14:20:05 | ectuner |     INFO -> Generating spatial weights (Area * Region)...
2026-04-29 14:20:05 | ectuner |     INFO -> Variable lwcf: Initial Spatial Squared Cost (L2) (Weighted) = 60.3479
2026-04-29 14:20:05 | ectuner |     INFO -> Variable net_toa: Initial Spatial Squared Cost (L2) (Weighted) = 129.8791
2026-04-29 14:20:05 | ectuner |     INFO -> Variable rlnt: Initial Spatial Squared Cost (L2) (Weighted) = 132.7713
2026-04-29 14:20:05 | ectuner |     INFO -> Variable rsnt: Initial Spatial Squared Cost (L2) (Weighted) = 109.1577
2026-04-29 14:20:05 | ectuner |     INFO -> Variable swcf: Initial Spatial Squared Cost (L2) (Weighted) = 122.7931
2026-04-29 14:20:05 | ectuner |     INFO -> Flattening data for fast optimization...
2026-04-29 14:20:06 | ectuner |     INFO -> DEBUG: Global Bias for lwcf in optimizer: -2.7092
2026-04-29 14:20:06 | ectuner |     INFO -> DEBUG: Global Bias for net_toa in optimizer: 5.6259
2026-04-29 14:20:06 | ectuner |     INFO -> DEBUG: Global Bias for rlnt in optimizer: 6.9311
2026-04-29 14:20:06 | ectuner |     INFO -> DEBUG: Global Bias for rsnt in optimizer: -1.3053
2026-04-29 14:20:06 | ectuner |     INFO -> DEBUG: Global Bias for swcf in optimizer: 0.5056
2026-04-29 14:20:06 | ectuner |     INFO -> Starting 2D Optimization (dual_annealing)...
2026-04-29 14:32:44 | ectuner |     INFO -> Optimization finished. Final Weighted Cost (L2): Spatial=469.1863, Global=62.8684
2026-04-29 14:32:44 | ectuner |     INFO -> 
============================== GLOBAL & SPATIAL COSTS (L2) ===============================
2026-04-29 14:32:44 | ectuner |     INFO -> Variable     | Metric           |            Initial ->              Final | Status
2026-04-29 14:32:44 | ectuner |     INFO -> ------------------------------------------------------------------------------------------
2026-04-29 14:32:44 | ectuner |     INFO -> lwcf         | Global Cost|             7.3396 ->            28.9250 | WORSENED
2026-04-29 14:32:44 | ectuner |     INFO ->              | Spatial Cost  |            60.3479 ->            65.2535 | WORSENED
2026-04-29 14:32:44 | ectuner |     INFO -> ------------------------------------------------------------------------------------------
2026-04-29 14:32:44 | ectuner |     INFO -> net_toa      | Global Cost|            31.6503 ->            10.5970 | IMPROVED
2026-04-29 14:32:44 | ectuner |     INFO ->              | Spatial Cost  |           129.8791 ->            96.3915 | IMPROVED
2026-04-29 14:32:44 | ectuner |     INFO -> ------------------------------------------------------------------------------------------
2026-04-29 14:32:44 | ectuner |     INFO -> rlnt         | Global Cost|            48.0406 ->            21.1909 | IMPROVED
2026-04-29 14:32:44 | ectuner |     INFO ->              | Spatial Cost  |           132.7713 ->            83.5838 | IMPROVED
2026-04-29 14:32:44 | ectuner |     INFO -> ------------------------------------------------------------------------------------------
2026-04-29 14:32:44 | ectuner |     INFO -> rsnt         | Global Cost|             1.7037 ->             1.8173 | WORSENED
2026-04-29 14:32:44 | ectuner |     INFO ->              | Spatial Cost  |           109.1577 ->           105.4907 | IMPROVED
2026-04-29 14:32:44 | ectuner |     INFO -> ------------------------------------------------------------------------------------------
2026-04-29 14:32:44 | ectuner |     INFO -> swcf         | Global Cost|             0.2556 ->             0.3383 | WORSENED
2026-04-29 14:32:44 | ectuner |     INFO ->              | Spatial Cost  |           122.7931 ->           118.4669 | IMPROVED
2026-04-29 14:32:44 | ectuner |     INFO -> ------------------------------------------------------------------------------------------
2026-04-29 14:32:44 | ectuner |     INFO -> Structured tuning YAML written to ../results/tuned_2d_LR/l2/all_flux_tol/alfa_040/tuned_phis_l2_a040.yml

| Parameter         |   New Value |   Old Value |      Change |   Rel. Change |   Dist. from Ref. |
|-------------------+-------------+-------------+-------------+---------------+-------------------|
| RPRCON            |  1.4018e-03 |  1.4000e-03 |  1.7958e-06 |    1.2827e-03 |        1.2827e-03 |
| ENTRORG           |  1.4778e-03 |  1.7500e-03 | -2.7220e-04 |   -1.5554e-01 |       -1.5554e-01 |
| DETRPEN           |  1.1219e-04 |  7.5000e-05 |  3.7185e-05 |    4.9580e-01 |        4.9580e-01 |
| ENTRDD            |  2.5589e-04 |  3.0000e-04 | -4.4108e-05 |   -1.4703e-01 |       -1.4703e-01 |
| RMFDEPS           |  3.9699e-01 |  3.0000e-01 |  9.6993e-02 |    3.2331e-01 |        3.2331e-01 |
| RVICE             |  2.0800e-01 |  1.3000e-01 |  7.8000e-02 |    6.0000e-01 |        6.0000e-01 |
| RLCRITSNOW        |  1.7869e-05 |  2.0000e-05 | -2.1309e-06 |   -1.0655e-01 |       -1.0655e-01 |
| RSNOWLIN2         |  1.9634e-02 |  3.0000e-02 | -1.0366e-02 |   -3.4555e-01 |       -3.4555e-01 |
| RCLDIFF           |  2.6120e-06 |  6.0000e-06 | -3.3880e-06 |   -5.6466e-01 |       -5.6466e-01 |
| RCLDIFF_CONVI     |  9.1230e+00 |  1.0000e+01 | -8.7702e-01 |   -8.7702e-02 |       -8.7702e-02 |
| RDEPLIQREFRATE    |  7.1781e-01 |  5.0000e-01 |  2.1781e-01 |    4.3562e-01 |        4.3562e-01 |
| RDEPLIQREFDEPTH   |  4.8511e+02 |  5.0000e+02 | -1.4889e+01 |   -2.9778e-02 |       -2.9778e-02 |
| RCL_OVERLAPLIQICE |  5.2805e-01 |  6.5000e-01 | -1.2195e-01 |   -1.8762e-01 |       -1.8762e-01 |
| RCL_INHOMOGAUT    |  1.5320e+00 |  1.5000e+00 |  3.1979e-02 |    2.1319e-02 |        2.1319e-02 |
| RCL_INHOMOGACC    |  2.7524e+00 |  3.0000e+00 | -2.4762e-01 |   -8.2539e-02 |       -8.2539e-02 |
| RMINICE           |  4.8242e+01 |  6.0000e+01 | -1.1758e+01 |   -1.9597e-01 |       -1.9597e-01 |
2026-04-29 14:32:44 | ectuner |     INFO -> Diagnostic maps saved to ../results/tuned_2d_LR/l2/all_flux_tol/alfa_040/diagnostics_2d_phis_Global_a04.nc
Copia del file YAML inviata a ../results/tuned_2d_LR/l2/all_flux_tol/yaml_files
