2026-04-29 14:20:07 | ectuner |     INFO -> Loading 2D Data (Sensitivity, Reference, Base)...
   > Loading reference for lwcf from: climate_average_lwcf_CERES EBAF_r180x90_2000-2024.nc
   > Loading reference for net_toa from: climate_average_net_toa_CERES EBAF_r180x90_2000-2024.nc
   > Loading reference for rlnt from: climate_average_rlnt_CERES EBAF_r180x90_2000-2024.nc
   > Flipping sign for rlnt (Obs is UP, Model is DOWN)
   > Loading reference for rsnt from: climate_average_rsnt_CERES EBAF_r180x90_2000-2024.nc
   > Loading reference for swcf from: climate_average_swcf_CERES EBAF_r180x90_2000-2024.nc
--- Loading cached base maps for phis ---
2026-04-29 14:20:07 | ectuner |     INFO -> Generating spatial weights (Area * Region)...
2026-04-29 14:20:07 | ectuner |     INFO -> Variable lwcf: Initial Spatial Squared Cost (L2) (Weighted) = 60.3479
2026-04-29 14:20:07 | ectuner |     INFO -> Variable net_toa: Initial Spatial Squared Cost (L2) (Weighted) = 129.8791
2026-04-29 14:20:07 | ectuner |     INFO -> Variable rlnt: Initial Spatial Squared Cost (L2) (Weighted) = 132.7713
2026-04-29 14:20:07 | ectuner |     INFO -> Variable rsnt: Initial Spatial Squared Cost (L2) (Weighted) = 109.1577
2026-04-29 14:20:07 | ectuner |     INFO -> Variable swcf: Initial Spatial Squared Cost (L2) (Weighted) = 122.7931
2026-04-29 14:20:07 | ectuner |     INFO -> Flattening data for fast optimization...
2026-04-29 14:20:08 | ectuner |     INFO -> DEBUG: Global Bias for lwcf in optimizer: -2.7092
2026-04-29 14:20:08 | ectuner |     INFO -> DEBUG: Global Bias for net_toa in optimizer: 5.6259
2026-04-29 14:20:08 | ectuner |     INFO -> DEBUG: Global Bias for rlnt in optimizer: 6.9311
2026-04-29 14:20:08 | ectuner |     INFO -> DEBUG: Global Bias for rsnt in optimizer: -1.3053
2026-04-29 14:20:08 | ectuner |     INFO -> DEBUG: Global Bias for swcf in optimizer: 0.5056
2026-04-29 14:20:08 | ectuner |     INFO -> Starting 2D Optimization (dual_annealing)...
2026-04-29 14:30:29 | ectuner |     INFO -> Optimization finished. Final Weighted Cost (L2): Spatial=468.7104, Global=63.6782
2026-04-29 14:30:29 | ectuner |     INFO -> 
============================== GLOBAL & SPATIAL COSTS (L2) ===============================
2026-04-29 14:30:29 | ectuner |     INFO -> Variable     | Metric           |            Initial ->              Final | Status
2026-04-29 14:30:29 | ectuner |     INFO -> ------------------------------------------------------------------------------------------
2026-04-29 14:30:29 | ectuner |     INFO -> lwcf         | Global Cost|             7.3396 ->            28.2539 | WORSENED
2026-04-29 14:30:29 | ectuner |     INFO ->              | Spatial Cost  |            60.3479 ->            64.5617 | WORSENED
2026-04-29 14:30:29 | ectuner |     INFO -> ------------------------------------------------------------------------------------------
2026-04-29 14:30:30 | ectuner |     INFO -> net_toa      | Global Cost|            31.6503 ->            11.4960 | IMPROVED
2026-04-29 14:30:30 | ectuner |     INFO ->              | Spatial Cost  |           129.8791 ->            96.7864 | IMPROVED
2026-04-29 14:30:30 | ectuner |     INFO -> ------------------------------------------------------------------------------------------
2026-04-29 14:30:30 | ectuner |     INFO -> rlnt         | Global Cost|            48.0406 ->            21.8620 | IMPROVED
2026-04-29 14:30:30 | ectuner |     INFO ->              | Spatial Cost  |           132.7713 ->            84.0908 | IMPROVED
2026-04-29 14:30:30 | ectuner |     INFO -> ------------------------------------------------------------------------------------------
2026-04-29 14:30:30 | ectuner |     INFO -> rsnt         | Global Cost|             1.7037 ->             1.6515 | IMPROVED
2026-04-29 14:30:30 | ectuner |     INFO ->              | Spatial Cost  |           109.1577 ->           105.0176 | IMPROVED
2026-04-29 14:30:30 | ectuner |     INFO -> ------------------------------------------------------------------------------------------
2026-04-29 14:30:30 | ectuner |     INFO -> swcf         | Global Cost|             0.2556 ->             0.4148 | WORSENED
2026-04-29 14:30:30 | ectuner |     INFO ->              | Spatial Cost  |           122.7931 ->           118.2538 | IMPROVED
2026-04-29 14:30:30 | ectuner |     INFO -> ------------------------------------------------------------------------------------------
2026-04-29 14:30:30 | ectuner |     INFO -> Structured tuning YAML written to ../results/tuned_2d_LR/l2/all_flux_tol/alfa_030/tuned_phis_l2_a030.yml

| Parameter         |   New Value |   Old Value |      Change |   Rel. Change |   Dist. from Ref. |
|-------------------+-------------+-------------+-------------+---------------+-------------------|
| RPRCON            |  1.4042e-03 |  1.4000e-03 |  4.1547e-06 |    2.9676e-03 |        2.9676e-03 |
| ENTRORG           |  1.4811e-03 |  1.7500e-03 | -2.6891e-04 |   -1.5367e-01 |       -1.5367e-01 |
| DETRPEN           |  1.1248e-04 |  7.5000e-05 |  3.7483e-05 |    4.9977e-01 |        4.9977e-01 |
| ENTRDD            |  2.6744e-04 |  3.0000e-04 | -3.2556e-05 |   -1.0852e-01 |       -1.0852e-01 |
| RMFDEPS           |  4.0686e-01 |  3.0000e-01 |  1.0686e-01 |    3.5621e-01 |        3.5621e-01 |
| RVICE             |  2.0795e-01 |  1.3000e-01 |  7.7953e-02 |    5.9964e-01 |        5.9964e-01 |
| RLCRITSNOW        |  1.7481e-05 |  2.0000e-05 | -2.5192e-06 |   -1.2596e-01 |       -1.2596e-01 |
| RSNOWLIN2         |  2.1879e-02 |  3.0000e-02 | -8.1209e-03 |   -2.7070e-01 |       -2.7070e-01 |
| RCLDIFF           |  2.5468e-06 |  6.0000e-06 | -3.4532e-06 |   -5.7553e-01 |       -5.7553e-01 |
| RCLDIFF_CONVI     |  9.0990e+00 |  1.0000e+01 | -9.0102e-01 |   -9.0102e-02 |       -9.0102e-02 |
| RDEPLIQREFRATE    |  7.1676e-01 |  5.0000e-01 |  2.1676e-01 |    4.3353e-01 |        4.3353e-01 |
| RDEPLIQREFDEPTH   |  4.9245e+02 |  5.0000e+02 | -7.5491e+00 |   -1.5098e-02 |       -1.5098e-02 |
| RCL_OVERLAPLIQICE |  5.3526e-01 |  6.5000e-01 | -1.1474e-01 |   -1.7652e-01 |       -1.7652e-01 |
| RCL_INHOMOGAUT    |  1.5444e+00 |  1.5000e+00 |  4.4421e-02 |    2.9614e-02 |        2.9614e-02 |
| RCL_INHOMOGACC    |  2.7978e+00 |  3.0000e+00 | -2.0224e-01 |   -6.7413e-02 |       -6.7413e-02 |
| RMINICE           |  5.2262e+01 |  6.0000e+01 | -7.7381e+00 |   -1.2897e-01 |       -1.2897e-01 |
2026-04-29 14:30:30 | ectuner |     INFO -> Diagnostic maps saved to ../results/tuned_2d_LR/l2/all_flux_tol/alfa_030/diagnostics_2d_phis_Global_a03.nc
Copia del file YAML inviata a ../results/tuned_2d_LR/l2/all_flux_tol/yaml_files
