2026-04-29 14:20:18 | ectuner |     INFO -> Loading 2D Data (Sensitivity, Reference, Base)...
   > Loading reference for lwcf from: climate_average_lwcf_CERES EBAF_r180x90_2000-2024.nc
   > Loading reference for net_toa from: climate_average_net_toa_CERES EBAF_r180x90_2000-2024.nc
   > Loading reference for rlnt from: climate_average_rlnt_CERES EBAF_r180x90_2000-2024.nc
   > Flipping sign for rlnt (Obs is UP, Model is DOWN)
   > Loading reference for rsnt from: climate_average_rsnt_CERES EBAF_r180x90_2000-2024.nc
   > Loading reference for swcf from: climate_average_swcf_CERES EBAF_r180x90_2000-2024.nc
--- Loading cached base maps for phis ---
2026-04-29 14:20:19 | ectuner |     INFO -> Generating spatial weights (Area * Region)...
2026-04-29 14:20:19 | ectuner |     INFO -> Variable lwcf: Initial Spatial Squared Cost (L2) (Weighted) = 60.3479
2026-04-29 14:20:19 | ectuner |     INFO -> Variable net_toa: Initial Spatial Squared Cost (L2) (Weighted) = 129.8791
2026-04-29 14:20:19 | ectuner |     INFO -> Variable rlnt: Initial Spatial Squared Cost (L2) (Weighted) = 132.7713
2026-04-29 14:20:19 | ectuner |     INFO -> Variable rsnt: Initial Spatial Squared Cost (L2) (Weighted) = 109.1577
2026-04-29 14:20:19 | ectuner |     INFO -> Variable swcf: Initial Spatial Squared Cost (L2) (Weighted) = 122.7931
2026-04-29 14:20:19 | ectuner |     INFO -> Flattening data for fast optimization...
2026-04-29 14:20:19 | ectuner |     INFO -> DEBUG: Global Bias for lwcf in optimizer: -2.7092
2026-04-29 14:20:19 | ectuner |     INFO -> DEBUG: Global Bias for net_toa in optimizer: 5.6259
2026-04-29 14:20:19 | ectuner |     INFO -> DEBUG: Global Bias for rlnt in optimizer: 6.9311
2026-04-29 14:20:19 | ectuner |     INFO -> DEBUG: Global Bias for rsnt in optimizer: -1.3053
2026-04-29 14:20:19 | ectuner |     INFO -> DEBUG: Global Bias for swcf in optimizer: 0.5056
2026-04-29 14:20:19 | ectuner |     INFO -> Starting 2D Optimization (dual_annealing)...
2026-04-29 14:35:39 | ectuner |     INFO -> Optimization finished. Final Weighted Cost (L2): Spatial=478.6921, Global=56.1351
2026-04-29 14:35:39 | ectuner |     INFO -> 
============================== GLOBAL & SPATIAL COSTS (L2) ===============================
2026-04-29 14:35:39 | ectuner |     INFO -> Variable     | Metric           |            Initial ->              Final | Status
2026-04-29 14:35:39 | ectuner |     INFO -> ------------------------------------------------------------------------------------------
2026-04-29 14:35:39 | ectuner |     INFO -> lwcf         | Global Cost|             7.3396 ->            27.2265 | WORSENED
2026-04-29 14:35:39 | ectuner |     INFO ->              | Spatial Cost  |            60.3479 ->            66.1399 | WORSENED
2026-04-29 14:35:39 | ectuner |     INFO -> ------------------------------------------------------------------------------------------
2026-04-29 14:35:39 | ectuner |     INFO -> net_toa      | Global Cost|            31.6503 ->             7.7569 | IMPROVED
2026-04-29 14:35:39 | ectuner |     INFO ->              | Spatial Cost  |           129.8791 ->            99.4784 | IMPROVED
2026-04-29 14:35:39 | ectuner |     INFO -> ------------------------------------------------------------------------------------------
2026-04-29 14:35:39 | ectuner |     INFO -> rlnt         | Global Cost|            48.0406 ->            18.6470 | IMPROVED
2026-04-29 14:35:39 | ectuner |     INFO ->              | Spatial Cost  |           132.7713 ->            86.4637 | IMPROVED
2026-04-29 14:35:39 | ectuner |     INFO -> ------------------------------------------------------------------------------------------
2026-04-29 14:35:39 | ectuner |     INFO -> rsnt         | Global Cost|             1.7037 ->             2.3504 | WORSENED
2026-04-29 14:35:39 | ectuner |     INFO ->              | Spatial Cost  |           109.1577 ->           106.8105 | IMPROVED
2026-04-29 14:35:39 | ectuner |     INFO -> ------------------------------------------------------------------------------------------
2026-04-29 14:35:39 | ectuner |     INFO -> swcf         | Global Cost|             0.2556 ->             0.1544 | IMPROVED
2026-04-29 14:35:39 | ectuner |     INFO ->              | Spatial Cost  |           122.7931 ->           119.7997 | IMPROVED
2026-04-29 14:35:39 | ectuner |     INFO -> ------------------------------------------------------------------------------------------
2026-04-29 14:35:40 | ectuner |     INFO -> Structured tuning YAML written to ../results/tuned_2d_LR/l2/all_flux_tol/alfa_070/tuned_phis_l2_a070.yml

| Parameter         |   New Value |   Old Value |      Change |   Rel. Change |   Dist. from Ref. |
|-------------------+-------------+-------------+-------------+---------------+-------------------|
| RPRCON            |  1.6916e-03 |  1.4000e-03 |  2.9160e-04 |    2.0829e-01 |        2.0829e-01 |
| ENTRORG           |  1.6035e-03 |  1.7500e-03 | -1.4655e-04 |   -8.3742e-02 |       -8.3742e-02 |
| DETRPEN           |  1.1199e-04 |  7.5000e-05 |  3.6993e-05 |    4.9324e-01 |        4.9324e-01 |
| ENTRDD            |  2.3659e-04 |  3.0000e-04 | -6.3414e-05 |   -2.1138e-01 |       -2.1138e-01 |
| RMFDEPS           |  3.8774e-01 |  3.0000e-01 |  8.7742e-02 |    2.9247e-01 |        2.9247e-01 |
| RVICE             |  2.0789e-01 |  1.3000e-01 |  7.7889e-02 |    5.9915e-01 |        5.9915e-01 |
| RLCRITSNOW        |  1.7168e-05 |  2.0000e-05 | -2.8320e-06 |   -1.4160e-01 |       -1.4160e-01 |
| RSNOWLIN2         |  2.4847e-02 |  3.0000e-02 | -5.1529e-03 |   -1.7176e-01 |       -1.7176e-01 |
| RCLDIFF           |  2.4030e-06 |  6.0000e-06 | -3.5970e-06 |   -5.9951e-01 |       -5.9951e-01 |
| RCLDIFF_CONVI     |  7.4906e+00 |  1.0000e+01 | -2.5094e+00 |   -2.5094e-01 |       -2.5094e-01 |
| RDEPLIQREFRATE    |  7.0651e-01 |  5.0000e-01 |  2.0651e-01 |    4.1303e-01 |        4.1303e-01 |
| RDEPLIQREFDEPTH   |  4.6047e+02 |  5.0000e+02 | -3.9533e+01 |   -7.9067e-02 |       -7.9067e-02 |
| RCL_OVERLAPLIQICE |  4.9685e-01 |  6.5000e-01 | -1.5315e-01 |   -2.3562e-01 |       -2.3562e-01 |
| RCL_INHOMOGAUT    |  1.4180e+00 |  1.5000e+00 | -8.1979e-02 |   -5.4653e-02 |       -5.4653e-02 |
| RCL_INHOMOGACC    |  2.7735e+00 |  3.0000e+00 | -2.2655e-01 |   -7.5516e-02 |       -7.5516e-02 |
| RMINICE           |  4.3812e+01 |  6.0000e+01 | -1.6188e+01 |   -2.6981e-01 |       -2.6981e-01 |
2026-04-29 14:35:40 | ectuner |     INFO -> Diagnostic maps saved to ../results/tuned_2d_LR/l2/all_flux_tol/alfa_070/diagnostics_2d_phis_Global_a07.nc
Copia del file YAML inviata a ../results/tuned_2d_LR/l2/all_flux_tol/yaml_files
