2026-04-29 14:20:18 | ectuner |     INFO -> Loading 2D Data (Sensitivity, Reference, Base)...
   > Loading reference for lwcf from: climate_average_lwcf_CERES EBAF_r180x90_2000-2024.nc
   > Loading reference for net_toa from: climate_average_net_toa_CERES EBAF_r180x90_2000-2024.nc
   > Loading reference for rlnt from: climate_average_rlnt_CERES EBAF_r180x90_2000-2024.nc
   > Flipping sign for rlnt (Obs is UP, Model is DOWN)
   > Loading reference for rsnt from: climate_average_rsnt_CERES EBAF_r180x90_2000-2024.nc
   > Loading reference for swcf from: climate_average_swcf_CERES EBAF_r180x90_2000-2024.nc
--- Loading cached base maps for phis ---
2026-04-29 14:20:19 | ectuner |     INFO -> Generating spatial weights (Area * Region)...
2026-04-29 14:20:19 | ectuner |     INFO -> Variable lwcf: Initial Spatial Squared Cost (L2) (Weighted) = 60.3479
2026-04-29 14:20:19 | ectuner |     INFO -> Variable net_toa: Initial Spatial Squared Cost (L2) (Weighted) = 129.8791
2026-04-29 14:20:19 | ectuner |     INFO -> Variable rlnt: Initial Spatial Squared Cost (L2) (Weighted) = 132.7713
2026-04-29 14:20:19 | ectuner |     INFO -> Variable rsnt: Initial Spatial Squared Cost (L2) (Weighted) = 109.1577
2026-04-29 14:20:19 | ectuner |     INFO -> Variable swcf: Initial Spatial Squared Cost (L2) (Weighted) = 122.7931
2026-04-29 14:20:19 | ectuner |     INFO -> Flattening data for fast optimization...
2026-04-29 14:20:19 | ectuner |     INFO -> DEBUG: Global Bias for lwcf in optimizer: -2.7092
2026-04-29 14:20:19 | ectuner |     INFO -> DEBUG: Global Bias for net_toa in optimizer: 5.6259
2026-04-29 14:20:19 | ectuner |     INFO -> DEBUG: Global Bias for rlnt in optimizer: 6.9311
2026-04-29 14:20:19 | ectuner |     INFO -> DEBUG: Global Bias for rsnt in optimizer: -1.3053
2026-04-29 14:20:19 | ectuner |     INFO -> DEBUG: Global Bias for swcf in optimizer: 0.5056
2026-04-29 14:20:19 | ectuner |     INFO -> Starting 2D Optimization (dual_annealing)...
2026-04-29 15:02:49 | ectuner |     INFO -> Optimization finished. Final Weighted Cost (L2): Spatial=801.8230, Global=30.6748
2026-04-29 15:02:49 | ectuner |     INFO -> 
============================== GLOBAL & SPATIAL COSTS (L2) ===============================
2026-04-29 15:02:49 | ectuner |     INFO -> Variable     | Metric           |            Initial ->              Final | Status
2026-04-29 15:02:49 | ectuner |     INFO -> ------------------------------------------------------------------------------------------
2026-04-29 15:02:49 | ectuner |     INFO -> lwcf         | Global Cost|             7.3396 ->            17.2362 | WORSENED
2026-04-29 15:02:49 | ectuner |     INFO ->              | Spatial Cost  |            60.3479 ->           106.0082 | WORSENED
2026-04-29 15:02:49 | ectuner |     INFO -> ------------------------------------------------------------------------------------------
2026-04-29 15:02:49 | ectuner |     INFO -> net_toa      | Global Cost|            31.6503 ->             2.2862 | IMPROVED
2026-04-29 15:02:49 | ectuner |     INFO ->              | Spatial Cost  |           129.8791 ->           159.8964 | WORSENED
2026-04-29 15:02:49 | ectuner |     INFO -> ------------------------------------------------------------------------------------------
2026-04-29 15:02:49 | ectuner |     INFO -> rlnt         | Global Cost|            48.0406 ->             8.9026 | IMPROVED
2026-04-29 15:02:49 | ectuner |     INFO ->              | Spatial Cost  |           132.7713 ->           190.4980 | WORSENED
2026-04-29 15:02:49 | ectuner |     INFO -> ------------------------------------------------------------------------------------------
2026-04-29 15:02:49 | ectuner |     INFO -> rsnt         | Global Cost|             1.7037 ->             2.1659 | WORSENED
2026-04-29 15:02:49 | ectuner |     INFO ->              | Spatial Cost  |           109.1577 ->           165.3490 | WORSENED
2026-04-29 15:02:49 | ectuner |     INFO -> ------------------------------------------------------------------------------------------
2026-04-29 15:02:49 | ectuner |     INFO -> swcf         | Global Cost|             0.2556 ->             0.0838 | IMPROVED
2026-04-29 15:02:49 | ectuner |     INFO ->              | Spatial Cost  |           122.7931 ->           180.0714 | WORSENED
2026-04-29 15:02:49 | ectuner |     INFO -> ------------------------------------------------------------------------------------------
2026-04-29 15:02:49 | ectuner |     INFO -> Structured tuning YAML written to ../results/tuned_2d_LR/l2/all_flux_tol/alfa_099/tuned_phis_l2_a099.yml

| Parameter         |   New Value |   Old Value |      Change |   Rel. Change |   Dist. from Ref. |
|-------------------+-------------+-------------+-------------+---------------+-------------------|
| RPRCON            |  2.2390e-03 |  1.4000e-03 |  8.3903e-04 |    5.9931e-01 |        5.9931e-01 |
| ENTRORG           |  2.7990e-03 |  1.7500e-03 |  1.0490e-03 |    5.9945e-01 |        5.9945e-01 |
| DETRPEN           |  5.8620e-05 |  7.5000e-05 | -1.6380e-05 |   -2.1840e-01 |       -2.1840e-01 |
| ENTRDD            |  1.5876e-04 |  3.0000e-04 | -1.4124e-04 |   -4.7080e-01 |       -4.7080e-01 |
| RMFDEPS           |  1.2000e-01 |  3.0000e-01 | -1.8000e-01 |   -5.9999e-01 |       -5.9999e-01 |
| RVICE             |  2.0771e-01 |  1.3000e-01 |  7.7713e-02 |    5.9779e-01 |        5.9779e-01 |
| RLCRITSNOW        |  3.1986e-05 |  2.0000e-05 |  1.1986e-05 |    5.9931e-01 |        5.9931e-01 |
| RSNOWLIN2         |  3.1287e-02 |  3.0000e-02 |  1.2866e-03 |    4.2888e-02 |        4.2888e-02 |
| RCLDIFF           |  2.4050e-06 |  6.0000e-06 | -3.5950e-06 |   -5.9917e-01 |       -5.9917e-01 |
| RCLDIFF_CONVI     |  4.0003e+00 |  1.0000e+01 | -5.9997e+00 |   -5.9997e-01 |       -5.9997e-01 |
| RDEPLIQREFRATE    |  2.0048e-01 |  5.0000e-01 | -2.9952e-01 |   -5.9905e-01 |       -5.9905e-01 |
| RDEPLIQREFDEPTH   |  2.0003e+02 |  5.0000e+02 | -2.9997e+02 |   -5.9994e-01 |       -5.9994e-01 |
| RCL_OVERLAPLIQICE |  5.1892e-01 |  6.5000e-01 | -1.3108e-01 |   -2.0167e-01 |       -2.0167e-01 |
| RCL_INHOMOGAUT    |  6.0044e-01 |  1.5000e+00 | -8.9956e-01 |   -5.9971e-01 |       -5.9971e-01 |
| RCL_INHOMOGACC    |  4.2113e+00 |  3.0000e+00 |  1.2113e+00 |    4.0375e-01 |        4.0375e-01 |
| RMINICE           |  2.4002e+01 |  6.0000e+01 | -3.5998e+01 |   -5.9996e-01 |       -5.9996e-01 |
2026-04-29 15:02:49 | ectuner |     INFO -> Diagnostic maps saved to ../results/tuned_2d_LR/l2/all_flux_tol/alfa_099/diagnostics_2d_phis_Global_a099.nc
Copia del file YAML inviata a ../results/tuned_2d_LR/l2/all_flux_tol/yaml_files
