2026-04-14 11:14:43 | ectuner |     INFO -> Loading 2D Data (Sensitivity, Reference, Base)...
   > Loading reference for net_toa from: climate_average_net_toa_CERES EBAF_r180x90_2000-2024.nc
--- Loading cached base maps for phis ---
2026-04-14 11:14:43 | ectuner |     INFO -> Generating spatial weights (Area * Region)...
2026-04-14 11:14:43 | ectuner |     INFO -> Variable net_toa: Initial Spatial RMSE (Weighted) = 11.3965
2026-04-14 11:14:43 | ectuner |     INFO -> Flattening data for fast optimization...
2026-04-14 11:14:44 | ectuner |     INFO -> DEBUG: Global Bias for net_toa in optimizer: 5.6259
2026-04-14 11:14:44 | ectuner |     INFO -> Starting 2D Optimization (dual_annealing)...
2026-04-14 11:15:06 | ectuner |     INFO -> 
==================== GLOBAL MEAN & ZONAL SUMMARY FROM 2D OPTIMIZATION ====================
2026-04-14 11:15:06 | ectuner |     INFO -> Variable     | Metric       |            Initial ->              Final | Status
2026-04-14 11:15:06 | ectuner |     INFO -> ------------------------------------------------------------------------------------------
2026-04-14 11:15:06 | ectuner |     INFO -> net_toa      | Global Bias |             5.6259 ->            -0.0000 | IMPROVED
2026-04-14 11:15:06 | ectuner |     INFO ->              | Spatial RMSE  |            11.3965 ->            11.4294 | WORSENED
2026-04-14 11:15:06 | ectuner |     INFO -> ------------------------------------------------------------------------------------------
2026-04-14 11:15:06 | ectuner |     INFO -> Structured tuning YAML written to ../results/tuned_2d_LR/alfa_1_newhybr/tuned_phis_2000_2017_2D_a1_nh.yml

| Parameter         |   New Value |   Old Value |      Change |   Rel. Change |   Dist. from Ref. |
|-------------------+-------------+-------------+-------------+---------------+-------------------|
| RPRCON            |  9.3664e-04 |  1.4000e-03 | -4.6336e-04 |   -3.3097e-01 |       -3.3097e-01 |
| ENTRORG           |  1.9370e-03 |  1.7500e-03 |  1.8695e-04 |    1.0683e-01 |        1.0683e-01 |
| DETRPEN           |  4.0403e-05 |  7.5000e-05 | -3.4597e-05 |   -4.6129e-01 |       -4.6129e-01 |
| ENTRDD            |  3.2905e-04 |  3.0000e-04 |  2.9051e-05 |    9.6836e-02 |        9.6836e-02 |
| RMFDEPS           |  4.3103e-01 |  3.0000e-01 |  1.3103e-01 |    4.3675e-01 |        4.3675e-01 |
| RVICE             |  1.9960e-01 |  1.3000e-01 |  6.9597e-02 |    5.3536e-01 |        5.3536e-01 |
| RLCRITSNOW        |  2.8727e-05 |  2.0000e-05 |  8.7266e-06 |    4.3633e-01 |        4.3633e-01 |
| RSNOWLIN2         |  1.2029e-02 |  3.0000e-02 | -1.7971e-02 |   -5.9904e-01 |       -5.9904e-01 |
| RCLDIFF           |  3.4580e-06 |  6.0000e-06 | -2.5420e-06 |   -4.2366e-01 |       -4.2366e-01 |
| RCLDIFF_CONVI     |  1.1153e+01 |  1.0000e+01 |  1.1526e+00 |    1.1526e-01 |        1.1526e-01 |
| RDEPLIQREFRATE    |  7.9167e-01 |  5.0000e-01 |  2.9167e-01 |    5.8334e-01 |        5.8334e-01 |
| RDEPLIQREFDEPTH   |  5.8666e+02 |  5.0000e+02 |  8.6656e+01 |    1.7331e-01 |        1.7331e-01 |
| RCL_OVERLAPLIQICE |  9.8433e-01 |  6.5000e-01 |  3.3433e-01 |    5.1436e-01 |        5.1436e-01 |
| RCL_INHOMOGAUT    |  1.8159e+00 |  1.5000e+00 |  3.1589e-01 |    2.1059e-01 |        2.1059e-01 |
| RCL_INHOMOGACC    |  1.2716e+00 |  3.0000e+00 | -1.7284e+00 |   -5.7614e-01 |       -5.7614e-01 |
| RMINICE           |  2.6045e+01 |  6.0000e+01 | -3.3955e+01 |   -5.6592e-01 |       -5.6592e-01 |
2026-04-14 11:15:06 | ectuner |     INFO -> Diagnostic maps saved to /ec/res4/hpcperm/ecme3038/ecearth/ecearth4/ECtuner/mari/results/tuned_2d_LR/alfa_1_newhybr/diagnostics_2d_phis_Global_a1.nc
