2026-04-16 16:35:33 | ectuner |     INFO -> Loading 2D Data (Sensitivity, Reference, Base)...
   > Loading reference for net_toa from: climate_average_net_toa_CERES EBAF_r180x90_2000-2024.nc
--- Loading cached base maps for phis ---
2026-04-16 16:35:34 | ectuner |     INFO -> Generating spatial weights (Area * Region)...
2026-04-16 16:35:34 | ectuner |     INFO -> Variable net_toa: Initial Spatial RMSE (Weighted) = 11.3965
2026-04-16 16:35:34 | ectuner |     INFO -> Flattening data for fast optimization...
2026-04-16 16:35:34 | ectuner |     INFO -> DEBUG: Global Bias for net_toa in optimizer: 5.6259
2026-04-16 16:35:34 | ectuner |     INFO -> Starting 2D Optimization (dual_annealing)...
2026-04-16 16:36:03 | ectuner |     INFO -> 
==================== GLOBAL MEAN & ZONAL SUMMARY FROM 2D OPTIMIZATION ====================
2026-04-16 16:36:03 | ectuner |     INFO -> Variable     | Metric       |            Initial ->              Final | Status
2026-04-16 16:36:03 | ectuner |     INFO -> ------------------------------------------------------------------------------------------
2026-04-16 16:36:03 | ectuner |     INFO -> net_toa      | Global Bias |             5.6259 ->            -0.0000 | IMPROVED
2026-04-16 16:36:03 | ectuner |     INFO ->              | Spatial RMSE  |            11.3965 ->            10.2805 | IMPROVED
2026-04-16 16:36:03 | ectuner |     INFO -> ------------------------------------------------------------------------------------------
2026-04-16 16:36:03 | ectuner |     INFO -> Structured tuning YAML written to ../results/tuned_2d_LR/net_TOA/tol_alfa_095/tuned_phis_a095.yml

| Parameter         |   New Value |   Old Value |      Change |   Rel. Change |   Dist. from Ref. |
|-------------------+-------------+-------------+-------------+---------------+-------------------|
| RPRCON            |  1.0667e-03 |  1.4000e-03 | -3.3328e-04 |   -2.3805e-01 |       -2.3805e-01 |
| ENTRORG           |  1.8240e-03 |  1.7500e-03 |  7.4025e-05 |    4.2300e-02 |        4.2300e-02 |
| DETRPEN           |  6.2810e-05 |  7.5000e-05 | -1.2190e-05 |   -1.6253e-01 |       -1.6253e-01 |
| ENTRDD            |  1.3291e-04 |  3.0000e-04 | -1.6709e-04 |   -5.5697e-01 |       -5.5697e-01 |
| RMFDEPS           |  4.2305e-01 |  3.0000e-01 |  1.2305e-01 |    4.1017e-01 |        4.1017e-01 |
| RVICE             |  1.9042e-01 |  1.3000e-01 |  6.0415e-02 |    4.6473e-01 |        4.6473e-01 |
| RLCRITSNOW        |  9.3426e-06 |  2.0000e-05 | -1.0657e-05 |   -5.3287e-01 |       -5.3287e-01 |
| RSNOWLIN2         |  2.4196e-02 |  3.0000e-02 | -5.8035e-03 |   -1.9345e-01 |       -1.9345e-01 |
| RCLDIFF           |  3.4947e-06 |  6.0000e-06 | -2.5053e-06 |   -4.1755e-01 |       -4.1755e-01 |
| RCLDIFF_CONVI     |  9.6734e+00 |  1.0000e+01 | -3.2664e-01 |   -3.2664e-02 |       -3.2664e-02 |
| RDEPLIQREFRATE    |  3.1758e-01 |  5.0000e-01 | -1.8242e-01 |   -3.6483e-01 |       -3.6483e-01 |
| RDEPLIQREFDEPTH   |  6.4983e+02 |  5.0000e+02 |  1.4983e+02 |    2.9967e-01 |        2.9967e-01 |
| RCL_OVERLAPLIQICE |  8.2444e-01 |  6.5000e-01 |  1.7444e-01 |    2.6837e-01 |        2.6837e-01 |
| RCL_INHOMOGAUT    |  1.2155e+00 |  1.5000e+00 | -2.8449e-01 |   -1.8966e-01 |       -1.8966e-01 |
| RCL_INHOMOGACC    |  2.0414e+00 |  3.0000e+00 | -9.5862e-01 |   -3.1954e-01 |       -3.1954e-01 |
| RMINICE           |  8.8106e+01 |  6.0000e+01 |  2.8106e+01 |    4.6843e-01 |        4.6843e-01 |
2026-04-16 16:36:03 | ectuner |     INFO -> Diagnostic maps saved to ../results/tuned_2d_LR/net_TOA/tol_alfa_095/diagnostics_2d_phis_Global_a095.nc
Copia del file YAML inviata a ../results/tuned_2d_LR/net_TOA/tol_yaml_files
