2026-04-16 16:35:34 | ectuner |     INFO -> Loading 2D Data (Sensitivity, Reference, Base)...
   > Loading reference for net_toa from: climate_average_net_toa_CERES EBAF_r180x90_2000-2024.nc
--- Loading cached base maps for phis ---
2026-04-16 16:35:35 | ectuner |     INFO -> Generating spatial weights (Area * Region)...
2026-04-16 16:35:35 | ectuner |     INFO -> Variable net_toa: Initial Spatial RMSE (Weighted) = 11.3965
2026-04-16 16:35:35 | ectuner |     INFO -> Flattening data for fast optimization...
2026-04-16 16:35:35 | ectuner |     INFO -> DEBUG: Global Bias for net_toa in optimizer: 5.6259
2026-04-16 16:35:35 | ectuner |     INFO -> Starting 2D Optimization (dual_annealing)...
2026-04-16 16:36:20 | ectuner |     INFO -> 
==================== GLOBAL MEAN & ZONAL SUMMARY FROM 2D OPTIMIZATION ====================
2026-04-16 16:36:20 | ectuner |     INFO -> Variable     | Metric       |            Initial ->              Final | Status
2026-04-16 16:36:20 | ectuner |     INFO -> ------------------------------------------------------------------------------------------
2026-04-16 16:36:20 | ectuner |     INFO -> net_toa      | Global Bias |             5.6259 ->             0.0000 | IMPROVED
2026-04-16 16:36:20 | ectuner |     INFO ->              | Spatial RMSE  |            11.3965 ->             9.4944 | IMPROVED
2026-04-16 16:36:20 | ectuner |     INFO -> ------------------------------------------------------------------------------------------
2026-04-16 16:36:20 | ectuner |     INFO -> Structured tuning YAML written to ../results/tuned_2d_LR/net_TOA/tol_alfa_040/tuned_phis_a040.yml

| Parameter         |   New Value |   Old Value |      Change |   Rel. Change |   Dist. from Ref. |
|-------------------+-------------+-------------+-------------+---------------+-------------------|
| RPRCON            |  7.8280e-04 |  1.4000e-03 | -6.1720e-04 |   -4.4086e-01 |       -4.4086e-01 |
| ENTRORG           |  1.5764e-03 |  1.7500e-03 | -1.7355e-04 |   -9.9174e-02 |       -9.9174e-02 |
| DETRPEN           |  1.0853e-04 |  7.5000e-05 |  3.3532e-05 |    4.4709e-01 |        4.4709e-01 |
| ENTRDD            |  1.6980e-04 |  3.0000e-04 | -1.3020e-04 |   -4.3399e-01 |       -4.3399e-01 |
| RMFDEPS           |  3.8158e-01 |  3.0000e-01 |  8.1577e-02 |    2.7192e-01 |        2.7192e-01 |
| RVICE             |  2.0216e-01 |  1.3000e-01 |  7.2164e-02 |    5.5511e-01 |        5.5511e-01 |
| RLCRITSNOW        |  9.2959e-06 |  2.0000e-05 | -1.0704e-05 |   -5.3520e-01 |       -5.3520e-01 |
| RSNOWLIN2         |  1.6091e-02 |  3.0000e-02 | -1.3909e-02 |   -4.6365e-01 |       -4.6365e-01 |
| RCLDIFF           |  3.0643e-06 |  6.0000e-06 | -2.9357e-06 |   -4.8928e-01 |       -4.8928e-01 |
| RCLDIFF_CONVI     |  7.1271e+00 |  1.0000e+01 | -2.8729e+00 |   -2.8729e-01 |       -2.8729e-01 |
| RDEPLIQREFRATE    |  7.3739e-01 |  5.0000e-01 |  2.3739e-01 |    4.7479e-01 |        4.7479e-01 |
| RDEPLIQREFDEPTH   |  5.0119e+02 |  5.0000e+02 |  1.1871e+00 |    2.3742e-03 |        2.3742e-03 |
| RCL_OVERLAPLIQICE |  2.7845e-01 |  6.5000e-01 | -3.7155e-01 |   -5.7161e-01 |       -5.7161e-01 |
| RCL_INHOMOGAUT    |  1.1067e+00 |  1.5000e+00 | -3.9326e-01 |   -2.6218e-01 |       -2.6218e-01 |
| RCL_INHOMOGACC    |  2.1335e+00 |  3.0000e+00 | -8.6646e-01 |   -2.8882e-01 |       -2.8882e-01 |
| RMINICE           |  7.0706e+01 |  6.0000e+01 |  1.0706e+01 |    1.7843e-01 |        1.7843e-01 |
2026-04-16 16:36:20 | ectuner |     INFO -> Diagnostic maps saved to ../results/tuned_2d_LR/net_TOA/tol_alfa_040/diagnostics_2d_phis_Global_a04.nc
Copia del file YAML inviata a ../results/tuned_2d_LR/net_TOA/tol_yaml_files
