2026-04-16 16:35:32 | ectuner |     INFO -> Loading 2D Data (Sensitivity, Reference, Base)...
   > Loading reference for net_toa from: climate_average_net_toa_CERES EBAF_r180x90_2000-2024.nc
--- Loading cached base maps for phis ---
2026-04-16 16:35:33 | ectuner |     INFO -> Generating spatial weights (Area * Region)...
2026-04-16 16:35:33 | ectuner |     INFO -> Variable net_toa: Initial Spatial RMSE (Weighted) = 11.3965
2026-04-16 16:35:33 | ectuner |     INFO -> Flattening data for fast optimization...
2026-04-16 16:35:33 | ectuner |     INFO -> DEBUG: Global Bias for net_toa in optimizer: 5.6259
2026-04-16 16:35:33 | ectuner |     INFO -> Starting 2D Optimization (dual_annealing)...
2026-04-16 16:36:13 | ectuner |     INFO -> 
==================== GLOBAL MEAN & ZONAL SUMMARY FROM 2D OPTIMIZATION ====================
2026-04-16 16:36:13 | ectuner |     INFO -> Variable     | Metric       |            Initial ->              Final | Status
2026-04-16 16:36:13 | ectuner |     INFO -> ------------------------------------------------------------------------------------------
2026-04-16 16:36:13 | ectuner |     INFO -> net_toa      | Global Bias |             5.6259 ->            -0.0000 | IMPROVED
2026-04-16 16:36:13 | ectuner |     INFO ->              | Spatial RMSE  |            11.3965 ->             9.8455 | IMPROVED
2026-04-16 16:36:13 | ectuner |     INFO -> ------------------------------------------------------------------------------------------
2026-04-16 16:36:13 | ectuner |     INFO -> Structured tuning YAML written to ../results/tuned_2d_LR/net_TOA/tol_alfa_050/tuned_phis_a050.yml

| Parameter         |   New Value |   Old Value |      Change |   Rel. Change |   Dist. from Ref. |
|-------------------+-------------+-------------+-------------+---------------+-------------------|
| RPRCON            |  7.3620e-04 |  1.4000e-03 | -6.6380e-04 |   -4.7414e-01 |       -4.7414e-01 |
| ENTRORG           |  1.5771e-03 |  1.7500e-03 | -1.7291e-04 |   -9.8804e-02 |       -9.8804e-02 |
| DETRPEN           |  9.5048e-05 |  7.5000e-05 |  2.0048e-05 |    2.6731e-01 |        2.6731e-01 |
| ENTRDD            |  1.8405e-04 |  3.0000e-04 | -1.1595e-04 |   -3.8651e-01 |       -3.8651e-01 |
| RMFDEPS           |  4.4438e-01 |  3.0000e-01 |  1.4438e-01 |    4.8125e-01 |        4.8125e-01 |
| RVICE             |  1.4796e-01 |  1.3000e-01 |  1.7960e-02 |    1.3816e-01 |        1.3816e-01 |
| RLCRITSNOW        |  2.1553e-05 |  2.0000e-05 |  1.5526e-06 |    7.7629e-02 |        7.7629e-02 |
| RSNOWLIN2         |  1.2824e-02 |  3.0000e-02 | -1.7176e-02 |   -5.7254e-01 |       -5.7254e-01 |
| RCLDIFF           |  4.8158e-06 |  6.0000e-06 | -1.1842e-06 |   -1.9737e-01 |       -1.9737e-01 |
| RCLDIFF_CONVI     |  7.1598e+00 |  1.0000e+01 | -2.8402e+00 |   -2.8402e-01 |       -2.8402e-01 |
| RDEPLIQREFRATE    |  5.1519e-01 |  5.0000e-01 |  1.5186e-02 |    3.0371e-02 |        3.0371e-02 |
| RDEPLIQREFDEPTH   |  4.4314e+02 |  5.0000e+02 | -5.6861e+01 |   -1.1372e-01 |       -1.1372e-01 |
| RCL_OVERLAPLIQICE |  3.1605e-01 |  6.5000e-01 | -3.3395e-01 |   -5.1377e-01 |       -5.1377e-01 |
| RCL_INHOMOGAUT    |  1.5911e+00 |  1.5000e+00 |  9.1053e-02 |    6.0702e-02 |        6.0702e-02 |
| RCL_INHOMOGACC    |  1.5110e+00 |  3.0000e+00 | -1.4890e+00 |   -4.9633e-01 |       -4.9633e-01 |
| RMINICE           |  9.3134e+01 |  6.0000e+01 |  3.3134e+01 |    5.5223e-01 |        5.5223e-01 |
2026-04-16 16:36:13 | ectuner |     INFO -> Diagnostic maps saved to ../results/tuned_2d_LR/net_TOA/tol_alfa_050/diagnostics_2d_phis_Global_a05.nc
Copia del file YAML inviata a ../results/tuned_2d_LR/net_TOA/tol_yaml_files
