2026-04-16 16:35:34 | ectuner |     INFO -> Loading 2D Data (Sensitivity, Reference, Base)...
   > Loading reference for net_toa from: climate_average_net_toa_CERES EBAF_r180x90_2000-2024.nc
--- Loading cached base maps for phis ---
2026-04-16 16:35:35 | ectuner |     INFO -> Generating spatial weights (Area * Region)...
2026-04-16 16:35:35 | ectuner |     INFO -> Variable net_toa: Initial Spatial RMSE (Weighted) = 11.3965
2026-04-16 16:35:35 | ectuner |     INFO -> Flattening data for fast optimization...
2026-04-16 16:35:35 | ectuner |     INFO -> DEBUG: Global Bias for net_toa in optimizer: 5.6259
2026-04-16 16:35:35 | ectuner |     INFO -> Starting 2D Optimization (dual_annealing)...
2026-04-16 16:36:09 | ectuner |     INFO -> 
==================== GLOBAL MEAN & ZONAL SUMMARY FROM 2D OPTIMIZATION ====================
2026-04-16 16:36:09 | ectuner |     INFO -> Variable     | Metric       |            Initial ->              Final | Status
2026-04-16 16:36:09 | ectuner |     INFO -> ------------------------------------------------------------------------------------------
2026-04-16 16:36:09 | ectuner |     INFO -> net_toa      | Global Bias |             5.6259 ->            -0.0000 | IMPROVED
2026-04-16 16:36:09 | ectuner |     INFO ->              | Spatial RMSE  |            11.3965 ->             9.9924 | IMPROVED
2026-04-16 16:36:09 | ectuner |     INFO -> ------------------------------------------------------------------------------------------
2026-04-16 16:36:09 | ectuner |     INFO -> Structured tuning YAML written to ../results/tuned_2d_LR/net_TOA/tol_alfa_070/tuned_phis_a070.yml

| Parameter         |   New Value |   Old Value |      Change |   Rel. Change |   Dist. from Ref. |
|-------------------+-------------+-------------+-------------+---------------+-------------------|
| RPRCON            |  1.1560e-03 |  1.4000e-03 | -2.4396e-04 |   -1.7426e-01 |       -1.7426e-01 |
| ENTRORG           |  1.8938e-03 |  1.7500e-03 |  1.4379e-04 |    8.2166e-02 |        8.2166e-02 |
| DETRPEN           |  6.2268e-05 |  7.5000e-05 | -1.2732e-05 |   -1.6976e-01 |       -1.6976e-01 |
| ENTRDD            |  2.4341e-04 |  3.0000e-04 | -5.6585e-05 |   -1.8862e-01 |       -1.8862e-01 |
| RMFDEPS           |  4.1281e-01 |  3.0000e-01 |  1.1281e-01 |    3.7605e-01 |        3.7605e-01 |
| RVICE             |  1.8639e-01 |  1.3000e-01 |  5.6388e-02 |    4.3376e-01 |        4.3376e-01 |
| RLCRITSNOW        |  1.8969e-05 |  2.0000e-05 | -1.0312e-06 |   -5.1559e-02 |       -5.1559e-02 |
| RSNOWLIN2         |  1.8042e-02 |  3.0000e-02 | -1.1958e-02 |   -3.9861e-01 |       -3.9861e-01 |
| RCLDIFF           |  4.7801e-06 |  6.0000e-06 | -1.2199e-06 |   -2.0331e-01 |       -2.0331e-01 |
| RCLDIFF_CONVI     |  8.1517e+00 |  1.0000e+01 | -1.8483e+00 |   -1.8483e-01 |       -1.8483e-01 |
| RDEPLIQREFRATE    |  4.0363e-01 |  5.0000e-01 | -9.6372e-02 |   -1.9274e-01 |       -1.9274e-01 |
| RDEPLIQREFDEPTH   |  5.7852e+02 |  5.0000e+02 |  7.8520e+01 |    1.5704e-01 |        1.5704e-01 |
| RCL_OVERLAPLIQICE |  2.7436e-01 |  6.5000e-01 | -3.7564e-01 |   -5.7791e-01 |       -5.7791e-01 |
| RCL_INHOMOGAUT    |  1.7278e+00 |  1.5000e+00 |  2.2783e-01 |    1.5189e-01 |        1.5189e-01 |
| RCL_INHOMOGACC    |  1.9613e+00 |  3.0000e+00 | -1.0387e+00 |   -3.4622e-01 |       -3.4622e-01 |
| RMINICE           |  8.7347e+01 |  6.0000e+01 |  2.7347e+01 |    4.5578e-01 |        4.5578e-01 |
2026-04-16 16:36:10 | ectuner |     INFO -> Diagnostic maps saved to ../results/tuned_2d_LR/net_TOA/tol_alfa_070/diagnostics_2d_phis_Global_a07.nc
Copia del file YAML inviata a ../results/tuned_2d_LR/net_TOA/tol_yaml_files
