2026-04-16 16:35:45 | ectuner |     INFO -> Loading 2D Data (Sensitivity, Reference, Base)...
   > Loading reference for net_toa from: climate_average_net_toa_CERES EBAF_r180x90_2000-2024.nc
--- Loading cached base maps for phis ---
2026-04-16 16:35:46 | ectuner |     INFO -> Generating spatial weights (Area * Region)...
2026-04-16 16:35:46 | ectuner |     INFO -> Variable net_toa: Initial Spatial RMSE (Weighted) = 11.3965
2026-04-16 16:35:46 | ectuner |     INFO -> Flattening data for fast optimization...
2026-04-16 16:35:46 | ectuner |     INFO -> DEBUG: Global Bias for net_toa in optimizer: 5.6259
2026-04-16 16:35:46 | ectuner |     INFO -> Starting 2D Optimization (dual_annealing)...
2026-04-16 16:36:12 | ectuner |     INFO -> 
==================== GLOBAL MEAN & ZONAL SUMMARY FROM 2D OPTIMIZATION ====================
2026-04-16 16:36:12 | ectuner |     INFO -> Variable     | Metric       |            Initial ->              Final | Status
2026-04-16 16:36:12 | ectuner |     INFO -> ------------------------------------------------------------------------------------------
2026-04-16 16:36:12 | ectuner |     INFO -> net_toa      | Global Bias |             5.6259 ->            -0.0000 | IMPROVED
2026-04-16 16:36:12 | ectuner |     INFO ->              | Spatial RMSE  |            11.3965 ->            13.2474 | WORSENED
2026-04-16 16:36:12 | ectuner |     INFO -> ------------------------------------------------------------------------------------------
2026-04-16 16:36:12 | ectuner |     INFO -> Structured tuning YAML written to ../results/tuned_2d_LR/net_TOA/tol_alfa_100/tuned_phis_a100.yml

| Parameter         |   New Value |   Old Value |      Change |   Rel. Change |   Dist. from Ref. |
|-------------------+-------------+-------------+-------------+---------------+-------------------|
| RPRCON            |  1.3702e-03 |  1.4000e-03 | -2.9847e-05 |   -2.1319e-02 |       -2.1319e-02 |
| ENTRORG           |  2.7541e-03 |  1.7500e-03 |  1.0041e-03 |    5.7377e-01 |        5.7377e-01 |
| DETRPEN           |  1.1171e-04 |  7.5000e-05 |  3.6711e-05 |    4.8947e-01 |        4.8947e-01 |
| ENTRDD            |  2.2557e-04 |  3.0000e-04 | -7.4428e-05 |   -2.4809e-01 |       -2.4809e-01 |
| RMFDEPS           |  1.7185e-01 |  3.0000e-01 | -1.2815e-01 |   -4.2718e-01 |       -4.2718e-01 |
| RVICE             |  7.4467e-02 |  1.3000e-01 | -5.5533e-02 |   -4.2718e-01 |       -4.2718e-01 |
| RLCRITSNOW        |  1.0454e-05 |  2.0000e-05 | -9.5460e-06 |   -4.7730e-01 |       -4.7730e-01 |
| RSNOWLIN2         |  3.9881e-02 |  3.0000e-02 |  9.8808e-03 |    3.2936e-01 |        3.2936e-01 |
| RCLDIFF           |  4.8392e-06 |  6.0000e-06 | -1.1608e-06 |   -1.9347e-01 |       -1.9347e-01 |
| RCLDIFF_CONVI     |  9.7275e+00 |  1.0000e+01 | -2.7251e-01 |   -2.7251e-02 |       -2.7251e-02 |
| RDEPLIQREFRATE    |  4.6060e-01 |  5.0000e-01 | -3.9402e-02 |   -7.8804e-02 |       -7.8804e-02 |
| RDEPLIQREFDEPTH   |  3.8301e+02 |  5.0000e+02 | -1.1699e+02 |   -2.3399e-01 |       -2.3399e-01 |
| RCL_OVERLAPLIQICE |  9.0514e-01 |  6.5000e-01 |  2.5514e-01 |    3.9252e-01 |        3.9252e-01 |
| RCL_INHOMOGAUT    |  1.0303e+00 |  1.5000e+00 | -4.6966e-01 |   -3.1311e-01 |       -3.1311e-01 |
| RCL_INHOMOGACC    |  2.2485e+00 |  3.0000e+00 | -7.5153e-01 |   -2.5051e-01 |       -2.5051e-01 |
| RMINICE           |  4.8290e+01 |  6.0000e+01 | -1.1710e+01 |   -1.9517e-01 |       -1.9517e-01 |
2026-04-16 16:36:12 | ectuner |     INFO -> Diagnostic maps saved to ../results/tuned_2d_LR/net_TOA/tol_alfa_100/diagnostics_2d_phis_Global_a10.nc
Copia del file YAML inviata a ../results/tuned_2d_LR/net_TOA/tol_yaml_files
