2026-04-16 16:35:24 | ectuner |     INFO -> Loading 2D Data (Sensitivity, Reference, Base)...
   > Loading reference for net_toa from: climate_average_net_toa_CERES EBAF_r180x90_2000-2024.nc
--- Loading cached base maps for phis ---
2026-04-16 16:35:24 | ectuner |     INFO -> Generating spatial weights (Area * Region)...
2026-04-16 16:35:24 | ectuner |     INFO -> Variable net_toa: Initial Spatial RMSE (Weighted) = 11.3965
2026-04-16 16:35:24 | ectuner |     INFO -> Flattening data for fast optimization...
2026-04-16 16:35:25 | ectuner |     INFO -> DEBUG: Global Bias for net_toa in optimizer: 5.6259
2026-04-16 16:35:25 | ectuner |     INFO -> Starting 2D Optimization (dual_annealing)...
2026-04-16 16:36:04 | ectuner |     INFO -> 
==================== GLOBAL MEAN & ZONAL SUMMARY FROM 2D OPTIMIZATION ====================
2026-04-16 16:36:04 | ectuner |     INFO -> Variable     | Metric       |            Initial ->              Final | Status
2026-04-16 16:36:04 | ectuner |     INFO -> ------------------------------------------------------------------------------------------
2026-04-16 16:36:04 | ectuner |     INFO -> net_toa      | Global Bias |             5.6259 ->            -0.0000 | IMPROVED
2026-04-16 16:36:04 | ectuner |     INFO ->              | Spatial RMSE  |            11.3965 ->             9.4923 | IMPROVED
2026-04-16 16:36:04 | ectuner |     INFO -> ------------------------------------------------------------------------------------------
2026-04-16 16:36:04 | ectuner |     INFO -> Structured tuning YAML written to ../results/tuned_2d_LR/net_TOA/tol_alfa_030/tuned_phis_a030.yml

| Parameter         |   New Value |   Old Value |      Change |   Rel. Change |   Dist. from Ref. |
|-------------------+-------------+-------------+-------------+---------------+-------------------|
| RPRCON            |  7.4574e-04 |  1.4000e-03 | -6.5426e-04 |   -4.6733e-01 |       -4.6733e-01 |
| ENTRORG           |  1.4398e-03 |  1.7500e-03 | -3.1016e-04 |   -1.7724e-01 |       -1.7724e-01 |
| DETRPEN           |  1.0958e-04 |  7.5000e-05 |  3.4583e-05 |    4.6111e-01 |        4.6111e-01 |
| ENTRDD            |  1.6253e-04 |  3.0000e-04 | -1.3747e-04 |   -4.5822e-01 |       -4.5822e-01 |
| RMFDEPS           |  3.7060e-01 |  3.0000e-01 |  7.0597e-02 |    2.3532e-01 |        2.3532e-01 |
| RVICE             |  2.0378e-01 |  1.3000e-01 |  7.3784e-02 |    5.6757e-01 |        5.6757e-01 |
| RLCRITSNOW        |  8.2871e-06 |  2.0000e-05 | -1.1713e-05 |   -5.8564e-01 |       -5.8564e-01 |
| RSNOWLIN2         |  1.4814e-02 |  3.0000e-02 | -1.5186e-02 |   -5.0619e-01 |       -5.0619e-01 |
| RCLDIFF           |  5.1240e-06 |  6.0000e-06 | -8.7600e-07 |   -1.4600e-01 |       -1.4600e-01 |
| RCLDIFF_CONVI     |  9.3658e+00 |  1.0000e+01 | -6.3416e-01 |   -6.3416e-02 |       -6.3416e-02 |
| RDEPLIQREFRATE    |  6.3793e-01 |  5.0000e-01 |  1.3793e-01 |    2.7585e-01 |        2.7585e-01 |
| RDEPLIQREFDEPTH   |  4.8112e+02 |  5.0000e+02 | -1.8884e+01 |   -3.7767e-02 |       -3.7767e-02 |
| RCL_OVERLAPLIQICE |  2.9463e-01 |  6.5000e-01 | -3.5537e-01 |   -5.4672e-01 |       -5.4672e-01 |
| RCL_INHOMOGAUT    |  1.5808e+00 |  1.5000e+00 |  8.0754e-02 |    5.3836e-02 |        5.3836e-02 |
| RCL_INHOMOGACC    |  1.5146e+00 |  3.0000e+00 | -1.4854e+00 |   -4.9514e-01 |       -4.9514e-01 |
| RMINICE           |  9.0957e+01 |  6.0000e+01 |  3.0957e+01 |    5.1595e-01 |        5.1595e-01 |
2026-04-16 16:36:04 | ectuner |     INFO -> Diagnostic maps saved to ../results/tuned_2d_LR/net_TOA/tol_alfa_030/diagnostics_2d_phis_Global_a03.nc
Copia del file YAML inviata a ../results/tuned_2d_LR/net_TOA/tol_yaml_files
