2026-04-16 16:35:34 | ectuner |     INFO -> Loading 2D Data (Sensitivity, Reference, Base)...
   > Loading reference for net_toa from: climate_average_net_toa_CERES EBAF_r180x90_2000-2024.nc
--- Loading cached base maps for phis ---
2026-04-16 16:35:35 | ectuner |     INFO -> Generating spatial weights (Area * Region)...
2026-04-16 16:35:35 | ectuner |     INFO -> Variable net_toa: Initial Spatial RMSE (Weighted) = 11.3965
2026-04-16 16:35:35 | ectuner |     INFO -> Flattening data for fast optimization...
2026-04-16 16:35:35 | ectuner |     INFO -> DEBUG: Global Bias for net_toa in optimizer: 5.6259
2026-04-16 16:35:35 | ectuner |     INFO -> Starting 2D Optimization (dual_annealing)...
2026-04-16 16:36:04 | ectuner |     INFO -> 
==================== GLOBAL MEAN & ZONAL SUMMARY FROM 2D OPTIMIZATION ====================
2026-04-16 16:36:04 | ectuner |     INFO -> Variable     | Metric       |            Initial ->              Final | Status
2026-04-16 16:36:04 | ectuner |     INFO -> ------------------------------------------------------------------------------------------
2026-04-16 16:36:04 | ectuner |     INFO -> net_toa      | Global Bias |             5.6259 ->            -0.0000 | IMPROVED
2026-04-16 16:36:04 | ectuner |     INFO ->              | Spatial RMSE  |            11.3965 ->             9.9222 | IMPROVED
2026-04-16 16:36:04 | ectuner |     INFO -> ------------------------------------------------------------------------------------------
2026-04-16 16:36:04 | ectuner |     INFO -> Structured tuning YAML written to ../results/tuned_2d_LR/net_TOA/tol_alfa_080/tuned_phis_a080.yml

| Parameter         |   New Value |   Old Value |      Change |   Rel. Change |   Dist. from Ref. |
|-------------------+-------------+-------------+-------------+---------------+-------------------|
| RPRCON            |  8.7185e-04 |  1.4000e-03 | -5.2815e-04 |   -3.7725e-01 |       -3.7725e-01 |
| ENTRORG           |  2.1845e-03 |  1.7500e-03 |  4.3448e-04 |    2.4827e-01 |        2.4827e-01 |
| DETRPEN           |  7.0915e-05 |  7.5000e-05 | -4.0847e-06 |   -5.4462e-02 |       -5.4462e-02 |
| ENTRDD            |  3.7356e-04 |  3.0000e-04 |  7.3557e-05 |    2.4519e-01 |        2.4519e-01 |
| RMFDEPS           |  4.5257e-01 |  3.0000e-01 |  1.5257e-01 |    5.0857e-01 |        5.0857e-01 |
| RVICE             |  2.0215e-01 |  1.3000e-01 |  7.2149e-02 |    5.5499e-01 |        5.5499e-01 |
| RLCRITSNOW        |  9.3547e-06 |  2.0000e-05 | -1.0645e-05 |   -5.3227e-01 |       -5.3227e-01 |
| RSNOWLIN2         |  1.6040e-02 |  3.0000e-02 | -1.3960e-02 |   -4.6533e-01 |       -4.6533e-01 |
| RCLDIFF           |  4.3474e-06 |  6.0000e-06 | -1.6526e-06 |   -2.7543e-01 |       -2.7543e-01 |
| RCLDIFF_CONVI     |  8.9655e+00 |  1.0000e+01 | -1.0345e+00 |   -1.0345e-01 |       -1.0345e-01 |
| RDEPLIQREFRATE    |  2.7414e-01 |  5.0000e-01 | -2.2586e-01 |   -4.5171e-01 |       -4.5171e-01 |
| RDEPLIQREFDEPTH   |  4.9668e+02 |  5.0000e+02 | -3.3205e+00 |   -6.6410e-03 |       -6.6410e-03 |
| RCL_OVERLAPLIQICE |  4.1172e-01 |  6.5000e-01 | -2.3828e-01 |   -3.6658e-01 |       -3.6658e-01 |
| RCL_INHOMOGAUT    |  1.0752e+00 |  1.5000e+00 | -4.2475e-01 |   -2.8317e-01 |       -2.8317e-01 |
| RCL_INHOMOGACC    |  3.1234e+00 |  3.0000e+00 |  1.2343e-01 |    4.1143e-02 |        4.1143e-02 |
| RMINICE           |  9.2513e+01 |  6.0000e+01 |  3.2513e+01 |    5.4189e-01 |        5.4189e-01 |
2026-04-16 16:36:04 | ectuner |     INFO -> Diagnostic maps saved to ../results/tuned_2d_LR/net_TOA/tol_alfa_080/diagnostics_2d_phis_Global_a08.nc
Copia del file YAML inviata a ../results/tuned_2d_LR/net_TOA/tol_yaml_files
