2026-04-16 16:35:34 | ectuner |     INFO -> Loading 2D Data (Sensitivity, Reference, Base)...
   > Loading reference for net_toa from: climate_average_net_toa_CERES EBAF_r180x90_2000-2024.nc
--- Loading cached base maps for phis ---
2026-04-16 16:35:35 | ectuner |     INFO -> Generating spatial weights (Area * Region)...
2026-04-16 16:35:35 | ectuner |     INFO -> Variable net_toa: Initial Spatial RMSE (Weighted) = 11.3965
2026-04-16 16:35:35 | ectuner |     INFO -> Flattening data for fast optimization...
2026-04-16 16:35:35 | ectuner |     INFO -> DEBUG: Global Bias for net_toa in optimizer: 5.6259
2026-04-16 16:35:35 | ectuner |     INFO -> Starting 2D Optimization (dual_annealing)...
2026-04-16 16:35:58 | ectuner |     INFO -> 
==================== GLOBAL MEAN & ZONAL SUMMARY FROM 2D OPTIMIZATION ====================
2026-04-16 16:35:58 | ectuner |     INFO -> Variable     | Metric       |            Initial ->              Final | Status
2026-04-16 16:35:58 | ectuner |     INFO -> ------------------------------------------------------------------------------------------
2026-04-16 16:35:58 | ectuner |     INFO -> net_toa      | Global Bias |             5.6259 ->            -0.0002 | IMPROVED
2026-04-16 16:35:58 | ectuner |     INFO ->              | Spatial RMSE  |            11.3965 ->             9.8580 | IMPROVED
2026-04-16 16:35:58 | ectuner |     INFO -> ------------------------------------------------------------------------------------------
2026-04-16 16:35:58 | ectuner |     INFO -> Structured tuning YAML written to ../results/tuned_2d_LR/net_TOA/tol_alfa_060/tuned_phis_a060.yml

| Parameter         |   New Value |   Old Value |      Change |   Rel. Change |   Dist. from Ref. |
|-------------------+-------------+-------------+-------------+---------------+-------------------|
| RPRCON            |  8.0305e-04 |  1.4000e-03 | -5.9695e-04 |   -4.2639e-01 |       -4.2639e-01 |
| ENTRORG           |  1.7237e-03 |  1.7500e-03 | -2.6339e-05 |   -1.5051e-02 |       -1.5051e-02 |
| DETRPEN           |  9.2540e-05 |  7.5000e-05 |  1.7540e-05 |    2.3387e-01 |        2.3387e-01 |
| ENTRDD            |  1.4954e-04 |  3.0000e-04 | -1.5046e-04 |   -5.0154e-01 |       -5.0154e-01 |
| RMFDEPS           |  4.5594e-01 |  3.0000e-01 |  1.5594e-01 |    5.1980e-01 |        5.1980e-01 |
| RVICE             |  1.7283e-01 |  1.3000e-01 |  4.2830e-02 |    3.2946e-01 |        3.2946e-01 |
| RLCRITSNOW        |  1.1980e-05 |  2.0000e-05 | -8.0196e-06 |   -4.0098e-01 |       -4.0098e-01 |
| RSNOWLIN2         |  2.2094e-02 |  3.0000e-02 | -7.9057e-03 |   -2.6352e-01 |       -2.6352e-01 |
| RCLDIFF           |  5.9958e-06 |  6.0000e-06 | -4.2353e-09 |   -7.0589e-04 |       -7.0589e-04 |
| RCLDIFF_CONVI     |  9.1211e+00 |  1.0000e+01 | -8.7890e-01 |   -8.7890e-02 |       -8.7890e-02 |
| RDEPLIQREFRATE    |  5.9757e-01 |  5.0000e-01 |  9.7570e-02 |    1.9514e-01 |        1.9514e-01 |
| RDEPLIQREFDEPTH   |  7.4359e+02 |  5.0000e+02 |  2.4359e+02 |    4.8718e-01 |        4.8718e-01 |
| RCL_OVERLAPLIQICE |  2.6585e-01 |  6.5000e-01 | -3.8415e-01 |   -5.9100e-01 |       -5.9100e-01 |
| RCL_INHOMOGAUT    |  2.0774e+00 |  1.5000e+00 |  5.7744e-01 |    3.8496e-01 |        3.8496e-01 |
| RCL_INHOMOGACC    |  1.5507e+00 |  3.0000e+00 | -1.4493e+00 |   -4.8309e-01 |       -4.8309e-01 |
| RMINICE           |  8.9209e+01 |  6.0000e+01 |  2.9209e+01 |    4.8682e-01 |        4.8682e-01 |
2026-04-16 16:35:58 | ectuner |     INFO -> Diagnostic maps saved to ../results/tuned_2d_LR/net_TOA/tol_alfa_060/diagnostics_2d_phis_Global_a06.nc
Copia del file YAML inviata a ../results/tuned_2d_LR/net_TOA/tol_yaml_files
