2026-04-16 16:35:24 | ectuner |     INFO -> Loading 2D Data (Sensitivity, Reference, Base)...
   > Loading reference for net_toa from: climate_average_net_toa_CERES EBAF_r180x90_2000-2024.nc
--- Loading cached base maps for phis ---
2026-04-16 16:35:24 | ectuner |     INFO -> Generating spatial weights (Area * Region)...
2026-04-16 16:35:24 | ectuner |     INFO -> Variable net_toa: Initial Spatial RMSE (Weighted) = 11.3965
2026-04-16 16:35:24 | ectuner |     INFO -> Flattening data for fast optimization...
2026-04-16 16:35:25 | ectuner |     INFO -> DEBUG: Global Bias for net_toa in optimizer: 5.6259
2026-04-16 16:35:25 | ectuner |     INFO -> Starting 2D Optimization (dual_annealing)...
2026-04-16 16:36:46 | ectuner |     INFO -> 
==================== GLOBAL MEAN & ZONAL SUMMARY FROM 2D OPTIMIZATION ====================
2026-04-16 16:36:46 | ectuner |     INFO -> Variable     | Metric       |            Initial ->              Final | Status
2026-04-16 16:36:46 | ectuner |     INFO -> ------------------------------------------------------------------------------------------
2026-04-16 16:36:46 | ectuner |     INFO -> net_toa      | Global Bias |             5.6259 ->             0.0000 | IMPROVED
2026-04-16 16:36:46 | ectuner |     INFO ->              | Spatial RMSE  |            11.3965 ->             9.3006 | IMPROVED
2026-04-16 16:36:46 | ectuner |     INFO -> ------------------------------------------------------------------------------------------
2026-04-16 16:36:46 | ectuner |     INFO -> Structured tuning YAML written to ../results/tuned_2d_LR/net_TOA/tol_alfa_020/tuned_phis_a020.yml

| Parameter         |   New Value |   Old Value |      Change |   Rel. Change |   Dist. from Ref. |
|-------------------+-------------+-------------+-------------+---------------+-------------------|
| RPRCON            |  6.7126e-04 |  1.4000e-03 | -7.2874e-04 |   -5.2053e-01 |       -5.2053e-01 |
| ENTRORG           |  1.2360e-03 |  1.7500e-03 | -5.1402e-04 |   -2.9373e-01 |       -2.9373e-01 |
| DETRPEN           |  1.1500e-04 |  7.5000e-05 |  4.0002e-05 |    5.3336e-01 |        5.3336e-01 |
| ENTRDD            |  1.6217e-04 |  3.0000e-04 | -1.3783e-04 |   -4.5942e-01 |       -4.5942e-01 |
| RMFDEPS           |  4.5317e-01 |  3.0000e-01 |  1.5317e-01 |    5.1058e-01 |        5.1058e-01 |
| RVICE             |  2.0790e-01 |  1.3000e-01 |  7.7901e-02 |    5.9924e-01 |        5.9924e-01 |
| RLCRITSNOW        |  8.0000e-06 |  2.0000e-05 | -1.2000e-05 |   -6.0000e-01 |       -6.0000e-01 |
| RSNOWLIN2         |  1.2601e-02 |  3.0000e-02 | -1.7399e-02 |   -5.7995e-01 |       -5.7995e-01 |
| RCLDIFF           |  2.8202e-06 |  6.0000e-06 | -3.1798e-06 |   -5.2997e-01 |       -5.2997e-01 |
| RCLDIFF_CONVI     |  7.1763e+00 |  1.0000e+01 | -2.8237e+00 |   -2.8237e-01 |       -2.8237e-01 |
| RDEPLIQREFRATE    |  5.6893e-01 |  5.0000e-01 |  6.8935e-02 |    1.3787e-01 |        1.3787e-01 |
| RDEPLIQREFDEPTH   |  4.2035e+02 |  5.0000e+02 | -7.9654e+01 |   -1.5931e-01 |       -1.5931e-01 |
| RCL_OVERLAPLIQICE |  2.6024e-01 |  6.5000e-01 | -3.8976e-01 |   -5.9963e-01 |       -5.9963e-01 |
| RCL_INHOMOGAUT    |  9.1536e-01 |  1.5000e+00 | -5.8464e-01 |   -3.8976e-01 |       -3.8976e-01 |
| RCL_INHOMOGACC    |  1.9725e+00 |  3.0000e+00 | -1.0275e+00 |   -3.4249e-01 |       -3.4249e-01 |
| RMINICE           |  9.5647e+01 |  6.0000e+01 |  3.5647e+01 |    5.9412e-01 |        5.9412e-01 |
2026-04-16 16:36:46 | ectuner |     INFO -> Diagnostic maps saved to ../results/tuned_2d_LR/net_TOA/tol_alfa_020/diagnostics_2d_phis_Global_a02.nc
Copia del file YAML inviata a ../results/tuned_2d_LR/net_TOA/tol_yaml_files
