2026-04-15 14:24:15 | ectuner |     INFO -> Loading 2D Data (Sensitivity, Reference, Base)...
   > Loading reference for net_toa from: climate_average_net_toa_CERES EBAF_r180x90_2000-2024.nc
--- Loading cached base maps for phis ---
2026-04-15 14:24:15 | ectuner |     INFO -> Generating spatial weights (Area * Region)...
2026-04-15 14:24:15 | ectuner |     INFO -> Variable net_toa: Initial Spatial RMSE (Weighted) = 11.3965
2026-04-15 14:24:15 | ectuner |     INFO -> Flattening data for fast optimization...
2026-04-15 14:24:15 | ectuner |     INFO -> DEBUG: Global Bias for net_toa in optimizer: 5.6259
2026-04-15 14:24:15 | ectuner |     INFO -> Starting 2D Optimization (dual_annealing)...
2026-04-15 14:24:46 | ectuner |     INFO -> 
==================== GLOBAL MEAN & ZONAL SUMMARY FROM 2D OPTIMIZATION ====================
2026-04-15 14:24:46 | ectuner |     INFO -> Variable     | Metric       |            Initial ->              Final | Status
2026-04-15 14:24:46 | ectuner |     INFO -> ------------------------------------------------------------------------------------------
2026-04-15 14:24:46 | ectuner |     INFO -> net_toa      | Global Bias |             5.6259 ->             0.4051 | IMPROVED
2026-04-15 14:24:46 | ectuner |     INFO ->              | Spatial RMSE  |            11.3965 ->             9.1870 | IMPROVED
2026-04-15 14:24:46 | ectuner |     INFO -> ------------------------------------------------------------------------------------------
2026-04-15 14:24:46 | ectuner |     INFO -> Structured tuning YAML written to ../results/tuned_2d_LR/net_TOA/alfa_08/tuned_phis_2000_2017_2D_a08.yml

| Parameter         |   New Value |   Old Value |      Change |   Rel. Change |   Dist. from Ref. |
|-------------------+-------------+-------------+-------------+---------------+-------------------|
| RPRCON            |  5.6000e-04 |  1.4000e-03 | -8.4000e-04 |   -6.0000e-01 |       -6.0000e-01 |
| ENTRORG           |  1.4492e-03 |  1.7500e-03 | -3.0081e-04 |   -1.7189e-01 |       -1.7189e-01 |
| DETRPEN           |  1.0267e-04 |  7.5000e-05 |  2.7669e-05 |    3.6892e-01 |        3.6892e-01 |
| ENTRDD            |  1.5074e-04 |  3.0000e-04 | -1.4926e-04 |   -4.9753e-01 |       -4.9753e-01 |
| RMFDEPS           |  4.7273e-01 |  3.0000e-01 |  1.7273e-01 |    5.7577e-01 |        5.7577e-01 |
| RVICE             |  2.0800e-01 |  1.3000e-01 |  7.8000e-02 |    6.0000e-01 |        6.0000e-01 |
| RLCRITSNOW        |  8.0000e-06 |  2.0000e-05 | -1.2000e-05 |   -6.0000e-01 |       -6.0000e-01 |
| RSNOWLIN2         |  1.2009e-02 |  3.0000e-02 | -1.7991e-02 |   -5.9970e-01 |       -5.9970e-01 |
| RCLDIFF           |  2.6930e-06 |  6.0000e-06 | -3.3070e-06 |   -5.5116e-01 |       -5.5116e-01 |
| RCLDIFF_CONVI     |  7.0886e+00 |  1.0000e+01 | -2.9114e+00 |   -2.9114e-01 |       -2.9114e-01 |
| RDEPLIQREFRATE    |  5.7078e-01 |  5.0000e-01 |  7.0775e-02 |    1.4155e-01 |        1.4155e-01 |
| RDEPLIQREFDEPTH   |  4.4013e+02 |  5.0000e+02 | -5.9874e+01 |   -1.1975e-01 |       -1.1975e-01 |
| RCL_OVERLAPLIQICE |  2.6000e-01 |  6.5000e-01 | -3.9000e-01 |   -6.0000e-01 |       -6.0000e-01 |
| RCL_INHOMOGAUT    |  6.9894e-01 |  1.5000e+00 | -8.0106e-01 |   -5.3404e-01 |       -5.3404e-01 |
| RCL_INHOMOGACC    |  2.7757e+00 |  3.0000e+00 | -2.2431e-01 |   -7.4770e-02 |       -7.4770e-02 |
| RMINICE           |  9.3429e+01 |  6.0000e+01 |  3.3429e+01 |    5.5716e-01 |        5.5716e-01 |
2026-04-15 14:24:46 | ectuner |     INFO -> Diagnostic maps saved to /ec/res4/hpcperm/ecme3038/ecearth/ecearth4/ECtuner/mari/results/tuned_2d_LR/net_TOA/alfa_08/diagnostics_2d_phis_Global_a08.nc
