2026-04-16 09:58:34 | ectuner |     INFO -> Loading 2D Data (Sensitivity, Reference, Base)...
   > Loading reference for net_toa from: climate_average_net_toa_CERES EBAF_r180x90_2000-2024.nc
--- Loading cached base maps for phis ---
2026-04-16 09:58:34 | ectuner |     INFO -> Generating spatial weights (Area * Region)...
2026-04-16 09:58:34 | ectuner |     INFO -> Variable net_toa: Initial Spatial RMSE (Weighted) = 11.3965
2026-04-16 09:58:34 | ectuner |     INFO -> Flattening data for fast optimization...
2026-04-16 09:58:35 | ectuner |     INFO -> DEBUG: Global Bias for net_toa in optimizer: 5.6259
2026-04-16 09:58:35 | ectuner |     INFO -> Starting 2D Optimization (dual_annealing)...
2026-04-16 09:59:10 | ectuner |     INFO -> 
==================== GLOBAL MEAN & ZONAL SUMMARY FROM 2D OPTIMIZATION ====================
2026-04-16 09:59:10 | ectuner |     INFO -> Variable     | Metric       |            Initial ->              Final | Status
2026-04-16 09:59:10 | ectuner |     INFO -> ------------------------------------------------------------------------------------------
2026-04-16 09:59:10 | ectuner |     INFO -> net_toa      | Global Bias |             5.6259 ->            -0.0000 | IMPROVED
2026-04-16 09:59:10 | ectuner |     INFO ->              | Spatial RMSE  |            11.3965 ->             9.6735 | IMPROVED
2026-04-16 09:59:10 | ectuner |     INFO -> ------------------------------------------------------------------------------------------
2026-04-16 09:59:10 | ectuner |     INFO -> Structured tuning YAML written to ../results/tuned_2d_LR/net_TOA/new_alfa_065/tuned_phis_a065.yml

| Parameter         |   New Value |   Old Value |      Change |   Rel. Change |   Dist. from Ref. |
|-------------------+-------------+-------------+-------------+---------------+-------------------|
| RPRCON            |  6.3708e-04 |  1.4000e-03 | -7.6292e-04 |   -5.4494e-01 |       -5.4494e-01 |
| ENTRORG           |  1.6436e-03 |  1.7500e-03 | -1.0638e-04 |   -6.0788e-02 |       -6.0788e-02 |
| DETRPEN           |  6.1424e-05 |  7.5000e-05 | -1.3576e-05 |   -1.8102e-01 |       -1.8102e-01 |
| ENTRDD            |  3.5853e-04 |  3.0000e-04 |  5.8532e-05 |    1.9511e-01 |        1.9511e-01 |
| RMFDEPS           |  4.2706e-01 |  3.0000e-01 |  1.2706e-01 |    4.2353e-01 |        4.2353e-01 |
| RVICE             |  2.0581e-01 |  1.3000e-01 |  7.5812e-02 |    5.8317e-01 |        5.8317e-01 |
| RLCRITSNOW        |  9.0453e-06 |  2.0000e-05 | -1.0955e-05 |   -5.4773e-01 |       -5.4773e-01 |
| RSNOWLIN2         |  1.3812e-02 |  3.0000e-02 | -1.6188e-02 |   -5.3959e-01 |       -5.3959e-01 |
| RCLDIFF           |  4.1698e-06 |  6.0000e-06 | -1.8302e-06 |   -3.0503e-01 |       -3.0503e-01 |
| RCLDIFF_CONVI     |  5.1872e+00 |  1.0000e+01 | -4.8128e+00 |   -4.8128e-01 |       -4.8128e-01 |
| RDEPLIQREFRATE    |  4.5002e-01 |  5.0000e-01 | -4.9984e-02 |   -9.9968e-02 |       -9.9968e-02 |
| RDEPLIQREFDEPTH   |  6.5035e+02 |  5.0000e+02 |  1.5035e+02 |    3.0070e-01 |        3.0070e-01 |
| RCL_OVERLAPLIQICE |  2.9015e-01 |  6.5000e-01 | -3.5985e-01 |   -5.5362e-01 |       -5.5362e-01 |
| RCL_INHOMOGAUT    |  9.7224e-01 |  1.5000e+00 | -5.2776e-01 |   -3.5184e-01 |       -3.5184e-01 |
| RCL_INHOMOGACC    |  2.0425e+00 |  3.0000e+00 | -9.5750e-01 |   -3.1917e-01 |       -3.1917e-01 |
| RMINICE           |  7.8172e+01 |  6.0000e+01 |  1.8172e+01 |    3.0286e-01 |        3.0286e-01 |
2026-04-16 09:59:10 | ectuner |     INFO -> Diagnostic maps saved to ../results/tuned_2d_LR/net_TOA/new_alfa_065/diagnostics_2d_phis_Global_a065.nc
Copia del file YAML inviata a ../results/tuned_2d_LR/net_TOA/new_yaml_files
