2026-04-16 16:35:04 | ectuner |     INFO -> Loading 2D Data (Sensitivity, Reference, Base)...
   > Loading reference for net_toa from: climate_average_net_toa_CERES EBAF_r180x90_2000-2024.nc
--- Loading cached base maps for phis ---
2026-04-16 16:35:04 | ectuner |     INFO -> Generating spatial weights (Area * Region)...
2026-04-16 16:35:04 | ectuner |     INFO -> Variable net_toa: Initial Spatial RMSE (Weighted) = 11.3965
2026-04-16 16:35:04 | ectuner |     INFO -> Flattening data for fast optimization...
2026-04-16 16:35:05 | ectuner |     INFO -> DEBUG: Global Bias for net_toa in optimizer: 5.6259
2026-04-16 16:35:05 | ectuner |     INFO -> Starting 2D Optimization (dual_annealing)...
2026-04-16 16:37:01 | ectuner |     INFO -> 
==================== GLOBAL MEAN & ZONAL SUMMARY FROM 2D OPTIMIZATION ====================
2026-04-16 16:37:01 | ectuner |     INFO -> Variable     | Metric       |            Initial ->              Final | Status
2026-04-16 16:37:01 | ectuner |     INFO -> ------------------------------------------------------------------------------------------
2026-04-16 16:37:01 | ectuner |     INFO -> net_toa      | Global Bias |             5.6259 ->             1.6117 | IMPROVED
2026-04-16 16:37:01 | ectuner |     INFO ->              | Spatial RMSE  |            11.3965 ->             9.0812 | IMPROVED
2026-04-16 16:37:01 | ectuner |     INFO -> ------------------------------------------------------------------------------------------
2026-04-16 16:37:01 | ectuner |     INFO -> Structured tuning YAML written to ../results/tuned_2d_LR/net_TOA/tol_alfa_000/tuned_phis_a000.yml

| Parameter         |   New Value |   Old Value |      Change |   Rel. Change |   Dist. from Ref. |
|-------------------+-------------+-------------+-------------+---------------+-------------------|
| RPRCON            |  5.7051e-04 |  1.4000e-03 | -8.2949e-04 |   -5.9249e-01 |       -5.9249e-01 |
| ENTRORG           |  1.4221e-03 |  1.7500e-03 | -3.2794e-04 |   -1.8740e-01 |       -1.8740e-01 |
| DETRPEN           |  1.0569e-04 |  7.5000e-05 |  3.0691e-05 |    4.0921e-01 |        4.0921e-01 |
| ENTRDD            |  1.7453e-04 |  3.0000e-04 | -1.2547e-04 |   -4.1823e-01 |       -4.1823e-01 |
| RMFDEPS           |  4.7660e-01 |  3.0000e-01 |  1.7660e-01 |    5.8866e-01 |        5.8866e-01 |
| RVICE             |  2.0778e-01 |  1.3000e-01 |  7.7777e-02 |    5.9829e-01 |        5.9829e-01 |
| RLCRITSNOW        |  8.0497e-06 |  2.0000e-05 | -1.1950e-05 |   -5.9752e-01 |       -5.9752e-01 |
| RSNOWLIN2         |  1.2231e-02 |  3.0000e-02 | -1.7769e-02 |   -5.9231e-01 |       -5.9231e-01 |
| RCLDIFF           |  3.0447e-06 |  6.0000e-06 | -2.9553e-06 |   -4.9255e-01 |       -4.9255e-01 |
| RCLDIFF_CONVI     |  7.7070e+00 |  1.0000e+01 | -2.2930e+00 |   -2.2930e-01 |       -2.2930e-01 |
| RDEPLIQREFRATE    |  5.8598e-01 |  5.0000e-01 |  8.5982e-02 |    1.7196e-01 |        1.7196e-01 |
| RDEPLIQREFDEPTH   |  4.6835e+02 |  5.0000e+02 | -3.1651e+01 |   -6.3301e-02 |       -6.3301e-02 |
| RCL_OVERLAPLIQICE |  2.6004e-01 |  6.5000e-01 | -3.8996e-01 |   -5.9993e-01 |       -5.9993e-01 |
| RCL_INHOMOGAUT    |  8.6962e-01 |  1.5000e+00 | -6.3038e-01 |   -4.2026e-01 |       -4.2026e-01 |
| RCL_INHOMOGACC    |  3.1149e+00 |  3.0000e+00 |  1.1490e-01 |    3.8299e-02 |        3.8299e-02 |
| RMINICE           |  8.6740e+01 |  6.0000e+01 |  2.6740e+01 |    4.4566e-01 |        4.4566e-01 |
2026-04-16 16:37:02 | ectuner |     INFO -> Diagnostic maps saved to ../results/tuned_2d_LR/net_TOA/tol_alfa_000/diagnostics_2d_phis_Global_a0.nc
Copia del file YAML inviata a ../results/tuned_2d_LR/net_TOA/tol_yaml_files
