2026-04-16 16:35:04 | ectuner |     INFO -> Loading 2D Data (Sensitivity, Reference, Base)...
   > Loading reference for net_toa from: climate_average_net_toa_CERES EBAF_r180x90_2000-2024.nc
--- Loading cached base maps for phis ---
2026-04-16 16:35:04 | ectuner |     INFO -> Generating spatial weights (Area * Region)...
2026-04-16 16:35:04 | ectuner |     INFO -> Variable net_toa: Initial Spatial RMSE (Weighted) = 11.3965
2026-04-16 16:35:04 | ectuner |     INFO -> Flattening data for fast optimization...
2026-04-16 16:35:05 | ectuner |     INFO -> DEBUG: Global Bias for net_toa in optimizer: 5.6259
2026-04-16 16:35:05 | ectuner |     INFO -> Starting 2D Optimization (dual_annealing)...
2026-04-16 16:37:16 | ectuner |     INFO -> 
==================== GLOBAL MEAN & ZONAL SUMMARY FROM 2D OPTIMIZATION ====================
2026-04-16 16:37:16 | ectuner |     INFO -> Variable     | Metric       |            Initial ->              Final | Status
2026-04-16 16:37:16 | ectuner |     INFO -> ------------------------------------------------------------------------------------------
2026-04-16 16:37:16 | ectuner |     INFO -> net_toa      | Global Bias |             5.6259 ->             0.8487 | IMPROVED
2026-04-16 16:37:16 | ectuner |     INFO ->              | Spatial RMSE  |            11.3965 ->             9.1237 | IMPROVED
2026-04-16 16:37:16 | ectuner |     INFO -> ------------------------------------------------------------------------------------------
2026-04-16 16:37:16 | ectuner |     INFO -> Structured tuning YAML written to ../results/tuned_2d_LR/net_TOA/tol_alfa_010/tuned_phis_a010.yml

| Parameter         |   New Value |   Old Value |      Change |   Rel. Change |   Dist. from Ref. |
|-------------------+-------------+-------------+-------------+---------------+-------------------|
| RPRCON            |  5.6323e-04 |  1.4000e-03 | -8.3677e-04 |   -5.9769e-01 |       -5.9769e-01 |
| ENTRORG           |  1.4598e-03 |  1.7500e-03 | -2.9016e-04 |   -1.6580e-01 |       -1.6580e-01 |
| DETRPEN           |  1.0308e-04 |  7.5000e-05 |  2.8085e-05 |    3.7446e-01 |        3.7446e-01 |
| ENTRDD            |  1.6149e-04 |  3.0000e-04 | -1.3851e-04 |   -4.6171e-01 |       -4.6171e-01 |
| RMFDEPS           |  4.7662e-01 |  3.0000e-01 |  1.7662e-01 |    5.8872e-01 |        5.8872e-01 |
| RVICE             |  2.0786e-01 |  1.3000e-01 |  7.7864e-02 |    5.9895e-01 |        5.9895e-01 |
| RLCRITSNOW        |  8.0357e-06 |  2.0000e-05 | -1.1964e-05 |   -5.9821e-01 |       -5.9821e-01 |
| RSNOWLIN2         |  1.2088e-02 |  3.0000e-02 | -1.7912e-02 |   -5.9707e-01 |       -5.9707e-01 |
| RCLDIFF           |  2.8553e-06 |  6.0000e-06 | -3.1447e-06 |   -5.2412e-01 |       -5.2412e-01 |
| RCLDIFF_CONVI     |  7.4180e+00 |  1.0000e+01 | -2.5820e+00 |   -2.5820e-01 |       -2.5820e-01 |
| RDEPLIQREFRATE    |  5.7247e-01 |  5.0000e-01 |  7.2473e-02 |    1.4495e-01 |        1.4495e-01 |
| RDEPLIQREFDEPTH   |  4.4703e+02 |  5.0000e+02 | -5.2973e+01 |   -1.0595e-01 |       -1.0595e-01 |
| RCL_OVERLAPLIQICE |  2.6004e-01 |  6.5000e-01 | -3.8996e-01 |   -5.9994e-01 |       -5.9994e-01 |
| RCL_INHOMOGAUT    |  7.5777e-01 |  1.5000e+00 | -7.4223e-01 |   -4.9482e-01 |       -4.9482e-01 |
| RCL_INHOMOGACC    |  2.9404e+00 |  3.0000e+00 | -5.9576e-02 |   -1.9859e-02 |       -1.9859e-02 |
| RMINICE           |  9.0572e+01 |  6.0000e+01 |  3.0572e+01 |    5.0953e-01 |        5.0953e-01 |
2026-04-16 16:37:16 | ectuner |     INFO -> Diagnostic maps saved to ../results/tuned_2d_LR/net_TOA/tol_alfa_010/diagnostics_2d_phis_Global_a01.nc
Copia del file YAML inviata a ../results/tuned_2d_LR/net_TOA/tol_yaml_files
