2026-04-24 14:31:46 | ectuner |     INFO -> Loading 2D Data (Sensitivity, Reference, Base)...
   > Loading reference for lwcf from: climate_average_lwcf_CERES EBAF_r180x90_2000-2024.nc
   > Loading reference for net_toa from: climate_average_net_toa_CERES EBAF_r180x90_2000-2024.nc
--- Loading cached base maps for phis ---
2026-04-24 14:31:47 | ectuner |     INFO -> Generating spatial weights (Area * Region)...
2026-04-24 14:31:47 | ectuner |     INFO -> Variable lwcf: Initial Spatial RMSE (Weighted) = 7.7684
2026-04-24 14:31:47 | ectuner |     INFO -> Variable net_toa: Initial Spatial RMSE (Weighted) = 11.3965
2026-04-24 14:31:47 | ectuner |     INFO -> Flattening data for fast optimization...
2026-04-24 14:31:47 | ectuner |     INFO -> DEBUG: Global Bias for lwcf in optimizer: -2.7092
2026-04-24 14:31:47 | ectuner |     INFO -> DEBUG: Global Bias for net_toa in optimizer: 5.6259
2026-04-24 14:31:47 | ectuner |     INFO -> Starting 2D Optimization (dual_annealing)...
2026-04-24 14:32:49 | ectuner |     INFO -> 
==================== GLOBAL MEAN & ZONAL SUMMARY FROM 2D OPTIMIZATION ====================
2026-04-24 14:32:49 | ectuner |     INFO -> Variable     | Metric       |            Initial ->              Final | Status
2026-04-24 14:32:49 | ectuner |     INFO -> ------------------------------------------------------------------------------------------
2026-04-24 14:32:49 | ectuner |     INFO -> lwcf         | Global Bias |            -2.7092 ->            -0.9822 | IMPROVED
2026-04-24 14:32:49 | ectuner |     INFO ->              | Spatial RMSE  |             7.7684 ->             6.3771 | IMPROVED
2026-04-24 14:32:49 | ectuner |     INFO -> ------------------------------------------------------------------------------------------
2026-04-24 14:32:49 | ectuner |     INFO -> net_toa      | Global Bias |             5.6259 ->             0.3774 | IMPROVED
2026-04-24 14:32:49 | ectuner |     INFO ->              | Spatial RMSE  |            11.3965 ->             9.7651 | IMPROVED
2026-04-24 14:32:49 | ectuner |     INFO -> ------------------------------------------------------------------------------------------
2026-04-24 14:32:49 | ectuner |     INFO -> Structured tuning YAML written to ../results/tuned_2d_LR/lwcf/alfa_015/tuned_phis_a015.yml

| Parameter         |   New Value |   Old Value |      Change |   Rel. Change |   Dist. from Ref. |
|-------------------+-------------+-------------+-------------+---------------+-------------------|
| RPRCON            |  8.6547e-04 |  1.4000e-03 | -5.3453e-04 |   -3.8181e-01 |       -3.8181e-01 |
| ENTRORG           |  1.5600e-03 |  1.7500e-03 | -1.9004e-04 |   -1.0860e-01 |       -1.0860e-01 |
| DETRPEN           |  1.2000e-04 |  7.5000e-05 |  4.5000e-05 |    6.0000e-01 |        6.0000e-01 |
| ENTRDD            |  2.2168e-04 |  3.0000e-04 | -7.8315e-05 |   -2.6105e-01 |       -2.6105e-01 |
| RMFDEPS           |  4.7999e-01 |  3.0000e-01 |  1.7999e-01 |    5.9996e-01 |        5.9996e-01 |
| RVICE             |  2.0800e-01 |  1.3000e-01 |  7.7996e-02 |    5.9997e-01 |        5.9997e-01 |
| RLCRITSNOW        |  1.7244e-05 |  2.0000e-05 | -2.7563e-06 |   -1.3781e-01 |       -1.3781e-01 |
| RSNOWLIN2         |  1.8674e-02 |  3.0000e-02 | -1.1326e-02 |   -3.7753e-01 |       -3.7753e-01 |
| RCLDIFF           |  3.9240e-06 |  6.0000e-06 | -2.0760e-06 |   -3.4599e-01 |       -3.4599e-01 |
| RCLDIFF_CONVI     |  7.9069e+00 |  1.0000e+01 | -2.0931e+00 |   -2.0931e-01 |       -2.0931e-01 |
| RDEPLIQREFRATE    |  5.9844e-01 |  5.0000e-01 |  9.8443e-02 |    1.9689e-01 |        1.9689e-01 |
| RDEPLIQREFDEPTH   |  4.3210e+02 |  5.0000e+02 | -6.7901e+01 |   -1.3580e-01 |       -1.3580e-01 |
| RCL_OVERLAPLIQICE |  2.6003e-01 |  6.5000e-01 | -3.8997e-01 |   -5.9996e-01 |       -5.9996e-01 |
| RCL_INHOMOGAUT    |  1.2579e+00 |  1.5000e+00 | -2.4212e-01 |   -1.6141e-01 |       -1.6141e-01 |
| RCL_INHOMOGACC    |  1.9653e+00 |  3.0000e+00 | -1.0347e+00 |   -3.4489e-01 |       -3.4489e-01 |
| RMINICE           |  2.8257e+01 |  6.0000e+01 | -3.1743e+01 |   -5.2905e-01 |       -5.2905e-01 |
2026-04-24 14:32:49 | ectuner |     INFO -> Diagnostic maps saved to ../results/tuned_2d_LR/lwcf/alfa_015/diagnostics_2d_phis_Global_a015.nc
Copia del file YAML inviata a ../results/tuned_2d_LR/lwcf/yaml_files
