2026-04-24 14:31:41 | ectuner |     INFO -> Loading 2D Data (Sensitivity, Reference, Base)...
   > Loading reference for lwcf from: climate_average_lwcf_CERES EBAF_r180x90_2000-2024.nc
   > Loading reference for net_toa from: climate_average_net_toa_CERES EBAF_r180x90_2000-2024.nc
--- Loading cached base maps for phis ---
2026-04-24 14:31:42 | ectuner |     INFO -> Generating spatial weights (Area * Region)...
2026-04-24 14:31:42 | ectuner |     INFO -> Variable lwcf: Initial Spatial RMSE (Weighted) = 7.7684
2026-04-24 14:31:42 | ectuner |     INFO -> Variable net_toa: Initial Spatial RMSE (Weighted) = 11.3965
2026-04-24 14:31:42 | ectuner |     INFO -> Flattening data for fast optimization...
2026-04-24 14:31:43 | ectuner |     INFO -> DEBUG: Global Bias for lwcf in optimizer: -2.7092
2026-04-24 14:31:43 | ectuner |     INFO -> DEBUG: Global Bias for net_toa in optimizer: 5.6259
2026-04-24 14:31:43 | ectuner |     INFO -> Starting 2D Optimization (dual_annealing)...
2026-04-24 14:33:06 | ectuner |     INFO -> 
==================== GLOBAL MEAN & ZONAL SUMMARY FROM 2D OPTIMIZATION ====================
2026-04-24 14:33:06 | ectuner |     INFO -> Variable     | Metric       |            Initial ->              Final | Status
2026-04-24 14:33:06 | ectuner |     INFO -> ------------------------------------------------------------------------------------------
2026-04-24 14:33:06 | ectuner |     INFO -> lwcf         | Global Bias |            -2.7092 ->            -0.8548 | IMPROVED
2026-04-24 14:33:06 | ectuner |     INFO ->              | Spatial RMSE  |             7.7684 ->             6.3730 | IMPROVED
2026-04-24 14:33:06 | ectuner |     INFO -> ------------------------------------------------------------------------------------------
2026-04-24 14:33:06 | ectuner |     INFO -> net_toa      | Global Bias |             5.6259 ->             0.1834 | IMPROVED
2026-04-24 14:33:06 | ectuner |     INFO ->              | Spatial RMSE  |            11.3965 ->             9.8305 | IMPROVED
2026-04-24 14:33:06 | ectuner |     INFO -> ------------------------------------------------------------------------------------------
2026-04-24 14:33:06 | ectuner |     INFO -> Structured tuning YAML written to ../results/tuned_2d_LR/lwcf/alfa_017/tuned_phis_a017.yml

| Parameter         |   New Value |   Old Value |      Change |   Rel. Change |   Dist. from Ref. |
|-------------------+-------------+-------------+-------------+---------------+-------------------|
| RPRCON            |  8.6298e-04 |  1.4000e-03 | -5.3702e-04 |   -3.8359e-01 |       -3.8359e-01 |
| ENTRORG           |  1.5638e-03 |  1.7500e-03 | -1.8623e-04 |   -1.0642e-01 |       -1.0642e-01 |
| DETRPEN           |  1.2000e-04 |  7.5000e-05 |  4.5000e-05 |    6.0000e-01 |        6.0000e-01 |
| ENTRDD            |  2.1994e-04 |  3.0000e-04 | -8.0061e-05 |   -2.6687e-01 |       -2.6687e-01 |
| RMFDEPS           |  4.7996e-01 |  3.0000e-01 |  1.7996e-01 |    5.9987e-01 |        5.9987e-01 |
| RVICE             |  2.0790e-01 |  1.3000e-01 |  7.7903e-02 |    5.9926e-01 |        5.9926e-01 |
| RLCRITSNOW        |  1.7453e-05 |  2.0000e-05 | -2.5466e-06 |   -1.2733e-01 |       -1.2733e-01 |
| RSNOWLIN2         |  1.8798e-02 |  3.0000e-02 | -1.1202e-02 |   -3.7339e-01 |       -3.7339e-01 |
| RCLDIFF           |  3.8513e-06 |  6.0000e-06 | -2.1487e-06 |   -3.5812e-01 |       -3.5812e-01 |
| RCLDIFF_CONVI     |  7.8004e+00 |  1.0000e+01 | -2.1996e+00 |   -2.1996e-01 |       -2.1996e-01 |
| RDEPLIQREFRATE    |  5.9786e-01 |  5.0000e-01 |  9.7856e-02 |    1.9571e-01 |        1.9571e-01 |
| RDEPLIQREFDEPTH   |  4.2678e+02 |  5.0000e+02 | -7.3222e+01 |   -1.4644e-01 |       -1.4644e-01 |
| RCL_OVERLAPLIQICE |  2.6022e-01 |  6.5000e-01 | -3.8978e-01 |   -5.9966e-01 |       -5.9966e-01 |
| RCL_INHOMOGAUT    |  1.2370e+00 |  1.5000e+00 | -2.6299e-01 |   -1.7533e-01 |       -1.7533e-01 |
| RCL_INHOMOGACC    |  1.8937e+00 |  3.0000e+00 | -1.1063e+00 |   -3.6876e-01 |       -3.6876e-01 |
| RMINICE           |  2.7812e+01 |  6.0000e+01 | -3.2188e+01 |   -5.3646e-01 |       -5.3646e-01 |
2026-04-24 14:33:09 | ectuner |     INFO -> Diagnostic maps saved to ../results/tuned_2d_LR/lwcf/alfa_017/diagnostics_2d_phis_Global_a017.nc
Copia del file YAML inviata a ../results/tuned_2d_LR/lwcf/yaml_files
