2026-04-24 14:31:44 | ectuner |     INFO -> Loading 2D Data (Sensitivity, Reference, Base)...
   > Loading reference for lwcf from: climate_average_lwcf_CERES EBAF_r180x90_2000-2024.nc
   > Loading reference for net_toa from: climate_average_net_toa_CERES EBAF_r180x90_2000-2024.nc
--- Loading cached base maps for phis ---
2026-04-24 14:31:45 | ectuner |     INFO -> Generating spatial weights (Area * Region)...
2026-04-24 14:31:45 | ectuner |     INFO -> Variable lwcf: Initial Spatial RMSE (Weighted) = 7.7684
2026-04-24 14:31:45 | ectuner |     INFO -> Variable net_toa: Initial Spatial RMSE (Weighted) = 11.3965
2026-04-24 14:31:45 | ectuner |     INFO -> Flattening data for fast optimization...
2026-04-24 14:31:45 | ectuner |     INFO -> DEBUG: Global Bias for lwcf in optimizer: -2.7092
2026-04-24 14:31:45 | ectuner |     INFO -> DEBUG: Global Bias for net_toa in optimizer: 5.6259
2026-04-24 14:31:45 | ectuner |     INFO -> Starting 2D Optimization (dual_annealing)...
2026-04-24 14:33:06 | ectuner |     INFO -> 
==================== GLOBAL MEAN & ZONAL SUMMARY FROM 2D OPTIMIZATION ====================
2026-04-24 14:33:06 | ectuner |     INFO -> Variable     | Metric       |            Initial ->              Final | Status
2026-04-24 14:33:06 | ectuner |     INFO -> ------------------------------------------------------------------------------------------
2026-04-24 14:33:06 | ectuner |     INFO -> lwcf         | Global Bias |            -2.7092 ->            -0.0000 | IMPROVED
2026-04-24 14:33:06 | ectuner |     INFO ->              | Spatial RMSE  |             7.7684 ->             6.5787 | IMPROVED
2026-04-24 14:33:06 | ectuner |     INFO -> ------------------------------------------------------------------------------------------
2026-04-24 14:33:06 | ectuner |     INFO -> net_toa      | Global Bias |             5.6259 ->             0.0000 | IMPROVED
2026-04-24 14:33:06 | ectuner |     INFO ->              | Spatial RMSE  |            11.3965 ->            10.5673 | IMPROVED
2026-04-24 14:33:06 | ectuner |     INFO -> ------------------------------------------------------------------------------------------
2026-04-24 14:33:09 | ectuner |     INFO -> Structured tuning YAML written to ../results/tuned_2d_LR/lwcf/alfa_050/tuned_phis_a050.yml

| Parameter         |   New Value |   Old Value |      Change |   Rel. Change |   Dist. from Ref. |
|-------------------+-------------+-------------+-------------+---------------+-------------------|
| RPRCON            |  7.8750e-04 |  1.4000e-03 | -6.1250e-04 |   -4.3750e-01 |       -4.3750e-01 |
| ENTRORG           |  2.0258e-03 |  1.7500e-03 |  2.7582e-04 |    1.5761e-01 |        1.5761e-01 |
| DETRPEN           |  1.0938e-04 |  7.5000e-05 |  3.4377e-05 |    4.5835e-01 |        4.5835e-01 |
| ENTRDD            |  2.7732e-04 |  3.0000e-04 | -2.2684e-05 |   -7.5613e-02 |       -7.5613e-02 |
| RMFDEPS           |  4.7470e-01 |  3.0000e-01 |  1.7470e-01 |    5.8233e-01 |        5.8233e-01 |
| RVICE             |  1.7798e-01 |  1.3000e-01 |  4.7980e-02 |    3.6908e-01 |        3.6908e-01 |
| RLCRITSNOW        |  1.5997e-05 |  2.0000e-05 | -4.0033e-06 |   -2.0017e-01 |       -2.0017e-01 |
| RSNOWLIN2         |  2.9798e-02 |  3.0000e-02 | -2.0207e-04 |   -6.7355e-03 |       -6.7355e-03 |
| RCLDIFF           |  2.4000e-06 |  6.0000e-06 | -3.6000e-06 |   -6.0000e-01 |       -6.0000e-01 |
| RCLDIFF_CONVI     |  6.4861e+00 |  1.0000e+01 | -3.5139e+00 |   -3.5139e-01 |       -3.5139e-01 |
| RDEPLIQREFRATE    |  5.3539e-01 |  5.0000e-01 |  3.5395e-02 |    7.0790e-02 |        7.0790e-02 |
| RDEPLIQREFDEPTH   |  4.0435e+02 |  5.0000e+02 | -9.5650e+01 |   -1.9130e-01 |       -1.9130e-01 |
| RCL_OVERLAPLIQICE |  4.9603e-01 |  6.5000e-01 | -1.5397e-01 |   -2.3687e-01 |       -2.3687e-01 |
| RCL_INHOMOGAUT    |  2.3131e+00 |  1.5000e+00 |  8.1313e-01 |    5.4209e-01 |        5.4209e-01 |
| RCL_INHOMOGACC    |  2.0460e+00 |  3.0000e+00 | -9.5403e-01 |   -3.1801e-01 |       -3.1801e-01 |
| RMINICE           |  5.2779e+01 |  6.0000e+01 | -7.2206e+00 |   -1.2034e-01 |       -1.2034e-01 |
2026-04-24 14:33:09 | ectuner |     INFO -> Diagnostic maps saved to ../results/tuned_2d_LR/lwcf/alfa_050/diagnostics_2d_phis_Global_a05.nc
Copia del file YAML inviata a ../results/tuned_2d_LR/lwcf/yaml_files
