2026-04-24 14:31:40 | ectuner |     INFO -> Loading 2D Data (Sensitivity, Reference, Base)...
   > Loading reference for lwcf from: climate_average_lwcf_CERES EBAF_r180x90_2000-2024.nc
   > Loading reference for net_toa from: climate_average_net_toa_CERES EBAF_r180x90_2000-2024.nc
--- Loading cached base maps for phis ---
2026-04-24 14:31:41 | ectuner |     INFO -> Generating spatial weights (Area * Region)...
2026-04-24 14:31:41 | ectuner |     INFO -> Variable lwcf: Initial Spatial RMSE (Weighted) = 7.7684
2026-04-24 14:31:41 | ectuner |     INFO -> Variable net_toa: Initial Spatial RMSE (Weighted) = 11.3965
2026-04-24 14:31:41 | ectuner |     INFO -> Flattening data for fast optimization...
2026-04-24 14:31:42 | ectuner |     INFO -> DEBUG: Global Bias for lwcf in optimizer: -2.7092
2026-04-24 14:31:42 | ectuner |     INFO -> DEBUG: Global Bias for net_toa in optimizer: 5.6259
2026-04-24 14:31:42 | ectuner |     INFO -> Starting 2D Optimization (dual_annealing)...
2026-04-24 14:33:25 | ectuner |     INFO -> 
==================== GLOBAL MEAN & ZONAL SUMMARY FROM 2D OPTIMIZATION ====================
2026-04-24 14:33:25 | ectuner |     INFO -> Variable     | Metric       |            Initial ->              Final | Status
2026-04-24 14:33:25 | ectuner |     INFO -> ------------------------------------------------------------------------------------------
2026-04-24 14:33:25 | ectuner |     INFO -> lwcf         | Global Bias |            -2.7092 ->            -0.0000 | IMPROVED
2026-04-24 14:33:25 | ectuner |     INFO ->              | Spatial RMSE  |             7.7684 ->             6.8533 | IMPROVED
2026-04-24 14:33:25 | ectuner |     INFO -> ------------------------------------------------------------------------------------------
2026-04-24 14:33:25 | ectuner |     INFO -> net_toa      | Global Bias |             5.6259 ->             0.0000 | IMPROVED
2026-04-24 14:33:25 | ectuner |     INFO ->              | Spatial RMSE  |            11.3965 ->            10.4242 | IMPROVED
2026-04-24 14:33:25 | ectuner |     INFO -> ------------------------------------------------------------------------------------------
2026-04-24 14:33:25 | ectuner |     INFO -> Structured tuning YAML written to ../results/tuned_2d_LR/lwcf/alfa_080/tuned_phis_a080.yml

| Parameter         |   New Value |   Old Value |      Change |   Rel. Change |   Dist. from Ref. |
|-------------------+-------------+-------------+-------------+---------------+-------------------|
| RPRCON            |  5.8976e-04 |  1.4000e-03 | -8.1024e-04 |   -5.7874e-01 |       -5.7874e-01 |
| ENTRORG           |  1.6521e-03 |  1.7500e-03 | -9.7902e-05 |   -5.5944e-02 |       -5.5944e-02 |
| DETRPEN           |  8.8847e-05 |  7.5000e-05 |  1.3847e-05 |    1.8462e-01 |        1.8462e-01 |
| ENTRDD            |  1.4209e-04 |  3.0000e-04 | -1.5791e-04 |   -5.2635e-01 |       -5.2635e-01 |
| RMFDEPS           |  3.8822e-01 |  3.0000e-01 |  8.8219e-02 |    2.9406e-01 |        2.9406e-01 |
| RVICE             |  1.6599e-01 |  1.3000e-01 |  3.5986e-02 |    2.7681e-01 |        2.7681e-01 |
| RLCRITSNOW        |  1.4932e-05 |  2.0000e-05 | -5.0684e-06 |   -2.5342e-01 |       -2.5342e-01 |
| RSNOWLIN2         |  1.9556e-02 |  3.0000e-02 | -1.0444e-02 |   -3.4814e-01 |       -3.4814e-01 |
| RCLDIFF           |  2.5476e-06 |  6.0000e-06 | -3.4524e-06 |   -5.7540e-01 |       -5.7540e-01 |
| RCLDIFF_CONVI     |  1.1754e+01 |  1.0000e+01 |  1.7540e+00 |    1.7540e-01 |        1.7540e-01 |
| RDEPLIQREFRATE    |  3.5112e-01 |  5.0000e-01 | -1.4888e-01 |   -2.9775e-01 |       -2.9775e-01 |
| RDEPLIQREFDEPTH   |  4.2996e+02 |  5.0000e+02 | -7.0036e+01 |   -1.4007e-01 |       -1.4007e-01 |
| RCL_OVERLAPLIQICE |  4.5761e-01 |  6.5000e-01 | -1.9239e-01 |   -2.9598e-01 |       -2.9598e-01 |
| RCL_INHOMOGAUT    |  1.4572e+00 |  1.5000e+00 | -4.2796e-02 |   -2.8531e-02 |       -2.8531e-02 |
| RCL_INHOMOGACC    |  1.5804e+00 |  3.0000e+00 | -1.4196e+00 |   -4.7321e-01 |       -4.7321e-01 |
| RMINICE           |  4.1576e+01 |  6.0000e+01 | -1.8424e+01 |   -3.0707e-01 |       -3.0707e-01 |
2026-04-24 14:33:25 | ectuner |     INFO -> Diagnostic maps saved to ../results/tuned_2d_LR/lwcf/alfa_080/diagnostics_2d_phis_Global_a08.nc
Copia del file YAML inviata a ../results/tuned_2d_LR/lwcf/yaml_files
