2026-04-24 14:31:45 | ectuner |     INFO -> Loading 2D Data (Sensitivity, Reference, Base)...
   > Loading reference for lwcf from: climate_average_lwcf_CERES EBAF_r180x90_2000-2024.nc
   > Loading reference for net_toa from: climate_average_net_toa_CERES EBAF_r180x90_2000-2024.nc
--- Loading cached base maps for phis ---
2026-04-24 14:31:46 | ectuner |     INFO -> Generating spatial weights (Area * Region)...
2026-04-24 14:31:46 | ectuner |     INFO -> Variable lwcf: Initial Spatial RMSE (Weighted) = 7.7684
2026-04-24 14:31:46 | ectuner |     INFO -> Variable net_toa: Initial Spatial RMSE (Weighted) = 11.3965
2026-04-24 14:31:46 | ectuner |     INFO -> Flattening data for fast optimization...
2026-04-24 14:31:46 | ectuner |     INFO -> DEBUG: Global Bias for lwcf in optimizer: -2.7092
2026-04-24 14:31:46 | ectuner |     INFO -> DEBUG: Global Bias for net_toa in optimizer: 5.6259
2026-04-24 14:31:46 | ectuner |     INFO -> Starting 2D Optimization (dual_annealing)...
2026-04-24 14:33:19 | ectuner |     INFO -> 
==================== GLOBAL MEAN & ZONAL SUMMARY FROM 2D OPTIMIZATION ====================
2026-04-24 14:33:19 | ectuner |     INFO -> Variable     | Metric       |            Initial ->              Final | Status
2026-04-24 14:33:19 | ectuner |     INFO -> ------------------------------------------------------------------------------------------
2026-04-24 14:33:19 | ectuner |     INFO -> lwcf         | Global Bias |            -2.7092 ->             0.0000 | IMPROVED
2026-04-24 14:33:19 | ectuner |     INFO ->              | Spatial RMSE  |             7.7684 ->             6.4974 | IMPROVED
2026-04-24 14:33:19 | ectuner |     INFO -> ------------------------------------------------------------------------------------------
2026-04-24 14:33:19 | ectuner |     INFO -> net_toa      | Global Bias |             5.6259 ->             0.0000 | IMPROVED
2026-04-24 14:33:19 | ectuner |     INFO ->              | Spatial RMSE  |            11.3965 ->            10.1889 | IMPROVED
2026-04-24 14:33:19 | ectuner |     INFO -> ------------------------------------------------------------------------------------------
2026-04-24 14:33:19 | ectuner |     INFO -> Structured tuning YAML written to ../results/tuned_2d_LR/lwcf/alfa_040/tuned_phis_a040.yml

| Parameter         |   New Value |   Old Value |      Change |   Rel. Change |   Dist. from Ref. |
|-------------------+-------------+-------------+-------------+---------------+-------------------|
| RPRCON            |  9.2420e-04 |  1.4000e-03 | -4.7580e-04 |   -3.3986e-01 |       -3.3986e-01 |
| ENTRORG           |  1.8591e-03 |  1.7500e-03 |  1.0907e-04 |    6.2323e-02 |        6.2323e-02 |
| DETRPEN           |  9.7097e-05 |  7.5000e-05 |  2.2097e-05 |    2.9462e-01 |        2.9462e-01 |
| ENTRDD            |  2.1011e-04 |  3.0000e-04 | -8.9889e-05 |   -2.9963e-01 |       -2.9963e-01 |
| RMFDEPS           |  4.7050e-01 |  3.0000e-01 |  1.7050e-01 |    5.6835e-01 |        5.6835e-01 |
| RVICE             |  1.9720e-01 |  1.3000e-01 |  6.7204e-02 |    5.1695e-01 |        5.1695e-01 |
| RLCRITSNOW        |  1.8493e-05 |  2.0000e-05 | -1.5074e-06 |   -7.5372e-02 |       -7.5372e-02 |
| RSNOWLIN2         |  2.3244e-02 |  3.0000e-02 | -6.7559e-03 |   -2.2520e-01 |       -2.2520e-01 |
| RCLDIFF           |  3.7623e-06 |  6.0000e-06 | -2.2377e-06 |   -3.7296e-01 |       -3.7296e-01 |
| RCLDIFF_CONVI     |  9.0304e+00 |  1.0000e+01 | -9.6957e-01 |   -9.6957e-02 |       -9.6957e-02 |
| RDEPLIQREFRATE    |  6.4458e-01 |  5.0000e-01 |  1.4458e-01 |    2.8916e-01 |        2.8916e-01 |
| RDEPLIQREFDEPTH   |  4.1354e+02 |  5.0000e+02 | -8.6455e+01 |   -1.7291e-01 |       -1.7291e-01 |
| RCL_OVERLAPLIQICE |  2.7094e-01 |  6.5000e-01 | -3.7906e-01 |   -5.8317e-01 |       -5.8317e-01 |
| RCL_INHOMOGAUT    |  1.3194e+00 |  1.5000e+00 | -1.8059e-01 |   -1.2039e-01 |       -1.2039e-01 |
| RCL_INHOMOGACC    |  2.1091e+00 |  3.0000e+00 | -8.9088e-01 |   -2.9696e-01 |       -2.9696e-01 |
| RMINICE           |  2.6219e+01 |  6.0000e+01 | -3.3781e+01 |   -5.6302e-01 |       -5.6302e-01 |
2026-04-24 14:33:19 | ectuner |     INFO -> Diagnostic maps saved to ../results/tuned_2d_LR/lwcf/alfa_040/diagnostics_2d_phis_Global_a04.nc
Copia del file YAML inviata a ../results/tuned_2d_LR/lwcf/yaml_files
