2026-04-24 14:31:44 | ectuner |     INFO -> Loading 2D Data (Sensitivity, Reference, Base)...
   > Loading reference for lwcf from: climate_average_lwcf_CERES EBAF_r180x90_2000-2024.nc
   > Loading reference for net_toa from: climate_average_net_toa_CERES EBAF_r180x90_2000-2024.nc
--- Loading cached base maps for phis ---
2026-04-24 14:31:45 | ectuner |     INFO -> Generating spatial weights (Area * Region)...
2026-04-24 14:31:45 | ectuner |     INFO -> Variable lwcf: Initial Spatial RMSE (Weighted) = 7.7684
2026-04-24 14:31:45 | ectuner |     INFO -> Variable net_toa: Initial Spatial RMSE (Weighted) = 11.3965
2026-04-24 14:31:45 | ectuner |     INFO -> Flattening data for fast optimization...
2026-04-24 14:31:45 | ectuner |     INFO -> DEBUG: Global Bias for lwcf in optimizer: -2.7092
2026-04-24 14:31:45 | ectuner |     INFO -> DEBUG: Global Bias for net_toa in optimizer: 5.6259
2026-04-24 14:31:45 | ectuner |     INFO -> Starting 2D Optimization (dual_annealing)...
2026-04-24 14:32:38 | ectuner |     INFO -> 
==================== GLOBAL MEAN & ZONAL SUMMARY FROM 2D OPTIMIZATION ====================
2026-04-24 14:32:38 | ectuner |     INFO -> Variable     | Metric       |            Initial ->              Final | Status
2026-04-24 14:32:38 | ectuner |     INFO -> ------------------------------------------------------------------------------------------
2026-04-24 14:32:38 | ectuner |     INFO -> lwcf         | Global Bias |            -2.7092 ->            -0.0000 | IMPROVED
2026-04-24 14:32:38 | ectuner |     INFO ->              | Spatial RMSE  |             7.7684 ->             8.0422 | WORSENED
2026-04-24 14:32:38 | ectuner |     INFO -> ------------------------------------------------------------------------------------------
2026-04-24 14:32:38 | ectuner |     INFO -> net_toa      | Global Bias |             5.6259 ->             0.0000 | IMPROVED
2026-04-24 14:32:38 | ectuner |     INFO ->              | Spatial RMSE  |            11.3965 ->            12.1432 | WORSENED
2026-04-24 14:32:38 | ectuner |     INFO -> ------------------------------------------------------------------------------------------
2026-04-24 14:32:38 | ectuner |     INFO -> Structured tuning YAML written to ../results/tuned_2d_LR/lwcf/alfa_100/tuned_phis_a100.yml

| Parameter         |   New Value |   Old Value |      Change |   Rel. Change |   Dist. from Ref. |
|-------------------+-------------+-------------+-------------+---------------+-------------------|
| RPRCON            |  7.5340e-04 |  1.4000e-03 | -6.4660e-04 |   -4.6185e-01 |       -4.6185e-01 |
| ENTRORG           |  2.6306e-03 |  1.7500e-03 |  8.8058e-04 |    5.0319e-01 |        5.0319e-01 |
| DETRPEN           |  9.8166e-05 |  7.5000e-05 |  2.3166e-05 |    3.0888e-01 |        3.0888e-01 |
| ENTRDD            |  4.3827e-04 |  3.0000e-04 |  1.3827e-04 |    4.6089e-01 |        4.6089e-01 |
| RMFDEPS           |  3.5380e-01 |  3.0000e-01 |  5.3803e-02 |    1.7934e-01 |        1.7934e-01 |
| RVICE             |  1.2219e-01 |  1.3000e-01 | -7.8095e-03 |   -6.0073e-02 |       -6.0073e-02 |
| RLCRITSNOW        |  2.2735e-05 |  2.0000e-05 |  2.7348e-06 |    1.3674e-01 |        1.3674e-01 |
| RSNOWLIN2         |  3.7728e-02 |  3.0000e-02 |  7.7284e-03 |    2.5761e-01 |        2.5761e-01 |
| RCLDIFF           |  6.6993e-06 |  6.0000e-06 |  6.9932e-07 |    1.1655e-01 |        1.1655e-01 |
| RCLDIFF_CONVI     |  1.3643e+01 |  1.0000e+01 |  3.6434e+00 |    3.6434e-01 |        3.6434e-01 |
| RDEPLIQREFRATE    |  3.7627e-01 |  5.0000e-01 | -1.2373e-01 |   -2.4746e-01 |       -2.4746e-01 |
| RDEPLIQREFDEPTH   |  4.4407e+02 |  5.0000e+02 | -5.5932e+01 |   -1.1186e-01 |       -1.1186e-01 |
| RCL_OVERLAPLIQICE |  4.8978e-01 |  6.5000e-01 | -1.6022e-01 |   -2.4650e-01 |       -2.4650e-01 |
| RCL_INHOMOGAUT    |  2.0047e+00 |  1.5000e+00 |  5.0474e-01 |    3.3649e-01 |        3.3649e-01 |
| RCL_INHOMOGACC    |  1.9534e+00 |  3.0000e+00 | -1.0466e+00 |   -3.4885e-01 |       -3.4885e-01 |
| RMINICE           |  8.9679e+01 |  6.0000e+01 |  2.9679e+01 |    4.9465e-01 |        4.9465e-01 |
2026-04-24 14:32:39 | ectuner |     INFO -> Diagnostic maps saved to ../results/tuned_2d_LR/lwcf/alfa_100/diagnostics_2d_phis_Global_a10.nc
Copia del file YAML inviata a ../results/tuned_2d_LR/lwcf/yaml_files
