2026-04-24 14:31:44 | ectuner |     INFO -> Loading 2D Data (Sensitivity, Reference, Base)...
   > Loading reference for lwcf from: climate_average_lwcf_CERES EBAF_r180x90_2000-2024.nc
   > Loading reference for net_toa from: climate_average_net_toa_CERES EBAF_r180x90_2000-2024.nc
--- Loading cached base maps for phis ---
2026-04-24 14:31:45 | ectuner |     INFO -> Generating spatial weights (Area * Region)...
2026-04-24 14:31:45 | ectuner |     INFO -> Variable lwcf: Initial Spatial RMSE (Weighted) = 7.7684
2026-04-24 14:31:45 | ectuner |     INFO -> Variable net_toa: Initial Spatial RMSE (Weighted) = 11.3965
2026-04-24 14:31:45 | ectuner |     INFO -> Flattening data for fast optimization...
2026-04-24 14:31:45 | ectuner |     INFO -> DEBUG: Global Bias for lwcf in optimizer: -2.7092
2026-04-24 14:31:45 | ectuner |     INFO -> DEBUG: Global Bias for net_toa in optimizer: 5.6259
2026-04-24 14:31:45 | ectuner |     INFO -> Starting 2D Optimization (dual_annealing)...
2026-04-24 14:33:40 | ectuner |     INFO -> 
==================== GLOBAL MEAN & ZONAL SUMMARY FROM 2D OPTIMIZATION ====================
2026-04-24 14:33:40 | ectuner |     INFO -> Variable     | Metric       |            Initial ->              Final | Status
2026-04-24 14:33:40 | ectuner |     INFO -> ------------------------------------------------------------------------------------------
2026-04-24 14:33:40 | ectuner |     INFO -> lwcf         | Global Bias |            -2.7092 ->            -0.6068 | IMPROVED
2026-04-24 14:33:40 | ectuner |     INFO ->              | Spatial RMSE  |             7.7684 ->             6.3822 | IMPROVED
2026-04-24 14:33:40 | ectuner |     INFO -> ------------------------------------------------------------------------------------------
2026-04-24 14:33:40 | ectuner |     INFO -> net_toa      | Global Bias |             5.6259 ->             0.0000 | IMPROVED
2026-04-24 14:33:40 | ectuner |     INFO ->              | Spatial RMSE  |            11.3965 ->             9.9257 | IMPROVED
2026-04-24 14:33:40 | ectuner |     INFO -> ------------------------------------------------------------------------------------------
2026-04-24 14:33:40 | ectuner |     INFO -> Structured tuning YAML written to ../results/tuned_2d_LR/lwcf/alfa_020/tuned_phis_a020.yml

| Parameter         |   New Value |   Old Value |      Change |   Rel. Change |   Dist. from Ref. |
|-------------------+-------------+-------------+-------------+---------------+-------------------|
| RPRCON            |  9.0042e-04 |  1.4000e-03 | -4.9958e-04 |   -3.5684e-01 |       -3.5684e-01 |
| ENTRORG           |  1.6080e-03 |  1.7500e-03 | -1.4205e-04 |   -8.1170e-02 |       -8.1170e-02 |
| DETRPEN           |  1.1996e-04 |  7.5000e-05 |  4.4958e-05 |    5.9944e-01 |        5.9944e-01 |
| ENTRDD            |  2.1155e-04 |  3.0000e-04 | -8.8450e-05 |   -2.9483e-01 |       -2.9483e-01 |
| RMFDEPS           |  4.7990e-01 |  3.0000e-01 |  1.7990e-01 |    5.9967e-01 |        5.9967e-01 |
| RVICE             |  2.0403e-01 |  1.3000e-01 |  7.4027e-02 |    5.6944e-01 |        5.6944e-01 |
| RLCRITSNOW        |  1.6968e-05 |  2.0000e-05 | -3.0316e-06 |   -1.5158e-01 |       -1.5158e-01 |
| RSNOWLIN2         |  2.0860e-02 |  3.0000e-02 | -9.1403e-03 |   -3.0468e-01 |       -3.0468e-01 |
| RCLDIFF           |  3.6793e-06 |  6.0000e-06 | -2.3207e-06 |   -3.8679e-01 |       -3.8679e-01 |
| RCLDIFF_CONVI     |  7.5337e+00 |  1.0000e+01 | -2.4663e+00 |   -2.4663e-01 |       -2.4663e-01 |
| RDEPLIQREFRATE    |  5.8890e-01 |  5.0000e-01 |  8.8903e-02 |    1.7781e-01 |        1.7781e-01 |
| RDEPLIQREFDEPTH   |  4.2169e+02 |  5.0000e+02 | -7.8308e+01 |   -1.5662e-01 |       -1.5662e-01 |
| RCL_OVERLAPLIQICE |  2.6009e-01 |  6.5000e-01 | -3.8991e-01 |   -5.9987e-01 |       -5.9987e-01 |
| RCL_INHOMOGAUT    |  1.2122e+00 |  1.5000e+00 | -2.8782e-01 |   -1.9188e-01 |       -1.9188e-01 |
| RCL_INHOMOGACC    |  1.8893e+00 |  3.0000e+00 | -1.1107e+00 |   -3.7025e-01 |       -3.7025e-01 |
| RMINICE           |  2.8934e+01 |  6.0000e+01 | -3.1066e+01 |   -5.1776e-01 |       -5.1776e-01 |
2026-04-24 14:33:40 | ectuner |     INFO -> Diagnostic maps saved to ../results/tuned_2d_LR/lwcf/alfa_020/diagnostics_2d_phis_Global_a02.nc
Copia del file YAML inviata a ../results/tuned_2d_LR/lwcf/yaml_files
