2026-07-17 15:50:18,498 - INFO - ==== Starting ECtuner 2D Spatial Workflow ====
2026-07-17 15:50:18,499 - INFO - Loading 2D Data (Sensitivity, Reference, Base)...
2026-07-17 15:51:35,666 - INFO - ==== Starting ECtuner 2D Spatial Workflow ====
2026-07-17 15:51:35,667 - INFO - Loading 2D Data (Sensitivity, Reference, Base)...
2026-07-17 15:51:35,667 - INFO - Loading 2D sensitivity from: /ec/res4/hpcperm/ecme3038/ecearth/ecearth4/ECtuner/data/sensitivities/2D/sensitivity_TL63_415_1991-2000_2D.nc
2026-07-17 15:52:04,257 - INFO - Loading reference for net_toa from: climate_average_net_toa_CERES EBAF_r180x90_2000-2024.nc
2026-07-17 15:52:04,332 - INFO - Loading reference for rsnt from: climate_average_rsnt_CERES EBAF_r180x90_2000-2024.nc
2026-07-17 15:52:04,445 - INFO - Loading reference for rlnt from: climate_average_rlnt_CERES EBAF_r180x90_2000-2024.nc
2026-07-17 15:52:04,475 - INFO - Loading reference for swcf from: climate_average_swcf_CERES EBAF_r180x90_2000-2024.nc
2026-07-17 15:52:04,504 - INFO - Loading reference for lwcf from: climate_average_lwcf_CERES EBAF_r180x90_2000-2024.nc
2026-07-17 19:45:18,153 - INFO - ==== Starting ECtuner 2D Spatial Workflow ====
2026-07-17 19:45:18,166 - INFO - Loading 2D Data (Sensitivity, Reference, Base)...
2026-07-17 19:45:18,204 - INFO - Loading 2D sensitivity from: /ec/res4/hpcperm/ecme3038/ecearth/ecearth4/ECtuner/data/sensitivities/2D/sensitivity_TL63_415_1991-2000_2D.nc
2026-07-17 19:45:26,593 - INFO - Loading reference for net_toa from: climate_average_net_toa_CERES EBAF_r180x90_2000-2024.nc
2026-07-17 19:45:26,701 - INFO - Loading reference for rsnt from: climate_average_rsnt_CERES EBAF_r180x90_2000-2024.nc
2026-07-17 19:45:26,729 - INFO - Loading reference for rlnt from: climate_average_rlnt_CERES EBAF_r180x90_2000-2024.nc
2026-07-17 19:45:26,794 - INFO - Loading reference for swcf from: climate_average_swcf_CERES EBAF_r180x90_2000-2024.nc
2026-07-17 19:45:27,229 - INFO - Loading reference for lwcf from: climate_average_lwcf_CERES EBAF_r180x90_2000-2024.nc
2026-07-19 07:32:36,867 - INFO - ==== Starting ECtuner 2D Spatial Workflow ====
2026-07-19 07:32:36,885 - INFO - Loading 2D Data (Sensitivity, Reference, Base)...
2026-07-19 07:32:36,952 - INFO - Loading 2D sensitivity from: /ec/res4/hpcperm/ecme3038/ecearth/ecearth4/ECtuner/data/sensitivities/2D/sensitivity_TL63_415_1991-2000_2D.nc
2026-07-19 07:33:06,860 - INFO - Loading reference for net_toa from: climate_average_net_toa_CERES EBAF_r180x90_2000-2024.nc
2026-07-19 07:33:06,908 - INFO - Loading reference for rsnt from: climate_average_rsnt_CERES EBAF_r180x90_2000-2024.nc
2026-07-19 07:33:06,969 - INFO - Loading reference for rlnt from: climate_average_rlnt_CERES EBAF_r180x90_2000-2024.nc
2026-07-19 07:33:07,000 - INFO - Loading reference for swcf from: climate_average_swcf_CERES EBAF_r180x90_2000-2024.nc
2026-07-19 07:33:07,023 - INFO - Loading reference for lwcf from: climate_average_lwcf_CERES EBAF_r180x90_2000-2024.nc
2026-07-19 07:33:07,047 - WARNING - Missing observation map for 'rsns'. Skipping it from 2D targets/diagnostics.
2026-07-19 07:33:07,048 - WARNING - Missing observation map for 'rlns'. Skipping it from 2D targets/diagnostics.
2026-07-19 07:33:07,048 - WARNING - Missing observation map for 'hfss'. Skipping it from 2D targets/diagnostics.
2026-07-19 07:33:07,049 - WARNING - Missing observation map for 'hfls'. Skipping it from 2D targets/diagnostics.
2026-07-19 07:33:07,050 - INFO - Loading reference for net_sfc from: climate_average_net_sfc_NOCS_r180x90_2000-2014.nc
2026-07-19 07:33:07,072 - WARNING - Missing observation map for 'toamsfc'. Skipping it from 2D targets/diagnostics.
2026-07-19 07:33:07,075 - INFO - Loading cached base maps for phis from /ec/res4/hpcperm/ecme3038/ecearth/ecearth4/ECtuner/mari/ectuner/ecmean/maps_lres/base_2d_phis_2000_2017.nc
2026-07-19 07:33:07,284 - INFO - Generating spatial weights and calculating initial biases...
2026-07-19 07:34:24,367 - INFO - ==== Starting ECtuner 2D Spatial Workflow ====
2026-07-19 07:34:24,368 - INFO - Loading 2D Data (Sensitivity, Reference, Base)...
2026-07-19 07:34:24,368 - INFO - Loading 2D sensitivity from: /ec/res4/hpcperm/ecme3038/ecearth/ecearth4/ECtuner/data/sensitivities/2D/sensitivity_TL63_415_1991-2000_2D.nc
2026-07-19 07:34:30,773 - INFO - Loading reference for net_toa from: climate_average_net_toa_CERES EBAF_r180x90_2000-2024.nc
2026-07-19 07:34:30,796 - INFO - Loading reference for rsnt from: climate_average_rsnt_CERES EBAF_r180x90_2000-2024.nc
2026-07-19 07:34:30,808 - INFO - Loading reference for rlnt from: climate_average_rlnt_CERES EBAF_r180x90_2000-2024.nc
2026-07-19 07:34:30,820 - INFO - Loading reference for swcf from: climate_average_swcf_CERES EBAF_r180x90_2000-2024.nc
2026-07-19 07:34:30,828 - INFO - Loading reference for lwcf from: climate_average_lwcf_CERES EBAF_r180x90_2000-2024.nc
2026-07-19 07:34:30,859 - WARNING - Missing observation map for 'rsns'. Skipping it from 2D targets/diagnostics.
2026-07-19 07:34:30,863 - WARNING - Missing observation map for 'rlns'. Skipping it from 2D targets/diagnostics.
2026-07-19 07:34:30,864 - WARNING - Missing observation map for 'hfss'. Skipping it from 2D targets/diagnostics.
2026-07-19 07:34:30,866 - WARNING - Missing observation map for 'hfls'. Skipping it from 2D targets/diagnostics.
2026-07-19 07:34:30,867 - INFO - Loading reference for net_sfc from: climate_average_net_sfc_NOCS_r180x90_2000-2014.nc
2026-07-19 07:34:30,877 - WARNING - Missing observation map for 'toamsfc'. Skipping it from 2D targets/diagnostics.
2026-07-19 07:34:30,879 - INFO - Cache not found. Extracting 2D maps for phis (this may take a while...)
2026-07-19 07:34:40,518 - INFO - Processing and regridding net_toa...
2026-07-19 07:39:14,049 - INFO - ==== Starting ECtuner 2D Spatial Workflow ====
2026-07-19 07:39:14,050 - INFO - Loading 2D Data (Sensitivity, Reference, Base)...
2026-07-19 07:39:14,050 - INFO - Loading 2D sensitivity from: /ec/res4/hpcperm/ecme3038/ecearth/ecearth4/ECtuner/data/sensitivities/2D/sensitivity_TL63_415_1991-2000_2D.nc
2026-07-19 07:39:22,077 - INFO - Loading reference for net_toa from: climate_average_net_toa_CERES EBAF_r180x90_2000-2024.nc
2026-07-19 07:39:22,089 - INFO - Loading reference for rsnt from: climate_average_rsnt_CERES EBAF_r180x90_2000-2024.nc
2026-07-19 07:39:22,098 - INFO - Loading reference for rlnt from: climate_average_rlnt_CERES EBAF_r180x90_2000-2024.nc
2026-07-19 07:39:22,106 - INFO - Loading reference for swcf from: climate_average_swcf_CERES EBAF_r180x90_2000-2024.nc
2026-07-19 07:39:22,114 - INFO - Loading reference for lwcf from: climate_average_lwcf_CERES EBAF_r180x90_2000-2024.nc
2026-07-19 07:39:22,122 - WARNING - Missing observation map for 'rsns'. Skipping it from 2D targets/diagnostics.
2026-07-19 07:39:22,122 - WARNING - Missing observation map for 'rlns'. Skipping it from 2D targets/diagnostics.
2026-07-19 07:39:22,123 - WARNING - Missing observation map for 'hfss'. Skipping it from 2D targets/diagnostics.
2026-07-19 07:39:22,124 - WARNING - Missing observation map for 'hfls'. Skipping it from 2D targets/diagnostics.
2026-07-19 07:39:22,124 - INFO - Loading reference for net_sfc from: climate_average_net_sfc_NOCS_r180x90_2000-2014.nc
2026-07-19 07:39:22,132 - WARNING - Missing observation map for 'toamsfc'. Skipping it from 2D targets/diagnostics.
2026-07-19 07:39:22,134 - INFO - Cache not found. Extracting 2D maps for phis (this may take a while...)
2026-07-19 07:39:29,855 - INFO - Processing and regridding net_toa...
2026-07-19 07:39:35,082 - INFO - Processing and regridding rsnt...
2026-07-19 07:39:36,344 - INFO - Processing and regridding rlnt...
2026-07-19 07:39:37,567 - INFO - Processing and regridding swcf...
2026-07-19 07:50:38,752 - INFO - ==== Starting ECtuner 2D Spatial Workflow ====
2026-07-19 07:50:38,766 - INFO - Loading 2D Data (Sensitivity, Reference, Base)...
2026-07-19 07:50:38,766 - INFO - Loading 2D sensitivity from: /ec/res4/hpcperm/ecme3038/ecearth/ecearth4/ECtuner/data/sensitivities/2D/sensitivity_TL63_415_1991-2000_2D.nc
2026-07-19 07:50:45,939 - INFO - Loading reference for net_toa from: climate_average_net_toa_CERES EBAF_r180x90_2000-2024.nc
2026-07-19 07:50:46,017 - INFO - Loading reference for rsnt from: climate_average_rsnt_CERES EBAF_r180x90_2000-2024.nc
2026-07-19 07:50:46,039 - INFO - Loading reference for rlnt from: climate_average_rlnt_CERES EBAF_r180x90_2000-2024.nc
2026-07-19 07:50:46,195 - INFO - Loading reference for swcf from: climate_average_swcf_CERES EBAF_r180x90_2000-2024.nc
2026-07-19 07:50:46,220 - INFO - Loading reference for lwcf from: climate_average_lwcf_CERES EBAF_r180x90_2000-2024.nc
2026-07-19 07:50:46,297 - WARNING - Missing observation map for 'rsns'. Skipping it from 2D targets/diagnostics.
2026-07-19 07:50:46,298 - WARNING - Missing observation map for 'rlns'. Skipping it from 2D targets/diagnostics.
2026-07-19 07:50:46,299 - WARNING - Missing observation map for 'hfss'. Skipping it from 2D targets/diagnostics.
2026-07-19 07:50:46,299 - WARNING - Missing observation map for 'hfls'. Skipping it from 2D targets/diagnostics.
2026-07-19 07:50:46,300 - INFO - Loading reference for net_sfc from: climate_average_net_sfc_NOCS_r180x90_2000-2014.nc
2026-07-19 07:50:46,340 - WARNING - Missing observation map for 'toamsfc'. Skipping it from 2D targets/diagnostics.
2026-07-19 07:50:46,342 - INFO - Cache not found. Extracting 2D maps for phis (this may take a while...)
2026-07-19 07:50:49,507 - INFO - Processing and regridding net_toa...
2026-07-19 07:50:51,547 - INFO - Processing and regridding rsnt...
2026-07-19 07:50:52,848 - INFO - Processing and regridding rlnt...
2026-07-19 07:50:54,308 - INFO - Processing and regridding swcf...
2026-07-19 07:50:55,501 - INFO - Processing and regridding lwcf...
2026-07-19 07:50:56,522 - INFO - Processing and regridding net_sfc...
2026-07-19 07:51:01,215 - INFO - Cache saved successfully: /ec/res4/hpcperm/ecme3038/ecearth/ecearth4/ECtuner/mari/ectuner/ecmean/maps_lres/base_2d_phis_2000_2017.nc
2026-07-19 07:51:01,313 - INFO - Generating spatial weights and calculating initial biases...
2026-07-19 07:51:01,379 - INFO - Flattening data
2026-07-19 07:53:34,385 - INFO - ==== Starting ECtuner 2D Spatial Workflow ====
2026-07-19 07:53:34,385 - INFO - Loading 2D Data (Sensitivity, Reference, Base)...
2026-07-19 07:53:34,385 - INFO - Loading 2D sensitivity from: /ec/res4/hpcperm/ecme3038/ecearth/ecearth4/ECtuner/data/sensitivities/2D/sensitivity_TL63_415_1991-2000_2D.nc
2026-07-19 07:53:41,628 - INFO - Loading reference for net_toa from: climate_average_net_toa_CERES EBAF_r180x90_2000-2024.nc
2026-07-19 07:53:41,638 - INFO - Loading reference for rsnt from: climate_average_rsnt_CERES EBAF_r180x90_2000-2024.nc
2026-07-19 07:53:41,647 - INFO - Loading reference for rlnt from: climate_average_rlnt_CERES EBAF_r180x90_2000-2024.nc
2026-07-19 07:53:41,656 - INFO - Loading reference for swcf from: climate_average_swcf_CERES EBAF_r180x90_2000-2024.nc
2026-07-19 07:53:41,665 - INFO - Loading reference for lwcf from: climate_average_lwcf_CERES EBAF_r180x90_2000-2024.nc
2026-07-19 07:53:41,673 - WARNING - Missing observation map for 'rsns'. Skipping it from 2D targets/diagnostics.
2026-07-19 07:53:41,674 - WARNING - Missing observation map for 'rlns'. Skipping it from 2D targets/diagnostics.
2026-07-19 07:53:41,675 - WARNING - Missing observation map for 'hfss'. Skipping it from 2D targets/diagnostics.
2026-07-19 07:53:41,676 - WARNING - Missing observation map for 'hfls'. Skipping it from 2D targets/diagnostics.
2026-07-19 07:53:41,677 - INFO - Loading reference for net_sfc from: climate_average_net_sfc_NOCS_r180x90_2000-2014.nc
2026-07-19 07:53:41,685 - WARNING - Missing observation map for 'toamsfc'. Skipping it from 2D targets/diagnostics.
2026-07-19 07:53:41,688 - INFO - Loading cached base maps for phis from /ec/res4/hpcperm/ecme3038/ecearth/ecearth4/ECtuner/mari/ectuner/ecmean/maps_lres/base_2d_phis_2000_2017.nc
2026-07-19 07:53:41,695 - INFO - Generating spatial weights and calculating initial biases...
2026-07-19 07:53:41,711 - INFO - Flattening data
2026-07-19 07:53:42,524 - INFO - Starting Optimization (dual_annealing)...
2026-07-19 07:56:52,510 - INFO - Optimization finished. Spatial Cost: 7.3944 | Global Cost: 2.9344
2026-07-19 07:56:52,705 - INFO - Diagnostic maps saved to: /ec/res4/hpcperm/ecme3038/ecearth/ecearth4/ECtuner/mari/results/tuned_2d_LR/refactor/2d/CLI/diagnostics_2d_phis_Global_a0.nc
2026-07-19 07:56:52,707 - INFO - 
Parameters Optimization Result:
2026-07-19 07:56:52,708 - INFO - --------------------------------------------------------------------------------
2026-07-19 07:56:52,709 - INFO - |     Parameter     |   New value |   Old value |      Change |   Rel. change |   Min change |   Max change |   Dist. from ref. |
2026-07-19 07:56:52,709 - INFO - |-------------------+-------------+-------------+-------------+---------------+--------------+--------------+-------------------|
2026-07-19 07:56:52,709 - INFO - |      RPRCON       |  1.1203e-03 |  1.4000e-03 | -2.7975e-04 |   -1.9982e-01 |  -2.8000e-04 |   2.8000e-04 |       -1.9982e-01 |
2026-07-19 07:56:52,709 - INFO - |      ENTRORG      |  1.6028e-03 |  1.7500e-03 | -1.4723e-04 |   -8.4133e-02 |  -3.5000e-04 |   3.5000e-04 |       -8.4133e-02 |
2026-07-19 07:56:52,709 - INFO - |      DETRPEN      |  8.9973e-05 |  7.5000e-05 |  1.4973e-05 |    1.9965e-01 |  -1.5000e-05 |   1.5000e-05 |        1.9965e-01 |
2026-07-19 07:56:52,709 - INFO - |      ENTRDD       |  2.4003e-04 |  3.0000e-04 | -5.9971e-05 |   -1.9990e-01 |  -6.0000e-05 |   6.0000e-05 |       -1.9990e-01 |
2026-07-19 07:56:52,709 - INFO - |      RMFDEPS      |  3.5999e-01 |  3.0000e-01 |  5.9986e-02 |    1.9995e-01 |  -6.0000e-02 |   6.0000e-02 |        1.9995e-01 |
2026-07-19 07:56:52,709 - INFO - |       RVICE       |  1.5600e-01 |  1.3000e-01 |  2.5999e-02 |    1.9999e-01 |  -2.6000e-02 |   2.6000e-02 |        1.9999e-01 |
2026-07-19 07:56:52,709 - INFO - |    RLCRITSNOW     |  1.6010e-05 |  2.0000e-05 | -3.9896e-06 |   -1.9948e-01 |  -4.0000e-06 |   4.0000e-06 |       -1.9948e-01 |
2026-07-19 07:56:52,709 - INFO - |     RSNOWLIN2     |  2.4009e-02 |  3.0000e-02 | -5.9909e-03 |   -1.9970e-01 |  -6.0000e-03 |   6.0000e-03 |       -1.9970e-01 |
2026-07-19 07:56:52,709 - INFO - |      RCLDIFF      |  4.8138e-06 |  6.0000e-06 | -1.1862e-06 |   -1.9770e-01 |  -1.2000e-06 |   1.2000e-06 |       -1.9770e-01 |
2026-07-19 07:56:52,709 - INFO - |   RCLDIFF_CONVI   |  8.0005e+00 |  1.0000e+01 | -1.9995e+00 |   -1.9995e-01 |  -2.0000e+00 |   2.0000e+00 |       -1.9995e-01 |
2026-07-19 07:56:52,709 - INFO - |  RDEPLIQREFRATE   |  5.9984e-01 |  5.0000e-01 |  9.9839e-02 |    1.9968e-01 |  -1.0000e-01 |   1.0000e-01 |        1.9968e-01 |
2026-07-19 07:56:52,710 - INFO - |  RDEPLIQREFDEPTH  |  4.6226e+02 |  5.0000e+02 | -3.7742e+01 |   -7.5483e-02 |  -1.0000e+02 |   1.0000e+02 |       -7.5483e-02 |
2026-07-19 07:56:52,710 - INFO - | RCL_OVERLAPLIQICE |  5.2008e-01 |  6.5000e-01 | -1.2992e-01 |   -1.9988e-01 |  -1.3000e-01 |   1.3000e-01 |       -1.9988e-01 |
2026-07-19 07:56:52,710 - INFO - |  RCL_INHOMOGAUT   |  1.2931e+00 |  1.5000e+00 | -2.0689e-01 |   -1.3793e-01 |  -3.0000e-01 |   3.0000e-01 |       -1.3793e-01 |
2026-07-19 07:56:52,710 - INFO - |  RCL_INHOMOGACC   |  2.4000e+00 |  3.0000e+00 | -5.9996e-01 |   -1.9999e-01 |  -6.0000e-01 |   6.0000e-01 |       -1.9999e-01 |
2026-07-19 07:56:52,710 - INFO - |      RMINICE      |  7.1995e+01 |  6.0000e+01 |  1.1995e+01 |    1.9992e-01 |  -1.2000e+01 |   1.2000e+01 |        1.9992e-01 |
2026-07-19 07:56:52,710 - INFO - --------------------------------------------------------------------------------

2026-07-19 07:56:52,710 - INFO - 
===================== OPTIMIZATION SUMMARY (Biases: Model - Target) ======================
2026-07-19 07:56:52,710 - INFO - Goal: Bring Biases to 0.0

2026-07-19 07:56:52,710 - INFO - --------------------------------- PRIMARY TUNING TARGETS ---------------------------------
2026-07-19 07:56:52,710 - INFO - Variable     | Season | Region       | Weight |  Bias Init -> Bias Final | Status
2026-07-19 07:56:52,710 - INFO - ---------------------------------------------------------------------------------
2026-07-19 07:56:52,711 - INFO - net_toa      | ALL    | Global       | 1.00   |      5.626 -> [92m     2.934[0m | IMPROVED
2026-07-19 07:56:52,711 - INFO - 
-------------------------------- DIAGNOSTIC SIDE-EFFECTS ---------------------------------
2026-07-19 07:56:52,711 - INFO - Variable     | Season | Region       | Weight |  Bias Init -> Bias Final | Status
2026-07-19 07:56:52,711 - INFO - ---------------------------------------------------------------------------------
2026-07-19 07:56:52,711 - INFO - net_toa      | ALL    | Tropical     | 0.00   |      2.687 -> [92m    -0.074[0m | IMPROVED
2026-07-19 07:56:52,711 - INFO - net_toa      | ALL    | North Midlat | 0.00   |      6.164 -> [92m     3.836[0m | IMPROVED
2026-07-19 07:56:52,711 - INFO - net_toa      | ALL    | South Midlat | 0.00   |     10.965 -> [92m     8.049[0m | IMPROVED
2026-07-19 07:56:52,711 - INFO - net_toa      | ALL    | North Pole   | 0.00   |      8.072 -> [92m     6.409[0m | IMPROVED
2026-07-19 07:56:52,711 - INFO - net_toa      | ALL    | South Pole   | 0.00   |     19.615 -> [92m    17.612[0m | IMPROVED
2026-07-19 07:56:52,711 - INFO - net_toa      | ALL    | Equatorial   | 0.00   |      2.367 -> [92m    -0.781[0m | IMPROVED
2026-07-19 07:56:52,711 - INFO - net_toa      | ALL    | NH           | 0.00   |      4.927 -> [92m     2.756[0m | IMPROVED
2026-07-19 07:56:52,712 - INFO - net_toa      | ALL    | SH           | 0.00   |      9.713 -> [92m     6.976[0m | IMPROVED
2026-07-19 07:56:52,712 - INFO - rsnt         | ALL    | Global       | 0.00   |     -1.305 -> [91m    -3.042[0m | WORSENED
2026-07-19 07:56:52,712 - INFO - rsnt         | ALL    | Tropical     | 0.00   |     -1.157 -> [91m    -3.440[0m | WORSENED
2026-07-19 07:56:52,712 - INFO - rsnt         | ALL    | North Midlat | 0.00   |     -2.983 -> [91m    -4.300[0m | WORSENED
2026-07-19 07:56:52,712 - INFO - rsnt         | ALL    | South Midlat | 0.00   |      0.076 -> [91m    -0.986[0m | WORSENED
2026-07-19 07:56:52,712 - INFO - rsnt         | ALL    | North Pole   | 0.00   |     -5.579 -> [91m    -5.747[0m | WORSENED
2026-07-19 07:56:52,712 - INFO - rsnt         | ALL    | South Pole   | 0.00   |      5.026 -> [91m     5.106[0m | WORSENED
2026-07-19 07:56:52,712 - INFO - rsnt         | ALL    | Equatorial   | 0.00   |     -0.425 -> [91m    -2.821[0m | WORSENED
2026-07-19 07:56:52,712 - INFO - rsnt         | ALL    | NH           | 0.00   |     -2.942 -> [91m    -4.470[0m | WORSENED
2026-07-19 07:56:52,712 - INFO - rsnt         | ALL    | SH           | 0.00   |     -0.584 -> [91m    -1.842[0m | WORSENED
2026-07-19 07:56:52,712 - INFO - rlnt         | ALL    | Global       | 0.00   |      6.931 -> [92m     5.976[0m | IMPROVED
2026-07-19 07:56:52,712 - INFO - rlnt         | ALL    | Tropical     | 0.00   |      3.844 -> [92m     3.366[0m | IMPROVED
2026-07-19 07:56:52,712 - INFO - rlnt         | ALL    | North Midlat | 0.00   |      9.147 -> [92m     8.136[0m | IMPROVED
2026-07-19 07:56:52,712 - INFO - rlnt         | ALL    | South Midlat | 0.00   |     10.889 -> [92m     9.036[0m | IMPROVED
2026-07-19 07:56:52,712 - INFO - rlnt         | ALL    | North Pole   | 0.00   |     13.651 -> [92m    12.156[0m | IMPROVED
2026-07-19 07:56:52,712 - INFO - rlnt         | ALL    | South Pole   | 0.00   |     14.589 -> [92m    12.506[0m | IMPROVED
2026-07-19 07:56:52,712 - INFO - rlnt         | ALL    | Equatorial   | 0.00   |      2.792 -> [92m     2.040[0m | IMPROVED
2026-07-19 07:56:52,712 - INFO - rlnt         | ALL    | NH           | 0.00   |      7.869 -> [92m     7.226[0m | IMPROVED
2026-07-19 07:56:52,712 - INFO - rlnt         | ALL    | SH           | 0.00   |     10.297 -> [92m     8.818[0m | IMPROVED
2026-07-19 07:56:52,712 - INFO - swcf         | ALL    | Global       | 0.00   |      0.506 -> [91m    -1.174[0m | WORSENED
2026-07-19 07:56:52,712 - INFO - swcf         | ALL    | Tropical     | 0.00   |      0.248 -> [91m    -2.001[0m | WORSENED
2026-07-19 07:56:52,712 - INFO - swcf         | ALL    | North Midlat | 0.00   |     -0.103 -> [91m    -1.277[0m | WORSENED
2026-07-19 07:56:52,712 - INFO - swcf         | ALL    | South Midlat | 0.00   |      1.630 -> [92m     0.581[0m | IMPROVED
2026-07-19 07:56:52,712 - INFO - swcf         | ALL    | North Pole   | 0.00   |     -6.228 -> [91m    -6.402[0m | WORSENED
2026-07-19 07:56:52,713 - INFO - swcf         | ALL    | South Pole   | 0.00   |      6.683 -> [91m     6.774[0m | WORSENED
2026-07-19 07:56:52,713 - INFO - swcf         | ALL    | Equatorial   | 0.00   |      0.569 -> [91m    -1.792[0m | WORSENED
2026-07-19 07:56:52,713 - INFO - swcf         | ALL    | NH           | 0.00   |      0.218 -> [91m    -1.194[0m | WORSENED
2026-07-19 07:56:52,713 - INFO - swcf         | ALL    | SH           | 0.00   |      0.727 -> [92m    -0.512[0m | IMPROVED
2026-07-19 07:56:52,713 - INFO - lwcf         | ALL    | Global       | 0.00   |     -2.709 -> [91m    -4.278[0m | WORSENED
2026-07-19 07:56:52,713 - INFO - lwcf         | ALL    | Tropical     | 0.00   |     -5.038 -> [91m    -6.318[0m | WORSENED
2026-07-19 07:56:52,713 - INFO - lwcf         | ALL    | North Midlat | 0.00   |     -0.397 -> [91m    -2.080[0m | WORSENED
2026-07-19 07:56:52,713 - INFO - lwcf         | ALL    | South Midlat | 0.00   |     -0.364 -> [91m    -2.396[0m | WORSENED
2026-07-19 07:56:52,713 - INFO - lwcf         | ALL    | North Pole   | 0.00   |      5.081 -> [92m     3.065[0m | IMPROVED
2026-07-19 07:56:52,713 - INFO - lwcf         | ALL    | South Pole   | 0.00   |      3.737 -> [92m     1.363[0m | IMPROVED
2026-07-19 07:56:52,713 - INFO - lwcf         | ALL    | Equatorial   | 0.00   |     -5.041 -> [91m    -6.682[0m | WORSENED
2026-07-19 07:56:52,713 - INFO - lwcf         | ALL    | NH           | 0.00   |     -1.670 -> [91m    -3.015[0m | WORSENED
2026-07-19 07:56:52,713 - INFO - lwcf         | ALL    | SH           | 0.00   |     -1.325 -> [91m    -3.042[0m | WORSENED
2026-07-19 07:56:52,713 - INFO - net_sfc      | ALL    | Global       | 0.00   |     -6.840 -> [91m   -10.486[0m | WORSENED
2026-07-19 07:56:52,713 - INFO - net_sfc      | ALL    | Tropical     | 0.00   |     -4.390 -> [91m    -8.253[0m | WORSENED
2026-07-19 07:56:52,713 - INFO - net_sfc      | ALL    | North Midlat | 0.00   |     -8.110 -> [91m   -11.703[0m | WORSENED
2026-07-19 07:56:52,713 - INFO - net_sfc      | ALL    | South Midlat | 0.00   |    -10.410 -> [91m   -13.703[0m | WORSENED
2026-07-19 07:56:52,713 - INFO - net_sfc      | ALL    | North Pole   | 0.00   |      5.755 -> [92m     4.296[0m | IMPROVED
2026-07-19 07:56:52,713 - INFO - net_sfc      | ALL    | South Pole   | 0.00   |    -23.330 -> [91m   -24.173[0m | WORSENED
2026-07-19 07:56:52,713 - INFO - net_sfc      | ALL    | Equatorial   | 0.00   |     -1.734 -> [91m    -5.633[0m | WORSENED
2026-07-19 07:56:52,713 - INFO - net_sfc      | ALL    | NH           | 0.00   |    -10.165 -> [91m   -13.634[0m | WORSENED
2026-07-19 07:56:52,713 - INFO - net_sfc      | ALL    | SH           | 0.00   |     -9.546 -> [91m   -13.068[0m | WORSENED
2026-07-19 07:56:52,714 - INFO - ==========================================================================================

2026-07-19 10:59:11,355 - INFO - ==== Starting ECtuner 2D Spatial Workflow ====
2026-07-19 10:59:11,362 - INFO - Loading 2D Data (Sensitivity, Reference, Base)...
2026-07-19 10:59:11,362 - INFO - Loading 2D sensitivity from: /ec/res4/hpcperm/ecme3038/ecearth/ecearth4/ECtuner/data/sensitivities/2D/sensitivity_TL63_415_1991-2000_2D.nc
2026-07-19 10:59:19,696 - INFO - Loading reference for net_toa from: climate_average_net_toa_CERES EBAF_r180x90_2000-2024.nc
2026-07-19 10:59:19,730 - INFO - Loading reference for rsnt from: climate_average_rsnt_CERES EBAF_r180x90_2000-2024.nc
2026-07-19 10:59:19,748 - INFO - Loading reference for rlnt from: climate_average_rlnt_CERES EBAF_r180x90_2000-2024.nc
2026-07-19 10:59:19,780 - INFO - Loading reference for swcf from: climate_average_swcf_CERES EBAF_r180x90_2000-2024.nc
2026-07-19 10:59:19,831 - INFO - Loading reference for lwcf from: climate_average_lwcf_CERES EBAF_r180x90_2000-2024.nc
2026-07-19 10:59:19,876 - WARNING - Missing observation map for 'rsns'. Skipping it from 2D targets/diagnostics.
2026-07-19 10:59:19,877 - WARNING - Missing observation map for 'rlns'. Skipping it from 2D targets/diagnostics.
2026-07-19 10:59:19,878 - WARNING - Missing observation map for 'hfss'. Skipping it from 2D targets/diagnostics.
2026-07-19 10:59:19,878 - WARNING - Missing observation map for 'hfls'. Skipping it from 2D targets/diagnostics.
2026-07-19 10:59:19,879 - INFO - Loading reference for net_sfc from: climate_average_net_sfc_NOCS_r180x90_2000-2014.nc
2026-07-19 10:59:19,905 - WARNING - Missing observation map for 'toamsfc'. Skipping it from 2D targets/diagnostics.
2026-07-19 10:59:19,907 - INFO - Loading cached base maps for phis from /ec/res4/hpcperm/ecme3038/ecearth/ecearth4/ECtuner/mari/ectuner/ecmean/maps_lres/base_2d_phis_2000_2017.nc
2026-07-19 10:59:20,049 - INFO - Generating spatial weights and calculating initial biases...
2026-07-19 10:59:20,066 - INFO - Flattening data
2026-07-19 10:59:21,410 - INFO - Starting Optimization (dual_annealing)...
2026-07-19 11:02:40,521 - INFO - Optimization finished. Spatial Cost: 7.3954 | Global Cost: 2.9573
2026-07-19 11:02:40,719 - INFO - Diagnostic maps saved to: /ec/res4/hpcperm/ecme3038/ecearth/ecearth4/ECtuner/mari/results/tuned_2d_LR/refactor/2d/CLI/diagnostics_2d_phis_Global_a0.nc
2026-07-19 11:02:40,722 - INFO - 
Parameters Optimization Result:
2026-07-19 11:02:40,722 - INFO - --------------------------------------------------------------------------------
2026-07-19 11:02:40,724 - INFO - |     Parameter     |   New value |   Old value |      Change |   Rel. change |   Min change |   Max change |   Dist. from ref. |
2026-07-19 11:02:40,724 - INFO - |-------------------+-------------+-------------+-------------+---------------+--------------+--------------+-------------------|
2026-07-19 11:02:40,724 - INFO - |      RPRCON       |  1.1206e-03 |  1.4000e-03 | -2.7943e-04 |   -1.9959e-01 |  -2.8000e-04 |   2.8000e-04 |       -1.9959e-01 |
2026-07-19 11:02:40,724 - INFO - |      ENTRORG      |  1.5996e-03 |  1.7500e-03 | -1.5040e-04 |   -8.5942e-02 |  -3.5000e-04 |   3.5000e-04 |       -8.5942e-02 |
2026-07-19 11:02:40,724 - INFO - |      DETRPEN      |  8.9953e-05 |  7.5000e-05 |  1.4953e-05 |    1.9937e-01 |  -1.5000e-05 |   1.5000e-05 |        1.9937e-01 |
2026-07-19 11:02:40,724 - INFO - |      ENTRDD       |  2.4033e-04 |  3.0000e-04 | -5.9666e-05 |   -1.9889e-01 |  -6.0000e-05 |   6.0000e-05 |       -1.9889e-01 |
2026-07-19 11:02:40,724 - INFO - |      RMFDEPS      |  3.5995e-01 |  3.0000e-01 |  5.9954e-02 |    1.9985e-01 |  -6.0000e-02 |   6.0000e-02 |        1.9985e-01 |
2026-07-19 11:02:40,724 - INFO - |       RVICE       |  1.5597e-01 |  1.3000e-01 |  2.5972e-02 |    1.9978e-01 |  -2.6000e-02 |   2.6000e-02 |        1.9978e-01 |
2026-07-19 11:02:40,724 - INFO - |    RLCRITSNOW     |  1.6016e-05 |  2.0000e-05 | -3.9839e-06 |   -1.9919e-01 |  -4.0000e-06 |   4.0000e-06 |       -1.9919e-01 |
2026-07-19 11:02:40,724 - INFO - |     RSNOWLIN2     |  2.4018e-02 |  3.0000e-02 | -5.9822e-03 |   -1.9941e-01 |  -6.0000e-03 |   6.0000e-03 |       -1.9941e-01 |
2026-07-19 11:02:40,724 - INFO - |      RCLDIFF      |  4.8094e-06 |  6.0000e-06 | -1.1906e-06 |   -1.9844e-01 |  -1.2000e-06 |   1.2000e-06 |       -1.9844e-01 |
2026-07-19 11:02:40,724 - INFO - |   RCLDIFF_CONVI   |  8.0001e+00 |  1.0000e+01 | -1.9999e+00 |   -1.9999e-01 |  -2.0000e+00 |   2.0000e+00 |       -1.9999e-01 |
2026-07-19 11:02:40,724 - INFO - |  RDEPLIQREFRATE   |  5.9910e-01 |  5.0000e-01 |  9.9096e-02 |    1.9819e-01 |  -1.0000e-01 |   1.0000e-01 |        1.9819e-01 |
2026-07-19 11:02:40,724 - INFO - |  RDEPLIQREFDEPTH  |  4.6189e+02 |  5.0000e+02 | -3.8111e+01 |   -7.6221e-02 |  -1.0000e+02 |   1.0000e+02 |       -7.6221e-02 |
2026-07-19 11:02:40,724 - INFO - | RCL_OVERLAPLIQICE |  5.2014e-01 |  6.5000e-01 | -1.2986e-01 |   -1.9978e-01 |  -1.3000e-01 |   1.3000e-01 |       -1.9978e-01 |
2026-07-19 11:02:40,724 - INFO - |  RCL_INHOMOGAUT   |  1.3007e+00 |  1.5000e+00 | -1.9925e-01 |   -1.3284e-01 |  -3.0000e-01 |   3.0000e-01 |       -1.3284e-01 |
2026-07-19 11:02:40,724 - INFO - |  RCL_INHOMOGACC   |  2.4005e+00 |  3.0000e+00 | -5.9953e-01 |   -1.9984e-01 |  -6.0000e-01 |   6.0000e-01 |       -1.9984e-01 |
2026-07-19 11:02:40,724 - INFO - |      RMINICE      |  7.2000e+01 |  6.0000e+01 |  1.2000e+01 |    2.0000e-01 |  -1.2000e+01 |   1.2000e+01 |        2.0000e-01 |
2026-07-19 11:02:40,724 - INFO - --------------------------------------------------------------------------------

2026-07-19 11:02:40,724 - INFO - 
===================== OPTIMIZATION SUMMARY (Biases: Model - Target) ======================
2026-07-19 11:02:40,724 - INFO - Goal: Bring Biases to 0.0

2026-07-19 11:02:40,724 - INFO - --------------------------------- PRIMARY TUNING TARGETS ---------------------------------
2026-07-19 11:02:40,725 - INFO - Variable     | Season | Region       | Weight |  Bias Init -> Bias Final | Status
2026-07-19 11:02:40,725 - INFO - ---------------------------------------------------------------------------------
2026-07-19 11:02:40,725 - INFO - net_toa      | ALL    | Global       | 1.00   |      5.626 -> [92m     2.957[0m | IMPROVED
2026-07-19 11:02:40,725 - INFO - 
-------------------------------- DIAGNOSTIC SIDE-EFFECTS ---------------------------------
2026-07-19 11:02:40,725 - INFO - Variable     | Season | Region       | Weight |  Bias Init -> Bias Final | Status
2026-07-19 11:02:40,725 - INFO - ---------------------------------------------------------------------------------
2026-07-19 11:02:40,725 - INFO - net_toa      | ALL    | Tropical     | 0.00   |      2.687 -> [92m    -0.041[0m | IMPROVED
2026-07-19 11:02:40,725 - INFO - net_toa      | ALL    | North Midlat | 0.00   |      6.164 -> [92m     3.847[0m | IMPROVED
2026-07-19 11:02:40,725 - INFO - net_toa      | ALL    | South Midlat | 0.00   |     10.965 -> [92m     8.064[0m | IMPROVED
2026-07-19 11:02:40,725 - INFO - net_toa      | ALL    | North Pole   | 0.00   |      8.072 -> [92m     6.418[0m | IMPROVED
2026-07-19 11:02:40,725 - INFO - net_toa      | ALL    | South Pole   | 0.00   |     19.615 -> [92m    17.621[0m | IMPROVED
2026-07-19 11:02:40,725 - INFO - net_toa      | ALL    | Equatorial   | 0.00   |      2.367 -> [92m    -0.743[0m | IMPROVED
2026-07-19 11:02:40,725 - INFO - net_toa      | ALL    | NH           | 0.00   |      4.927 -> [92m     2.768[0m | IMPROVED
2026-07-19 11:02:40,725 - INFO - net_toa      | ALL    | SH           | 0.00   |      9.713 -> [92m     6.994[0m | IMPROVED
2026-07-19 11:02:40,725 - INFO - rsnt         | ALL    | Global       | 0.00   |     -1.305 -> [91m    -3.021[0m | WORSENED
2026-07-19 11:02:40,725 - INFO - rsnt         | ALL    | Tropical     | 0.00   |     -1.157 -> [91m    -3.412[0m | WORSENED
2026-07-19 11:02:40,725 - INFO - rsnt         | ALL    | North Midlat | 0.00   |     -2.983 -> [91m    -4.287[0m | WORSENED
2026-07-19 11:02:40,725 - INFO - rsnt         | ALL    | South Midlat | 0.00   |      0.076 -> [91m    -0.972[0m | WORSENED
2026-07-19 11:02:40,725 - INFO - rsnt         | ALL    | North Pole   | 0.00   |     -5.579 -> [91m    -5.748[0m | WORSENED
2026-07-19 11:02:40,725 - INFO - rsnt         | ALL    | South Pole   | 0.00   |      5.026 -> [91m     5.107[0m | WORSENED
2026-07-19 11:02:40,725 - INFO - rsnt         | ALL    | Equatorial   | 0.00   |     -0.425 -> [91m    -2.791[0m | WORSENED
2026-07-19 11:02:40,725 - INFO - rsnt         | ALL    | NH           | 0.00   |     -2.942 -> [91m    -4.456[0m | WORSENED
2026-07-19 11:02:40,725 - INFO - rsnt         | ALL    | SH           | 0.00   |     -0.584 -> [91m    -1.824[0m | WORSENED
2026-07-19 11:02:40,725 - INFO - rlnt         | ALL    | Global       | 0.00   |      6.931 -> [92m     5.978[0m | IMPROVED
2026-07-19 11:02:40,726 - INFO - rlnt         | ALL    | Tropical     | 0.00   |      3.844 -> [92m     3.371[0m | IMPROVED
2026-07-19 11:02:40,726 - INFO - rlnt         | ALL    | North Midlat | 0.00   |      9.147 -> [92m     8.135[0m | IMPROVED
2026-07-19 11:02:40,726 - INFO - rlnt         | ALL    | South Midlat | 0.00   |     10.889 -> [92m     9.036[0m | IMPROVED
2026-07-19 11:02:40,726 - INFO - rlnt         | ALL    | North Pole   | 0.00   |     13.651 -> [92m    12.165[0m | IMPROVED
2026-07-19 11:02:40,726 - INFO - rlnt         | ALL    | South Pole   | 0.00   |     14.589 -> [92m    12.514[0m | IMPROVED
2026-07-19 11:02:40,726 - INFO - rlnt         | ALL    | Equatorial   | 0.00   |      2.792 -> [92m     2.048[0m | IMPROVED
2026-07-19 11:02:40,726 - INFO - rlnt         | ALL    | NH           | 0.00   |      7.869 -> [92m     7.224[0m | IMPROVED
2026-07-19 11:02:40,726 - INFO - rlnt         | ALL    | SH           | 0.00   |     10.297 -> [92m     8.818[0m | IMPROVED
2026-07-19 11:02:40,726 - INFO - swcf         | ALL    | Global       | 0.00   |      0.506 -> [91m    -1.154[0m | WORSENED
2026-07-19 11:02:40,726 - INFO - swcf         | ALL    | Tropical     | 0.00   |      0.248 -> [91m    -1.973[0m | WORSENED
2026-07-19 11:02:40,726 - INFO - swcf         | ALL    | North Midlat | 0.00   |     -0.103 -> [91m    -1.264[0m | WORSENED
2026-07-19 11:02:40,726 - INFO - swcf         | ALL    | South Midlat | 0.00   |      1.630 -> [92m     0.596[0m | IMPROVED
2026-07-19 11:02:40,726 - INFO - swcf         | ALL    | North Pole   | 0.00   |     -6.228 -> [91m    -6.398[0m | WORSENED
2026-07-19 11:02:40,726 - INFO - swcf         | ALL    | South Pole   | 0.00   |      6.683 -> [91m     6.776[0m | WORSENED
2026-07-19 11:02:40,726 - INFO - swcf         | ALL    | Equatorial   | 0.00   |      0.569 -> [91m    -1.762[0m | WORSENED
2026-07-19 11:02:40,726 - INFO - swcf         | ALL    | NH           | 0.00   |      0.218 -> [91m    -1.180[0m | WORSENED
2026-07-19 11:02:40,726 - INFO - swcf         | ALL    | SH           | 0.00   |      0.727 -> [92m    -0.495[0m | IMPROVED
2026-07-19 11:02:40,726 - INFO - lwcf         | ALL    | Global       | 0.00   |     -2.709 -> [91m    -4.278[0m | WORSENED
2026-07-19 11:02:40,726 - INFO - lwcf         | ALL    | Tropical     | 0.00   |     -5.038 -> [91m    -6.317[0m | WORSENED
2026-07-19 11:02:40,726 - INFO - lwcf         | ALL    | North Midlat | 0.00   |     -0.397 -> [91m    -2.080[0m | WORSENED
2026-07-19 11:02:40,726 - INFO - lwcf         | ALL    | South Midlat | 0.00   |     -0.364 -> [91m    -2.397[0m | WORSENED
2026-07-19 11:02:40,726 - INFO - lwcf         | ALL    | North Pole   | 0.00   |      5.081 -> [92m     3.070[0m | IMPROVED
2026-07-19 11:02:40,726 - INFO - lwcf         | ALL    | South Pole   | 0.00   |      3.737 -> [92m     1.365[0m | IMPROVED
2026-07-19 11:02:40,726 - INFO - lwcf         | ALL    | Equatorial   | 0.00   |     -5.041 -> [91m    -6.679[0m | WORSENED
2026-07-19 11:02:40,726 - INFO - lwcf         | ALL    | NH           | 0.00   |     -1.670 -> [91m    -3.015[0m | WORSENED
2026-07-19 11:02:40,727 - INFO - lwcf         | ALL    | SH           | 0.00   |     -1.325 -> [91m    -3.043[0m | WORSENED
2026-07-19 11:02:40,727 - INFO - net_sfc      | ALL    | Global       | 0.00   |     -6.840 -> [91m   -10.455[0m | WORSENED
2026-07-19 11:02:40,727 - INFO - net_sfc      | ALL    | Tropical     | 0.00   |     -4.390 -> [91m    -8.209[0m | WORSENED
2026-07-19 11:02:40,727 - INFO - net_sfc      | ALL    | North Midlat | 0.00   |     -8.110 -> [91m   -11.684[0m | WORSENED
2026-07-19 11:02:40,727 - INFO - net_sfc      | ALL    | South Midlat | 0.00   |    -10.410 -> [91m   -13.687[0m | WORSENED
2026-07-19 11:02:40,727 - INFO - net_sfc      | ALL    | North Pole   | 0.00   |      5.755 -> [92m     4.285[0m | IMPROVED
2026-07-19 11:02:40,727 - INFO - net_sfc      | ALL    | South Pole   | 0.00   |    -23.330 -> [91m   -24.179[0m | WORSENED
2026-07-19 11:02:40,727 - INFO - net_sfc      | ALL    | Equatorial   | 0.00   |     -1.734 -> [91m    -5.584[0m | WORSENED
2026-07-19 11:02:40,727 - INFO - net_sfc      | ALL    | NH           | 0.00   |    -10.165 -> [91m   -13.616[0m | WORSENED
2026-07-19 11:02:40,727 - INFO - net_sfc      | ALL    | SH           | 0.00   |     -9.546 -> [91m   -13.046[0m | WORSENED
2026-07-19 11:02:40,727 - INFO - ==========================================================================================

2026-07-19 14:02:45,383 - INFO - ==== Starting ECtuner 2D Spatial Workflow ====
2026-07-19 14:02:45,456 - INFO - Loading 2D Data (Sensitivity, Reference, Base)...
2026-07-19 14:02:45,457 - INFO - Loading 2D sensitivity from: /ec/res4/hpcperm/ecme3038/ecearth/ecearth4/ECtuner/data/sensitivities/2D/sensitivity_TL63_415_1991-2000_2D.nc
2026-07-19 14:02:53,183 - INFO - Loading reference for net_toa from: climate_average_net_toa_CERES EBAF_r180x90_2000-2024.nc
2026-07-19 14:02:53,214 - INFO - Loading reference for rsnt from: climate_average_rsnt_CERES EBAF_r180x90_2000-2024.nc
2026-07-19 14:02:53,232 - INFO - Loading reference for rlnt from: climate_average_rlnt_CERES EBAF_r180x90_2000-2024.nc
2026-07-19 14:02:53,249 - INFO - Loading reference for swcf from: climate_average_swcf_CERES EBAF_r180x90_2000-2024.nc
2026-07-19 14:02:53,276 - INFO - Loading reference for lwcf from: climate_average_lwcf_CERES EBAF_r180x90_2000-2024.nc
2026-07-19 14:02:53,298 - WARNING - Missing observation map for 'rsns'. Skipping it from 2D targets/diagnostics.
2026-07-19 14:02:53,298 - WARNING - Missing observation map for 'rlns'. Skipping it from 2D targets/diagnostics.
2026-07-19 14:02:53,299 - WARNING - Missing observation map for 'hfss'. Skipping it from 2D targets/diagnostics.
2026-07-19 14:02:53,300 - WARNING - Missing observation map for 'hfls'. Skipping it from 2D targets/diagnostics.
2026-07-19 14:02:53,300 - INFO - Loading reference for net_sfc from: climate_average_net_sfc_NOCS_r180x90_2000-2014.nc
2026-07-19 14:02:53,358 - WARNING - Missing observation map for 'toamsfc'. Skipping it from 2D targets/diagnostics.
2026-07-19 14:02:53,359 - INFO - Loading cached base maps for phis from /ec/res4/hpcperm/ecme3038/ecearth/ecearth4/ECtuner/mari/ectuner/ecmean/maps_lres/base_2d_phis_2000_2017.nc
2026-07-19 14:02:53,404 - INFO - Generating spatial weights and calculating initial biases...
2026-07-19 14:02:53,425 - INFO - Flattening data
2026-07-19 14:02:54,676 - INFO - Starting Optimization (dual_annealing)...
2026-07-19 14:06:04,018 - INFO - Optimization finished. Spatial Cost: 7.3950 | Global Cost: 2.9425
2026-07-19 14:06:04,292 - INFO - Diagnostic maps saved to: /ec/res4/hpcperm/ecme3038/ecearth/ecearth4/ECtuner/mari/results/tuned_2d_LR/refactor/2d/CLI/diagnostics_2d_phis_Global_a0.nc
2026-07-19 14:06:04,295 - INFO - 
Parameters Optimization Result:
2026-07-19 14:06:04,295 - INFO - --------------------------------------------------------------------------------
2026-07-19 14:06:04,297 - INFO - |     Parameter     |   New value |   Old value |      Change |   Rel. change |   Min change |   Max change |   Dist. from ref. |
2026-07-19 14:06:04,297 - INFO - |-------------------+-------------+-------------+-------------+---------------+--------------+--------------+-------------------|
2026-07-19 14:06:04,297 - INFO - |      RPRCON       |  1.1205e-03 |  1.4000e-03 | -2.7948e-04 |   -1.9963e-01 |  -2.8000e-04 |   2.8000e-04 |       -1.9963e-01 |
2026-07-19 14:06:04,297 - INFO - |      ENTRORG      |  1.6020e-03 |  1.7500e-03 | -1.4804e-04 |   -8.4597e-02 |  -3.5000e-04 |   3.5000e-04 |       -8.4597e-02 |
2026-07-19 14:06:04,297 - INFO - |      DETRPEN      |  8.9971e-05 |  7.5000e-05 |  1.4971e-05 |    1.9961e-01 |  -1.5000e-05 |   1.5000e-05 |        1.9961e-01 |
2026-07-19 14:06:04,297 - INFO - |      ENTRDD       |  2.4003e-04 |  3.0000e-04 | -5.9965e-05 |   -1.9988e-01 |  -6.0000e-05 |   6.0000e-05 |       -1.9988e-01 |
2026-07-19 14:06:04,297 - INFO - |      RMFDEPS      |  3.5990e-01 |  3.0000e-01 |  5.9897e-02 |    1.9966e-01 |  -6.0000e-02 |   6.0000e-02 |        1.9966e-01 |
2026-07-19 14:06:04,297 - INFO - |       RVICE       |  1.5599e-01 |  1.3000e-01 |  2.5989e-02 |    1.9991e-01 |  -2.6000e-02 |   2.6000e-02 |        1.9991e-01 |
2026-07-19 14:06:04,297 - INFO - |    RLCRITSNOW     |  1.6030e-05 |  2.0000e-05 | -3.9701e-06 |   -1.9851e-01 |  -4.0000e-06 |   4.0000e-06 |       -1.9851e-01 |
2026-07-19 14:06:04,297 - INFO - |     RSNOWLIN2     |  2.4006e-02 |  3.0000e-02 | -5.9939e-03 |   -1.9980e-01 |  -6.0000e-03 |   6.0000e-03 |       -1.9980e-01 |
2026-07-19 14:06:04,297 - INFO - |      RCLDIFF      |  4.8009e-06 |  6.0000e-06 | -1.1991e-06 |   -1.9986e-01 |  -1.2000e-06 |   1.2000e-06 |       -1.9986e-01 |
2026-07-19 14:06:04,297 - INFO - |   RCLDIFF_CONVI   |  8.0033e+00 |  1.0000e+01 | -1.9967e+00 |   -1.9967e-01 |  -2.0000e+00 |   2.0000e+00 |       -1.9967e-01 |
2026-07-19 14:06:04,297 - INFO - |  RDEPLIQREFRATE   |  5.9965e-01 |  5.0000e-01 |  9.9647e-02 |    1.9929e-01 |  -1.0000e-01 |   1.0000e-01 |        1.9929e-01 |
2026-07-19 14:06:04,297 - INFO - |  RDEPLIQREFDEPTH  |  4.6647e+02 |  5.0000e+02 | -3.3529e+01 |   -6.7058e-02 |  -1.0000e+02 |   1.0000e+02 |       -6.7058e-02 |
2026-07-19 14:06:04,297 - INFO - | RCL_OVERLAPLIQICE |  5.2023e-01 |  6.5000e-01 | -1.2977e-01 |   -1.9965e-01 |  -1.3000e-01 |   1.3000e-01 |       -1.9965e-01 |
2026-07-19 14:06:04,298 - INFO - |  RCL_INHOMOGAUT   |  1.2989e+00 |  1.5000e+00 | -2.0106e-01 |   -1.3404e-01 |  -3.0000e-01 |   3.0000e-01 |       -1.3404e-01 |
2026-07-19 14:06:04,298 - INFO - |  RCL_INHOMOGACC   |  2.4002e+00 |  3.0000e+00 | -5.9982e-01 |   -1.9994e-01 |  -6.0000e-01 |   6.0000e-01 |       -1.9994e-01 |
2026-07-19 14:06:04,298 - INFO - |      RMINICE      |  7.2000e+01 |  6.0000e+01 |  1.2000e+01 |    2.0000e-01 |  -1.2000e+01 |   1.2000e+01 |        2.0000e-01 |
2026-07-19 14:06:04,298 - INFO - --------------------------------------------------------------------------------

2026-07-19 14:06:04,298 - INFO - 
===================== OPTIMIZATION SUMMARY (Biases: Model - Target) ======================
2026-07-19 14:06:04,298 - INFO - Goal: Bring Biases to 0.0

2026-07-19 14:06:04,298 - INFO - --------------------------------- PRIMARY TUNING TARGETS ---------------------------------
2026-07-19 14:06:04,298 - INFO - Variable     | Season | Region       | Weight |  Bias Init -> Bias Final | Status
2026-07-19 14:06:04,298 - INFO - ---------------------------------------------------------------------------------
2026-07-19 14:06:04,298 - INFO - net_toa      | ALL    | Global       | 1.00   |      5.626 -> [92m     2.942[0m | IMPROVED
2026-07-19 14:06:04,298 - INFO - 
-------------------------------- DIAGNOSTIC SIDE-EFFECTS ---------------------------------
2026-07-19 14:06:04,298 - INFO - Variable     | Season | Region       | Weight |  Bias Init -> Bias Final | Status
2026-07-19 14:06:04,298 - INFO - ---------------------------------------------------------------------------------
2026-07-19 14:06:04,298 - INFO - net_toa      | ALL    | Tropical     | 0.00   |      2.687 -> [92m    -0.064[0m | IMPROVED
2026-07-19 14:06:04,298 - INFO - net_toa      | ALL    | North Midlat | 0.00   |      6.164 -> [92m     3.841[0m | IMPROVED
2026-07-19 14:06:04,298 - INFO - net_toa      | ALL    | South Midlat | 0.00   |     10.965 -> [92m     8.057[0m | IMPROVED
2026-07-19 14:06:04,298 - INFO - net_toa      | ALL    | North Pole   | 0.00   |      8.072 -> [92m     6.408[0m | IMPROVED
2026-07-19 14:06:04,298 - INFO - net_toa      | ALL    | South Pole   | 0.00   |     19.615 -> [92m    17.619[0m | IMPROVED
2026-07-19 14:06:04,298 - INFO - net_toa      | ALL    | Equatorial   | 0.00   |      2.367 -> [92m    -0.770[0m | IMPROVED
2026-07-19 14:06:04,298 - INFO - net_toa      | ALL    | NH           | 0.00   |      4.927 -> [92m     2.761[0m | IMPROVED
2026-07-19 14:06:04,298 - INFO - net_toa      | ALL    | SH           | 0.00   |      9.713 -> [92m     6.984[0m | IMPROVED
2026-07-19 14:06:04,298 - INFO - rsnt         | ALL    | Global       | 0.00   |     -1.305 -> [91m    -3.034[0m | WORSENED
2026-07-19 14:06:04,298 - INFO - rsnt         | ALL    | Tropical     | 0.00   |     -1.157 -> [91m    -3.430[0m | WORSENED
2026-07-19 14:06:04,298 - INFO - rsnt         | ALL    | North Midlat | 0.00   |     -2.983 -> [91m    -4.293[0m | WORSENED
2026-07-19 14:06:04,298 - INFO - rsnt         | ALL    | South Midlat | 0.00   |      0.076 -> [91m    -0.981[0m | WORSENED
2026-07-19 14:06:04,299 - INFO - rsnt         | ALL    | North Pole   | 0.00   |     -5.579 -> [91m    -5.746[0m | WORSENED
2026-07-19 14:06:04,299 - INFO - rsnt         | ALL    | South Pole   | 0.00   |      5.026 -> [91m     5.106[0m | WORSENED
2026-07-19 14:06:04,299 - INFO - rsnt         | ALL    | Equatorial   | 0.00   |     -0.425 -> [91m    -2.810[0m | WORSENED
2026-07-19 14:06:04,299 - INFO - rsnt         | ALL    | NH           | 0.00   |     -2.942 -> [91m    -4.464[0m | WORSENED
2026-07-19 14:06:04,299 - INFO - rsnt         | ALL    | SH           | 0.00   |     -0.584 -> [91m    -1.836[0m | WORSENED
2026-07-19 14:06:04,299 - INFO - rlnt         | ALL    | Global       | 0.00   |      6.931 -> [92m     5.976[0m | IMPROVED
2026-07-19 14:06:04,299 - INFO - rlnt         | ALL    | Tropical     | 0.00   |      3.844 -> [92m     3.366[0m | IMPROVED
2026-07-19 14:06:04,299 - INFO - rlnt         | ALL    | North Midlat | 0.00   |      9.147 -> [92m     8.135[0m | IMPROVED
2026-07-19 14:06:04,299 - INFO - rlnt         | ALL    | South Midlat | 0.00   |     10.889 -> [92m     9.038[0m | IMPROVED
2026-07-19 14:06:04,299 - INFO - rlnt         | ALL    | North Pole   | 0.00   |     13.651 -> [92m    12.154[0m | IMPROVED
2026-07-19 14:06:04,299 - INFO - rlnt         | ALL    | South Pole   | 0.00   |     14.589 -> [92m    12.513[0m | IMPROVED
2026-07-19 14:06:04,299 - INFO - rlnt         | ALL    | Equatorial   | 0.00   |      2.792 -> [92m     2.040[0m | IMPROVED
2026-07-19 14:06:04,299 - INFO - rlnt         | ALL    | NH           | 0.00   |      7.869 -> [92m     7.224[0m | IMPROVED
2026-07-19 14:06:04,299 - INFO - rlnt         | ALL    | SH           | 0.00   |     10.297 -> [92m     8.820[0m | IMPROVED
2026-07-19 14:06:04,299 - INFO - swcf         | ALL    | Global       | 0.00   |      0.506 -> [91m    -1.166[0m | WORSENED
2026-07-19 14:06:04,299 - INFO - swcf         | ALL    | Tropical     | 0.00   |      0.248 -> [91m    -1.991[0m | WORSENED
2026-07-19 14:06:04,299 - INFO - swcf         | ALL    | North Midlat | 0.00   |     -0.103 -> [91m    -1.270[0m | WORSENED
2026-07-19 14:06:04,299 - INFO - swcf         | ALL    | South Midlat | 0.00   |      1.630 -> [92m     0.587[0m | IMPROVED
2026-07-19 14:06:04,299 - INFO - swcf         | ALL    | North Pole   | 0.00   |     -6.228 -> [91m    -6.397[0m | WORSENED
2026-07-19 14:06:04,299 - INFO - swcf         | ALL    | South Pole   | 0.00   |      6.683 -> [91m     6.775[0m | WORSENED
2026-07-19 14:06:04,299 - INFO - swcf         | ALL    | Equatorial   | 0.00   |      0.569 -> [91m    -1.781[0m | WORSENED
2026-07-19 14:06:04,299 - INFO - swcf         | ALL    | NH           | 0.00   |      0.218 -> [91m    -1.187[0m | WORSENED
2026-07-19 14:06:04,299 - INFO - swcf         | ALL    | SH           | 0.00   |      0.727 -> [92m    -0.506[0m | IMPROVED
2026-07-19 14:06:04,299 - INFO - lwcf         | ALL    | Global       | 0.00   |     -2.709 -> [91m    -4.278[0m | WORSENED
2026-07-19 14:06:04,300 - INFO - lwcf         | ALL    | Tropical     | 0.00   |     -5.038 -> [91m    -6.319[0m | WORSENED
2026-07-19 14:06:04,300 - INFO - lwcf         | ALL    | North Midlat | 0.00   |     -0.397 -> [91m    -2.081[0m | WORSENED
2026-07-19 14:06:04,300 - INFO - lwcf         | ALL    | South Midlat | 0.00   |     -0.364 -> [91m    -2.395[0m | WORSENED
2026-07-19 14:06:04,300 - INFO - lwcf         | ALL    | North Pole   | 0.00   |      5.081 -> [92m     3.064[0m | IMPROVED
2026-07-19 14:06:04,300 - INFO - lwcf         | ALL    | South Pole   | 0.00   |      3.737 -> [92m     1.365[0m | IMPROVED
2026-07-19 14:06:04,300 - INFO - lwcf         | ALL    | Equatorial   | 0.00   |     -5.041 -> [91m    -6.683[0m | WORSENED
2026-07-19 14:06:04,300 - INFO - lwcf         | ALL    | NH           | 0.00   |     -1.670 -> [91m    -3.015[0m | WORSENED
2026-07-19 14:06:04,300 - INFO - lwcf         | ALL    | SH           | 0.00   |     -1.325 -> [91m    -3.041[0m | WORSENED
2026-07-19 14:06:04,300 - INFO - net_sfc      | ALL    | Global       | 0.00   |     -6.840 -> [91m   -10.475[0m | WORSENED
2026-07-19 14:06:04,300 - INFO - net_sfc      | ALL    | Tropical     | 0.00   |     -4.390 -> [91m    -8.239[0m | WORSENED
2026-07-19 14:06:04,300 - INFO - net_sfc      | ALL    | North Midlat | 0.00   |     -8.110 -> [91m   -11.694[0m | WORSENED
2026-07-19 14:06:04,300 - INFO - net_sfc      | ALL    | South Midlat | 0.00   |    -10.410 -> [91m   -13.696[0m | WORSENED
2026-07-19 14:06:04,300 - INFO - net_sfc      | ALL    | North Pole   | 0.00   |      5.755 -> [92m     4.299[0m | IMPROVED
2026-07-19 14:06:04,300 - INFO - net_sfc      | ALL    | South Pole   | 0.00   |    -23.330 -> [91m   -24.191[0m | WORSENED
2026-07-19 14:06:04,300 - INFO - net_sfc      | ALL    | Equatorial   | 0.00   |     -1.734 -> [91m    -5.619[0m | WORSENED
2026-07-19 14:06:04,300 - INFO - net_sfc      | ALL    | NH           | 0.00   |    -10.165 -> [91m   -13.626[0m | WORSENED
2026-07-19 14:06:04,300 - INFO - net_sfc      | ALL    | SH           | 0.00   |     -9.546 -> [91m   -13.058[0m | WORSENED
2026-07-19 14:06:04,300 - INFO - ==========================================================================================

