2026-04-29 08:27:53 | ectuner |     INFO -> Loading 2D Data (Sensitivity, Reference, Base)...
   > Loading reference for net_toa from: climate_average_net_toa_CERES EBAF_r180x90_2000-2024.nc
--- Loading cached base maps for phis ---
2026-04-29 08:27:54 | ectuner |     INFO -> Generating spatial weights (Area * Region)...
2026-04-29 08:27:54 | ectuner |     INFO -> Variable net_toa: Initial Spatial Absolute Cost (L1) (Weighted) = 8.7339
2026-04-29 08:27:54 | ectuner |     INFO -> Flattening data for fast optimization...
2026-04-29 08:27:54 | ectuner |     INFO -> DEBUG: Global Bias for net_toa in optimizer: 5.6259
2026-04-29 08:27:54 | ectuner |     INFO -> Starting 2D Optimization (dual_annealing)...
2026-04-29 08:28:46 | ectuner |     INFO -> Optimization finished. Final Weighted Cost (L1): Spatial=7.0721, Global=0.0000
2026-04-29 08:28:46 | ectuner |     INFO -> 
============================== GLOBAL & SPATIAL COSTS (L1) ===============================
2026-04-29 08:28:46 | ectuner |     INFO -> Variable     | Metric           |            Initial ->              Final | Status
2026-04-29 08:28:46 | ectuner |     INFO -> ------------------------------------------------------------------------------------------
2026-04-29 08:28:46 | ectuner |     INFO -> net_toa      | Global Cost|             5.6259 ->             0.0000 | IMPROVED
2026-04-29 08:28:46 | ectuner |     INFO ->              | Spatial Cost  |             8.7339 ->             7.0721 | IMPROVED
2026-04-29 08:28:46 | ectuner |     INFO -> ------------------------------------------------------------------------------------------
2026-04-29 08:28:46 | ectuner |     INFO -> Structured tuning YAML written to ../results/tuned_2d_LR/l1/net_toa_tol/alfa_030/tuned_phis_l1_a030.yml

| Parameter         |   New Value |   Old Value |      Change |   Rel. Change |   Dist. from Ref. |
|-------------------+-------------+-------------+-------------+---------------+-------------------|
| RPRCON            |  5.6030e-04 |  1.4000e-03 | -8.3970e-04 |   -5.9979e-01 |       -5.9979e-01 |
| ENTRORG           |  1.9044e-03 |  1.7500e-03 |  1.5442e-04 |    8.8240e-02 |        8.8240e-02 |
| DETRPEN           |  8.4670e-05 |  7.5000e-05 |  9.6701e-06 |    1.2893e-01 |        1.2893e-01 |
| ENTRDD            |  1.5999e-04 |  3.0000e-04 | -1.4001e-04 |   -4.6670e-01 |       -4.6670e-01 |
| RMFDEPS           |  4.7250e-01 |  3.0000e-01 |  1.7250e-01 |    5.7501e-01 |        5.7501e-01 |
| RVICE             |  2.0290e-01 |  1.3000e-01 |  7.2902e-02 |    5.6079e-01 |        5.6079e-01 |
| RLCRITSNOW        |  8.0935e-06 |  2.0000e-05 | -1.1906e-05 |   -5.9532e-01 |       -5.9532e-01 |
| RSNOWLIN2         |  1.5450e-02 |  3.0000e-02 | -1.4550e-02 |   -4.8500e-01 |       -4.8500e-01 |
| RCLDIFF           |  3.7705e-06 |  6.0000e-06 | -2.2295e-06 |   -3.7158e-01 |       -3.7158e-01 |
| RCLDIFF_CONVI     |  7.1297e+00 |  1.0000e+01 | -2.8703e+00 |   -2.8703e-01 |       -2.8703e-01 |
| RDEPLIQREFRATE    |  5.3442e-01 |  5.0000e-01 |  3.4421e-02 |    6.8843e-02 |        6.8843e-02 |
| RDEPLIQREFDEPTH   |  3.9168e+02 |  5.0000e+02 | -1.0832e+02 |   -2.1665e-01 |       -2.1665e-01 |
| RCL_OVERLAPLIQICE |  2.6049e-01 |  6.5000e-01 | -3.8951e-01 |   -5.9925e-01 |       -5.9925e-01 |
| RCL_INHOMOGAUT    |  7.5890e-01 |  1.5000e+00 | -7.4110e-01 |   -4.9406e-01 |       -4.9406e-01 |
| RCL_INHOMOGACC    |  3.2818e+00 |  3.0000e+00 |  2.8183e-01 |    9.3945e-02 |        9.3945e-02 |
| RMINICE           |  9.5983e+01 |  6.0000e+01 |  3.5983e+01 |    5.9972e-01 |        5.9972e-01 |
2026-04-29 08:28:46 | ectuner |     INFO -> Diagnostic maps saved to ../results/tuned_2d_LR/l1/net_toa_tol/alfa_030/diagnostics_2d_phis_Global_a03.nc
Copia del file YAML inviata a ../results/tuned_2d_LR/l1/net_toa_tol/yaml_files
