2026-04-29 08:27:55 | ectuner |     INFO -> Loading 2D Data (Sensitivity, Reference, Base)...
   > Loading reference for net_toa from: climate_average_net_toa_CERES EBAF_r180x90_2000-2024.nc
--- Loading cached base maps for phis ---
2026-04-29 08:27:56 | ectuner |     INFO -> Generating spatial weights (Area * Region)...
2026-04-29 08:27:56 | ectuner |     INFO -> Variable net_toa: Initial Spatial Absolute Cost (L1) (Weighted) = 8.7339
2026-04-29 08:27:56 | ectuner |     INFO -> Flattening data for fast optimization...
2026-04-29 08:27:57 | ectuner |     INFO -> DEBUG: Global Bias for net_toa in optimizer: 5.6259
2026-04-29 08:27:57 | ectuner |     INFO -> Starting 2D Optimization (dual_annealing)...
2026-04-29 08:28:19 | ectuner |     INFO -> Optimization finished. Final Weighted Cost (L1): Spatial=8.1718, Global=0.0007
2026-04-29 08:28:19 | ectuner |     INFO -> 
============================== GLOBAL & SPATIAL COSTS (L1) ===============================
2026-04-29 08:28:19 | ectuner |     INFO -> Variable     | Metric           |            Initial ->              Final | Status
2026-04-29 08:28:19 | ectuner |     INFO -> ------------------------------------------------------------------------------------------
2026-04-29 08:28:19 | ectuner |     INFO -> net_toa      | Global Cost|             5.6259 ->             0.0007 | IMPROVED
2026-04-29 08:28:19 | ectuner |     INFO ->              | Spatial Cost  |             8.7339 ->             8.1718 | IMPROVED
2026-04-29 08:28:19 | ectuner |     INFO -> ------------------------------------------------------------------------------------------
2026-04-29 08:28:19 | ectuner |     INFO -> Structured tuning YAML written to ../results/tuned_2d_LR/l1/net_toa_tol/alfa_080/tuned_phis_l1_a080.yml

| Parameter         |   New Value |   Old Value |      Change |   Rel. Change |   Dist. from Ref. |
|-------------------+-------------+-------------+-------------+---------------+-------------------|
| RPRCON            |  8.4401e-04 |  1.4000e-03 | -5.5599e-04 |   -3.9713e-01 |       -3.9713e-01 |
| ENTRORG           |  2.1956e-03 |  1.7500e-03 |  4.4561e-04 |    2.5464e-01 |        2.5464e-01 |
| DETRPEN           |  7.2293e-05 |  7.5000e-05 | -2.7066e-06 |   -3.6087e-02 |       -3.6087e-02 |
| ENTRDD            |  2.3453e-04 |  3.0000e-04 | -6.5472e-05 |   -2.1824e-01 |       -2.1824e-01 |
| RMFDEPS           |  3.0746e-01 |  3.0000e-01 |  7.4619e-03 |    2.4873e-02 |        2.4873e-02 |
| RVICE             |  1.5810e-01 |  1.3000e-01 |  2.8095e-02 |    2.1612e-01 |        2.1612e-01 |
| RLCRITSNOW        |  2.2132e-05 |  2.0000e-05 |  2.1323e-06 |    1.0662e-01 |        1.0662e-01 |
| RSNOWLIN2         |  2.5055e-02 |  3.0000e-02 | -4.9448e-03 |   -1.6483e-01 |       -1.6483e-01 |
| RCLDIFF           |  6.8715e-06 |  6.0000e-06 |  8.7149e-07 |    1.4525e-01 |        1.4525e-01 |
| RCLDIFF_CONVI     |  7.7055e+00 |  1.0000e+01 | -2.2945e+00 |   -2.2945e-01 |       -2.2945e-01 |
| RDEPLIQREFRATE    |  7.8518e-01 |  5.0000e-01 |  2.8518e-01 |    5.7036e-01 |        5.7036e-01 |
| RDEPLIQREFDEPTH   |  3.4054e+02 |  5.0000e+02 | -1.5946e+02 |   -3.1891e-01 |       -3.1891e-01 |
| RCL_OVERLAPLIQICE |  3.4867e-01 |  6.5000e-01 | -3.0133e-01 |   -4.6359e-01 |       -4.6359e-01 |
| RCL_INHOMOGAUT    |  1.2692e+00 |  1.5000e+00 | -2.3083e-01 |   -1.5389e-01 |       -1.5389e-01 |
| RCL_INHOMOGACC    |  2.0414e+00 |  3.0000e+00 | -9.5859e-01 |   -3.1953e-01 |       -3.1953e-01 |
| RMINICE           |  9.3548e+01 |  6.0000e+01 |  3.3548e+01 |    5.5913e-01 |        5.5913e-01 |
2026-04-29 08:28:19 | ectuner |     INFO -> Diagnostic maps saved to ../results/tuned_2d_LR/l1/net_toa_tol/alfa_080/diagnostics_2d_phis_Global_a08.nc
Copia del file YAML inviata a ../results/tuned_2d_LR/l1/net_toa_tol/yaml_files
