2026-04-29 08:27:53 | ectuner |     INFO -> Loading 2D Data (Sensitivity, Reference, Base)...
   > Loading reference for net_toa from: climate_average_net_toa_CERES EBAF_r180x90_2000-2024.nc
--- Loading cached base maps for phis ---
2026-04-29 08:27:54 | ectuner |     INFO -> Generating spatial weights (Area * Region)...
2026-04-29 08:27:54 | ectuner |     INFO -> Variable net_toa: Initial Spatial Absolute Cost (L1) (Weighted) = 8.7339
2026-04-29 08:27:54 | ectuner |     INFO -> Flattening data for fast optimization...
2026-04-29 08:27:54 | ectuner |     INFO -> DEBUG: Global Bias for net_toa in optimizer: 5.6259
2026-04-29 08:27:54 | ectuner |     INFO -> Starting 2D Optimization (dual_annealing)...
2026-04-29 08:28:30 | ectuner |     INFO -> Optimization finished. Final Weighted Cost (L1): Spatial=7.0463, Global=0.0000
2026-04-29 08:28:30 | ectuner |     INFO -> 
============================== GLOBAL & SPATIAL COSTS (L1) ===============================
2026-04-29 08:28:30 | ectuner |     INFO -> Variable     | Metric           |            Initial ->              Final | Status
2026-04-29 08:28:30 | ectuner |     INFO -> ------------------------------------------------------------------------------------------
2026-04-29 08:28:30 | ectuner |     INFO -> net_toa      | Global Cost|             5.6259 ->             0.0000 | IMPROVED
2026-04-29 08:28:30 | ectuner |     INFO ->              | Spatial Cost  |             8.7339 ->             7.0463 | IMPROVED
2026-04-29 08:28:30 | ectuner |     INFO -> ------------------------------------------------------------------------------------------
2026-04-29 08:28:30 | ectuner |     INFO -> Structured tuning YAML written to ../results/tuned_2d_LR/l1/net_toa_tol/alfa_040/tuned_phis_l1_a040.yml

| Parameter         |   New Value |   Old Value |      Change |   Rel. Change |   Dist. from Ref. |
|-------------------+-------------+-------------+-------------+---------------+-------------------|
| RPRCON            |  6.3644e-04 |  1.4000e-03 | -7.6356e-04 |   -5.4540e-01 |       -5.4540e-01 |
| ENTRORG           |  1.6541e-03 |  1.7500e-03 | -9.5898e-05 |   -5.4799e-02 |       -5.4799e-02 |
| DETRPEN           |  1.0843e-04 |  7.5000e-05 |  3.3429e-05 |    4.4572e-01 |        4.4572e-01 |
| ENTRDD            |  1.7921e-04 |  3.0000e-04 | -1.2079e-04 |   -4.0264e-01 |       -4.0264e-01 |
| RMFDEPS           |  4.4862e-01 |  3.0000e-01 |  1.4862e-01 |    4.9541e-01 |        4.9541e-01 |
| RVICE             |  2.0404e-01 |  1.3000e-01 |  7.4043e-02 |    5.6956e-01 |        5.6956e-01 |
| RLCRITSNOW        |  8.0550e-06 |  2.0000e-05 | -1.1945e-05 |   -5.9725e-01 |       -5.9725e-01 |
| RSNOWLIN2         |  1.3377e-02 |  3.0000e-02 | -1.6623e-02 |   -5.5411e-01 |       -5.5411e-01 |
| RCLDIFF           |  5.4469e-06 |  6.0000e-06 | -5.5306e-07 |   -9.2176e-02 |       -9.2176e-02 |
| RCLDIFF_CONVI     |  7.4305e+00 |  1.0000e+01 | -2.5695e+00 |   -2.5695e-01 |       -2.5695e-01 |
| RDEPLIQREFRATE    |  4.9629e-01 |  5.0000e-01 | -3.7111e-03 |   -7.4221e-03 |       -7.4221e-03 |
| RDEPLIQREFDEPTH   |  4.1670e+02 |  5.0000e+02 | -8.3304e+01 |   -1.6661e-01 |       -1.6661e-01 |
| RCL_OVERLAPLIQICE |  2.6003e-01 |  6.5000e-01 | -3.8997e-01 |   -5.9995e-01 |       -5.9995e-01 |
| RCL_INHOMOGAUT    |  1.5397e+00 |  1.5000e+00 |  3.9719e-02 |    2.6479e-02 |        2.6479e-02 |
| RCL_INHOMOGACC    |  2.2744e+00 |  3.0000e+00 | -7.2560e-01 |   -2.4187e-01 |       -2.4187e-01 |
| RMINICE           |  9.5403e+01 |  6.0000e+01 |  3.5403e+01 |    5.9005e-01 |        5.9005e-01 |
2026-04-29 08:28:30 | ectuner |     INFO -> Diagnostic maps saved to ../results/tuned_2d_LR/l1/net_toa_tol/alfa_040/diagnostics_2d_phis_Global_a04.nc
Copia del file YAML inviata a ../results/tuned_2d_LR/l1/net_toa_tol/yaml_files
