2026-04-15 14:26:48 | ectuner |     INFO -> Loading 2D Data (Sensitivity, Reference, Base)...
   > Loading reference for net_toa from: climate_average_net_toa_CERES EBAF_r180x90_2000-2024.nc
--- Loading cached base maps for phis ---
2026-04-15 14:26:49 | ectuner |     INFO -> Generating spatial weights (Area * Region)...
2026-04-15 14:26:49 | ectuner |     INFO -> Variable net_toa: Initial Spatial RMSE (Weighted) = 11.3965
2026-04-15 14:26:49 | ectuner |     INFO -> Flattening data for fast optimization...
2026-04-15 14:26:49 | ectuner |     INFO -> DEBUG: Global Bias for net_toa in optimizer: 5.6259
2026-04-15 14:26:49 | ectuner |     INFO -> Starting 2D Optimization (dual_annealing)...
2026-04-15 14:27:12 | ectuner |     INFO -> 
==================== GLOBAL MEAN & ZONAL SUMMARY FROM 2D OPTIMIZATION ====================
2026-04-15 14:27:12 | ectuner |     INFO -> Variable     | Metric       |            Initial ->              Final | Status
2026-04-15 14:27:12 | ectuner |     INFO -> ------------------------------------------------------------------------------------------
2026-04-15 14:27:12 | ectuner |     INFO -> net_toa      | Global Bias |             5.6259 ->             0.1170 | IMPROVED
2026-04-15 14:27:12 | ectuner |     INFO ->              | Spatial RMSE  |            11.3965 ->             9.3859 | IMPROVED
2026-04-15 14:27:12 | ectuner |     INFO -> ------------------------------------------------------------------------------------------
2026-04-15 14:27:12 | ectuner |     INFO -> Structured tuning YAML written to ../results/tuned_2d_LR/net_TOA/alfa_095/tuned_phis_2000_2017_2D_a095.yml

| Parameter         |   New Value |   Old Value |      Change |   Rel. Change |   Dist. from Ref. |
|-------------------+-------------+-------------+-------------+---------------+-------------------|
| RPRCON            |  8.3643e-04 |  1.4000e-03 | -5.6357e-04 |   -4.0255e-01 |       -4.0255e-01 |
| ENTRORG           |  1.4037e-03 |  1.7500e-03 | -3.4625e-04 |   -1.9786e-01 |       -1.9786e-01 |
| DETRPEN           |  1.0532e-04 |  7.5000e-05 |  3.0320e-05 |    4.0427e-01 |        4.0427e-01 |
| ENTRDD            |  1.5314e-04 |  3.0000e-04 | -1.4686e-04 |   -4.8954e-01 |       -4.8954e-01 |
| RMFDEPS           |  4.8000e-01 |  3.0000e-01 |  1.8000e-01 |    6.0000e-01 |        6.0000e-01 |
| RVICE             |  2.0800e-01 |  1.3000e-01 |  7.8000e-02 |    6.0000e-01 |        6.0000e-01 |
| RLCRITSNOW        |  8.0000e-06 |  2.0000e-05 | -1.2000e-05 |   -6.0000e-01 |       -6.0000e-01 |
| RSNOWLIN2         |  1.2000e-02 |  3.0000e-02 | -1.8000e-02 |   -6.0000e-01 |       -6.0000e-01 |
| RCLDIFF           |  3.2280e-06 |  6.0000e-06 | -2.7720e-06 |   -4.6200e-01 |       -4.6200e-01 |
| RCLDIFF_CONVI     |  7.6020e+00 |  1.0000e+01 | -2.3980e+00 |   -2.3980e-01 |       -2.3980e-01 |
| RDEPLIQREFRATE    |  3.9000e-01 |  5.0000e-01 | -1.1000e-01 |   -2.1999e-01 |       -2.1999e-01 |
| RDEPLIQREFDEPTH   |  2.1751e+02 |  5.0000e+02 | -2.8249e+02 |   -5.6499e-01 |       -5.6499e-01 |
| RCL_OVERLAPLIQICE |  2.6000e-01 |  6.5000e-01 | -3.9000e-01 |   -6.0000e-01 |       -6.0000e-01 |
| RCL_INHOMOGAUT    |  7.4364e-01 |  1.5000e+00 | -7.5636e-01 |   -5.0424e-01 |       -5.0424e-01 |
| RCL_INHOMOGACC    |  2.2889e+00 |  3.0000e+00 | -7.1114e-01 |   -2.3705e-01 |       -2.3705e-01 |
| RMINICE           |  5.0932e+01 |  6.0000e+01 | -9.0681e+00 |   -1.5113e-01 |       -1.5113e-01 |
2026-04-15 14:27:12 | ectuner |     INFO -> Diagnostic maps saved to /ec/res4/hpcperm/ecme3038/ecearth/ecearth4/ECtuner/mari/results/tuned_2d_LR/net_TOA/alfa_095/diagnostics_2d_phis_Global_a095.nc
