Launch ECtuner in mode: 2d on phis (2000-2017)
2026-07-19 15:32:41,319 - INFO - ==== Starting ECtuner 2D Spatial Workflow ====
2026-07-19 15:32:42,447 - INFO - Loading 2D Data (Sensitivity, Reference, Base)...
2026-07-19 15:32:42,449 - INFO - Loading 2D sensitivity from: /ec/res4/hpcperm/ecme3038/ecearth/ecearth4/ECtuner/data/sensitivities/2D/sensitivity_TL63_415_1991-2000_2D.nc
2026-07-19 15:32:50,500 - INFO - Loading reference for net_toa from: climate_average_net_toa_CERES EBAF_r180x90_2000-2024.nc
2026-07-19 15:32:50,513 - INFO - Loading reference for rsnt from: climate_average_rsnt_CERES EBAF_r180x90_2000-2024.nc
2026-07-19 15:32:50,521 - INFO - Loading reference for rlnt from: climate_average_rlnt_CERES EBAF_r180x90_2000-2024.nc
2026-07-19 15:32:50,576 - INFO - Loading reference for swcf from: climate_average_swcf_CERES EBAF_r180x90_2000-2024.nc
2026-07-19 15:32:50,596 - INFO - Loading reference for lwcf from: climate_average_lwcf_CERES EBAF_r180x90_2000-2024.nc
2026-07-19 15:32:50,636 - WARNING - Missing observation map for 'rsns'. Skipping it from 2D targets/diagnostics.
2026-07-19 15:32:50,637 - WARNING - Missing observation map for 'rlns'. Skipping it from 2D targets/diagnostics.
2026-07-19 15:32:50,638 - WARNING - Missing observation map for 'hfss'. Skipping it from 2D targets/diagnostics.
2026-07-19 15:32:50,639 - WARNING - Missing observation map for 'hfls'. Skipping it from 2D targets/diagnostics.
2026-07-19 15:32:50,640 - INFO - Loading reference for net_sfc from: climate_average_net_sfc_NOCS_r180x90_2000-2014.nc
2026-07-19 15:32:50,748 - WARNING - Missing observation map for 'toamsfc'. Skipping it from 2D targets/diagnostics.
2026-07-19 15:32:50,789 - INFO - Loading cached base maps for phis from /ec/res4/hpcperm/ecme3038/ecearth/ecearth4/ECtuner/mari/ectuner/ecmean/maps_lres/base_2d_phis_2000_2017.nc
2026-07-19 15:32:50,796 - INFO - Generating spatial weights and calculating initial biases...
2026-07-19 15:32:50,828 - INFO - Flattening data
2026-07-19 15:32:52,158 - INFO - Starting Optimization (dual_annealing)...
2026-07-19 15:34:37,993 - INFO - Optimization finished. Spatial Cost: 7.9012 | Global Cost: 0.4606
2026-07-19 15:34:38,194 - INFO - Diagnostic maps saved to: /ec/res4/hpcperm/ecme3038/ecearth/ecearth4/ECtuner/mari/results/tuned_2d_LR/refactor/2d/sweep/diagnostics_2d_phis_a10_global.nc
2026-07-19 15:34:38,196 - INFO - 
Parameters Optimization Result:
2026-07-19 15:34:38,197 - INFO - --------------------------------------------------------------------------------
2026-07-19 15:34:38,198 - INFO - |     Parameter     |   New value |   Old value |      Change |   Rel. change |   Min change |   Max change |   Dist. from ref. |
2026-07-19 15:34:38,198 - INFO - |-------------------+-------------+-------------+-------------+---------------+--------------+--------------+-------------------|
2026-07-19 15:34:38,199 - INFO - |      RPRCON       |  1.1205e-03 |  1.4000e-03 | -2.7948e-04 |   -1.9963e-01 |  -2.8000e-04 |   2.8000e-04 |       -1.9963e-01 |
2026-07-19 15:34:38,199 - INFO - |      ENTRORG      |  2.0988e-03 |  1.7500e-03 |  3.4880e-04 |    1.9931e-01 |  -3.5000e-04 |   3.5000e-04 |        1.9931e-01 |
2026-07-19 15:34:38,199 - INFO - |      DETRPEN      |  8.9930e-05 |  7.5000e-05 |  1.4930e-05 |    1.9906e-01 |  -1.5000e-05 |   1.5000e-05 |        1.9906e-01 |
2026-07-19 15:34:38,199 - INFO - |      ENTRDD       |  2.4044e-04 |  3.0000e-04 | -5.9557e-05 |   -1.9852e-01 |  -6.0000e-05 |   6.0000e-05 |       -1.9852e-01 |
2026-07-19 15:34:38,200 - INFO - |      RMFDEPS      |  3.5991e-01 |  3.0000e-01 |  5.9908e-02 |    1.9969e-01 |  -6.0000e-02 |   6.0000e-02 |        1.9969e-01 |
2026-07-19 15:34:38,200 - INFO - |       RVICE       |  1.5592e-01 |  1.3000e-01 |  2.5917e-02 |    1.9936e-01 |  -2.6000e-02 |   2.6000e-02 |        1.9936e-01 |
2026-07-19 15:34:38,200 - INFO - |    RLCRITSNOW     |  1.6005e-05 |  2.0000e-05 | -3.9951e-06 |   -1.9975e-01 |  -4.0000e-06 |   4.0000e-06 |       -1.9975e-01 |
2026-07-19 15:34:38,200 - INFO - |     RSNOWLIN2     |  2.4001e-02 |  3.0000e-02 | -5.9990e-03 |   -1.9997e-01 |  -6.0000e-03 |   6.0000e-03 |       -1.9997e-01 |
2026-07-19 15:34:38,200 - INFO - |      RCLDIFF      |  4.8005e-06 |  6.0000e-06 | -1.1995e-06 |   -1.9992e-01 |  -1.2000e-06 |   1.2000e-06 |       -1.9992e-01 |
2026-07-19 15:34:38,201 - INFO - |   RCLDIFF_CONVI   |  8.0012e+00 |  1.0000e+01 | -1.9988e+00 |   -1.9988e-01 |  -2.0000e+00 |   2.0000e+00 |       -1.9988e-01 |
2026-07-19 15:34:38,201 - INFO - |  RDEPLIQREFRATE   |  4.0001e-01 |  5.0000e-01 | -9.9993e-02 |   -1.9999e-01 |  -1.0000e-01 |   1.0000e-01 |       -1.9999e-01 |
2026-07-19 15:34:38,201 - INFO - |  RDEPLIQREFDEPTH  |  4.0005e+02 |  5.0000e+02 | -9.9951e+01 |   -1.9990e-01 |  -1.0000e+02 |   1.0000e+02 |       -1.9990e-01 |
2026-07-19 15:34:38,201 - INFO - | RCL_OVERLAPLIQICE |  5.2016e-01 |  6.5000e-01 | -1.2984e-01 |   -1.9975e-01 |  -1.3000e-01 |   1.3000e-01 |       -1.9975e-01 |
2026-07-19 15:34:38,202 - INFO - |  RCL_INHOMOGAUT   |  1.2000e+00 |  1.5000e+00 | -2.9998e-01 |   -1.9999e-01 |  -3.0000e-01 |   3.0000e-01 |       -1.9999e-01 |
2026-07-19 15:34:38,202 - INFO - |  RCL_INHOMOGACC   |  2.4001e+00 |  3.0000e+00 | -5.9990e-01 |   -1.9997e-01 |  -6.0000e-01 |   6.0000e-01 |       -1.9997e-01 |
2026-07-19 15:34:38,202 - INFO - |      RMINICE      |  7.1997e+01 |  6.0000e+01 |  1.1997e+01 |    1.9996e-01 |  -1.2000e+01 |   1.2000e+01 |        1.9996e-01 |
2026-07-19 15:34:38,202 - INFO - --------------------------------------------------------------------------------

2026-07-19 15:34:38,203 - INFO - 
===================== OPTIMIZATION SUMMARY (Biases: Model - Target) ======================
2026-07-19 15:34:38,203 - INFO - Goal: Bring Biases to 0.0

2026-07-19 15:34:38,203 - INFO - --------------------------------- PRIMARY TUNING TARGETS ---------------------------------
2026-07-19 15:34:38,203 - INFO - Variable     | Season | Region       | Weight |  Bias Init -> Bias Final | Status
2026-07-19 15:34:38,203 - INFO - ---------------------------------------------------------------------------------
2026-07-19 15:34:38,204 - INFO - net_toa      | ALL    | Global       | 1.00   |      5.626 -> [92m     0.461[0m | IMPROVED
2026-07-19 15:34:38,204 - INFO - 
-------------------------------- DIAGNOSTIC SIDE-EFFECTS ---------------------------------
2026-07-19 15:34:38,204 - INFO - Variable     | Season | Region       | Weight |  Bias Init -> Bias Final | Status
2026-07-19 15:34:38,204 - INFO - ---------------------------------------------------------------------------------
2026-07-19 15:34:38,205 - INFO - net_toa      | ALL    | Tropical     | 0.00   |      2.687 -> [91m    -3.908[0m | WORSENED
2026-07-19 15:34:38,205 - INFO - net_toa      | ALL    | North Midlat | 0.00   |      6.164 -> [92m     2.989[0m | IMPROVED
2026-07-19 15:34:38,205 - INFO - net_toa      | ALL    | South Midlat | 0.00   |     10.965 -> [92m     6.669[0m | IMPROVED
2026-07-19 15:34:38,205 - INFO - net_toa      | ALL    | North Pole   | 0.00   |      8.072 -> [92m     5.909[0m | IMPROVED
2026-07-19 15:34:38,206 - INFO - net_toa      | ALL    | South Pole   | 0.00   |     19.615 -> [92m    17.099[0m | IMPROVED
2026-07-19 15:34:38,206 - INFO - net_toa      | ALL    | Equatorial   | 0.00   |      2.367 -> [91m    -5.216[0m | WORSENED
2026-07-19 15:34:38,206 - INFO - net_toa      | ALL    | NH           | 0.00   |      4.927 -> [92m     1.651[0m | IMPROVED
2026-07-19 15:34:38,206 - INFO - net_toa      | ALL    | SH           | 0.00   |      9.713 -> [92m     5.172[0m | IMPROVED
2026-07-19 15:34:38,207 - INFO - rsnt         | ALL    | Global       | 0.00   |     -1.305 -> [91m    -5.182[0m | WORSENED
2026-07-19 15:34:38,207 - INFO - rsnt         | ALL    | Tropical     | 0.00   |     -1.157 -> [91m    -6.268[0m | WORSENED
2026-07-19 15:34:38,207 - INFO - rsnt         | ALL    | North Midlat | 0.00   |     -2.983 -> [91m    -5.472[0m | WORSENED
2026-07-19 15:34:38,207 - INFO - rsnt         | ALL    | South Midlat | 0.00   |      0.076 -> [91m    -2.721[0m | WORSENED
2026-07-19 15:34:38,207 - INFO - rsnt         | ALL    | North Pole   | 0.00   |     -5.579 -> [91m    -6.527[0m | WORSENED
2026-07-19 15:34:38,208 - INFO - rsnt         | ALL    | South Pole   | 0.00   |      5.026 -> [92m     4.703[0m | IMPROVED
2026-07-19 15:34:38,208 - INFO - rsnt         | ALL    | Equatorial   | 0.00   |     -0.425 -> [91m    -5.899[0m | WORSENED
2026-07-19 15:34:38,208 - INFO - rsnt         | ALL    | NH           | 0.00   |     -2.942 -> [91m    -5.670[0m | WORSENED
2026-07-19 15:34:38,208 - INFO - rsnt         | ALL    | SH           | 0.00   |     -0.584 -> [91m    -3.950[0m | WORSENED
2026-07-19 15:34:38,209 - INFO - rlnt         | ALL    | Global       | 0.00   |      6.931 -> [92m     5.643[0m | IMPROVED
2026-07-19 15:34:38,209 - INFO - rlnt         | ALL    | Tropical     | 0.00   |      3.844 -> [92m     2.360[0m | IMPROVED
2026-07-19 15:34:38,209 - INFO - rlnt         | ALL    | North Midlat | 0.00   |      9.147 -> [92m     8.461[0m | IMPROVED
2026-07-19 15:34:38,209 - INFO - rlnt         | ALL    | South Midlat | 0.00   |     10.889 -> [92m     9.390[0m | IMPROVED
2026-07-19 15:34:38,210 - INFO - rlnt         | ALL    | North Pole   | 0.00   |     13.651 -> [92m    12.436[0m | IMPROVED
2026-07-19 15:34:38,210 - INFO - rlnt         | ALL    | South Pole   | 0.00   |     14.589 -> [92m    12.396[0m | IMPROVED
2026-07-19 15:34:38,210 - INFO - rlnt         | ALL    | Equatorial   | 0.00   |      2.792 -> [92m     0.683[0m | IMPROVED
2026-07-19 15:34:38,210 - INFO - rlnt         | ALL    | NH           | 0.00   |      7.869 -> [92m     7.321[0m | IMPROVED
2026-07-19 15:34:38,211 - INFO - rlnt         | ALL    | SH           | 0.00   |     10.297 -> [92m     9.121[0m | IMPROVED
2026-07-19 15:34:38,211 - INFO - swcf         | ALL    | Global       | 0.00   |      0.506 -> [91m    -3.284[0m | WORSENED
2026-07-19 15:34:38,211 - INFO - swcf         | ALL    | Tropical     | 0.00   |      0.248 -> [91m    -4.800[0m | WORSENED
2026-07-19 15:34:38,211 - INFO - swcf         | ALL    | North Midlat | 0.00   |     -0.103 -> [91m    -2.388[0m | WORSENED
2026-07-19 15:34:38,211 - INFO - swcf         | ALL    | South Midlat | 0.00   |      1.630 -> [92m    -1.146[0m | IMPROVED
2026-07-19 15:34:38,212 - INFO - swcf         | ALL    | North Pole   | 0.00   |     -6.228 -> [91m    -7.166[0m | WORSENED
2026-07-19 15:34:38,212 - INFO - swcf         | ALL    | South Pole   | 0.00   |      6.683 -> [92m     6.329[0m | IMPROVED
2026-07-19 15:34:38,212 - INFO - swcf         | ALL    | Equatorial   | 0.00   |      0.569 -> [91m    -4.846[0m | WORSENED
2026-07-19 15:34:38,212 - INFO - swcf         | ALL    | NH           | 0.00   |      0.218 -> [91m    -2.336[0m | WORSENED
2026-07-19 15:34:38,213 - INFO - swcf         | ALL    | SH           | 0.00   |      0.727 -> [91m    -2.606[0m | WORSENED
2026-07-19 15:34:38,213 - INFO - lwcf         | ALL    | Global       | 0.00   |     -2.709 -> [91m    -4.251[0m | WORSENED
2026-07-19 15:34:38,213 - INFO - lwcf         | ALL    | Tropical     | 0.00   |     -5.038 -> [91m    -6.585[0m | WORSENED
2026-07-19 15:34:38,213 - INFO - lwcf         | ALL    | North Midlat | 0.00   |     -0.397 -> [91m    -1.820[0m | WORSENED
2026-07-19 15:34:38,214 - INFO - lwcf         | ALL    | South Midlat | 0.00   |     -0.364 -> [91m    -2.013[0m | WORSENED
2026-07-19 15:34:38,214 - INFO - lwcf         | ALL    | North Pole   | 0.00   |      5.081 -> [92m     3.185[0m | IMPROVED
2026-07-19 15:34:38,214 - INFO - lwcf         | ALL    | South Pole   | 0.00   |      3.737 -> [92m     1.424[0m | IMPROVED
2026-07-19 15:34:38,214 - INFO - lwcf         | ALL    | Equatorial   | 0.00   |     -5.041 -> [91m    -7.119[0m | WORSENED
2026-07-19 15:34:38,215 - INFO - lwcf         | ALL    | NH           | 0.00   |     -1.670 -> [91m    -2.855[0m | WORSENED
2026-07-19 15:34:38,215 - INFO - lwcf         | ALL    | SH           | 0.00   |     -1.325 -> [91m    -2.665[0m | WORSENED
2026-07-19 15:34:38,215 - INFO - net_sfc      | ALL    | Global       | 0.00   |     -6.840 -> [91m   -13.867[0m | WORSENED
2026-07-19 15:34:38,215 - INFO - net_sfc      | ALL    | Tropical     | 0.00   |     -4.390 -> [91m   -13.254[0m | WORSENED
2026-07-19 15:34:38,215 - INFO - net_sfc      | ALL    | North Midlat | 0.00   |     -8.110 -> [91m   -13.295[0m | WORSENED
2026-07-19 15:34:38,216 - INFO - net_sfc      | ALL    | South Midlat | 0.00   |    -10.410 -> [91m   -15.335[0m | WORSENED
2026-07-19 15:34:38,216 - INFO - net_sfc      | ALL    | North Pole   | 0.00   |      5.755 -> [92m     2.135[0m | IMPROVED
2026-07-19 15:34:38,216 - INFO - net_sfc      | ALL    | South Pole   | 0.00   |    -23.330 -> [91m   -23.889[0m | WORSENED
2026-07-19 15:34:38,216 - INFO - net_sfc      | ALL    | Equatorial   | 0.00   |     -1.734 -> [91m   -11.028[0m | WORSENED
2026-07-19 15:34:38,217 - INFO - net_sfc      | ALL    | NH           | 0.00   |    -10.165 -> [91m   -15.473[0m | WORSENED
2026-07-19 15:34:38,217 - INFO - net_sfc      | ALL    | SH           | 0.00   |     -9.546 -> [91m   -15.540[0m | WORSENED
2026-07-19 15:34:38,217 - INFO - ==========================================================================================

Automatic copy of the generated YAML file to /ec/res4/hpcperm/ecme3038/ecearth/ecearth4/ECtuner/mari/results/tuned_2d_LR/refactor/2d/sweep/yaml_files
