Launch ECtuner in mode: 2d on phis (2000-2017)
2026-07-19 15:32:41,223 - INFO - ==== Starting ECtuner 2D Spatial Workflow ====
2026-07-19 15:32:42,519 - INFO - Loading 2D Data (Sensitivity, Reference, Base)...
2026-07-19 15:32:42,521 - INFO - Loading 2D sensitivity from: /ec/res4/hpcperm/ecme3038/ecearth/ecearth4/ECtuner/data/sensitivities/2D/sensitivity_TL63_415_1991-2000_2D.nc
2026-07-19 15:32:50,400 - INFO - Loading reference for net_toa from: climate_average_net_toa_CERES EBAF_r180x90_2000-2024.nc
2026-07-19 15:32:50,467 - INFO - Loading reference for rsnt from: climate_average_rsnt_CERES EBAF_r180x90_2000-2024.nc
2026-07-19 15:32:50,487 - INFO - Loading reference for rlnt from: climate_average_rlnt_CERES EBAF_r180x90_2000-2024.nc
2026-07-19 15:32:50,577 - INFO - Loading reference for swcf from: climate_average_swcf_CERES EBAF_r180x90_2000-2024.nc
2026-07-19 15:32:50,597 - INFO - Loading reference for lwcf from: climate_average_lwcf_CERES EBAF_r180x90_2000-2024.nc
2026-07-19 15:32:50,638 - WARNING - Missing observation map for 'rsns'. Skipping it from 2D targets/diagnostics.
2026-07-19 15:32:50,639 - WARNING - Missing observation map for 'rlns'. Skipping it from 2D targets/diagnostics.
2026-07-19 15:32:50,640 - WARNING - Missing observation map for 'hfss'. Skipping it from 2D targets/diagnostics.
2026-07-19 15:32:50,641 - WARNING - Missing observation map for 'hfls'. Skipping it from 2D targets/diagnostics.
2026-07-19 15:32:50,641 - INFO - Loading reference for net_sfc from: climate_average_net_sfc_NOCS_r180x90_2000-2014.nc
2026-07-19 15:32:50,749 - WARNING - Missing observation map for 'toamsfc'. Skipping it from 2D targets/diagnostics.
2026-07-19 15:32:50,790 - INFO - Loading cached base maps for phis from /ec/res4/hpcperm/ecme3038/ecearth/ecearth4/ECtuner/mari/ectuner/ecmean/maps_lres/base_2d_phis_2000_2017.nc
2026-07-19 15:32:50,797 - INFO - Generating spatial weights and calculating initial biases...
2026-07-19 15:32:50,828 - INFO - Flattening data
2026-07-19 15:32:52,157 - INFO - Starting Optimization (dual_annealing)...
2026-07-19 15:35:28,614 - INFO - Optimization finished. Spatial Cost: 7.3956 | Global Cost: 2.9487
2026-07-19 15:35:28,811 - INFO - Diagnostic maps saved to: /ec/res4/hpcperm/ecme3038/ecearth/ecearth4/ECtuner/mari/results/tuned_2d_LR/refactor/2d/sweep/diagnostics_2d_phis_a00_spatial.nc
2026-07-19 15:35:28,813 - INFO - 
Parameters Optimization Result:
2026-07-19 15:35:28,814 - INFO - --------------------------------------------------------------------------------
2026-07-19 15:35:28,815 - INFO - |     Parameter     |   New value |   Old value |      Change |   Rel. change |   Min change |   Max change |   Dist. from ref. |
2026-07-19 15:35:28,816 - INFO - |-------------------+-------------+-------------+-------------+---------------+--------------+--------------+-------------------|
2026-07-19 15:35:28,816 - INFO - |      RPRCON       |  1.1222e-03 |  1.4000e-03 | -2.7781e-04 |   -1.9844e-01 |  -2.8000e-04 |   2.8000e-04 |       -1.9844e-01 |
2026-07-19 15:35:28,816 - INFO - |      ENTRORG      |  1.6024e-03 |  1.7500e-03 | -1.4761e-04 |   -8.4350e-02 |  -3.5000e-04 |   3.5000e-04 |       -8.4350e-02 |
2026-07-19 15:35:28,816 - INFO - |      DETRPEN      |  8.9989e-05 |  7.5000e-05 |  1.4989e-05 |    1.9986e-01 |  -1.5000e-05 |   1.5000e-05 |        1.9986e-01 |
2026-07-19 15:35:28,817 - INFO - |      ENTRDD       |  2.4029e-04 |  3.0000e-04 | -5.9710e-05 |   -1.9903e-01 |  -6.0000e-05 |   6.0000e-05 |       -1.9903e-01 |
2026-07-19 15:35:28,817 - INFO - |      RMFDEPS      |  3.5996e-01 |  3.0000e-01 |  5.9956e-02 |    1.9985e-01 |  -6.0000e-02 |   6.0000e-02 |        1.9985e-01 |
2026-07-19 15:35:28,817 - INFO - |       RVICE       |  1.5599e-01 |  1.3000e-01 |  2.5992e-02 |    1.9994e-01 |  -2.6000e-02 |   2.6000e-02 |        1.9994e-01 |
2026-07-19 15:35:28,817 - INFO - |    RLCRITSNOW     |  1.6018e-05 |  2.0000e-05 | -3.9823e-06 |   -1.9912e-01 |  -4.0000e-06 |   4.0000e-06 |       -1.9912e-01 |
2026-07-19 15:35:28,817 - INFO - |     RSNOWLIN2     |  2.4027e-02 |  3.0000e-02 | -5.9731e-03 |   -1.9910e-01 |  -6.0000e-03 |   6.0000e-03 |       -1.9910e-01 |
2026-07-19 15:35:28,818 - INFO - |      RCLDIFF      |  4.8132e-06 |  6.0000e-06 | -1.1868e-06 |   -1.9781e-01 |  -1.2000e-06 |   1.2000e-06 |       -1.9781e-01 |
2026-07-19 15:35:28,818 - INFO - |   RCLDIFF_CONVI   |  8.0040e+00 |  1.0000e+01 | -1.9960e+00 |   -1.9960e-01 |  -2.0000e+00 |   2.0000e+00 |       -1.9960e-01 |
2026-07-19 15:35:28,818 - INFO - |  RDEPLIQREFRATE   |  5.9962e-01 |  5.0000e-01 |  9.9617e-02 |    1.9923e-01 |  -1.0000e-01 |   1.0000e-01 |        1.9923e-01 |
2026-07-19 15:35:28,818 - INFO - |  RDEPLIQREFDEPTH  |  4.6299e+02 |  5.0000e+02 | -3.7007e+01 |   -7.4013e-02 |  -1.0000e+02 |   1.0000e+02 |       -7.4013e-02 |
2026-07-19 15:35:28,819 - INFO - | RCL_OVERLAPLIQICE |  5.2022e-01 |  6.5000e-01 | -1.2978e-01 |   -1.9966e-01 |  -1.3000e-01 |   1.3000e-01 |       -1.9966e-01 |
2026-07-19 15:35:28,819 - INFO - |  RCL_INHOMOGAUT   |  1.3030e+00 |  1.5000e+00 | -1.9695e-01 |   -1.3130e-01 |  -3.0000e-01 |   3.0000e-01 |       -1.3130e-01 |
2026-07-19 15:35:28,819 - INFO - |  RCL_INHOMOGACC   |  2.4007e+00 |  3.0000e+00 | -5.9925e-01 |   -1.9975e-01 |  -6.0000e-01 |   6.0000e-01 |       -1.9975e-01 |
2026-07-19 15:35:28,819 - INFO - |      RMINICE      |  7.1992e+01 |  6.0000e+01 |  1.1992e+01 |    1.9987e-01 |  -1.2000e+01 |   1.2000e+01 |        1.9987e-01 |
2026-07-19 15:35:28,820 - INFO - --------------------------------------------------------------------------------

2026-07-19 15:35:28,820 - INFO - 
===================== OPTIMIZATION SUMMARY (Biases: Model - Target) ======================
2026-07-19 15:35:28,820 - INFO - Goal: Bring Biases to 0.0

2026-07-19 15:35:28,820 - INFO - --------------------------------- PRIMARY TUNING TARGETS ---------------------------------
2026-07-19 15:35:28,821 - INFO - Variable     | Season | Region       | Weight |  Bias Init -> Bias Final | Status
2026-07-19 15:35:28,821 - INFO - ---------------------------------------------------------------------------------
2026-07-19 15:35:28,821 - INFO - net_toa      | ALL    | Global       | 1.00   |      5.626 -> [92m     2.949[0m | IMPROVED
2026-07-19 15:35:28,821 - INFO - 
-------------------------------- DIAGNOSTIC SIDE-EFFECTS ---------------------------------
2026-07-19 15:35:28,822 - INFO - Variable     | Season | Region       | Weight |  Bias Init -> Bias Final | Status
2026-07-19 15:35:28,822 - INFO - ---------------------------------------------------------------------------------
2026-07-19 15:35:28,822 - INFO - net_toa      | ALL    | Tropical     | 0.00   |      2.687 -> [92m    -0.058[0m | IMPROVED
2026-07-19 15:35:28,822 - INFO - net_toa      | ALL    | North Midlat | 0.00   |      6.164 -> [92m     3.848[0m | IMPROVED
2026-07-19 15:35:28,823 - INFO - net_toa      | ALL    | South Midlat | 0.00   |     10.965 -> [92m     8.064[0m | IMPROVED
2026-07-19 15:35:28,823 - INFO - net_toa      | ALL    | North Pole   | 0.00   |      8.072 -> [92m     6.415[0m | IMPROVED
2026-07-19 15:35:28,823 - INFO - net_toa      | ALL    | South Pole   | 0.00   |     19.615 -> [92m    17.620[0m | IMPROVED
2026-07-19 15:35:28,823 - INFO - net_toa      | ALL    | Equatorial   | 0.00   |      2.367 -> [92m    -0.764[0m | IMPROVED
2026-07-19 15:35:28,824 - INFO - net_toa      | ALL    | NH           | 0.00   |      4.927 -> [92m     2.766[0m | IMPROVED
2026-07-19 15:35:28,824 - INFO - net_toa      | ALL    | SH           | 0.00   |      9.713 -> [92m     6.991[0m | IMPROVED
2026-07-19 15:35:28,824 - INFO - rsnt         | ALL    | Global       | 0.00   |     -1.305 -> [91m    -3.020[0m | WORSENED
2026-07-19 15:35:28,824 - INFO - rsnt         | ALL    | Tropical     | 0.00   |     -1.157 -> [91m    -3.412[0m | WORSENED
2026-07-19 15:35:28,825 - INFO - rsnt         | ALL    | North Midlat | 0.00   |     -2.983 -> [91m    -4.285[0m | WORSENED
2026-07-19 15:35:28,825 - INFO - rsnt         | ALL    | South Midlat | 0.00   |      0.076 -> [91m    -0.971[0m | WORSENED
2026-07-19 15:35:28,825 - INFO - rsnt         | ALL    | North Pole   | 0.00   |     -5.579 -> [91m    -5.745[0m | WORSENED
2026-07-19 15:35:28,825 - INFO - rsnt         | ALL    | South Pole   | 0.00   |      5.026 -> [91m     5.108[0m | WORSENED
2026-07-19 15:35:28,826 - INFO - rsnt         | ALL    | Equatorial   | 0.00   |     -0.425 -> [91m    -2.791[0m | WORSENED
2026-07-19 15:35:28,826 - INFO - rsnt         | ALL    | NH           | 0.00   |     -2.942 -> [91m    -4.453[0m | WORSENED
2026-07-19 15:35:28,826 - INFO - rsnt         | ALL    | SH           | 0.00   |     -0.584 -> [91m    -1.825[0m | WORSENED
2026-07-19 15:35:28,826 - INFO - rlnt         | ALL    | Global       | 0.00   |      6.931 -> [92m     5.969[0m | IMPROVED
2026-07-19 15:35:28,827 - INFO - rlnt         | ALL    | Tropical     | 0.00   |      3.844 -> [92m     3.354[0m | IMPROVED
2026-07-19 15:35:28,827 - INFO - rlnt         | ALL    | North Midlat | 0.00   |      9.147 -> [92m     8.132[0m | IMPROVED
2026-07-19 15:35:28,827 - INFO - rlnt         | ALL    | South Midlat | 0.00   |     10.889 -> [92m     9.035[0m | IMPROVED
2026-07-19 15:35:28,827 - INFO - rlnt         | ALL    | North Pole   | 0.00   |     13.651 -> [92m    12.159[0m | IMPROVED
2026-07-19 15:35:28,827 - INFO - rlnt         | ALL    | South Pole   | 0.00   |     14.589 -> [92m    12.513[0m | IMPROVED
2026-07-19 15:35:28,828 - INFO - rlnt         | ALL    | Equatorial   | 0.00   |      2.792 -> [92m     2.027[0m | IMPROVED
2026-07-19 15:35:28,828 - INFO - rlnt         | ALL    | NH           | 0.00   |      7.869 -> [92m     7.219[0m | IMPROVED
2026-07-19 15:35:28,828 - INFO - rlnt         | ALL    | SH           | 0.00   |     10.297 -> [92m     8.816[0m | IMPROVED
2026-07-19 15:35:28,828 - INFO - swcf         | ALL    | Global       | 0.00   |      0.506 -> [91m    -1.152[0m | WORSENED
2026-07-19 15:35:28,829 - INFO - swcf         | ALL    | Tropical     | 0.00   |      0.248 -> [91m    -1.973[0m | WORSENED
2026-07-19 15:35:28,829 - INFO - swcf         | ALL    | North Midlat | 0.00   |     -0.103 -> [91m    -1.260[0m | WORSENED
2026-07-19 15:35:28,829 - INFO - swcf         | ALL    | South Midlat | 0.00   |      1.630 -> [92m     0.597[0m | IMPROVED
2026-07-19 15:35:28,829 - INFO - swcf         | ALL    | North Pole   | 0.00   |     -6.228 -> [91m    -6.394[0m | WORSENED
2026-07-19 15:35:28,830 - INFO - swcf         | ALL    | South Pole   | 0.00   |      6.683 -> [91m     6.777[0m | WORSENED
2026-07-19 15:35:28,830 - INFO - swcf         | ALL    | Equatorial   | 0.00   |      0.569 -> [91m    -1.762[0m | WORSENED
2026-07-19 15:35:28,830 - INFO - swcf         | ALL    | NH           | 0.00   |      0.218 -> [91m    -1.176[0m | WORSENED
2026-07-19 15:35:28,830 - INFO - swcf         | ALL    | SH           | 0.00   |      0.727 -> [92m    -0.495[0m | IMPROVED
2026-07-19 15:35:28,831 - INFO - lwcf         | ALL    | Global       | 0.00   |     -2.709 -> [91m    -4.284[0m | WORSENED
2026-07-19 15:35:28,831 - INFO - lwcf         | ALL    | Tropical     | 0.00   |     -5.038 -> [91m    -6.327[0m | WORSENED
2026-07-19 15:35:28,831 - INFO - lwcf         | ALL    | North Midlat | 0.00   |     -0.397 -> [91m    -2.083[0m | WORSENED
2026-07-19 15:35:28,831 - INFO - lwcf         | ALL    | South Midlat | 0.00   |     -0.364 -> [91m    -2.397[0m | WORSENED
2026-07-19 15:35:28,831 - INFO - lwcf         | ALL    | North Pole   | 0.00   |      5.081 -> [92m     3.064[0m | IMPROVED
2026-07-19 15:35:28,832 - INFO - lwcf         | ALL    | South Pole   | 0.00   |      3.737 -> [92m     1.365[0m | IMPROVED
2026-07-19 15:35:28,832 - INFO - lwcf         | ALL    | Equatorial   | 0.00   |     -5.041 -> [91m    -6.692[0m | WORSENED
2026-07-19 15:35:28,832 - INFO - lwcf         | ALL    | NH           | 0.00   |     -1.670 -> [91m    -3.019[0m | WORSENED
2026-07-19 15:35:28,832 - INFO - lwcf         | ALL    | SH           | 0.00   |     -1.325 -> [91m    -3.045[0m | WORSENED
2026-07-19 15:35:28,833 - INFO - net_sfc      | ALL    | Global       | 0.00   |     -6.840 -> [91m   -10.467[0m | WORSENED
2026-07-19 15:35:28,833 - INFO - net_sfc      | ALL    | Tropical     | 0.00   |     -4.390 -> [91m    -8.229[0m | WORSENED
2026-07-19 15:35:28,833 - INFO - net_sfc      | ALL    | North Midlat | 0.00   |     -8.110 -> [91m   -11.688[0m | WORSENED
2026-07-19 15:35:28,833 - INFO - net_sfc      | ALL    | South Midlat | 0.00   |    -10.410 -> [91m   -13.689[0m | WORSENED
2026-07-19 15:35:28,834 - INFO - net_sfc      | ALL    | North Pole   | 0.00   |      5.755 -> [92m     4.284[0m | IMPROVED
2026-07-19 15:35:28,834 - INFO - net_sfc      | ALL    | South Pole   | 0.00   |    -23.330 -> [91m   -24.181[0m | WORSENED
2026-07-19 15:35:28,834 - INFO - net_sfc      | ALL    | Equatorial   | 0.00   |     -1.734 -> [91m    -5.609[0m | WORSENED
2026-07-19 15:35:28,834 - INFO - net_sfc      | ALL    | NH           | 0.00   |    -10.165 -> [91m   -13.620[0m | WORSENED
2026-07-19 15:35:28,835 - INFO - net_sfc      | ALL    | SH           | 0.00   |     -9.546 -> [91m   -13.051[0m | WORSENED
2026-07-19 15:35:28,835 - INFO - ==========================================================================================

Automatic copy of the generated YAML file to /ec/res4/hpcperm/ecme3038/ecearth/ecearth4/ECtuner/mari/results/tuned_2d_LR/refactor/2d/sweep/yaml_files
