2026-04-29 08:13:21 | ectuner |     INFO -> Loading 2D Data (Sensitivity, Reference, Base)...
   > Loading reference for net_toa from: climate_average_net_toa_CERES EBAF_r180x90_2000-2024.nc
--- Loading cached base maps for phis ---
2026-04-29 08:13:22 | ectuner |     INFO -> Generating spatial weights (Area * Region)...
2026-04-29 08:13:22 | ectuner |     INFO -> Variable net_toa: Initial Spatial Squared Cost (L2) (Weighted) = 129.8791
2026-04-29 08:13:22 | ectuner |     INFO -> Flattening data for fast optimization...
2026-04-29 08:13:23 | ectuner |     INFO -> DEBUG: Global Bias for net_toa in optimizer: 5.6259
2026-04-29 08:13:23 | ectuner |     INFO -> Starting 2D Optimization (dual_annealing)...
2026-04-29 08:18:15 | ectuner |     INFO -> Optimization finished. Final Weighted Cost (L2): Spatial=82.6675, Global=1.4901
2026-04-29 08:18:16 | ectuner |     INFO -> 
============================== GLOBAL & SPATIAL COSTS (L2) ===============================
2026-04-29 08:18:16 | ectuner |     INFO -> Variable     | Metric           |            Initial ->              Final | Status
2026-04-29 08:18:16 | ectuner |     INFO -> ------------------------------------------------------------------------------------------
2026-04-29 08:18:16 | ectuner |     INFO -> net_toa      | Global Cost|            31.6503 ->             1.4901 | IMPROVED
2026-04-29 08:18:16 | ectuner |     INFO ->              | Spatial Cost  |           129.8791 ->            82.6675 | IMPROVED
2026-04-29 08:18:16 | ectuner |     INFO -> ------------------------------------------------------------------------------------------
2026-04-29 08:18:16 | ectuner |     INFO -> Structured tuning YAML written to ../results/tuned_2d_LR/l2/net_toa_tol/alfa_030/tuned_phis_l2_a030.yml

| Parameter         |   New Value |   Old Value |      Change |   Rel. Change |   Dist. from Ref. |
|-------------------+-------------+-------------+-------------+---------------+-------------------|
| RPRCON            |  5.6241e-04 |  1.4000e-03 | -8.3759e-04 |   -5.9828e-01 |       -5.9828e-01 |
| ENTRORG           |  1.4830e-03 |  1.7500e-03 | -2.6702e-04 |   -1.5258e-01 |       -1.5258e-01 |
| DETRPEN           |  1.0125e-04 |  7.5000e-05 |  2.6250e-05 |    3.5001e-01 |        3.5001e-01 |
| ENTRDD            |  1.7151e-04 |  3.0000e-04 | -1.2849e-04 |   -4.2829e-01 |       -4.2829e-01 |
| RMFDEPS           |  4.7988e-01 |  3.0000e-01 |  1.7988e-01 |    5.9961e-01 |        5.9961e-01 |
| RVICE             |  2.0797e-01 |  1.3000e-01 |  7.7975e-02 |    5.9980e-01 |        5.9980e-01 |
| RLCRITSNOW        |  8.0002e-06 |  2.0000e-05 | -1.2000e-05 |   -5.9999e-01 |       -5.9999e-01 |
| RSNOWLIN2         |  1.2034e-02 |  3.0000e-02 | -1.7966e-02 |   -5.9886e-01 |       -5.9886e-01 |
| RCLDIFF           |  3.0418e-06 |  6.0000e-06 | -2.9582e-06 |   -4.9303e-01 |       -4.9303e-01 |
| RCLDIFF_CONVI     |  7.4917e+00 |  1.0000e+01 | -2.5083e+00 |   -2.5083e-01 |       -2.5083e-01 |
| RDEPLIQREFRATE    |  5.7656e-01 |  5.0000e-01 |  7.6556e-02 |    1.5311e-01 |        1.5311e-01 |
| RDEPLIQREFDEPTH   |  4.5423e+02 |  5.0000e+02 | -4.5768e+01 |   -9.1536e-02 |       -9.1536e-02 |
| RCL_OVERLAPLIQICE |  2.6003e-01 |  6.5000e-01 | -3.8997e-01 |   -5.9996e-01 |       -5.9996e-01 |
| RCL_INHOMOGAUT    |  8.0663e-01 |  1.5000e+00 | -6.9337e-01 |   -4.6225e-01 |       -4.6225e-01 |
| RCL_INHOMOGACC    |  3.1050e+00 |  3.0000e+00 |  1.0497e-01 |    3.4990e-02 |        3.4990e-02 |
| RMINICE           |  8.8339e+01 |  6.0000e+01 |  2.8339e+01 |    4.7232e-01 |        4.7232e-01 |
2026-04-29 08:18:16 | ectuner |     INFO -> Diagnostic maps saved to ../results/tuned_2d_LR/l2/net_toa_tol/alfa_030/diagnostics_2d_phis_Global_a03.nc
Copia del file YAML inviata a ../results/tuned_2d_LR/l2/net_toa_tol/yaml_files
