2026-04-29 08:13:21 | ectuner |     INFO -> Loading 2D Data (Sensitivity, Reference, Base)...
   > Loading reference for net_toa from: climate_average_net_toa_CERES EBAF_r180x90_2000-2024.nc
--- Loading cached base maps for phis ---
2026-04-29 08:13:22 | ectuner |     INFO -> Generating spatial weights (Area * Region)...
2026-04-29 08:13:22 | ectuner |     INFO -> Variable net_toa: Initial Spatial Squared Cost (L2) (Weighted) = 129.8791
2026-04-29 08:13:22 | ectuner |     INFO -> Flattening data for fast optimization...
2026-04-29 08:13:23 | ectuner |     INFO -> DEBUG: Global Bias for net_toa in optimizer: 5.6259
2026-04-29 08:13:23 | ectuner |     INFO -> Starting 2D Optimization (dual_annealing)...
2026-04-29 08:17:48 | ectuner |     INFO -> Optimization finished. Final Weighted Cost (L2): Spatial=83.0980, Global=0.8578
2026-04-29 08:17:48 | ectuner |     INFO -> 
============================== GLOBAL & SPATIAL COSTS (L2) ===============================
2026-04-29 08:17:48 | ectuner |     INFO -> Variable     | Metric           |            Initial ->              Final | Status
2026-04-29 08:17:48 | ectuner |     INFO -> ------------------------------------------------------------------------------------------
2026-04-29 08:17:48 | ectuner |     INFO -> net_toa      | Global Cost|            31.6503 ->             0.8578 | IMPROVED
2026-04-29 08:17:48 | ectuner |     INFO ->              | Spatial Cost  |           129.8791 ->            83.0980 | IMPROVED
2026-04-29 08:17:48 | ectuner |     INFO -> ------------------------------------------------------------------------------------------
2026-04-29 08:17:48 | ectuner |     INFO -> Structured tuning YAML written to ../results/tuned_2d_LR/l2/net_toa_tol/alfa_050/tuned_phis_l2_a050.yml

| Parameter         |   New Value |   Old Value |      Change |   Rel. Change |   Dist. from Ref. |
|-------------------+-------------+-------------+-------------+---------------+-------------------|
| RPRCON            |  5.6057e-04 |  1.4000e-03 | -8.3943e-04 |   -5.9959e-01 |       -5.9959e-01 |
| ENTRORG           |  1.4845e-03 |  1.7500e-03 | -2.6554e-04 |   -1.5174e-01 |       -1.5174e-01 |
| DETRPEN           |  1.0110e-04 |  7.5000e-05 |  2.6098e-05 |    3.4797e-01 |        3.4797e-01 |
| ENTRDD            |  1.6417e-04 |  3.0000e-04 | -1.3583e-04 |   -4.5277e-01 |       -4.5277e-01 |
| RMFDEPS           |  4.7944e-01 |  3.0000e-01 |  1.7944e-01 |    5.9814e-01 |        5.9814e-01 |
| RVICE             |  2.0780e-01 |  1.3000e-01 |  7.7804e-02 |    5.9850e-01 |        5.9850e-01 |
| RLCRITSNOW        |  8.0100e-06 |  2.0000e-05 | -1.1990e-05 |   -5.9950e-01 |       -5.9950e-01 |
| RSNOWLIN2         |  1.2059e-02 |  3.0000e-02 | -1.7941e-02 |   -5.9803e-01 |       -5.9803e-01 |
| RCLDIFF           |  2.9732e-06 |  6.0000e-06 | -3.0268e-06 |   -5.0446e-01 |       -5.0446e-01 |
| RCLDIFF_CONVI     |  7.3200e+00 |  1.0000e+01 | -2.6800e+00 |   -2.6800e-01 |       -2.6800e-01 |
| RDEPLIQREFRATE    |  5.7518e-01 |  5.0000e-01 |  7.5180e-02 |    1.5036e-01 |        1.5036e-01 |
| RDEPLIQREFDEPTH   |  4.4763e+02 |  5.0000e+02 | -5.2366e+01 |   -1.0473e-01 |       -1.0473e-01 |
| RCL_OVERLAPLIQICE |  2.6003e-01 |  6.5000e-01 | -3.8997e-01 |   -5.9996e-01 |       -5.9996e-01 |
| RCL_INHOMOGAUT    |  7.6326e-01 |  1.5000e+00 | -7.3674e-01 |   -4.9116e-01 |       -4.9116e-01 |
| RCL_INHOMOGACC    |  3.0123e+00 |  3.0000e+00 |  1.2321e-02 |    4.1071e-03 |        4.1071e-03 |
| RMINICE           |  9.0164e+01 |  6.0000e+01 |  3.0164e+01 |    5.0274e-01 |        5.0274e-01 |
2026-04-29 08:17:48 | ectuner |     INFO -> Diagnostic maps saved to ../results/tuned_2d_LR/l2/net_toa_tol/alfa_050/diagnostics_2d_phis_Global_a05.nc
Copia del file YAML inviata a ../results/tuned_2d_LR/l2/net_toa_tol/yaml_files
