2026-04-29 08:13:23 | ectuner |     INFO -> Loading 2D Data (Sensitivity, Reference, Base)...
   > Loading reference for net_toa from: climate_average_net_toa_CERES EBAF_r180x90_2000-2024.nc
--- Loading cached base maps for phis ---
2026-04-29 08:13:24 | ectuner |     INFO -> Generating spatial weights (Area * Region)...
2026-04-29 08:13:24 | ectuner |     INFO -> Variable net_toa: Initial Spatial Squared Cost (L2) (Weighted) = 129.8791
2026-04-29 08:13:24 | ectuner |     INFO -> Flattening data for fast optimization...
2026-04-29 08:13:24 | ectuner |     INFO -> DEBUG: Global Bias for net_toa in optimizer: 5.6259
2026-04-29 08:13:24 | ectuner |     INFO -> Starting 2D Optimization (dual_annealing)...
2026-04-29 08:17:56 | ectuner |     INFO -> Optimization finished. Final Weighted Cost (L2): Spatial=85.5581, Global=0.0443
2026-04-29 08:17:56 | ectuner |     INFO -> 
============================== GLOBAL & SPATIAL COSTS (L2) ===============================
2026-04-29 08:17:56 | ectuner |     INFO -> Variable     | Metric           |            Initial ->              Final | Status
2026-04-29 08:17:56 | ectuner |     INFO -> ------------------------------------------------------------------------------------------
2026-04-29 08:17:56 | ectuner |     INFO -> net_toa      | Global Cost|            31.6503 ->             0.0443 | IMPROVED
2026-04-29 08:17:56 | ectuner |     INFO ->              | Spatial Cost  |           129.8791 ->            85.5581 | IMPROVED
2026-04-29 08:17:56 | ectuner |     INFO -> ------------------------------------------------------------------------------------------
2026-04-29 08:17:57 | ectuner |     INFO -> Structured tuning YAML written to ../results/tuned_2d_LR/l2/net_toa_tol/alfa_090/tuned_phis_l2_a090.yml

| Parameter         |   New Value |   Old Value |      Change |   Rel. Change |   Dist. from Ref. |
|-------------------+-------------+-------------+-------------+---------------+-------------------|
| RPRCON            |  5.6999e-04 |  1.4000e-03 | -8.3001e-04 |   -5.9286e-01 |       -5.9286e-01 |
| ENTRORG           |  1.6682e-03 |  1.7500e-03 | -8.1823e-05 |   -4.6756e-02 |       -4.6756e-02 |
| DETRPEN           |  9.2799e-05 |  7.5000e-05 |  1.7799e-05 |    2.3732e-01 |        2.3732e-01 |
| ENTRDD            |  1.5202e-04 |  3.0000e-04 | -1.4798e-04 |   -4.9328e-01 |       -4.9328e-01 |
| RMFDEPS           |  4.7991e-01 |  3.0000e-01 |  1.7991e-01 |    5.9971e-01 |        5.9971e-01 |
| RVICE             |  2.0797e-01 |  1.3000e-01 |  7.7965e-02 |    5.9973e-01 |        5.9973e-01 |
| RLCRITSNOW        |  8.0248e-06 |  2.0000e-05 | -1.1975e-05 |   -5.9876e-01 |       -5.9876e-01 |
| RSNOWLIN2         |  1.2006e-02 |  3.0000e-02 | -1.7994e-02 |   -5.9979e-01 |       -5.9979e-01 |
| RCLDIFF           |  3.8193e-06 |  6.0000e-06 | -2.1807e-06 |   -3.6345e-01 |       -3.6345e-01 |
| RCLDIFF_CONVI     |  7.0481e+00 |  1.0000e+01 | -2.9519e+00 |   -2.9519e-01 |       -2.9519e-01 |
| RDEPLIQREFRATE    |  5.4805e-01 |  5.0000e-01 |  4.8053e-02 |    9.6106e-02 |        9.6106e-02 |
| RDEPLIQREFDEPTH   |  4.4669e+02 |  5.0000e+02 | -5.3309e+01 |   -1.0662e-01 |       -1.0662e-01 |
| RCL_OVERLAPLIQICE |  2.6008e-01 |  6.5000e-01 | -3.8992e-01 |   -5.9987e-01 |       -5.9987e-01 |
| RCL_INHOMOGAUT    |  6.5791e-01 |  1.5000e+00 | -8.4209e-01 |   -5.6139e-01 |       -5.6139e-01 |
| RCL_INHOMOGACC    |  3.0279e+00 |  3.0000e+00 |  2.7874e-02 |    9.2913e-03 |        9.2913e-03 |
| RMINICE           |  9.0671e+01 |  6.0000e+01 |  3.0671e+01 |    5.1118e-01 |        5.1118e-01 |
2026-04-29 08:17:57 | ectuner |     INFO -> Diagnostic maps saved to ../results/tuned_2d_LR/l2/net_toa_tol/alfa_090/diagnostics_2d_phis_Global_a09.nc
Copia del file YAML inviata a ../results/tuned_2d_LR/l2/net_toa_tol/yaml_files
