2026-04-29 08:13:22 | ectuner |     INFO -> Loading 2D Data (Sensitivity, Reference, Base)...
   > Loading reference for net_toa from: climate_average_net_toa_CERES EBAF_r180x90_2000-2024.nc
--- Loading cached base maps for phis ---
2026-04-29 08:13:23 | ectuner |     INFO -> Generating spatial weights (Area * Region)...
2026-04-29 08:13:23 | ectuner |     INFO -> Variable net_toa: Initial Spatial Squared Cost (L2) (Weighted) = 129.8791
2026-04-29 08:13:23 | ectuner |     INFO -> Flattening data for fast optimization...
2026-04-29 08:13:23 | ectuner |     INFO -> DEBUG: Global Bias for net_toa in optimizer: 5.6259
2026-04-29 08:13:23 | ectuner |     INFO -> Starting 2D Optimization (dual_annealing)...
2026-04-29 08:17:06 | ectuner |     INFO -> Optimization finished. Final Weighted Cost (L2): Spatial=86.4238, Global=0.0106
2026-04-29 08:17:06 | ectuner |     INFO -> 
============================== GLOBAL & SPATIAL COSTS (L2) ===============================
2026-04-29 08:17:06 | ectuner |     INFO -> Variable     | Metric           |            Initial ->              Final | Status
2026-04-29 08:17:06 | ectuner |     INFO -> ------------------------------------------------------------------------------------------
2026-04-29 08:17:06 | ectuner |     INFO -> net_toa      | Global Cost|            31.6503 ->             0.0106 | IMPROVED
2026-04-29 08:17:06 | ectuner |     INFO ->              | Spatial Cost  |           129.8791 ->            86.4238 | IMPROVED
2026-04-29 08:17:06 | ectuner |     INFO -> ------------------------------------------------------------------------------------------
2026-04-29 08:17:06 | ectuner |     INFO -> Structured tuning YAML written to ../results/tuned_2d_LR/l2/net_toa_tol/alfa_095/tuned_phis_l2_a095.yml

| Parameter         |   New Value |   Old Value |      Change |   Rel. Change |   Dist. from Ref. |
|-------------------+-------------+-------------+-------------+---------------+-------------------|
| RPRCON            |  5.6078e-04 |  1.4000e-03 | -8.3922e-04 |   -5.9944e-01 |       -5.9944e-01 |
| ENTRORG           |  1.7433e-03 |  1.7500e-03 | -6.6617e-06 |   -3.8067e-03 |       -3.8067e-03 |
| DETRPEN           |  9.0132e-05 |  7.5000e-05 |  1.5132e-05 |    2.0177e-01 |        2.0177e-01 |
| ENTRDD            |  1.5387e-04 |  3.0000e-04 | -1.4613e-04 |   -4.8708e-01 |       -4.8708e-01 |
| RMFDEPS           |  4.7924e-01 |  3.0000e-01 |  1.7924e-01 |    5.9747e-01 |        5.9747e-01 |
| RVICE             |  2.0791e-01 |  1.3000e-01 |  7.7915e-02 |    5.9934e-01 |        5.9934e-01 |
| RLCRITSNOW        |  8.0137e-06 |  2.0000e-05 | -1.1986e-05 |   -5.9931e-01 |       -5.9931e-01 |
| RSNOWLIN2         |  1.2034e-02 |  3.0000e-02 | -1.7966e-02 |   -5.9887e-01 |       -5.9887e-01 |
| RCLDIFF           |  4.7417e-06 |  6.0000e-06 | -1.2583e-06 |   -2.0971e-01 |       -2.0971e-01 |
| RCLDIFF_CONVI     |  6.7894e+00 |  1.0000e+01 | -3.2106e+00 |   -3.2106e-01 |       -3.2106e-01 |
| RDEPLIQREFRATE    |  5.3160e-01 |  5.0000e-01 |  3.1597e-02 |    6.3193e-02 |        6.3193e-02 |
| RDEPLIQREFDEPTH   |  4.4327e+02 |  5.0000e+02 | -5.6734e+01 |   -1.1347e-01 |       -1.1347e-01 |
| RCL_OVERLAPLIQICE |  2.6015e-01 |  6.5000e-01 | -3.8985e-01 |   -5.9977e-01 |       -5.9977e-01 |
| RCL_INHOMOGAUT    |  6.8419e-01 |  1.5000e+00 | -8.1581e-01 |   -5.4387e-01 |       -5.4387e-01 |
| RCL_INHOMOGACC    |  3.0303e+00 |  3.0000e+00 |  3.0339e-02 |    1.0113e-02 |        1.0113e-02 |
| RMINICE           |  9.1597e+01 |  6.0000e+01 |  3.1597e+01 |    5.2662e-01 |        5.2662e-01 |
2026-04-29 08:17:06 | ectuner |     INFO -> Diagnostic maps saved to ../results/tuned_2d_LR/l2/net_toa_tol/alfa_095/diagnostics_2d_phis_Global_a095.nc
Copia del file YAML inviata a ../results/tuned_2d_LR/l2/net_toa_tol/yaml_files
