2026-04-29 08:13:22 | ectuner |     INFO -> Loading 2D Data (Sensitivity, Reference, Base)...
   > Loading reference for net_toa from: climate_average_net_toa_CERES EBAF_r180x90_2000-2024.nc
--- Loading cached base maps for phis ---
2026-04-29 08:13:23 | ectuner |     INFO -> Generating spatial weights (Area * Region)...
2026-04-29 08:13:23 | ectuner |     INFO -> Variable net_toa: Initial Spatial Squared Cost (L2) (Weighted) = 129.8791
2026-04-29 08:13:23 | ectuner |     INFO -> Flattening data for fast optimization...
2026-04-29 08:13:23 | ectuner |     INFO -> DEBUG: Global Bias for net_toa in optimizer: 5.6259
2026-04-29 08:13:23 | ectuner |     INFO -> Starting 2D Optimization (dual_annealing)...
2026-04-29 08:15:45 | ectuner |     INFO -> Optimization finished. Final Weighted Cost (L2): Spatial=82.8414, Global=1.1570
2026-04-29 08:15:45 | ectuner |     INFO -> 
============================== GLOBAL & SPATIAL COSTS (L2) ===============================
2026-04-29 08:15:45 | ectuner |     INFO -> Variable     | Metric           |            Initial ->              Final | Status
2026-04-29 08:15:45 | ectuner |     INFO -> ------------------------------------------------------------------------------------------
2026-04-29 08:15:45 | ectuner |     INFO -> net_toa      | Global Cost|            31.6503 ->             1.1570 | IMPROVED
2026-04-29 08:15:45 | ectuner |     INFO ->              | Spatial Cost  |           129.8791 ->            82.8414 | IMPROVED
2026-04-29 08:15:45 | ectuner |     INFO -> ------------------------------------------------------------------------------------------
2026-04-29 08:15:45 | ectuner |     INFO -> Structured tuning YAML written to ../results/tuned_2d_LR/l2/net_toa_tol/alfa_040/tuned_phis_l2_a040.yml

| Parameter         |   New Value |   Old Value |      Change |   Rel. Change |   Dist. from Ref. |
|-------------------+-------------+-------------+-------------+---------------+-------------------|
| RPRCON            |  5.6167e-04 |  1.4000e-03 | -8.3833e-04 |   -5.9880e-01 |       -5.9880e-01 |
| ENTRORG           |  1.4611e-03 |  1.7500e-03 | -2.8887e-04 |   -1.6507e-01 |       -1.6507e-01 |
| DETRPEN           |  1.0290e-04 |  7.5000e-05 |  2.7905e-05 |    3.7206e-01 |        3.7206e-01 |
| ENTRDD            |  1.6663e-04 |  3.0000e-04 | -1.3337e-04 |   -4.4456e-01 |       -4.4456e-01 |
| RMFDEPS           |  4.7715e-01 |  3.0000e-01 |  1.7715e-01 |    5.9049e-01 |        5.9049e-01 |
| RVICE             |  2.0791e-01 |  1.3000e-01 |  7.7915e-02 |    5.9934e-01 |        5.9934e-01 |
| RLCRITSNOW        |  8.0131e-06 |  2.0000e-05 | -1.1987e-05 |   -5.9935e-01 |       -5.9935e-01 |
| RSNOWLIN2         |  1.2003e-02 |  3.0000e-02 | -1.7997e-02 |   -5.9991e-01 |       -5.9991e-01 |
| RCLDIFF           |  2.9691e-06 |  6.0000e-06 | -3.0309e-06 |   -5.0515e-01 |       -5.0515e-01 |
| RCLDIFF_CONVI     |  7.4426e+00 |  1.0000e+01 | -2.5574e+00 |   -2.5574e-01 |       -2.5574e-01 |
| RDEPLIQREFRATE    |  5.7746e-01 |  5.0000e-01 |  7.7464e-02 |    1.5493e-01 |        1.5493e-01 |
| RDEPLIQREFDEPTH   |  4.4994e+02 |  5.0000e+02 | -5.0062e+01 |   -1.0012e-01 |       -1.0012e-01 |
| RCL_OVERLAPLIQICE |  2.6008e-01 |  6.5000e-01 | -3.8992e-01 |   -5.9988e-01 |       -5.9988e-01 |
| RCL_INHOMOGAUT    |  7.8701e-01 |  1.5000e+00 | -7.1299e-01 |   -4.7533e-01 |       -4.7533e-01 |
| RCL_INHOMOGACC    |  3.0162e+00 |  3.0000e+00 |  1.6198e-02 |    5.3992e-03 |        5.3992e-03 |
| RMINICE           |  8.9280e+01 |  6.0000e+01 |  2.9280e+01 |    4.8799e-01 |        4.8799e-01 |
2026-04-29 08:15:45 | ectuner |     INFO -> Diagnostic maps saved to ../results/tuned_2d_LR/l2/net_toa_tol/alfa_040/diagnostics_2d_phis_Global_a04.nc
Copia del file YAML inviata a ../results/tuned_2d_LR/l2/net_toa_tol/yaml_files
