2026-04-15 14:08:52 | ectuner |     INFO -> Loading 2D Data (Sensitivity, Reference, Base)...
   > Loading reference for net_toa from: climate_average_net_toa_CERES EBAF_r180x90_2000-2024.nc
--- Loading cached base maps for phis ---
2026-04-15 14:08:53 | ectuner |     INFO -> Generating spatial weights (Area * Region)...
2026-04-15 14:08:53 | ectuner |     INFO -> Variable net_toa: Initial Spatial RMSE (Weighted) = 11.3965
2026-04-15 14:08:53 | ectuner |     INFO -> Flattening data for fast optimization...
2026-04-15 14:08:53 | ectuner |     INFO -> DEBUG: Global Bias for net_toa in optimizer: 5.6259
2026-04-15 14:08:53 | ectuner |     INFO -> Starting 2D Optimization (dual_annealing)...
2026-04-15 14:09:39 | ectuner |     INFO -> 
==================== GLOBAL MEAN & ZONAL SUMMARY FROM 2D OPTIMIZATION ====================
2026-04-15 14:09:39 | ectuner |     INFO -> Variable     | Metric       |            Initial ->              Final | Status
2026-04-15 14:09:39 | ectuner |     INFO -> ------------------------------------------------------------------------------------------
2026-04-15 14:09:39 | ectuner |     INFO -> net_toa      | Global Bias |             5.6259 ->             1.2217 | IMPROVED
2026-04-15 14:09:39 | ectuner |     INFO ->              | Spatial RMSE  |            11.3965 ->             9.0914 | IMPROVED
2026-04-15 14:09:39 | ectuner |     INFO -> ------------------------------------------------------------------------------------------
2026-04-15 14:09:39 | ectuner |     INFO -> Structured tuning YAML written to ../results/tuned_2d_LR/net_TOA/alfa_03/tuned_phis_2000_2017_2D_a03.yml

| Parameter         |   New Value |   Old Value |      Change |   Rel. Change |   Dist. from Ref. |
|-------------------+-------------+-------------+-------------+---------------+-------------------|
| RPRCON            |  5.6000e-04 |  1.4000e-03 | -8.4000e-04 |   -6.0000e-01 |       -6.0000e-01 |
| ENTRORG           |  1.4497e-03 |  1.7500e-03 | -3.0032e-04 |   -1.7161e-01 |       -1.7161e-01 |
| DETRPEN           |  1.0319e-04 |  7.5000e-05 |  2.8193e-05 |    3.7591e-01 |        3.7591e-01 |
| ENTRDD            |  1.6867e-04 |  3.0000e-04 | -1.3133e-04 |   -4.3775e-01 |       -4.3775e-01 |
| RMFDEPS           |  4.7708e-01 |  3.0000e-01 |  1.7708e-01 |    5.9028e-01 |        5.9028e-01 |
| RVICE             |  2.0800e-01 |  1.3000e-01 |  7.8000e-02 |    6.0000e-01 |        6.0000e-01 |
| RLCRITSNOW        |  8.0000e-06 |  2.0000e-05 | -1.2000e-05 |   -6.0000e-01 |       -6.0000e-01 |
| RSNOWLIN2         |  1.2000e-02 |  3.0000e-02 | -1.8000e-02 |   -6.0000e-01 |       -6.0000e-01 |
| RCLDIFF           |  3.0124e-06 |  6.0000e-06 | -2.9876e-06 |   -4.9794e-01 |       -4.9794e-01 |
| RCLDIFF_CONVI     |  7.5409e+00 |  1.0000e+01 | -2.4591e+00 |   -2.4591e-01 |       -2.4591e-01 |
| RDEPLIQREFRATE    |  5.8022e-01 |  5.0000e-01 |  8.0221e-02 |    1.6044e-01 |        1.6044e-01 |
| RDEPLIQREFDEPTH   |  4.5385e+02 |  5.0000e+02 | -4.6148e+01 |   -9.2296e-02 |       -9.2296e-02 |
| RCL_OVERLAPLIQICE |  2.6000e-01 |  6.5000e-01 | -3.9000e-01 |   -6.0000e-01 |       -6.0000e-01 |
| RCL_INHOMOGAUT    |  8.1400e-01 |  1.5000e+00 | -6.8600e-01 |   -4.5733e-01 |       -4.5733e-01 |
| RCL_INHOMOGACC    |  3.0384e+00 |  3.0000e+00 |  3.8436e-02 |    1.2812e-02 |        1.2812e-02 |
| RMINICE           |  8.8685e+01 |  6.0000e+01 |  2.8685e+01 |    4.7808e-01 |        4.7808e-01 |
2026-04-15 14:09:39 | ectuner |     INFO -> Diagnostic maps saved to /ec/res4/hpcperm/ecme3038/ecearth/ecearth4/ECtuner/mari/results/tuned_2d_LR/net_TOA/alfa_03/diagnostics_2d_phis_Global_a03.nc
