2026-04-24 14:31:42 | ectuner |     INFO -> Loading 2D Data (Sensitivity, Reference, Base)...
   > Loading reference for lwcf from: climate_average_lwcf_CERES EBAF_r180x90_2000-2024.nc
   > Loading reference for net_toa from: climate_average_net_toa_CERES EBAF_r180x90_2000-2024.nc
--- Loading cached base maps for phis ---
2026-04-24 14:31:43 | ectuner |     INFO -> Generating spatial weights (Area * Region)...
2026-04-24 14:31:43 | ectuner |     INFO -> Variable lwcf: Initial Spatial RMSE (Weighted) = 7.7684
2026-04-24 14:31:43 | ectuner |     INFO -> Variable net_toa: Initial Spatial RMSE (Weighted) = 11.3965
2026-04-24 14:31:43 | ectuner |     INFO -> Flattening data for fast optimization...
2026-04-24 14:31:43 | ectuner |     INFO -> DEBUG: Global Bias for lwcf in optimizer: -2.7092
2026-04-24 14:31:43 | ectuner |     INFO -> DEBUG: Global Bias for net_toa in optimizer: 5.6259
2026-04-24 14:31:43 | ectuner |     INFO -> Starting 2D Optimization (dual_annealing)...
2026-04-24 14:32:35 | ectuner |     INFO -> 
==================== GLOBAL MEAN & ZONAL SUMMARY FROM 2D OPTIMIZATION ====================
2026-04-24 14:32:35 | ectuner |     INFO -> Variable     | Metric       |            Initial ->              Final | Status
2026-04-24 14:32:35 | ectuner |     INFO -> ------------------------------------------------------------------------------------------
2026-04-24 14:32:35 | ectuner |     INFO -> lwcf         | Global Bias |            -2.7092 ->            -0.0000 | IMPROVED
2026-04-24 14:32:35 | ectuner |     INFO ->              | Spatial RMSE  |             7.7684 ->             8.1288 | WORSENED
2026-04-24 14:32:35 | ectuner |     INFO -> ------------------------------------------------------------------------------------------
2026-04-24 14:32:35 | ectuner |     INFO -> net_toa      | Global Bias |             5.6259 ->             0.0000 | IMPROVED
2026-04-24 14:32:35 | ectuner |     INFO ->              | Spatial RMSE  |            11.3965 ->            12.1793 | WORSENED
2026-04-24 14:32:35 | ectuner |     INFO -> ------------------------------------------------------------------------------------------
2026-04-24 14:32:35 | ectuner |     INFO -> Structured tuning YAML written to ../results/tuned_2d_LR/lwcf/alfa_099/tuned_phis_a099.yml

| Parameter         |   New Value |   Old Value |      Change |   Rel. Change |   Dist. from Ref. |
|-------------------+-------------+-------------+-------------+---------------+-------------------|
| RPRCON            |  8.8295e-04 |  1.4000e-03 | -5.1705e-04 |   -3.6932e-01 |       -3.6932e-01 |
| ENTRORG           |  2.2907e-03 |  1.7500e-03 |  5.4068e-04 |    3.0896e-01 |        3.0896e-01 |
| DETRPEN           |  6.1189e-05 |  7.5000e-05 | -1.3811e-05 |   -1.8415e-01 |       -1.8415e-01 |
| ENTRDD            |  2.9348e-04 |  3.0000e-04 | -6.5238e-06 |   -2.1746e-02 |       -2.1746e-02 |
| RMFDEPS           |  1.8317e-01 |  3.0000e-01 | -1.1683e-01 |   -3.8944e-01 |       -3.8944e-01 |
| RVICE             |  1.7650e-01 |  1.3000e-01 |  4.6501e-02 |    3.5770e-01 |        3.5770e-01 |
| RLCRITSNOW        |  2.3644e-05 |  2.0000e-05 |  3.6436e-06 |    1.8218e-01 |        1.8218e-01 |
| RSNOWLIN2         |  3.3034e-02 |  3.0000e-02 |  3.0339e-03 |    1.0113e-01 |        1.0113e-01 |
| RCLDIFF           |  4.2779e-06 |  6.0000e-06 | -1.7221e-06 |   -2.8702e-01 |       -2.8702e-01 |
| RCLDIFF_CONVI     |  1.0510e+01 |  1.0000e+01 |  5.0989e-01 |    5.0989e-02 |        5.0989e-02 |
| RDEPLIQREFRATE    |  4.7459e-01 |  5.0000e-01 | -2.5408e-02 |   -5.0815e-02 |       -5.0815e-02 |
| RDEPLIQREFDEPTH   |  4.9588e+02 |  5.0000e+02 | -4.1213e+00 |   -8.2426e-03 |       -8.2426e-03 |
| RCL_OVERLAPLIQICE |  6.6317e-01 |  6.5000e-01 |  1.3175e-02 |    2.0269e-02 |        2.0269e-02 |
| RCL_INHOMOGAUT    |  1.6803e+00 |  1.5000e+00 |  1.8029e-01 |    1.2020e-01 |        1.2020e-01 |
| RCL_INHOMOGACC    |  1.5123e+00 |  3.0000e+00 | -1.4877e+00 |   -4.9590e-01 |       -4.9590e-01 |
| RMINICE           |  5.5085e+01 |  6.0000e+01 | -4.9151e+00 |   -8.1918e-02 |       -8.1918e-02 |
2026-04-24 14:32:36 | ectuner |     INFO -> Diagnostic maps saved to ../results/tuned_2d_LR/lwcf/alfa_099/diagnostics_2d_phis_Global_a099.nc
Copia del file YAML inviata a ../results/tuned_2d_LR/lwcf/yaml_files
