2026-04-24 14:31:44 | ectuner |     INFO -> Loading 2D Data (Sensitivity, Reference, Base)...
   > Loading reference for lwcf from: climate_average_lwcf_CERES EBAF_r180x90_2000-2024.nc
   > Loading reference for net_toa from: climate_average_net_toa_CERES EBAF_r180x90_2000-2024.nc
--- Loading cached base maps for phis ---
2026-04-24 14:31:45 | ectuner |     INFO -> Generating spatial weights (Area * Region)...
2026-04-24 14:31:45 | ectuner |     INFO -> Variable lwcf: Initial Spatial RMSE (Weighted) = 7.7684
2026-04-24 14:31:45 | ectuner |     INFO -> Variable net_toa: Initial Spatial RMSE (Weighted) = 11.3965
2026-04-24 14:31:45 | ectuner |     INFO -> Flattening data for fast optimization...
2026-04-24 14:31:46 | ectuner |     INFO -> DEBUG: Global Bias for lwcf in optimizer: -2.7092
2026-04-24 14:31:46 | ectuner |     INFO -> DEBUG: Global Bias for net_toa in optimizer: 5.6259
2026-04-24 14:31:46 | ectuner |     INFO -> Starting 2D Optimization (dual_annealing)...
2026-04-24 14:32:53 | ectuner |     INFO -> 
==================== GLOBAL MEAN & ZONAL SUMMARY FROM 2D OPTIMIZATION ====================
2026-04-24 14:32:53 | ectuner |     INFO -> Variable     | Metric       |            Initial ->              Final | Status
2026-04-24 14:32:53 | ectuner |     INFO -> ------------------------------------------------------------------------------------------
2026-04-24 14:32:53 | ectuner |     INFO -> lwcf         | Global Bias |            -2.7092 ->            -0.0000 | IMPROVED
2026-04-24 14:32:53 | ectuner |     INFO ->              | Spatial RMSE  |             7.7684 ->             7.0206 | IMPROVED
2026-04-24 14:32:53 | ectuner |     INFO -> ------------------------------------------------------------------------------------------
2026-04-24 14:32:53 | ectuner |     INFO -> net_toa      | Global Bias |             5.6259 ->            -0.0000 | IMPROVED
2026-04-24 14:32:53 | ectuner |     INFO ->              | Spatial RMSE  |            11.3965 ->            10.7999 | IMPROVED
2026-04-24 14:32:53 | ectuner |     INFO -> ------------------------------------------------------------------------------------------
2026-04-24 14:32:53 | ectuner |     INFO -> Structured tuning YAML written to ../results/tuned_2d_LR/lwcf/alfa_090/tuned_phis_a090.yml

| Parameter         |   New Value |   Old Value |      Change |   Rel. Change |   Dist. from Ref. |
|-------------------+-------------+-------------+-------------+---------------+-------------------|
| RPRCON            |  6.4571e-04 |  1.4000e-03 | -7.5429e-04 |   -5.3878e-01 |       -5.3878e-01 |
| ENTRORG           |  2.3391e-03 |  1.7500e-03 |  5.8906e-04 |    3.3661e-01 |        3.3661e-01 |
| DETRPEN           |  1.1438e-04 |  7.5000e-05 |  3.9384e-05 |    5.2512e-01 |        5.2512e-01 |
| ENTRDD            |  3.1808e-04 |  3.0000e-04 |  1.8077e-05 |    6.0257e-02 |        6.0257e-02 |
| RMFDEPS           |  4.5259e-01 |  3.0000e-01 |  1.5259e-01 |    5.0864e-01 |        5.0864e-01 |
| RVICE             |  1.9215e-01 |  1.3000e-01 |  6.2147e-02 |    4.7805e-01 |        4.7805e-01 |
| RLCRITSNOW        |  1.5867e-05 |  2.0000e-05 | -4.1328e-06 |   -2.0664e-01 |       -2.0664e-01 |
| RSNOWLIN2         |  3.4535e-02 |  3.0000e-02 |  4.5347e-03 |    1.5116e-01 |        1.5116e-01 |
| RCLDIFF           |  6.6629e-06 |  6.0000e-06 |  6.6294e-07 |    1.1049e-01 |        1.1049e-01 |
| RCLDIFF_CONVI     |  5.4544e+00 |  1.0000e+01 | -4.5456e+00 |   -4.5456e-01 |       -4.5456e-01 |
| RDEPLIQREFRATE    |  6.5680e-01 |  5.0000e-01 |  1.5680e-01 |    3.1361e-01 |        3.1361e-01 |
| RDEPLIQREFDEPTH   |  2.9101e+02 |  5.0000e+02 | -2.0899e+02 |   -4.1797e-01 |       -4.1797e-01 |
| RCL_OVERLAPLIQICE |  4.6635e-01 |  6.5000e-01 | -1.8365e-01 |   -2.8254e-01 |       -2.8254e-01 |
| RCL_INHOMOGAUT    |  2.1021e+00 |  1.5000e+00 |  6.0210e-01 |    4.0140e-01 |        4.0140e-01 |
| RCL_INHOMOGACC    |  2.3384e+00 |  3.0000e+00 | -6.6161e-01 |   -2.2054e-01 |       -2.2054e-01 |
| RMINICE           |  6.1733e+01 |  6.0000e+01 |  1.7328e+00 |    2.8880e-02 |        2.8880e-02 |
2026-04-24 14:32:53 | ectuner |     INFO -> Diagnostic maps saved to ../results/tuned_2d_LR/lwcf/alfa_090/diagnostics_2d_phis_Global_a09.nc
Copia del file YAML inviata a ../results/tuned_2d_LR/lwcf/yaml_files
