2026-04-24 14:31:46 | ectuner |     INFO -> Loading 2D Data (Sensitivity, Reference, Base)...
   > Loading reference for lwcf from: climate_average_lwcf_CERES EBAF_r180x90_2000-2024.nc
   > Loading reference for net_toa from: climate_average_net_toa_CERES EBAF_r180x90_2000-2024.nc
--- Loading cached base maps for phis ---
2026-04-24 14:31:47 | ectuner |     INFO -> Generating spatial weights (Area * Region)...
2026-04-24 14:31:47 | ectuner |     INFO -> Variable lwcf: Initial Spatial RMSE (Weighted) = 7.7684
2026-04-24 14:31:47 | ectuner |     INFO -> Variable net_toa: Initial Spatial RMSE (Weighted) = 11.3965
2026-04-24 14:31:47 | ectuner |     INFO -> Flattening data for fast optimization...
2026-04-24 14:31:47 | ectuner |     INFO -> DEBUG: Global Bias for lwcf in optimizer: -2.7092
2026-04-24 14:31:47 | ectuner |     INFO -> DEBUG: Global Bias for net_toa in optimizer: 5.6259
2026-04-24 14:31:47 | ectuner |     INFO -> Starting 2D Optimization (dual_annealing)...
2026-04-24 14:32:57 | ectuner |     INFO -> 
==================== GLOBAL MEAN & ZONAL SUMMARY FROM 2D OPTIMIZATION ====================
2026-04-24 14:32:57 | ectuner |     INFO -> Variable     | Metric       |            Initial ->              Final | Status
2026-04-24 14:32:57 | ectuner |     INFO -> ------------------------------------------------------------------------------------------
2026-04-24 14:32:57 | ectuner |     INFO -> lwcf         | Global Bias |            -2.7092 ->            -1.2799 | IMPROVED
2026-04-24 14:32:57 | ectuner |     INFO ->              | Spatial RMSE  |             7.7684 ->             6.3977 | IMPROVED
2026-04-24 14:32:57 | ectuner |     INFO -> ------------------------------------------------------------------------------------------
2026-04-24 14:32:57 | ectuner |     INFO -> net_toa      | Global Bias |             5.6259 ->             0.8233 | IMPROVED
2026-04-24 14:32:57 | ectuner |     INFO ->              | Spatial RMSE  |            11.3965 ->             9.6378 | IMPROVED
2026-04-24 14:32:57 | ectuner |     INFO -> ------------------------------------------------------------------------------------------
2026-04-24 14:32:57 | ectuner |     INFO -> Structured tuning YAML written to ../results/tuned_2d_LR/lwcf/alfa_010/tuned_phis_a010.yml

| Parameter         |   New Value |   Old Value |      Change |   Rel. Change |   Dist. from Ref. |
|-------------------+-------------+-------------+-------------+---------------+-------------------|
| RPRCON            |  8.7001e-04 |  1.4000e-03 | -5.2999e-04 |   -3.7857e-01 |       -3.7857e-01 |
| ENTRORG           |  1.5540e-03 |  1.7500e-03 | -1.9597e-04 |   -1.1198e-01 |       -1.1198e-01 |
| DETRPEN           |  1.2000e-04 |  7.5000e-05 |  4.5000e-05 |    6.0000e-01 |        6.0000e-01 |
| ENTRDD            |  2.2763e-04 |  3.0000e-04 | -7.2371e-05 |   -2.4124e-01 |       -2.4124e-01 |
| RMFDEPS           |  4.8000e-01 |  3.0000e-01 |  1.8000e-01 |    6.0000e-01 |        6.0000e-01 |
| RVICE             |  2.0795e-01 |  1.3000e-01 |  7.7954e-02 |    5.9964e-01 |        5.9964e-01 |
| RLCRITSNOW        |  1.6786e-05 |  2.0000e-05 | -3.2137e-06 |   -1.6068e-01 |       -1.6068e-01 |
| RSNOWLIN2         |  1.8501e-02 |  3.0000e-02 | -1.1499e-02 |   -3.8331e-01 |       -3.8331e-01 |
| RCLDIFF           |  4.0551e-06 |  6.0000e-06 | -1.9449e-06 |   -3.2415e-01 |       -3.2415e-01 |
| RCLDIFF_CONVI     |  8.1844e+00 |  1.0000e+01 | -1.8156e+00 |   -1.8156e-01 |       -1.8156e-01 |
| RDEPLIQREFRATE    |  6.0827e-01 |  5.0000e-01 |  1.0827e-01 |    2.1654e-01 |        2.1654e-01 |
| RDEPLIQREFDEPTH   |  4.4465e+02 |  5.0000e+02 | -5.5346e+01 |   -1.1069e-01 |       -1.1069e-01 |
| RCL_OVERLAPLIQICE |  2.6014e-01 |  6.5000e-01 | -3.8986e-01 |   -5.9978e-01 |       -5.9978e-01 |
| RCL_INHOMOGAUT    |  1.3094e+00 |  1.5000e+00 | -1.9061e-01 |   -1.2707e-01 |       -1.2707e-01 |
| RCL_INHOMOGACC    |  2.1310e+00 |  3.0000e+00 | -8.6896e-01 |   -2.8965e-01 |       -2.8965e-01 |
| RMINICE           |  2.9752e+01 |  6.0000e+01 | -3.0248e+01 |   -5.0413e-01 |       -5.0413e-01 |
2026-04-24 14:32:57 | ectuner |     INFO -> Diagnostic maps saved to ../results/tuned_2d_LR/lwcf/alfa_010/diagnostics_2d_phis_Global_a01.nc
Copia del file YAML inviata a ../results/tuned_2d_LR/lwcf/yaml_files
