2026-04-24 14:31:46 | ectuner |     INFO -> Loading 2D Data (Sensitivity, Reference, Base)...
   > Loading reference for lwcf from: climate_average_lwcf_CERES EBAF_r180x90_2000-2024.nc
   > Loading reference for net_toa from: climate_average_net_toa_CERES EBAF_r180x90_2000-2024.nc
--- Loading cached base maps for phis ---
2026-04-24 14:31:47 | ectuner |     INFO -> Generating spatial weights (Area * Region)...
2026-04-24 14:31:47 | ectuner |     INFO -> Variable lwcf: Initial Spatial RMSE (Weighted) = 7.7684
2026-04-24 14:31:47 | ectuner |     INFO -> Variable net_toa: Initial Spatial RMSE (Weighted) = 11.3965
2026-04-24 14:31:47 | ectuner |     INFO -> Flattening data for fast optimization...
2026-04-24 14:31:47 | ectuner |     INFO -> DEBUG: Global Bias for lwcf in optimizer: -2.7092
2026-04-24 14:31:47 | ectuner |     INFO -> DEBUG: Global Bias for net_toa in optimizer: 5.6259
2026-04-24 14:31:47 | ectuner |     INFO -> Starting 2D Optimization (dual_annealing)...
2026-04-24 14:32:59 | ectuner |     INFO -> 
==================== GLOBAL MEAN & ZONAL SUMMARY FROM 2D OPTIMIZATION ====================
2026-04-24 14:32:59 | ectuner |     INFO -> Variable     | Metric       |            Initial ->              Final | Status
2026-04-24 14:32:59 | ectuner |     INFO -> ------------------------------------------------------------------------------------------
2026-04-24 14:32:59 | ectuner |     INFO -> lwcf         | Global Bias |            -2.7092 ->            -1.1652 | IMPROVED
2026-04-24 14:32:59 | ectuner |     INFO ->              | Spatial RMSE  |             7.7684 ->             6.3870 | IMPROVED
2026-04-24 14:32:59 | ectuner |     INFO -> ------------------------------------------------------------------------------------------
2026-04-24 14:32:59 | ectuner |     INFO -> net_toa      | Global Bias |             5.6259 ->             0.6522 | IMPROVED
2026-04-24 14:32:59 | ectuner |     INFO ->              | Spatial RMSE  |            11.3965 ->             9.6839 | IMPROVED
2026-04-24 14:32:59 | ectuner |     INFO -> ------------------------------------------------------------------------------------------
2026-04-24 14:32:59 | ectuner |     INFO -> Structured tuning YAML written to ../results/tuned_2d_LR/lwcf/alfa_012/tuned_phis_a012.yml

| Parameter         |   New Value |   Old Value |      Change |   Rel. Change |   Dist. from Ref. |
|-------------------+-------------+-------------+-------------+---------------+-------------------|
| RPRCON            |  8.7012e-04 |  1.4000e-03 | -5.2988e-04 |   -3.7848e-01 |       -3.7848e-01 |
| ENTRORG           |  1.5554e-03 |  1.7500e-03 | -1.9464e-04 |   -1.1122e-01 |       -1.1122e-01 |
| DETRPEN           |  1.2000e-04 |  7.5000e-05 |  4.5000e-05 |    6.0000e-01 |        6.0000e-01 |
| ENTRDD            |  2.2571e-04 |  3.0000e-04 | -7.4289e-05 |   -2.4763e-01 |       -2.4763e-01 |
| RMFDEPS           |  4.7991e-01 |  3.0000e-01 |  1.7991e-01 |    5.9971e-01 |        5.9971e-01 |
| RVICE             |  2.0795e-01 |  1.3000e-01 |  7.7955e-02 |    5.9965e-01 |        5.9965e-01 |
| RLCRITSNOW        |  1.6985e-05 |  2.0000e-05 | -3.0152e-06 |   -1.5076e-01 |       -1.5076e-01 |
| RSNOWLIN2         |  1.8619e-02 |  3.0000e-02 | -1.1381e-02 |   -3.7938e-01 |       -3.7938e-01 |
| RCLDIFF           |  4.0067e-06 |  6.0000e-06 | -1.9933e-06 |   -3.3222e-01 |       -3.3222e-01 |
| RCLDIFF_CONVI     |  8.0749e+00 |  1.0000e+01 | -1.9251e+00 |   -1.9251e-01 |       -1.9251e-01 |
| RDEPLIQREFRATE    |  6.0962e-01 |  5.0000e-01 |  1.0962e-01 |    2.1923e-01 |        2.1923e-01 |
| RDEPLIQREFDEPTH   |  4.4300e+02 |  5.0000e+02 | -5.6998e+01 |   -1.1400e-01 |       -1.1400e-01 |
| RCL_OVERLAPLIQICE |  2.6010e-01 |  6.5000e-01 | -3.8990e-01 |   -5.9985e-01 |       -5.9985e-01 |
| RCL_INHOMOGAUT    |  1.2812e+00 |  1.5000e+00 | -2.1883e-01 |   -1.4589e-01 |       -1.4589e-01 |
| RCL_INHOMOGACC    |  2.0650e+00 |  3.0000e+00 | -9.3503e-01 |   -3.1168e-01 |       -3.1168e-01 |
| RMINICE           |  2.9229e+01 |  6.0000e+01 | -3.0771e+01 |   -5.1285e-01 |       -5.1285e-01 |
2026-04-24 14:32:59 | ectuner |     INFO -> Diagnostic maps saved to ../results/tuned_2d_LR/lwcf/alfa_012/diagnostics_2d_phis_Global_a012.nc
Copia del file YAML inviata a ../results/tuned_2d_LR/lwcf/yaml_files
