2026-04-24 14:31:45 | ectuner |     INFO -> Loading 2D Data (Sensitivity, Reference, Base)...
   > Loading reference for lwcf from: climate_average_lwcf_CERES EBAF_r180x90_2000-2024.nc
   > Loading reference for net_toa from: climate_average_net_toa_CERES EBAF_r180x90_2000-2024.nc
--- Loading cached base maps for phis ---
2026-04-24 14:31:45 | ectuner |     INFO -> Generating spatial weights (Area * Region)...
2026-04-24 14:31:46 | ectuner |     INFO -> Variable lwcf: Initial Spatial RMSE (Weighted) = 7.7684
2026-04-24 14:31:46 | ectuner |     INFO -> Variable net_toa: Initial Spatial RMSE (Weighted) = 11.3965
2026-04-24 14:31:46 | ectuner |     INFO -> Flattening data for fast optimization...
2026-04-24 14:31:46 | ectuner |     INFO -> DEBUG: Global Bias for lwcf in optimizer: -2.7092
2026-04-24 14:31:46 | ectuner |     INFO -> DEBUG: Global Bias for net_toa in optimizer: 5.6259
2026-04-24 14:31:46 | ectuner |     INFO -> Starting 2D Optimization (dual_annealing)...
2026-04-24 14:32:35 | ectuner |     INFO -> 
==================== GLOBAL MEAN & ZONAL SUMMARY FROM 2D OPTIMIZATION ====================
2026-04-24 14:32:35 | ectuner |     INFO -> Variable     | Metric       |            Initial ->              Final | Status
2026-04-24 14:32:35 | ectuner |     INFO -> ------------------------------------------------------------------------------------------
2026-04-24 14:32:35 | ectuner |     INFO -> lwcf         | Global Bias |            -2.7092 ->            -0.0000 | IMPROVED
2026-04-24 14:32:35 | ectuner |     INFO ->              | Spatial RMSE  |             7.7684 ->             7.0341 | IMPROVED
2026-04-24 14:32:35 | ectuner |     INFO -> ------------------------------------------------------------------------------------------
2026-04-24 14:32:35 | ectuner |     INFO -> net_toa      | Global Bias |             5.6259 ->             0.0000 | IMPROVED
2026-04-24 14:32:35 | ectuner |     INFO ->              | Spatial RMSE  |            11.3965 ->            10.7339 | IMPROVED
2026-04-24 14:32:35 | ectuner |     INFO -> ------------------------------------------------------------------------------------------
2026-04-24 14:32:35 | ectuner |     INFO -> Structured tuning YAML written to ../results/tuned_2d_LR/lwcf/alfa_060/tuned_phis_a060.yml

| Parameter         |   New Value |   Old Value |      Change |   Rel. Change |   Dist. from Ref. |
|-------------------+-------------+-------------+-------------+---------------+-------------------|
| RPRCON            |  9.7795e-04 |  1.4000e-03 | -4.2205e-04 |   -3.0146e-01 |       -3.0146e-01 |
| ENTRORG           |  2.1007e-03 |  1.7500e-03 |  3.5066e-04 |    2.0038e-01 |        2.0038e-01 |
| DETRPEN           |  1.0671e-04 |  7.5000e-05 |  3.1707e-05 |    4.2276e-01 |        4.2276e-01 |
| ENTRDD            |  1.9940e-04 |  3.0000e-04 | -1.0060e-04 |   -3.3533e-01 |       -3.3533e-01 |
| RMFDEPS           |  3.5367e-01 |  3.0000e-01 |  5.3673e-02 |    1.7891e-01 |        1.7891e-01 |
| RVICE             |  2.0215e-01 |  1.3000e-01 |  7.2146e-02 |    5.5497e-01 |        5.5497e-01 |
| RLCRITSNOW        |  2.1141e-05 |  2.0000e-05 |  1.1407e-06 |    5.7036e-02 |        5.7036e-02 |
| RSNOWLIN2         |  3.6985e-02 |  3.0000e-02 |  6.9853e-03 |    2.3284e-01 |        2.3284e-01 |
| RCLDIFF           |  5.5045e-06 |  6.0000e-06 | -4.9549e-07 |   -8.2582e-02 |       -8.2582e-02 |
| RCLDIFF_CONVI     |  1.0460e+01 |  1.0000e+01 |  4.5977e-01 |    4.5977e-02 |        4.5977e-02 |
| RDEPLIQREFRATE    |  7.4879e-01 |  5.0000e-01 |  2.4879e-01 |    4.9757e-01 |        4.9757e-01 |
| RDEPLIQREFDEPTH   |  5.4202e+02 |  5.0000e+02 |  4.2024e+01 |    8.4049e-02 |        8.4049e-02 |
| RCL_OVERLAPLIQICE |  3.1630e-01 |  6.5000e-01 | -3.3370e-01 |   -5.1338e-01 |       -5.1338e-01 |
| RCL_INHOMOGAUT    |  9.1618e-01 |  1.5000e+00 | -5.8382e-01 |   -3.8922e-01 |       -3.8922e-01 |
| RCL_INHOMOGACC    |  2.1446e+00 |  3.0000e+00 | -8.5544e-01 |   -2.8515e-01 |       -2.8515e-01 |
| RMINICE           |  5.4191e+01 |  6.0000e+01 | -5.8092e+00 |   -9.6821e-02 |       -9.6821e-02 |
2026-04-24 14:32:35 | ectuner |     INFO -> Diagnostic maps saved to ../results/tuned_2d_LR/lwcf/alfa_060/diagnostics_2d_phis_Global_a06.nc
Copia del file YAML inviata a ../results/tuned_2d_LR/lwcf/yaml_files
