2026-04-24 14:31:44 | ectuner |     INFO -> Loading 2D Data (Sensitivity, Reference, Base)...
   > Loading reference for lwcf from: climate_average_lwcf_CERES EBAF_r180x90_2000-2024.nc
   > Loading reference for net_toa from: climate_average_net_toa_CERES EBAF_r180x90_2000-2024.nc
--- Loading cached base maps for phis ---
2026-04-24 14:31:45 | ectuner |     INFO -> Generating spatial weights (Area * Region)...
2026-04-24 14:31:45 | ectuner |     INFO -> Variable lwcf: Initial Spatial RMSE (Weighted) = 7.7684
2026-04-24 14:31:45 | ectuner |     INFO -> Variable net_toa: Initial Spatial RMSE (Weighted) = 11.3965
2026-04-24 14:31:45 | ectuner |     INFO -> Flattening data for fast optimization...
2026-04-24 14:31:45 | ectuner |     INFO -> DEBUG: Global Bias for lwcf in optimizer: -2.7092
2026-04-24 14:31:45 | ectuner |     INFO -> DEBUG: Global Bias for net_toa in optimizer: 5.6259
2026-04-24 14:31:45 | ectuner |     INFO -> Starting 2D Optimization (dual_annealing)...
2026-04-24 14:33:59 | ectuner |     INFO -> 
==================== GLOBAL MEAN & ZONAL SUMMARY FROM 2D OPTIMIZATION ====================
2026-04-24 14:33:59 | ectuner |     INFO -> Variable     | Metric       |            Initial ->              Final | Status
2026-04-24 14:33:59 | ectuner |     INFO -> ------------------------------------------------------------------------------------------
2026-04-24 14:33:59 | ectuner |     INFO -> lwcf         | Global Bias |            -2.7092 ->            -0.0002 | IMPROVED
2026-04-24 14:33:59 | ectuner |     INFO ->              | Spatial RMSE  |             7.7684 ->             6.5383 | IMPROVED
2026-04-24 14:33:59 | ectuner |     INFO -> ------------------------------------------------------------------------------------------
2026-04-24 14:33:59 | ectuner |     INFO -> net_toa      | Global Bias |             5.6259 ->            -0.0000 | IMPROVED
2026-04-24 14:33:59 | ectuner |     INFO ->              | Spatial RMSE  |            11.3965 ->            10.0177 | IMPROVED
2026-04-24 14:33:59 | ectuner |     INFO -> ------------------------------------------------------------------------------------------
2026-04-24 14:33:59 | ectuner |     INFO -> Structured tuning YAML written to ../results/tuned_2d_LR/lwcf/alfa_030/tuned_phis_a030.yml

| Parameter         |   New Value |   Old Value |      Change |   Rel. Change |   Dist. from Ref. |
|-------------------+-------------+-------------+-------------+---------------+-------------------|
| RPRCON            |  7.7063e-04 |  1.4000e-03 | -6.2937e-04 |   -4.4955e-01 |       -4.4955e-01 |
| ENTRORG           |  1.7357e-03 |  1.7500e-03 | -1.4257e-05 |   -8.1469e-03 |       -8.1469e-03 |
| DETRPEN           |  1.1912e-04 |  7.5000e-05 |  4.4121e-05 |    5.8827e-01 |        5.8827e-01 |
| ENTRDD            |  1.8919e-04 |  3.0000e-04 | -1.1081e-04 |   -3.6938e-01 |       -3.6938e-01 |
| RMFDEPS           |  4.7883e-01 |  3.0000e-01 |  1.7883e-01 |    5.9609e-01 |        5.9609e-01 |
| RVICE             |  2.0464e-01 |  1.3000e-01 |  7.4636e-02 |    5.7412e-01 |        5.7412e-01 |
| RLCRITSNOW        |  2.1240e-05 |  2.0000e-05 |  1.2399e-06 |    6.1996e-02 |        6.1996e-02 |
| RSNOWLIN2         |  2.1997e-02 |  3.0000e-02 | -8.0028e-03 |   -2.6676e-01 |       -2.6676e-01 |
| RCLDIFF           |  3.5629e-06 |  6.0000e-06 | -2.4371e-06 |   -4.0618e-01 |       -4.0618e-01 |
| RCLDIFF_CONVI     |  6.7579e+00 |  1.0000e+01 | -3.2421e+00 |   -3.2421e-01 |       -3.2421e-01 |
| RDEPLIQREFRATE    |  5.7793e-01 |  5.0000e-01 |  7.7926e-02 |    1.5585e-01 |        1.5585e-01 |
| RDEPLIQREFDEPTH   |  4.3458e+02 |  5.0000e+02 | -6.5423e+01 |   -1.3085e-01 |       -1.3085e-01 |
| RCL_OVERLAPLIQICE |  2.6600e-01 |  6.5000e-01 | -3.8400e-01 |   -5.9077e-01 |       -5.9077e-01 |
| RCL_INHOMOGAUT    |  1.2405e+00 |  1.5000e+00 | -2.5947e-01 |   -1.7298e-01 |       -1.7298e-01 |
| RCL_INHOMOGACC    |  2.1805e+00 |  3.0000e+00 | -8.1948e-01 |   -2.7316e-01 |       -2.7316e-01 |
| RMINICE           |  3.4527e+01 |  6.0000e+01 | -2.5473e+01 |   -4.2454e-01 |       -4.2454e-01 |
2026-04-24 14:33:59 | ectuner |     INFO -> Diagnostic maps saved to ../results/tuned_2d_LR/lwcf/alfa_030/diagnostics_2d_phis_Global_a03.nc
Copia del file YAML inviata a ../results/tuned_2d_LR/lwcf/yaml_files
