2026-04-24 14:31:45 | ectuner |     INFO -> Loading 2D Data (Sensitivity, Reference, Base)...
   > Loading reference for lwcf from: climate_average_lwcf_CERES EBAF_r180x90_2000-2024.nc
   > Loading reference for net_toa from: climate_average_net_toa_CERES EBAF_r180x90_2000-2024.nc
--- Loading cached base maps for phis ---
2026-04-24 14:31:46 | ectuner |     INFO -> Generating spatial weights (Area * Region)...
2026-04-24 14:31:46 | ectuner |     INFO -> Variable lwcf: Initial Spatial RMSE (Weighted) = 7.7684
2026-04-24 14:31:46 | ectuner |     INFO -> Variable net_toa: Initial Spatial RMSE (Weighted) = 11.3965
2026-04-24 14:31:46 | ectuner |     INFO -> Flattening data for fast optimization...
2026-04-24 14:31:46 | ectuner |     INFO -> DEBUG: Global Bias for lwcf in optimizer: -2.7092
2026-04-24 14:31:46 | ectuner |     INFO -> DEBUG: Global Bias for net_toa in optimizer: 5.6259
2026-04-24 14:31:46 | ectuner |     INFO -> Starting 2D Optimization (dual_annealing)...
2026-04-24 14:32:55 | ectuner |     INFO -> 
==================== GLOBAL MEAN & ZONAL SUMMARY FROM 2D OPTIMIZATION ====================
2026-04-24 14:32:55 | ectuner |     INFO -> Variable     | Metric       |            Initial ->              Final | Status
2026-04-24 14:32:55 | ectuner |     INFO -> ------------------------------------------------------------------------------------------
2026-04-24 14:32:55 | ectuner |     INFO -> lwcf         | Global Bias |            -2.7092 ->            -0.0000 | IMPROVED
2026-04-24 14:32:55 | ectuner |     INFO ->              | Spatial RMSE  |             7.7684 ->             7.2157 | IMPROVED
2026-04-24 14:32:55 | ectuner |     INFO -> ------------------------------------------------------------------------------------------
2026-04-24 14:32:55 | ectuner |     INFO -> net_toa      | Global Bias |             5.6259 ->             0.0000 | IMPROVED
2026-04-24 14:32:55 | ectuner |     INFO ->              | Spatial RMSE  |            11.3965 ->            11.9273 | WORSENED
2026-04-24 14:32:55 | ectuner |     INFO -> ------------------------------------------------------------------------------------------
2026-04-24 14:32:55 | ectuner |     INFO -> Structured tuning YAML written to ../results/tuned_2d_LR/lwcf/alfa_095/tuned_phis_a095.yml

| Parameter         |   New Value |   Old Value |      Change |   Rel. Change |   Dist. from Ref. |
|-------------------+-------------+-------------+-------------+---------------+-------------------|
| RPRCON            |  1.0666e-03 |  1.4000e-03 | -3.3343e-04 |   -2.3817e-01 |       -2.3817e-01 |
| ENTRORG           |  2.5735e-03 |  1.7500e-03 |  8.2354e-04 |    4.7059e-01 |        4.7059e-01 |
| DETRPEN           |  8.6506e-05 |  7.5000e-05 |  1.1506e-05 |    1.5342e-01 |        1.5342e-01 |
| ENTRDD            |  2.5562e-04 |  3.0000e-04 | -4.4385e-05 |   -1.4795e-01 |       -1.4795e-01 |
| RMFDEPS           |  3.3283e-01 |  3.0000e-01 |  3.2827e-02 |    1.0942e-01 |        1.0942e-01 |
| RVICE             |  1.6947e-01 |  1.3000e-01 |  3.9472e-02 |    3.0363e-01 |        3.0363e-01 |
| RLCRITSNOW        |  2.8277e-05 |  2.0000e-05 |  8.2775e-06 |    4.1387e-01 |        4.1387e-01 |
| RSNOWLIN2         |  2.9760e-02 |  3.0000e-02 | -2.3978e-04 |   -7.9926e-03 |       -7.9926e-03 |
| RCLDIFF           |  4.8855e-06 |  6.0000e-06 | -1.1145e-06 |   -1.8576e-01 |       -1.8576e-01 |
| RCLDIFF_CONVI     |  5.2064e+00 |  1.0000e+01 | -4.7936e+00 |   -4.7936e-01 |       -4.7936e-01 |
| RDEPLIQREFRATE    |  4.4692e-01 |  5.0000e-01 | -5.3080e-02 |   -1.0616e-01 |       -1.0616e-01 |
| RDEPLIQREFDEPTH   |  4.6320e+02 |  5.0000e+02 | -3.6797e+01 |   -7.3595e-02 |       -7.3595e-02 |
| RCL_OVERLAPLIQICE |  8.7064e-01 |  6.5000e-01 |  2.2064e-01 |    3.3945e-01 |        3.3945e-01 |
| RCL_INHOMOGAUT    |  1.1493e+00 |  1.5000e+00 | -3.5068e-01 |   -2.3379e-01 |       -2.3379e-01 |
| RCL_INHOMOGACC    |  2.6670e+00 |  3.0000e+00 | -3.3299e-01 |   -1.1100e-01 |       -1.1100e-01 |
| RMINICE           |  4.5203e+01 |  6.0000e+01 | -1.4797e+01 |   -2.4662e-01 |       -2.4662e-01 |
2026-04-24 14:32:55 | ectuner |     INFO -> Diagnostic maps saved to ../results/tuned_2d_LR/lwcf/alfa_095/diagnostics_2d_phis_Global_a095.nc
Copia del file YAML inviata a ../results/tuned_2d_LR/lwcf/yaml_files
