2026-04-24 14:24:30 | ectuner |     INFO -> Loading 2D Data (Sensitivity, Reference, Base)...
   > Loading reference for lwcf from: climate_average_lwcf_CERES EBAF_r180x90_2000-2024.nc
   > Loading reference for net_toa from: climate_average_net_toa_CERES EBAF_r180x90_2000-2024.nc
--- Cache not found. Extracting 2D maps for phis (this may take a while...) ---
   > Processing lwcf...
   > Processing net_toa...
--- Cache saved: /ec/res4/hpcperm/ecme3038/ecearth/ecearth4/ECtuner/mari/ectuner/ecmean/maps_lres/base_2d_phis_2000_2017.nc ---
2026-04-24 14:24:44 | ectuner |     INFO -> Generating spatial weights (Area * Region)...
2026-04-24 14:24:44 | ectuner |     INFO -> Variable lwcf: Initial Spatial RMSE (Weighted) = 7.7684
2026-04-24 14:24:44 | ectuner |     INFO -> Variable net_toa: Initial Spatial RMSE (Weighted) = 11.3965
2026-04-24 14:24:44 | ectuner |     INFO -> Flattening data for fast optimization...
2026-04-24 14:24:45 | ectuner |     INFO -> DEBUG: Global Bias for lwcf in optimizer: -2.7092
2026-04-24 14:24:45 | ectuner |     INFO -> DEBUG: Global Bias for net_toa in optimizer: 5.6259
2026-04-24 14:24:45 | ectuner |     INFO -> Starting 2D Optimization (dual_annealing)...
2026-04-24 14:25:58 | ectuner |     INFO -> 
==================== GLOBAL MEAN & ZONAL SUMMARY FROM 2D OPTIMIZATION ====================
2026-04-24 14:25:58 | ectuner |     INFO -> Variable     | Metric       |            Initial ->              Final | Status
2026-04-24 14:25:58 | ectuner |     INFO -> ------------------------------------------------------------------------------------------
2026-04-24 14:25:58 | ectuner |     INFO -> lwcf         | Global Bias |            -2.7092 ->            -1.7815 | IMPROVED
2026-04-24 14:25:58 | ectuner |     INFO ->              | Spatial RMSE  |             7.7684 ->             6.4712 | IMPROVED
2026-04-24 14:25:58 | ectuner |     INFO -> ------------------------------------------------------------------------------------------
2026-04-24 14:25:58 | ectuner |     INFO -> net_toa      | Global Bias |             5.6259 ->             1.5459 | IMPROVED
2026-04-24 14:25:58 | ectuner |     INFO ->              | Spatial RMSE  |            11.3965 ->             9.4964 | IMPROVED
2026-04-24 14:25:58 | ectuner |     INFO -> ------------------------------------------------------------------------------------------
2026-04-24 14:25:58 | ectuner |     INFO -> Structured tuning YAML written to ../results/tuned_2d_LR/lwcf/alfa_000/tuned_phis_a000.yml

| Parameter         |   New Value |   Old Value |      Change |   Rel. Change |   Dist. from Ref. |
|-------------------+-------------+-------------+-------------+---------------+-------------------|
| RPRCON            |  8.8134e-04 |  1.4000e-03 | -5.1866e-04 |   -3.7047e-01 |       -3.7047e-01 |
| ENTRORG           |  1.5413e-03 |  1.7500e-03 | -2.0874e-04 |   -1.1928e-01 |       -1.1928e-01 |
| DETRPEN           |  1.2000e-04 |  7.5000e-05 |  4.5000e-05 |    6.0000e-01 |        6.0000e-01 |
| ENTRDD            |  2.3788e-04 |  3.0000e-04 | -6.2116e-05 |   -2.0705e-01 |       -2.0705e-01 |
| RMFDEPS           |  4.8000e-01 |  3.0000e-01 |  1.8000e-01 |    5.9999e-01 |        5.9999e-01 |
| RVICE             |  2.0794e-01 |  1.3000e-01 |  7.7939e-02 |    5.9953e-01 |        5.9953e-01 |
| RLCRITSNOW        |  1.6005e-05 |  2.0000e-05 | -3.9949e-06 |   -1.9974e-01 |       -1.9974e-01 |
| RSNOWLIN2         |  1.8171e-02 |  3.0000e-02 | -1.1829e-02 |   -3.9430e-01 |       -3.9430e-01 |
| RCLDIFF           |  4.3024e-06 |  6.0000e-06 | -1.6976e-06 |   -2.8294e-01 |       -2.8294e-01 |
| RCLDIFF_CONVI     |  8.6542e+00 |  1.0000e+01 | -1.3458e+00 |   -1.3458e-01 |       -1.3458e-01 |
| RDEPLIQREFRATE    |  6.2608e-01 |  5.0000e-01 |  1.2608e-01 |    2.5215e-01 |        2.5215e-01 |
| RDEPLIQREFDEPTH   |  4.5903e+02 |  5.0000e+02 | -4.0973e+01 |   -8.1946e-02 |       -8.1946e-02 |
| RCL_OVERLAPLIQICE |  2.6051e-01 |  6.5000e-01 | -3.8949e-01 |   -5.9922e-01 |       -5.9922e-01 |
| RCL_INHOMOGAUT    |  1.3908e+00 |  1.5000e+00 | -1.0921e-01 |   -7.2806e-02 |       -7.2806e-02 |
| RCL_INHOMOGACC    |  2.3889e+00 |  3.0000e+00 | -6.1106e-01 |   -2.0369e-01 |       -2.0369e-01 |
| RMINICE           |  3.2010e+01 |  6.0000e+01 | -2.7990e+01 |   -4.6650e-01 |       -4.6650e-01 |
2026-04-24 14:25:58 | ectuner |     INFO -> Diagnostic maps saved to ../results/tuned_2d_LR/lwcf/alfa_000/diagnostics_2d_phis_Global_a00.nc
Copia del file YAML inviata a ../results/tuned_2d_LR/lwcf/yaml_files
