2026-04-27 09:51:15 | ectuner |     INFO -> Loading 2D Data (Sensitivity, Reference, Base)...
   > Loading reference for lwcf from: climate_average_lwcf_CERES EBAF_r180x90_2000-2024.nc
   > Loading reference for net_toa from: climate_average_net_toa_CERES EBAF_r180x90_2000-2024.nc
   > Loading reference for rlnt from: climate_average_rlnt_CERES EBAF_r180x90_2000-2024.nc
   > Flipping sign for rlnt (Obs is UP, Model is DOWN)
   > Loading reference for rsnt from: climate_average_rsnt_CERES EBAF_r180x90_2000-2024.nc
   > Loading reference for swcf from: climate_average_swcf_CERES EBAF_r180x90_2000-2024.nc
--- Loading cached base maps for phis ---
2026-04-27 09:51:16 | ectuner |     INFO -> Generating spatial weights (Area * Region)...
2026-04-27 09:51:16 | ectuner |     INFO -> Variable lwcf: Initial Spatial RMSE (Weighted) = 7.7684
2026-04-27 09:51:16 | ectuner |     INFO -> Variable net_toa: Initial Spatial RMSE (Weighted) = 11.3965
2026-04-27 09:51:16 | ectuner |     INFO -> Variable rlnt: Initial Spatial RMSE (Weighted) = 11.5226
2026-04-27 09:51:16 | ectuner |     INFO -> Variable rsnt: Initial Spatial RMSE (Weighted) = 10.4479
2026-04-27 09:51:16 | ectuner |     INFO -> Variable swcf: Initial Spatial RMSE (Weighted) = 11.0812
2026-04-27 09:51:16 | ectuner |     INFO -> Flattening data for fast optimization...
2026-04-27 09:51:16 | ectuner |     INFO -> DEBUG: Global Bias for lwcf in optimizer: -2.7092
2026-04-27 09:51:16 | ectuner |     INFO -> DEBUG: Global Bias for net_toa in optimizer: 5.6259
2026-04-27 09:51:16 | ectuner |     INFO -> DEBUG: Global Bias for rlnt in optimizer: 6.9311
2026-04-27 09:51:16 | ectuner |     INFO -> DEBUG: Global Bias for rsnt in optimizer: -1.3053
2026-04-27 09:51:16 | ectuner |     INFO -> DEBUG: Global Bias for swcf in optimizer: 0.5056
2026-04-27 09:51:16 | ectuner |     INFO -> Starting 2D Optimization (dual_annealing)...
2026-04-27 10:01:45 | ectuner |     INFO -> 
==================== GLOBAL MEAN & ZONAL SUMMARY FROM 2D OPTIMIZATION ====================
2026-04-27 10:01:45 | ectuner |     INFO -> Variable     | Metric       |            Initial ->              Final | Status
2026-04-27 10:01:45 | ectuner |     INFO -> ------------------------------------------------------------------------------------------
2026-04-27 10:01:45 | ectuner |     INFO -> lwcf         | Global Bias |            -2.7092 ->            -5.3014 | WORSENED
2026-04-27 10:01:45 | ectuner |     INFO ->              | Spatial RMSE  |             7.7684 ->             8.0633 | WORSENED
2026-04-27 10:01:45 | ectuner |     INFO -> ------------------------------------------------------------------------------------------
2026-04-27 10:01:45 | ectuner |     INFO -> net_toa      | Global Bias |             5.6259 ->             2.6337 | IMPROVED
2026-04-27 10:01:45 | ectuner |     INFO ->              | Spatial RMSE  |            11.3965 ->             9.7983 | IMPROVED
2026-04-27 10:01:45 | ectuner |     INFO -> ------------------------------------------------------------------------------------------
2026-04-27 10:01:45 | ectuner |     INFO -> rlnt         | Global Bias |             6.9311 ->             4.5671 | IMPROVED
2026-04-27 10:01:45 | ectuner |     INFO ->              | Spatial RMSE  |            11.5226 ->             9.1688 | IMPROVED
2026-04-27 10:01:45 | ectuner |     INFO -> ------------------------------------------------------------------------------------------
2026-04-27 10:01:45 | ectuner |     INFO -> rsnt         | Global Bias |            -1.3053 ->            -1.9333 | WORSENED
2026-04-27 10:01:45 | ectuner |     INFO ->              | Spatial RMSE  |            10.4479 ->            10.4287 | IMPROVED
2026-04-27 10:01:45 | ectuner |     INFO -> ------------------------------------------------------------------------------------------
2026-04-27 10:01:45 | ectuner |     INFO -> swcf         | Global Bias |             0.5056 ->             0.0000 | IMPROVED
2026-04-27 10:01:45 | ectuner |     INFO ->              | Spatial RMSE  |            11.0812 ->            10.9737 | IMPROVED
2026-04-27 10:01:45 | ectuner |     INFO -> ------------------------------------------------------------------------------------------
2026-04-27 10:01:45 | ectuner |     INFO -> Structured tuning YAML written to ../results/tuned_2d_LR/all_flux/tol_alfa_030/tuned_phis_a030.yml

| Parameter         |   New Value |   Old Value |      Change |   Rel. Change |   Dist. from Ref. |
|-------------------+-------------+-------------+-------------+---------------+-------------------|
| RPRCON            |  1.5321e-03 |  1.4000e-03 |  1.3207e-04 |    9.4336e-02 |        9.4336e-02 |
| ENTRORG           |  1.4780e-03 |  1.7500e-03 | -2.7199e-04 |   -1.5542e-01 |       -1.5542e-01 |
| DETRPEN           |  1.1598e-04 |  7.5000e-05 |  4.0981e-05 |    5.4641e-01 |        5.4641e-01 |
| ENTRDD            |  2.4032e-04 |  3.0000e-04 | -5.9679e-05 |   -1.9893e-01 |       -1.9893e-01 |
| RMFDEPS           |  3.9038e-01 |  3.0000e-01 |  9.0378e-02 |    3.0126e-01 |        3.0126e-01 |
| RVICE             |  2.0794e-01 |  1.3000e-01 |  7.7944e-02 |    5.9957e-01 |        5.9957e-01 |
| RLCRITSNOW        |  1.6970e-05 |  2.0000e-05 | -3.0299e-06 |   -1.5150e-01 |       -1.5150e-01 |
| RSNOWLIN2         |  2.2579e-02 |  3.0000e-02 | -7.4207e-03 |   -2.4736e-01 |       -2.4736e-01 |
| RCLDIFF           |  2.5250e-06 |  6.0000e-06 | -3.4750e-06 |   -5.7916e-01 |       -5.7916e-01 |
| RCLDIFF_CONVI     |  8.5430e+00 |  1.0000e+01 | -1.4570e+00 |   -1.4570e-01 |       -1.4570e-01 |
| RDEPLIQREFRATE    |  7.0194e-01 |  5.0000e-01 |  2.0194e-01 |    4.0389e-01 |        4.0389e-01 |
| RDEPLIQREFDEPTH   |  4.7226e+02 |  5.0000e+02 | -2.7740e+01 |   -5.5480e-02 |       -5.5480e-02 |
| RCL_OVERLAPLIQICE |  5.0012e-01 |  6.5000e-01 | -1.4988e-01 |   -2.3058e-01 |       -2.3058e-01 |
| RCL_INHOMOGAUT    |  1.4742e+00 |  1.5000e+00 | -2.5789e-02 |   -1.7193e-02 |       -1.7193e-02 |
| RCL_INHOMOGACC    |  2.4698e+00 |  3.0000e+00 | -5.3018e-01 |   -1.7673e-01 |       -1.7673e-01 |
| RMINICE           |  4.8364e+01 |  6.0000e+01 | -1.1636e+01 |   -1.9393e-01 |       -1.9393e-01 |
2026-04-27 10:01:46 | ectuner |     INFO -> Diagnostic maps saved to ../results/tuned_2d_LR/all_flux/tol_alfa_030/diagnostics_2d_phis_Global_a03.nc
Copia del file YAML inviata a ../results/tuned_2d_LR/all_flux/tol_yaml_files
