2026-04-27 09:51:35 | ectuner |     INFO -> Loading 2D Data (Sensitivity, Reference, Base)...
   > Loading reference for lwcf from: climate_average_lwcf_CERES EBAF_r180x90_2000-2024.nc
   > Loading reference for net_toa from: climate_average_net_toa_CERES EBAF_r180x90_2000-2024.nc
   > Loading reference for rlnt from: climate_average_rlnt_CERES EBAF_r180x90_2000-2024.nc
   > Flipping sign for rlnt (Obs is UP, Model is DOWN)
   > Loading reference for rsnt from: climate_average_rsnt_CERES EBAF_r180x90_2000-2024.nc
   > Loading reference for swcf from: climate_average_swcf_CERES EBAF_r180x90_2000-2024.nc
--- Loading cached base maps for phis ---
2026-04-27 09:51:36 | ectuner |     INFO -> Generating spatial weights (Area * Region)...
2026-04-27 09:51:36 | ectuner |     INFO -> Variable lwcf: Initial Spatial RMSE (Weighted) = 7.7684
2026-04-27 09:51:36 | ectuner |     INFO -> Variable net_toa: Initial Spatial RMSE (Weighted) = 11.3965
2026-04-27 09:51:36 | ectuner |     INFO -> Variable rlnt: Initial Spatial RMSE (Weighted) = 11.5226
2026-04-27 09:51:36 | ectuner |     INFO -> Variable rsnt: Initial Spatial RMSE (Weighted) = 10.4479
2026-04-27 09:51:36 | ectuner |     INFO -> Variable swcf: Initial Spatial RMSE (Weighted) = 11.0812
2026-04-27 09:51:36 | ectuner |     INFO -> Flattening data for fast optimization...
2026-04-27 09:51:36 | ectuner |     INFO -> DEBUG: Global Bias for lwcf in optimizer: -2.7092
2026-04-27 09:51:36 | ectuner |     INFO -> DEBUG: Global Bias for net_toa in optimizer: 5.6259
2026-04-27 09:51:36 | ectuner |     INFO -> DEBUG: Global Bias for rlnt in optimizer: 6.9311
2026-04-27 09:51:36 | ectuner |     INFO -> DEBUG: Global Bias for rsnt in optimizer: -1.3053
2026-04-27 09:51:37 | ectuner |     INFO -> DEBUG: Global Bias for swcf in optimizer: 0.5056
2026-04-27 09:51:37 | ectuner |     INFO -> Starting 2D Optimization (dual_annealing)...
2026-04-27 09:55:00 | ectuner |     INFO -> 
==================== GLOBAL MEAN & ZONAL SUMMARY FROM 2D OPTIMIZATION ====================
2026-04-27 09:55:00 | ectuner |     INFO -> Variable     | Metric       |            Initial ->              Final | Status
2026-04-27 09:55:00 | ectuner |     INFO -> ------------------------------------------------------------------------------------------
2026-04-27 09:55:00 | ectuner |     INFO -> lwcf         | Global Bias |            -2.7092 ->            -6.8913 | WORSENED
2026-04-27 09:55:00 | ectuner |     INFO ->              | Spatial RMSE  |             7.7684 ->            10.8972 | WORSENED
2026-04-27 09:55:00 | ectuner |     INFO -> ------------------------------------------------------------------------------------------
2026-04-27 09:55:00 | ectuner |     INFO -> net_toa      | Global Bias |             5.6259 ->            -0.0008 | IMPROVED
2026-04-27 09:55:00 | ectuner |     INFO ->              | Spatial RMSE  |            11.3965 ->            11.9781 | WORSENED
2026-04-27 09:55:00 | ectuner |     INFO -> ------------------------------------------------------------------------------------------
2026-04-27 09:55:00 | ectuner |     INFO -> rlnt         | Global Bias |             6.9311 ->             1.2951 | IMPROVED
2026-04-27 09:55:00 | ectuner |     INFO ->              | Spatial RMSE  |            11.5226 ->            11.6811 | WORSENED
2026-04-27 09:55:00 | ectuner |     INFO -> ------------------------------------------------------------------------------------------
2026-04-27 09:55:00 | ectuner |     INFO -> rsnt         | Global Bias |            -1.3053 ->            -1.2959 | IMPROVED
2026-04-27 09:55:00 | ectuner |     INFO ->              | Spatial RMSE  |            10.4479 ->            12.0988 | WORSENED
2026-04-27 09:55:00 | ectuner |     INFO -> ------------------------------------------------------------------------------------------
2026-04-27 09:55:00 | ectuner |     INFO -> swcf         | Global Bias |             0.5056 ->             0.6225 | WORSENED
2026-04-27 09:55:00 | ectuner |     INFO ->              | Spatial RMSE  |            11.0812 ->            12.7379 | WORSENED
2026-04-27 09:55:00 | ectuner |     INFO -> ------------------------------------------------------------------------------------------
2026-04-27 09:55:00 | ectuner |     INFO -> Structured tuning YAML written to ../results/tuned_2d_LR/all_flux/tol_alfa_090/tuned_phis_a090.yml

| Parameter         |   New Value |   Old Value |      Change |   Rel. Change |   Dist. from Ref. |
|-------------------+-------------+-------------+-------------+---------------+-------------------|
| RPRCON            |  2.1975e-03 |  1.4000e-03 |  7.9749e-04 |    5.6964e-01 |        5.6964e-01 |
| ENTRORG           |  2.5697e-03 |  1.7500e-03 |  8.1974e-04 |    4.6842e-01 |        4.6842e-01 |
| DETRPEN           |  4.9434e-05 |  7.5000e-05 | -2.5566e-05 |   -3.4088e-01 |       -3.4088e-01 |
| ENTRDD            |  1.4295e-04 |  3.0000e-04 | -1.5705e-04 |   -5.2350e-01 |       -5.2350e-01 |
| RMFDEPS           |  2.8797e-01 |  3.0000e-01 | -1.2030e-02 |   -4.0100e-02 |       -4.0100e-02 |
| RVICE             |  1.7311e-01 |  1.3000e-01 |  4.3112e-02 |    3.3163e-01 |        3.3163e-01 |
| RLCRITSNOW        |  2.4799e-05 |  2.0000e-05 |  4.7989e-06 |    2.3994e-01 |        2.3994e-01 |
| RSNOWLIN2         |  3.4847e-02 |  3.0000e-02 |  4.8469e-03 |    1.6156e-01 |        1.6156e-01 |
| RCLDIFF           |  4.7547e-06 |  6.0000e-06 | -1.2453e-06 |   -2.0755e-01 |       -2.0755e-01 |
| RCLDIFF_CONVI     |  5.0471e+00 |  1.0000e+01 | -4.9529e+00 |   -4.9529e-01 |       -4.9529e-01 |
| RDEPLIQREFRATE    |  7.5777e-01 |  5.0000e-01 |  2.5777e-01 |    5.1553e-01 |        5.1553e-01 |
| RDEPLIQREFDEPTH   |  3.0497e+02 |  5.0000e+02 | -1.9503e+02 |   -3.9007e-01 |       -3.9007e-01 |
| RCL_OVERLAPLIQICE |  4.6401e-01 |  6.5000e-01 | -1.8599e-01 |   -2.8614e-01 |       -2.8614e-01 |
| RCL_INHOMOGAUT    |  1.0267e+00 |  1.5000e+00 | -4.7333e-01 |   -3.1556e-01 |       -3.1556e-01 |
| RCL_INHOMOGACC    |  2.7674e+00 |  3.0000e+00 | -2.3262e-01 |   -7.7540e-02 |       -7.7540e-02 |
| RMINICE           |  6.9283e+01 |  6.0000e+01 |  9.2827e+00 |    1.5471e-01 |        1.5471e-01 |
2026-04-27 09:55:01 | ectuner |     INFO -> Diagnostic maps saved to ../results/tuned_2d_LR/all_flux/tol_alfa_090/diagnostics_2d_phis_Global_a09.nc
Copia del file YAML inviata a ../results/tuned_2d_LR/all_flux/tol_yaml_files
