2026-04-27 09:51:16 | ectuner |     INFO -> Loading 2D Data (Sensitivity, Reference, Base)...
   > Loading reference for lwcf from: climate_average_lwcf_CERES EBAF_r180x90_2000-2024.nc
   > Loading reference for net_toa from: climate_average_net_toa_CERES EBAF_r180x90_2000-2024.nc
   > Loading reference for rlnt from: climate_average_rlnt_CERES EBAF_r180x90_2000-2024.nc
   > Flipping sign for rlnt (Obs is UP, Model is DOWN)
   > Loading reference for rsnt from: climate_average_rsnt_CERES EBAF_r180x90_2000-2024.nc
   > Loading reference for swcf from: climate_average_swcf_CERES EBAF_r180x90_2000-2024.nc
--- Loading cached base maps for phis ---
2026-04-27 09:51:17 | ectuner |     INFO -> Generating spatial weights (Area * Region)...
2026-04-27 09:51:17 | ectuner |     INFO -> Variable lwcf: Initial Spatial RMSE (Weighted) = 7.7684
2026-04-27 09:51:17 | ectuner |     INFO -> Variable net_toa: Initial Spatial RMSE (Weighted) = 11.3965
2026-04-27 09:51:17 | ectuner |     INFO -> Variable rlnt: Initial Spatial RMSE (Weighted) = 11.5226
2026-04-27 09:51:17 | ectuner |     INFO -> Variable rsnt: Initial Spatial RMSE (Weighted) = 10.4479
2026-04-27 09:51:17 | ectuner |     INFO -> Variable swcf: Initial Spatial RMSE (Weighted) = 11.0812
2026-04-27 09:51:17 | ectuner |     INFO -> Flattening data for fast optimization...
2026-04-27 09:51:17 | ectuner |     INFO -> DEBUG: Global Bias for lwcf in optimizer: -2.7092
2026-04-27 09:51:17 | ectuner |     INFO -> DEBUG: Global Bias for net_toa in optimizer: 5.6259
2026-04-27 09:51:17 | ectuner |     INFO -> DEBUG: Global Bias for rlnt in optimizer: 6.9311
2026-04-27 09:51:17 | ectuner |     INFO -> DEBUG: Global Bias for rsnt in optimizer: -1.3053
2026-04-27 09:51:17 | ectuner |     INFO -> DEBUG: Global Bias for swcf in optimizer: 0.5056
2026-04-27 09:51:17 | ectuner |     INFO -> Starting 2D Optimization (dual_annealing)...
2026-04-27 09:55:23 | ectuner |     INFO -> 
==================== GLOBAL MEAN & ZONAL SUMMARY FROM 2D OPTIMIZATION ====================
2026-04-27 09:55:23 | ectuner |     INFO -> Variable     | Metric       |            Initial ->              Final | Status
2026-04-27 09:55:23 | ectuner |     INFO -> ------------------------------------------------------------------------------------------
2026-04-27 09:55:23 | ectuner |     INFO -> lwcf         | Global Bias |            -2.7092 ->            -6.1975 | WORSENED
2026-04-27 09:55:23 | ectuner |     INFO ->              | Spatial RMSE  |             7.7684 ->             8.8765 | WORSENED
2026-04-27 09:55:23 | ectuner |     INFO -> ------------------------------------------------------------------------------------------
2026-04-27 09:55:23 | ectuner |     INFO -> net_toa      | Global Bias |             5.6259 ->             1.3516 | IMPROVED
2026-04-27 09:55:23 | ectuner |     INFO ->              | Spatial RMSE  |            11.3965 ->            10.2307 | IMPROVED
2026-04-27 09:55:23 | ectuner |     INFO -> ------------------------------------------------------------------------------------------
2026-04-27 09:55:23 | ectuner |     INFO -> rlnt         | Global Bias |             6.9311 ->             3.3405 | IMPROVED
2026-04-27 09:55:23 | ectuner |     INFO ->              | Spatial RMSE  |            11.5226 ->             8.9943 | IMPROVED
2026-04-27 09:55:23 | ectuner |     INFO -> ------------------------------------------------------------------------------------------
2026-04-27 09:55:23 | ectuner |     INFO -> rsnt         | Global Bias |            -1.3053 ->            -1.9889 | WORSENED
2026-04-27 09:55:23 | ectuner |     INFO ->              | Spatial RMSE  |            10.4479 ->            10.7439 | WORSENED
2026-04-27 09:55:23 | ectuner |     INFO -> ------------------------------------------------------------------------------------------
2026-04-27 09:55:23 | ectuner |     INFO -> swcf         | Global Bias |             0.5056 ->            -0.0000 | IMPROVED
2026-04-27 09:55:23 | ectuner |     INFO ->              | Spatial RMSE  |            11.0812 ->            11.2984 | WORSENED
2026-04-27 09:55:23 | ectuner |     INFO -> ------------------------------------------------------------------------------------------
2026-04-27 09:55:23 | ectuner |     INFO -> Structured tuning YAML written to ../results/tuned_2d_LR/all_flux/tol_alfa_050/tuned_phis_a050.yml

| Parameter         |   New Value |   Old Value |      Change |   Rel. Change |   Dist. from Ref. |
|-------------------+-------------+-------------+-------------+---------------+-------------------|
| RPRCON            |  1.8626e-03 |  1.4000e-03 |  4.6257e-04 |    3.3041e-01 |        3.3041e-01 |
| ENTRORG           |  1.5208e-03 |  1.7500e-03 | -2.2918e-04 |   -1.3096e-01 |       -1.3096e-01 |
| DETRPEN           |  1.1771e-04 |  7.5000e-05 |  4.2711e-05 |    5.6948e-01 |        5.6948e-01 |
| ENTRDD            |  1.9408e-04 |  3.0000e-04 | -1.0592e-04 |   -3.5306e-01 |       -3.5306e-01 |
| RMFDEPS           |  3.4863e-01 |  3.0000e-01 |  4.8631e-02 |    1.6210e-01 |        1.6210e-01 |
| RVICE             |  2.0772e-01 |  1.3000e-01 |  7.7725e-02 |    5.9788e-01 |        5.9788e-01 |
| RLCRITSNOW        |  1.6733e-05 |  2.0000e-05 | -3.2672e-06 |   -1.6336e-01 |       -1.6336e-01 |
| RSNOWLIN2         |  2.1582e-02 |  3.0000e-02 | -8.4181e-03 |   -2.8060e-01 |       -2.8060e-01 |
| RCLDIFF           |  2.9108e-06 |  6.0000e-06 | -3.0892e-06 |   -5.1487e-01 |       -5.1487e-01 |
| RCLDIFF_CONVI     |  8.0796e+00 |  1.0000e+01 | -1.9204e+00 |   -1.9204e-01 |       -1.9204e-01 |
| RDEPLIQREFRATE    |  6.5338e-01 |  5.0000e-01 |  1.5338e-01 |    3.0677e-01 |        3.0677e-01 |
| RDEPLIQREFDEPTH   |  4.3442e+02 |  5.0000e+02 | -6.5581e+01 |   -1.3116e-01 |       -1.3116e-01 |
| RCL_OVERLAPLIQICE |  5.8993e-01 |  6.5000e-01 | -6.0065e-02 |   -9.2408e-02 |       -9.2408e-02 |
| RCL_INHOMOGAUT    |  1.8840e+00 |  1.5000e+00 |  3.8402e-01 |    2.5602e-01 |        2.5602e-01 |
| RCL_INHOMOGACC    |  1.6462e+00 |  3.0000e+00 | -1.3538e+00 |   -4.5126e-01 |       -4.5126e-01 |
| RMINICE           |  4.0091e+01 |  6.0000e+01 | -1.9909e+01 |   -3.3182e-01 |       -3.3182e-01 |
2026-04-27 09:55:23 | ectuner |     INFO -> Diagnostic maps saved to ../results/tuned_2d_LR/all_flux/tol_alfa_050/diagnostics_2d_phis_Global_a05.nc
Copia del file YAML inviata a ../results/tuned_2d_LR/all_flux/tol_yaml_files
