2026-04-27 09:51:34 | ectuner |     INFO -> Loading 2D Data (Sensitivity, Reference, Base)...
   > Loading reference for lwcf from: climate_average_lwcf_CERES EBAF_r180x90_2000-2024.nc
   > Loading reference for net_toa from: climate_average_net_toa_CERES EBAF_r180x90_2000-2024.nc
   > Loading reference for rlnt from: climate_average_rlnt_CERES EBAF_r180x90_2000-2024.nc
   > Flipping sign for rlnt (Obs is UP, Model is DOWN)
   > Loading reference for rsnt from: climate_average_rsnt_CERES EBAF_r180x90_2000-2024.nc
   > Loading reference for swcf from: climate_average_swcf_CERES EBAF_r180x90_2000-2024.nc
--- Loading cached base maps for phis ---
2026-04-27 09:51:35 | ectuner |     INFO -> Generating spatial weights (Area * Region)...
2026-04-27 09:51:35 | ectuner |     INFO -> Variable lwcf: Initial Spatial RMSE (Weighted) = 7.7684
2026-04-27 09:51:35 | ectuner |     INFO -> Variable net_toa: Initial Spatial RMSE (Weighted) = 11.3965
2026-04-27 09:51:35 | ectuner |     INFO -> Variable rlnt: Initial Spatial RMSE (Weighted) = 11.5226
2026-04-27 09:51:35 | ectuner |     INFO -> Variable rsnt: Initial Spatial RMSE (Weighted) = 10.4479
2026-04-27 09:51:35 | ectuner |     INFO -> Variable swcf: Initial Spatial RMSE (Weighted) = 11.0812
2026-04-27 09:51:35 | ectuner |     INFO -> Flattening data for fast optimization...
2026-04-27 09:51:35 | ectuner |     INFO -> DEBUG: Global Bias for lwcf in optimizer: -2.7092
2026-04-27 09:51:35 | ectuner |     INFO -> DEBUG: Global Bias for net_toa in optimizer: 5.6259
2026-04-27 09:51:35 | ectuner |     INFO -> DEBUG: Global Bias for rlnt in optimizer: 6.9311
2026-04-27 09:51:35 | ectuner |     INFO -> DEBUG: Global Bias for rsnt in optimizer: -1.3053
2026-04-27 09:51:35 | ectuner |     INFO -> DEBUG: Global Bias for swcf in optimizer: 0.5056
2026-04-27 09:51:35 | ectuner |     INFO -> Starting 2D Optimization (dual_annealing)...
2026-04-27 09:58:25 | ectuner |     INFO -> 
==================== GLOBAL MEAN & ZONAL SUMMARY FROM 2D OPTIMIZATION ====================
2026-04-27 09:58:25 | ectuner |     INFO -> Variable     | Metric       |            Initial ->              Final | Status
2026-04-27 09:58:25 | ectuner |     INFO -> ------------------------------------------------------------------------------------------
2026-04-27 09:58:25 | ectuner |     INFO -> lwcf         | Global Bias |            -2.7092 ->            -6.0500 | WORSENED
2026-04-27 09:58:25 | ectuner |     INFO ->              | Spatial RMSE  |             7.7684 ->            11.2505 | WORSENED
2026-04-27 09:58:25 | ectuner |     INFO -> ------------------------------------------------------------------------------------------
2026-04-27 09:58:25 | ectuner |     INFO -> net_toa      | Global Bias |             5.6259 ->            -0.0000 | IMPROVED
2026-04-27 09:58:25 | ectuner |     INFO ->              | Spatial RMSE  |            11.3965 ->            13.0073 | WORSENED
2026-04-27 09:58:25 | ectuner |     INFO -> ------------------------------------------------------------------------------------------
2026-04-27 09:58:25 | ectuner |     INFO -> rlnt         | Global Bias |             6.9311 ->             1.7861 | IMPROVED
2026-04-27 09:58:25 | ectuner |     INFO ->              | Spatial RMSE  |            11.5226 ->            13.4592 | WORSENED
2026-04-27 09:58:25 | ectuner |     INFO -> ------------------------------------------------------------------------------------------
2026-04-27 09:58:25 | ectuner |     INFO -> rsnt         | Global Bias |            -1.3053 ->            -1.7861 | WORSENED
2026-04-27 09:58:25 | ectuner |     INFO ->              | Spatial RMSE  |            10.4479 ->            13.3860 | WORSENED
2026-04-27 09:58:25 | ectuner |     INFO -> ------------------------------------------------------------------------------------------
2026-04-27 09:58:25 | ectuner |     INFO -> swcf         | Global Bias |             0.5056 ->             0.0757 | IMPROVED
2026-04-27 09:58:25 | ectuner |     INFO ->              | Spatial RMSE  |            11.0812 ->            13.9442 | WORSENED
2026-04-27 09:58:25 | ectuner |     INFO -> ------------------------------------------------------------------------------------------
2026-04-27 09:58:25 | ectuner |     INFO -> Structured tuning YAML written to ../results/tuned_2d_LR/all_flux/tol_alfa_100/tuned_phis_a100.yml

| Parameter         |   New Value |   Old Value |      Change |   Rel. Change |   Dist. from Ref. |
|-------------------+-------------+-------------+-------------+---------------+-------------------|
| RPRCON            |  2.2398e-03 |  1.4000e-03 |  8.3975e-04 |    5.9982e-01 |        5.9982e-01 |
| ENTRORG           |  2.6516e-03 |  1.7500e-03 |  9.0159e-04 |    5.1520e-01 |        5.1520e-01 |
| DETRPEN           |  6.6442e-05 |  7.5000e-05 | -8.5579e-06 |   -1.1410e-01 |       -1.1410e-01 |
| ENTRDD            |  3.8864e-04 |  3.0000e-04 |  8.8637e-05 |    2.9546e-01 |        2.9546e-01 |
| RMFDEPS           |  1.7830e-01 |  3.0000e-01 | -1.2170e-01 |   -4.0565e-01 |       -4.0565e-01 |
| RVICE             |  9.4211e-02 |  1.3000e-01 | -3.5789e-02 |   -2.7530e-01 |       -2.7530e-01 |
| RLCRITSNOW        |  2.0716e-05 |  2.0000e-05 |  7.1614e-07 |    3.5807e-02 |        3.5807e-02 |
| RSNOWLIN2         |  1.9847e-02 |  3.0000e-02 | -1.0153e-02 |   -3.3844e-01 |       -3.3844e-01 |
| RCLDIFF           |  3.3490e-06 |  6.0000e-06 | -2.6510e-06 |   -4.4183e-01 |       -4.4183e-01 |
| RCLDIFF_CONVI     |  4.0076e+00 |  1.0000e+01 | -5.9924e+00 |   -5.9924e-01 |       -5.9924e-01 |
| RDEPLIQREFRATE    |  2.2326e-01 |  5.0000e-01 | -2.7674e-01 |   -5.5349e-01 |       -5.5349e-01 |
| RDEPLIQREFDEPTH   |  2.0004e+02 |  5.0000e+02 | -2.9996e+02 |   -5.9992e-01 |       -5.9992e-01 |
| RCL_OVERLAPLIQICE |  7.4295e-01 |  6.5000e-01 |  9.2953e-02 |    1.4300e-01 |        1.4300e-01 |
| RCL_INHOMOGAUT    |  7.0272e-01 |  1.5000e+00 | -7.9728e-01 |   -5.3152e-01 |       -5.3152e-01 |
| RCL_INHOMOGACC    |  2.5222e+00 |  3.0000e+00 | -4.7782e-01 |   -1.5927e-01 |       -1.5927e-01 |
| RMINICE           |  4.6923e+01 |  6.0000e+01 | -1.3077e+01 |   -2.1795e-01 |       -2.1795e-01 |
2026-04-27 09:58:26 | ectuner |     INFO -> Diagnostic maps saved to ../results/tuned_2d_LR/all_flux/tol_alfa_100/diagnostics_2d_phis_Global_a10.nc
Copia del file YAML inviata a ../results/tuned_2d_LR/all_flux/tol_yaml_files
