2026-04-27 09:51:36 | ectuner |     INFO -> Loading 2D Data (Sensitivity, Reference, Base)...
   > Loading reference for lwcf from: climate_average_lwcf_CERES EBAF_r180x90_2000-2024.nc
   > Loading reference for net_toa from: climate_average_net_toa_CERES EBAF_r180x90_2000-2024.nc
   > Loading reference for rlnt from: climate_average_rlnt_CERES EBAF_r180x90_2000-2024.nc
   > Flipping sign for rlnt (Obs is UP, Model is DOWN)
   > Loading reference for rsnt from: climate_average_rsnt_CERES EBAF_r180x90_2000-2024.nc
   > Loading reference for swcf from: climate_average_swcf_CERES EBAF_r180x90_2000-2024.nc
--- Loading cached base maps for phis ---
2026-04-27 09:51:36 | ectuner |     INFO -> Generating spatial weights (Area * Region)...
2026-04-27 09:51:36 | ectuner |     INFO -> Variable lwcf: Initial Spatial RMSE (Weighted) = 7.7684
2026-04-27 09:51:36 | ectuner |     INFO -> Variable net_toa: Initial Spatial RMSE (Weighted) = 11.3965
2026-04-27 09:51:36 | ectuner |     INFO -> Variable rlnt: Initial Spatial RMSE (Weighted) = 11.5226
2026-04-27 09:51:36 | ectuner |     INFO -> Variable rsnt: Initial Spatial RMSE (Weighted) = 10.4479
2026-04-27 09:51:36 | ectuner |     INFO -> Variable swcf: Initial Spatial RMSE (Weighted) = 11.0812
2026-04-27 09:51:36 | ectuner |     INFO -> Flattening data for fast optimization...
2026-04-27 09:51:37 | ectuner |     INFO -> DEBUG: Global Bias for lwcf in optimizer: -2.7092
2026-04-27 09:51:37 | ectuner |     INFO -> DEBUG: Global Bias for net_toa in optimizer: 5.6259
2026-04-27 09:51:37 | ectuner |     INFO -> DEBUG: Global Bias for rlnt in optimizer: 6.9311
2026-04-27 09:51:37 | ectuner |     INFO -> DEBUG: Global Bias for rsnt in optimizer: -1.3053
2026-04-27 09:51:37 | ectuner |     INFO -> DEBUG: Global Bias for swcf in optimizer: 0.5056
2026-04-27 09:51:37 | ectuner |     INFO -> Starting 2D Optimization (dual_annealing)...
2026-04-27 09:57:05 | ectuner |     INFO -> 
==================== GLOBAL MEAN & ZONAL SUMMARY FROM 2D OPTIMIZATION ====================
2026-04-27 09:57:05 | ectuner |     INFO -> Variable     | Metric       |            Initial ->              Final | Status
2026-04-27 09:57:05 | ectuner |     INFO -> ------------------------------------------------------------------------------------------
2026-04-27 09:57:05 | ectuner |     INFO -> lwcf         | Global Bias |            -2.7092 ->            -6.1208 | WORSENED
2026-04-27 09:57:05 | ectuner |     INFO ->              | Spatial RMSE  |             7.7684 ->            10.3616 | WORSENED
2026-04-27 09:57:05 | ectuner |     INFO -> ------------------------------------------------------------------------------------------
2026-04-27 09:57:06 | ectuner |     INFO -> net_toa      | Global Bias |             5.6259 ->             0.0000 | IMPROVED
2026-04-27 09:57:06 | ectuner |     INFO ->              | Spatial RMSE  |            11.3965 ->            12.5293 | WORSENED
2026-04-27 09:57:06 | ectuner |     INFO -> ------------------------------------------------------------------------------------------
2026-04-27 09:57:06 | ectuner |     INFO -> rlnt         | Global Bias |             6.9311 ->             1.9439 | IMPROVED
2026-04-27 09:57:06 | ectuner |     INFO ->              | Spatial RMSE  |            11.5226 ->            11.7775 | WORSENED
2026-04-27 09:57:06 | ectuner |     INFO -> ------------------------------------------------------------------------------------------
2026-04-27 09:57:06 | ectuner |     INFO -> rsnt         | Global Bias |            -1.3053 ->            -1.9439 | WORSENED
2026-04-27 09:57:06 | ectuner |     INFO ->              | Spatial RMSE  |            10.4479 ->            12.2769 | WORSENED
2026-04-27 09:57:06 | ectuner |     INFO -> ------------------------------------------------------------------------------------------
2026-04-27 09:57:06 | ectuner |     INFO -> swcf         | Global Bias |             0.5056 ->            -0.0000 | IMPROVED
2026-04-27 09:57:06 | ectuner |     INFO ->              | Spatial RMSE  |            11.0812 ->            12.8779 | WORSENED
2026-04-27 09:57:06 | ectuner |     INFO -> ------------------------------------------------------------------------------------------
2026-04-27 09:57:06 | ectuner |     INFO -> Structured tuning YAML written to ../results/tuned_2d_LR/all_flux/tol_alfa_095/tuned_phis_a095.yml

| Parameter         |   New Value |   Old Value |      Change |   Rel. Change |   Dist. from Ref. |
|-------------------+-------------+-------------+-------------+---------------+-------------------|
| RPRCON            |  2.2360e-03 |  1.4000e-03 |  8.3604e-04 |    5.9717e-01 |        5.9717e-01 |
| ENTRORG           |  2.6362e-03 |  1.7500e-03 |  8.8621e-04 |    5.0641e-01 |        5.0641e-01 |
| DETRPEN           |  1.0817e-04 |  7.5000e-05 |  3.3170e-05 |    4.4226e-01 |        4.4226e-01 |
| ENTRDD            |  1.5981e-04 |  3.0000e-04 | -1.4019e-04 |   -4.6731e-01 |       -4.6731e-01 |
| RMFDEPS           |  2.5366e-01 |  3.0000e-01 | -4.6343e-02 |   -1.5448e-01 |       -1.5448e-01 |
| RVICE             |  1.3471e-01 |  1.3000e-01 |  4.7065e-03 |    3.6204e-02 |        3.6204e-02 |
| RLCRITSNOW        |  1.9354e-05 |  2.0000e-05 | -6.4609e-07 |   -3.2305e-02 |       -3.2305e-02 |
| RSNOWLIN2         |  2.0595e-02 |  3.0000e-02 | -9.4047e-03 |   -3.1349e-01 |       -3.1349e-01 |
| RCLDIFF           |  3.4757e-06 |  6.0000e-06 | -2.5243e-06 |   -4.2072e-01 |       -4.2072e-01 |
| RCLDIFF_CONVI     |  6.8102e+00 |  1.0000e+01 | -3.1898e+00 |   -3.1898e-01 |       -3.1898e-01 |
| RDEPLIQREFRATE    |  3.4765e-01 |  5.0000e-01 | -1.5235e-01 |   -3.0470e-01 |       -3.0470e-01 |
| RDEPLIQREFDEPTH   |  2.7914e+02 |  5.0000e+02 | -2.2086e+02 |   -4.4173e-01 |       -4.4173e-01 |
| RCL_OVERLAPLIQICE |  9.0131e-01 |  6.5000e-01 |  2.5131e-01 |    3.8663e-01 |        3.8663e-01 |
| RCL_INHOMOGAUT    |  1.2656e+00 |  1.5000e+00 | -2.3445e-01 |   -1.5630e-01 |       -1.5630e-01 |
| RCL_INHOMOGACC    |  2.9250e+00 |  3.0000e+00 | -7.4989e-02 |   -2.4996e-02 |       -2.4996e-02 |
| RMINICE           |  3.6896e+01 |  6.0000e+01 | -2.3104e+01 |   -3.8507e-01 |       -3.8507e-01 |
2026-04-27 09:57:06 | ectuner |     INFO -> Diagnostic maps saved to ../results/tuned_2d_LR/all_flux/tol_alfa_095/diagnostics_2d_phis_Global_a095.nc
Copia del file YAML inviata a ../results/tuned_2d_LR/all_flux/tol_yaml_files
