2026-04-27 09:51:35 | ectuner |     INFO -> Loading 2D Data (Sensitivity, Reference, Base)...
   > Loading reference for lwcf from: climate_average_lwcf_CERES EBAF_r180x90_2000-2024.nc
   > Loading reference for net_toa from: climate_average_net_toa_CERES EBAF_r180x90_2000-2024.nc
   > Loading reference for rlnt from: climate_average_rlnt_CERES EBAF_r180x90_2000-2024.nc
   > Flipping sign for rlnt (Obs is UP, Model is DOWN)
   > Loading reference for rsnt from: climate_average_rsnt_CERES EBAF_r180x90_2000-2024.nc
   > Loading reference for swcf from: climate_average_swcf_CERES EBAF_r180x90_2000-2024.nc
--- Loading cached base maps for phis ---
2026-04-27 09:51:36 | ectuner |     INFO -> Generating spatial weights (Area * Region)...
2026-04-27 09:51:36 | ectuner |     INFO -> Variable lwcf: Initial Spatial RMSE (Weighted) = 7.7684
2026-04-27 09:51:36 | ectuner |     INFO -> Variable net_toa: Initial Spatial RMSE (Weighted) = 11.3965
2026-04-27 09:51:36 | ectuner |     INFO -> Variable rlnt: Initial Spatial RMSE (Weighted) = 11.5226
2026-04-27 09:51:36 | ectuner |     INFO -> Variable rsnt: Initial Spatial RMSE (Weighted) = 10.4479
2026-04-27 09:51:36 | ectuner |     INFO -> Variable swcf: Initial Spatial RMSE (Weighted) = 11.0812
2026-04-27 09:51:36 | ectuner |     INFO -> Flattening data for fast optimization...
2026-04-27 09:51:36 | ectuner |     INFO -> DEBUG: Global Bias for lwcf in optimizer: -2.7092
2026-04-27 09:51:36 | ectuner |     INFO -> DEBUG: Global Bias for net_toa in optimizer: 5.6259
2026-04-27 09:51:36 | ectuner |     INFO -> DEBUG: Global Bias for rlnt in optimizer: 6.9311
2026-04-27 09:51:36 | ectuner |     INFO -> DEBUG: Global Bias for rsnt in optimizer: -1.3053
2026-04-27 09:51:37 | ectuner |     INFO -> DEBUG: Global Bias for swcf in optimizer: 0.5056
2026-04-27 09:51:37 | ectuner |     INFO -> Starting 2D Optimization (dual_annealing)...
2026-04-27 09:57:06 | ectuner |     INFO -> 
==================== GLOBAL MEAN & ZONAL SUMMARY FROM 2D OPTIMIZATION ====================
2026-04-27 09:57:06 | ectuner |     INFO -> Variable     | Metric       |            Initial ->              Final | Status
2026-04-27 09:57:06 | ectuner |     INFO -> ------------------------------------------------------------------------------------------
2026-04-27 09:57:06 | ectuner |     INFO -> lwcf         | Global Bias |            -2.7092 ->            -6.0414 | WORSENED
2026-04-27 09:57:06 | ectuner |     INFO ->              | Spatial RMSE  |             7.7684 ->            11.1830 | WORSENED
2026-04-27 09:57:06 | ectuner |     INFO -> ------------------------------------------------------------------------------------------
2026-04-27 09:57:06 | ectuner |     INFO -> net_toa      | Global Bias |             5.6259 ->            -0.0000 | IMPROVED
2026-04-27 09:57:06 | ectuner |     INFO ->              | Spatial RMSE  |            11.3965 ->            12.4413 | WORSENED
2026-04-27 09:57:06 | ectuner |     INFO -> ------------------------------------------------------------------------------------------
2026-04-27 09:57:06 | ectuner |     INFO -> rlnt         | Global Bias |             6.9311 ->             1.5463 | IMPROVED
2026-04-27 09:57:06 | ectuner |     INFO ->              | Spatial RMSE  |            11.5226 ->            13.5180 | WORSENED
2026-04-27 09:57:06 | ectuner |     INFO -> ------------------------------------------------------------------------------------------
2026-04-27 09:57:06 | ectuner |     INFO -> rsnt         | Global Bias |            -1.3053 ->            -1.5463 | WORSENED
2026-04-27 09:57:06 | ectuner |     INFO ->              | Spatial RMSE  |            10.4479 ->            13.1009 | WORSENED
2026-04-27 09:57:06 | ectuner |     INFO -> ------------------------------------------------------------------------------------------
2026-04-27 09:57:06 | ectuner |     INFO -> swcf         | Global Bias |             0.5056 ->             0.3244 | IMPROVED
2026-04-27 09:57:06 | ectuner |     INFO ->              | Spatial RMSE  |            11.0812 ->            13.6166 | WORSENED
2026-04-27 09:57:06 | ectuner |     INFO -> ------------------------------------------------------------------------------------------
2026-04-27 09:57:06 | ectuner |     INFO -> Structured tuning YAML written to ../results/tuned_2d_LR/all_flux/tol_alfa_099/tuned_phis_a099.yml

| Parameter         |   New Value |   Old Value |      Change |   Rel. Change |   Dist. from Ref. |
|-------------------+-------------+-------------+-------------+---------------+-------------------|
| RPRCON            |  2.2323e-03 |  1.4000e-03 |  8.3226e-04 |    5.9447e-01 |        5.9447e-01 |
| ENTRORG           |  2.5810e-03 |  1.7500e-03 |  8.3101e-04 |    4.7487e-01 |        4.7487e-01 |
| DETRPEN           |  5.8307e-05 |  7.5000e-05 | -1.6693e-05 |   -2.2257e-01 |       -2.2257e-01 |
| ENTRDD            |  3.3383e-04 |  3.0000e-04 |  3.3826e-05 |    1.1275e-01 |        1.1275e-01 |
| RMFDEPS           |  1.3392e-01 |  3.0000e-01 | -1.6608e-01 |   -5.5360e-01 |       -5.5360e-01 |
| RVICE             |  1.9485e-01 |  1.3000e-01 |  6.4853e-02 |    4.9887e-01 |        4.9887e-01 |
| RLCRITSNOW        |  2.8591e-05 |  2.0000e-05 |  8.5914e-06 |    4.2957e-01 |        4.2957e-01 |
| RSNOWLIN2         |  2.0047e-02 |  3.0000e-02 | -9.9527e-03 |   -3.3176e-01 |       -3.3176e-01 |
| RCLDIFF           |  2.4735e-06 |  6.0000e-06 | -3.5265e-06 |   -5.8775e-01 |       -5.8775e-01 |
| RCLDIFF_CONVI     |  4.5714e+00 |  1.0000e+01 | -5.4286e+00 |   -5.4286e-01 |       -5.4286e-01 |
| RDEPLIQREFRATE    |  2.0275e-01 |  5.0000e-01 | -2.9725e-01 |   -5.9451e-01 |       -5.9451e-01 |
| RDEPLIQREFDEPTH   |  2.3158e+02 |  5.0000e+02 | -2.6842e+02 |   -5.3684e-01 |       -5.3684e-01 |
| RCL_OVERLAPLIQICE |  2.9977e-01 |  6.5000e-01 | -3.5023e-01 |   -5.3881e-01 |       -5.3881e-01 |
| RCL_INHOMOGAUT    |  1.6926e+00 |  1.5000e+00 |  1.9259e-01 |    1.2839e-01 |        1.2839e-01 |
| RCL_INHOMOGACC    |  2.6408e+00 |  3.0000e+00 | -3.5919e-01 |   -1.1973e-01 |       -1.1973e-01 |
| RMINICE           |  2.4001e+01 |  6.0000e+01 | -3.5999e+01 |   -5.9999e-01 |       -5.9999e-01 |
2026-04-27 09:57:06 | ectuner |     INFO -> Diagnostic maps saved to ../results/tuned_2d_LR/all_flux/tol_alfa_099/diagnostics_2d_phis_Global_a099.nc
Copia del file YAML inviata a ../results/tuned_2d_LR/all_flux/tol_yaml_files
