2026-04-27 09:51:15 | ectuner |     INFO -> Loading 2D Data (Sensitivity, Reference, Base)...
   > Loading reference for lwcf from: climate_average_lwcf_CERES EBAF_r180x90_2000-2024.nc
   > Loading reference for net_toa from: climate_average_net_toa_CERES EBAF_r180x90_2000-2024.nc
   > Loading reference for rlnt from: climate_average_rlnt_CERES EBAF_r180x90_2000-2024.nc
   > Flipping sign for rlnt (Obs is UP, Model is DOWN)
   > Loading reference for rsnt from: climate_average_rsnt_CERES EBAF_r180x90_2000-2024.nc
   > Loading reference for swcf from: climate_average_swcf_CERES EBAF_r180x90_2000-2024.nc
--- Loading cached base maps for phis ---
2026-04-27 09:51:16 | ectuner |     INFO -> Generating spatial weights (Area * Region)...
2026-04-27 09:51:16 | ectuner |     INFO -> Variable lwcf: Initial Spatial RMSE (Weighted) = 7.7684
2026-04-27 09:51:16 | ectuner |     INFO -> Variable net_toa: Initial Spatial RMSE (Weighted) = 11.3965
2026-04-27 09:51:16 | ectuner |     INFO -> Variable rlnt: Initial Spatial RMSE (Weighted) = 11.5226
2026-04-27 09:51:16 | ectuner |     INFO -> Variable rsnt: Initial Spatial RMSE (Weighted) = 10.4479
2026-04-27 09:51:16 | ectuner |     INFO -> Variable swcf: Initial Spatial RMSE (Weighted) = 11.0812
2026-04-27 09:51:16 | ectuner |     INFO -> Flattening data for fast optimization...
2026-04-27 09:51:16 | ectuner |     INFO -> DEBUG: Global Bias for lwcf in optimizer: -2.7092
2026-04-27 09:51:16 | ectuner |     INFO -> DEBUG: Global Bias for net_toa in optimizer: 5.6259
2026-04-27 09:51:16 | ectuner |     INFO -> DEBUG: Global Bias for rlnt in optimizer: 6.9311
2026-04-27 09:51:16 | ectuner |     INFO -> DEBUG: Global Bias for rsnt in optimizer: -1.3053
2026-04-27 09:51:16 | ectuner |     INFO -> DEBUG: Global Bias for swcf in optimizer: 0.5056
2026-04-27 09:51:16 | ectuner |     INFO -> Starting 2D Optimization (dual_annealing)...
2026-04-27 10:04:05 | ectuner |     INFO -> 
==================== GLOBAL MEAN & ZONAL SUMMARY FROM 2D OPTIMIZATION ====================
2026-04-27 10:04:05 | ectuner |     INFO -> Variable     | Metric       |            Initial ->              Final | Status
2026-04-27 10:04:05 | ectuner |     INFO -> ------------------------------------------------------------------------------------------
2026-04-27 10:04:06 | ectuner |     INFO -> lwcf         | Global Bias |            -2.7092 ->            -5.6451 | WORSENED
2026-04-27 10:04:06 | ectuner |     INFO ->              | Spatial RMSE  |             7.7684 ->             8.4186 | WORSENED
2026-04-27 10:04:06 | ectuner |     INFO -> ------------------------------------------------------------------------------------------
2026-04-27 10:04:06 | ectuner |     INFO -> net_toa      | Global Bias |             5.6259 ->             2.0743 | IMPROVED
2026-04-27 10:04:06 | ectuner |     INFO ->              | Spatial RMSE  |            11.3965 ->             9.8410 | IMPROVED
2026-04-27 10:04:06 | ectuner |     INFO -> ------------------------------------------------------------------------------------------
2026-04-27 10:04:06 | ectuner |     INFO -> rlnt         | Global Bias |             6.9311 ->             4.0207 | IMPROVED
2026-04-27 10:04:06 | ectuner |     INFO ->              | Spatial RMSE  |            11.5226 ->             9.1354 | IMPROVED
2026-04-27 10:04:06 | ectuner |     INFO -> ------------------------------------------------------------------------------------------
2026-04-27 10:04:06 | ectuner |     INFO -> rsnt         | Global Bias |            -1.3053 ->            -1.9464 | WORSENED
2026-04-27 10:04:06 | ectuner |     INFO ->              | Spatial RMSE  |            10.4479 ->            10.5050 | WORSENED
2026-04-27 10:04:06 | ectuner |     INFO -> ------------------------------------------------------------------------------------------
2026-04-27 10:04:06 | ectuner |     INFO -> swcf         | Global Bias |             0.5056 ->             0.0000 | IMPROVED
2026-04-27 10:04:06 | ectuner |     INFO ->              | Spatial RMSE  |            11.0812 ->            11.0637 | IMPROVED
2026-04-27 10:04:06 | ectuner |     INFO -> ------------------------------------------------------------------------------------------
2026-04-27 10:04:06 | ectuner |     INFO -> Structured tuning YAML written to ../results/tuned_2d_LR/all_flux/tol_alfa_040/tuned_phis_a040.yml

| Parameter         |   New Value |   Old Value |      Change |   Rel. Change |   Dist. from Ref. |
|-------------------+-------------+-------------+-------------+---------------+-------------------|
| RPRCON            |  1.6579e-03 |  1.4000e-03 |  2.5792e-04 |    1.8423e-01 |        1.8423e-01 |
| ENTRORG           |  1.6269e-03 |  1.7500e-03 | -1.2308e-04 |   -7.0330e-02 |       -7.0330e-02 |
| DETRPEN           |  1.1432e-04 |  7.5000e-05 |  3.9321e-05 |    5.2428e-01 |        5.2428e-01 |
| ENTRDD            |  2.5016e-04 |  3.0000e-04 | -4.9839e-05 |   -1.6613e-01 |       -1.6613e-01 |
| RMFDEPS           |  4.1644e-01 |  3.0000e-01 |  1.1644e-01 |    3.8812e-01 |        3.8812e-01 |
| RVICE             |  2.0790e-01 |  1.3000e-01 |  7.7902e-02 |    5.9925e-01 |        5.9925e-01 |
| RLCRITSNOW        |  1.6681e-05 |  2.0000e-05 | -3.3185e-06 |   -1.6593e-01 |       -1.6593e-01 |
| RSNOWLIN2         |  2.5709e-02 |  3.0000e-02 | -4.2911e-03 |   -1.4304e-01 |       -1.4304e-01 |
| RCLDIFF           |  2.4000e-06 |  6.0000e-06 | -3.6000e-06 |   -5.9999e-01 |       -5.9999e-01 |
| RCLDIFF_CONVI     |  7.8088e+00 |  1.0000e+01 | -2.1912e+00 |   -2.1912e-01 |       -2.1912e-01 |
| RDEPLIQREFRATE    |  7.0961e-01 |  5.0000e-01 |  2.0961e-01 |    4.1922e-01 |        4.1922e-01 |
| RDEPLIQREFDEPTH   |  4.7517e+02 |  5.0000e+02 | -2.4826e+01 |   -4.9652e-02 |       -4.9652e-02 |
| RCL_OVERLAPLIQICE |  4.5192e-01 |  6.5000e-01 | -1.9808e-01 |   -3.0473e-01 |       -3.0473e-01 |
| RCL_INHOMOGAUT    |  1.3696e+00 |  1.5000e+00 | -1.3044e-01 |   -8.6959e-02 |       -8.6959e-02 |
| RCL_INHOMOGACC    |  2.5984e+00 |  3.0000e+00 | -4.0156e-01 |   -1.3385e-01 |       -1.3385e-01 |
| RMINICE           |  5.2992e+01 |  6.0000e+01 | -7.0079e+00 |   -1.1680e-01 |       -1.1680e-01 |
2026-04-27 10:04:06 | ectuner |     INFO -> Diagnostic maps saved to ../results/tuned_2d_LR/all_flux/tol_alfa_040/diagnostics_2d_phis_Global_a04.nc
Copia del file YAML inviata a ../results/tuned_2d_LR/all_flux/tol_yaml_files
