2026-04-15 14:11:55 | ectuner |     INFO -> Loading 2D Data (Sensitivity, Reference, Base)...
   > Loading reference for net_toa from: climate_average_net_toa_CERES EBAF_r180x90_2000-2024.nc
--- Loading cached base maps for phis ---
2026-04-15 14:11:56 | ectuner |     INFO -> Generating spatial weights (Area * Region)...
2026-04-15 14:11:56 | ectuner |     INFO -> Variable net_toa: Initial Spatial RMSE (Weighted) = 11.3965
2026-04-15 14:11:56 | ectuner |     INFO -> Flattening data for fast optimization...
2026-04-15 14:11:56 | ectuner |     INFO -> DEBUG: Global Bias for net_toa in optimizer: 5.6259
2026-04-15 14:11:56 | ectuner |     INFO -> Starting 2D Optimization (dual_annealing)...
2026-04-15 14:12:44 | ectuner |     INFO -> 
==================== GLOBAL MEAN & ZONAL SUMMARY FROM 2D OPTIMIZATION ====================
2026-04-15 14:12:44 | ectuner |     INFO -> Variable     | Metric       |            Initial ->              Final | Status
2026-04-15 14:12:44 | ectuner |     INFO -> ------------------------------------------------------------------------------------------
2026-04-15 14:12:45 | ectuner |     INFO -> net_toa      | Global Bias |             5.6259 ->             1.0748 | IMPROVED
2026-04-15 14:12:45 | ectuner |     INFO ->              | Spatial RMSE  |            11.3965 ->             9.1015 | IMPROVED
2026-04-15 14:12:45 | ectuner |     INFO -> ------------------------------------------------------------------------------------------
2026-04-15 14:12:45 | ectuner |     INFO -> Structured tuning YAML written to ../results/tuned_2d_LR/net_TOA/alfa_04/tuned_phis_2000_2017_2D_a04.yml

| Parameter         |   New Value |   Old Value |      Change |   Rel. Change |   Dist. from Ref. |
|-------------------+-------------+-------------+-------------+---------------+-------------------|
| RPRCON            |  5.6000e-04 |  1.4000e-03 | -8.4000e-04 |   -6.0000e-01 |       -6.0000e-01 |
| ENTRORG           |  1.4474e-03 |  1.7500e-03 | -3.0263e-04 |   -1.7293e-01 |       -1.7293e-01 |
| DETRPEN           |  1.0340e-04 |  7.5000e-05 |  2.8404e-05 |    3.7872e-01 |        3.7872e-01 |
| ENTRDD            |  1.6538e-04 |  3.0000e-04 | -1.3462e-04 |   -4.4873e-01 |       -4.4873e-01 |
| RMFDEPS           |  4.7574e-01 |  3.0000e-01 |  1.7574e-01 |    5.8579e-01 |        5.8579e-01 |
| RVICE             |  2.0800e-01 |  1.3000e-01 |  7.8000e-02 |    6.0000e-01 |        6.0000e-01 |
| RLCRITSNOW        |  8.0000e-06 |  2.0000e-05 | -1.2000e-05 |   -6.0000e-01 |       -6.0000e-01 |
| RSNOWLIN2         |  1.2010e-02 |  3.0000e-02 | -1.7990e-02 |   -5.9966e-01 |       -5.9966e-01 |
| RCLDIFF           |  2.9616e-06 |  6.0000e-06 | -3.0384e-06 |   -5.0640e-01 |       -5.0640e-01 |
| RCLDIFF_CONVI     |  7.4391e+00 |  1.0000e+01 | -2.5609e+00 |   -2.5609e-01 |       -2.5609e-01 |
| RDEPLIQREFRATE    |  5.7792e-01 |  5.0000e-01 |  7.7924e-02 |    1.5585e-01 |        1.5585e-01 |
| RDEPLIQREFDEPTH   |  4.4935e+02 |  5.0000e+02 | -5.0647e+01 |   -1.0129e-01 |       -1.0129e-01 |
| RCL_OVERLAPLIQICE |  2.6000e-01 |  6.5000e-01 | -3.9000e-01 |   -6.0000e-01 |       -6.0000e-01 |
| RCL_INHOMOGAUT    |  7.9846e-01 |  1.5000e+00 | -7.0154e-01 |   -4.6769e-01 |       -4.6769e-01 |
| RCL_INHOMOGACC    |  2.9840e+00 |  3.0000e+00 | -1.5965e-02 |   -5.3217e-03 |       -5.3217e-03 |
| RMINICE           |  8.9528e+01 |  6.0000e+01 |  2.9528e+01 |    4.9213e-01 |        4.9213e-01 |
2026-04-15 14:12:45 | ectuner |     INFO -> Diagnostic maps saved to /ec/res4/hpcperm/ecme3038/ecearth/ecearth4/ECtuner/mari/results/tuned_2d_LR/net_TOA/alfa_04/diagnostics_2d_phis_Global_a04.nc
