2026-04-23 12:09:18 | ectuner |     INFO -> Loading 2D Data (Sensitivity, Reference, Base)...
   > Loading reference for net_toa from: climate_average_net_toa_CERES EBAF_r180x90_2000-2024.nc
--- Loading cached base maps for phis ---
2026-04-23 12:09:19 | ectuner |     INFO -> Generating spatial weights (Area * Region)...
2026-04-23 12:09:19 | ectuner |     INFO -> Variable net_toa: Initial Spatial RMSE (Weighted) = 11.3965
2026-04-23 12:09:19 | ectuner |     INFO -> Flattening data for fast optimization...
2026-04-23 12:09:20 | ectuner |     INFO -> DEBUG: Global Bias for net_toa in optimizer: 5.6259
2026-04-23 12:09:20 | ectuner |     INFO -> Starting 2D Optimization (dual_annealing)...
2026-04-23 12:09:46 | ectuner |     INFO -> 
==================== GLOBAL MEAN & ZONAL SUMMARY FROM 2D OPTIMIZATION ====================
2026-04-23 12:09:46 | ectuner |     INFO -> Variable     | Metric       |            Initial ->              Final | Status
2026-04-23 12:09:46 | ectuner |     INFO -> ------------------------------------------------------------------------------------------
2026-04-23 12:09:46 | ectuner |     INFO -> net_toa      | Global Bias |             5.6259 ->            -0.0000 | IMPROVED
2026-04-23 12:09:46 | ectuner |     INFO ->              | Spatial RMSE  |            11.3965 ->            10.6315 | IMPROVED
2026-04-23 12:09:46 | ectuner |     INFO -> ------------------------------------------------------------------------------------------
2026-04-23 12:09:46 | ectuner |     INFO -> Structured tuning YAML written to ../results/tuned_2d_LR/net_TOA/new_prova_alfa_095/tuned_phis_a095.yml

| Parameter         |   New Value |   Old Value |      Change |   Rel. Change |   Dist. from Ref. |
|-------------------+-------------+-------------+-------------+---------------+-------------------|
| RPRCON            |  7.9144e-04 |  1.4000e-03 | -6.0856e-04 |   -4.3469e-01 |       -4.3469e-01 |
| ENTRORG           |  2.4400e-03 |  1.7500e-03 |  6.9001e-04 |    3.9429e-01 |        3.9429e-01 |
| DETRPEN           |  1.1687e-04 |  7.5000e-05 |  4.1871e-05 |    5.5828e-01 |        5.5828e-01 |
| ENTRDD            |  1.9609e-04 |  3.0000e-04 | -1.0391e-04 |   -3.4636e-01 |       -3.4636e-01 |
| RMFDEPS           |  3.1434e-01 |  3.0000e-01 |  1.4338e-02 |    4.7793e-02 |        4.7793e-02 |
| RVICE             |  1.9138e-01 |  1.3000e-01 |  6.1378e-02 |    4.7214e-01 |        4.7214e-01 |
| RLCRITSNOW        |  9.3644e-06 |  2.0000e-05 | -1.0636e-05 |   -5.3178e-01 |       -5.3178e-01 |
| RSNOWLIN2         |  3.5338e-02 |  3.0000e-02 |  5.3378e-03 |    1.7793e-01 |        1.7793e-01 |
| RCLDIFF           |  5.1239e-06 |  6.0000e-06 | -8.7611e-07 |   -1.4602e-01 |       -1.4602e-01 |
| RCLDIFF_CONVI     |  1.4615e+01 |  1.0000e+01 |  4.6147e+00 |    4.6147e-01 |        4.6147e-01 |
| RDEPLIQREFRATE    |  2.1825e-01 |  5.0000e-01 | -2.8175e-01 |   -5.6350e-01 |       -5.6350e-01 |
| RDEPLIQREFDEPTH   |  5.2814e+02 |  5.0000e+02 |  2.8144e+01 |    5.6287e-02 |        5.6287e-02 |
| RCL_OVERLAPLIQICE |  2.7260e-01 |  6.5000e-01 | -3.7740e-01 |   -5.8061e-01 |       -5.8061e-01 |
| RCL_INHOMOGAUT    |  1.1808e+00 |  1.5000e+00 | -3.1924e-01 |   -2.1283e-01 |       -2.1283e-01 |
| RCL_INHOMOGACC    |  3.1086e+00 |  3.0000e+00 |  1.0859e-01 |    3.6197e-02 |        3.6197e-02 |
| RMINICE           |  7.5273e+01 |  6.0000e+01 |  1.5273e+01 |    2.5455e-01 |        2.5455e-01 |
2026-04-23 12:09:46 | ectuner |     INFO -> Diagnostic maps saved to ../results/tuned_2d_LR/net_TOA/new_prova_alfa_095/diagnostics_2d_phis_Global_a095.nc
Copia del file YAML inviata a ../results/tuned_2d_LR/net_TOA/new_prova_yaml_files
