2026-04-23 12:09:17 | ectuner |     INFO -> Loading 2D Data (Sensitivity, Reference, Base)...
   > Loading reference for net_toa from: climate_average_net_toa_CERES EBAF_r180x90_2000-2024.nc
--- Loading cached base maps for phis ---
2026-04-23 12:09:18 | ectuner |     INFO -> Generating spatial weights (Area * Region)...
2026-04-23 12:09:18 | ectuner |     INFO -> Variable net_toa: Initial Spatial RMSE (Weighted) = 11.3965
2026-04-23 12:09:18 | ectuner |     INFO -> Flattening data for fast optimization...
2026-04-23 12:09:18 | ectuner |     INFO -> DEBUG: Global Bias for net_toa in optimizer: 5.6259
2026-04-23 12:09:18 | ectuner |     INFO -> Starting 2D Optimization (dual_annealing)...
2026-04-23 12:09:55 | ectuner |     INFO -> 
==================== GLOBAL MEAN & ZONAL SUMMARY FROM 2D OPTIMIZATION ====================
2026-04-23 12:09:55 | ectuner |     INFO -> Variable     | Metric       |            Initial ->              Final | Status
2026-04-23 12:09:55 | ectuner |     INFO -> ------------------------------------------------------------------------------------------
2026-04-23 12:09:55 | ectuner |     INFO -> net_toa      | Global Bias |             5.6259 ->             0.0000 | IMPROVED
2026-04-23 12:09:55 | ectuner |     INFO ->              | Spatial RMSE  |            11.3965 ->             9.7353 | IMPROVED
2026-04-23 12:09:55 | ectuner |     INFO -> ------------------------------------------------------------------------------------------
2026-04-23 12:09:55 | ectuner |     INFO -> Structured tuning YAML written to ../results/tuned_2d_LR/net_TOA/new_prova_alfa_070/tuned_phis_a070.yml

| Parameter         |   New Value |   Old Value |      Change |   Rel. Change |   Dist. from Ref. |
|-------------------+-------------+-------------+-------------+---------------+-------------------|
| RPRCON            |  1.1324e-03 |  1.4000e-03 | -2.6755e-04 |   -1.9111e-01 |       -1.9111e-01 |
| ENTRORG           |  1.5987e-03 |  1.7500e-03 | -1.5126e-04 |   -8.6437e-02 |       -8.6437e-02 |
| DETRPEN           |  1.0856e-04 |  7.5000e-05 |  3.3555e-05 |    4.4740e-01 |        4.4740e-01 |
| ENTRDD            |  1.3921e-04 |  3.0000e-04 | -1.6079e-04 |   -5.3596e-01 |       -5.3596e-01 |
| RMFDEPS           |  4.4588e-01 |  3.0000e-01 |  1.4588e-01 |    4.8627e-01 |        4.8627e-01 |
| RVICE             |  1.6898e-01 |  1.3000e-01 |  3.8984e-02 |    2.9988e-01 |        2.9988e-01 |
| RLCRITSNOW        |  1.3274e-05 |  2.0000e-05 | -6.7257e-06 |   -3.3628e-01 |       -3.3628e-01 |
| RSNOWLIN2         |  1.2887e-02 |  3.0000e-02 | -1.7113e-02 |   -5.7045e-01 |       -5.7045e-01 |
| RCLDIFF           |  7.5329e-06 |  6.0000e-06 |  1.5329e-06 |    2.5549e-01 |        2.5549e-01 |
| RCLDIFF_CONVI     |  1.0034e+01 |  1.0000e+01 |  3.3961e-02 |    3.3961e-03 |        3.3961e-03 |
| RDEPLIQREFRATE    |  6.3094e-01 |  5.0000e-01 |  1.3094e-01 |    2.6188e-01 |        2.6188e-01 |
| RDEPLIQREFDEPTH   |  4.5221e+02 |  5.0000e+02 | -4.7785e+01 |   -9.5570e-02 |       -9.5570e-02 |
| RCL_OVERLAPLIQICE |  3.3033e-01 |  6.5000e-01 | -3.1967e-01 |   -4.9180e-01 |       -4.9180e-01 |
| RCL_INHOMOGAUT    |  1.3868e+00 |  1.5000e+00 | -1.1321e-01 |   -7.5476e-02 |       -7.5476e-02 |
| RCL_INHOMOGACC    |  1.5580e+00 |  3.0000e+00 | -1.4420e+00 |   -4.8068e-01 |       -4.8068e-01 |
| RMINICE           |  9.2117e+01 |  6.0000e+01 |  3.2117e+01 |    5.3529e-01 |        5.3529e-01 |
2026-04-23 12:09:55 | ectuner |     INFO -> Diagnostic maps saved to ../results/tuned_2d_LR/net_TOA/new_prova_alfa_070/diagnostics_2d_phis_Global_a07.nc
Copia del file YAML inviata a ../results/tuned_2d_LR/net_TOA/new_prova_yaml_files
