2026-04-23 12:09:18 | ectuner |     INFO -> Loading 2D Data (Sensitivity, Reference, Base)...
   > Loading reference for net_toa from: climate_average_net_toa_CERES EBAF_r180x90_2000-2024.nc
--- Loading cached base maps for phis ---
2026-04-23 12:09:19 | ectuner |     INFO -> Generating spatial weights (Area * Region)...
2026-04-23 12:09:19 | ectuner |     INFO -> Variable net_toa: Initial Spatial RMSE (Weighted) = 11.3965
2026-04-23 12:09:19 | ectuner |     INFO -> Flattening data for fast optimization...
2026-04-23 12:09:20 | ectuner |     INFO -> DEBUG: Global Bias for net_toa in optimizer: 5.6259
2026-04-23 12:09:20 | ectuner |     INFO -> Starting 2D Optimization (dual_annealing)...
2026-04-23 12:09:48 | ectuner |     INFO -> 
==================== GLOBAL MEAN & ZONAL SUMMARY FROM 2D OPTIMIZATION ====================
2026-04-23 12:09:48 | ectuner |     INFO -> Variable     | Metric       |            Initial ->              Final | Status
2026-04-23 12:09:48 | ectuner |     INFO -> ------------------------------------------------------------------------------------------
2026-04-23 12:09:48 | ectuner |     INFO -> net_toa      | Global Bias |             5.6259 ->             1.6222 | IMPROVED
2026-04-23 12:09:48 | ectuner |     INFO ->              | Spatial RMSE  |            11.3965 ->             9.0802 | IMPROVED
2026-04-23 12:09:48 | ectuner |     INFO -> ------------------------------------------------------------------------------------------
2026-04-23 12:09:48 | ectuner |     INFO -> Structured tuning YAML written to ../results/tuned_2d_LR/net_TOA/new_prova_alfa_000/tuned_phis_a000.yml

| Parameter         |   New Value |   Old Value |      Change |   Rel. Change |   Dist. from Ref. |
|-------------------+-------------+-------------+-------------+---------------+-------------------|
| RPRCON            |  5.6000e-04 |  1.4000e-03 | -8.4000e-04 |   -6.0000e-01 |       -6.0000e-01 |
| ENTRORG           |  1.4535e-03 |  1.7500e-03 | -2.9655e-04 |   -1.6945e-01 |       -1.6945e-01 |
| DETRPEN           |  1.0396e-04 |  7.5000e-05 |  2.8959e-05 |    3.8612e-01 |        3.8612e-01 |
| ENTRDD            |  1.7723e-04 |  3.0000e-04 | -1.2277e-04 |   -4.0923e-01 |       -4.0923e-01 |
| RMFDEPS           |  4.7797e-01 |  3.0000e-01 |  1.7797e-01 |    5.9325e-01 |        5.9325e-01 |
| RVICE             |  2.0794e-01 |  1.3000e-01 |  7.7936e-02 |    5.9951e-01 |        5.9951e-01 |
| RLCRITSNOW        |  8.0000e-06 |  2.0000e-05 | -1.2000e-05 |   -6.0000e-01 |       -6.0000e-01 |
| RSNOWLIN2         |  1.2393e-02 |  3.0000e-02 | -1.7607e-02 |   -5.8690e-01 |       -5.8690e-01 |
| RCLDIFF           |  3.1175e-06 |  6.0000e-06 | -2.8825e-06 |   -4.8041e-01 |       -4.8041e-01 |
| RCLDIFF_CONVI     |  7.7202e+00 |  1.0000e+01 | -2.2798e+00 |   -2.2798e-01 |       -2.2798e-01 |
| RDEPLIQREFRATE    |  5.8570e-01 |  5.0000e-01 |  8.5700e-02 |    1.7140e-01 |        1.7140e-01 |
| RDEPLIQREFDEPTH   |  4.5768e+02 |  5.0000e+02 | -4.2324e+01 |   -8.4647e-02 |       -8.4647e-02 |
| RCL_OVERLAPLIQICE |  2.6006e-01 |  6.5000e-01 | -3.8994e-01 |   -5.9991e-01 |       -5.9991e-01 |
| RCL_INHOMOGAUT    |  8.9821e-01 |  1.5000e+00 | -6.0179e-01 |   -4.0120e-01 |       -4.0120e-01 |
| RCL_INHOMOGACC    |  3.1623e+00 |  3.0000e+00 |  1.6228e-01 |    5.4094e-02 |        5.4094e-02 |
| RMINICE           |  8.6674e+01 |  6.0000e+01 |  2.6674e+01 |    4.4456e-01 |        4.4456e-01 |
2026-04-23 12:09:48 | ectuner |     INFO -> Diagnostic maps saved to ../results/tuned_2d_LR/net_TOA/new_prova_alfa_000/diagnostics_2d_phis_Global_a00.nc
Copia del file YAML inviata a ../results/tuned_2d_LR/net_TOA/new_prova_yaml_files
