2026-04-23 12:09:19 | ectuner |     INFO -> Loading 2D Data (Sensitivity, Reference, Base)...
   > Loading reference for net_toa from: climate_average_net_toa_CERES EBAF_r180x90_2000-2024.nc
--- Loading cached base maps for phis ---
2026-04-23 12:09:20 | ectuner |     INFO -> Generating spatial weights (Area * Region)...
2026-04-23 12:09:20 | ectuner |     INFO -> Variable net_toa: Initial Spatial RMSE (Weighted) = 11.3965
2026-04-23 12:09:20 | ectuner |     INFO -> Flattening data for fast optimization...
2026-04-23 12:09:20 | ectuner |     INFO -> DEBUG: Global Bias for net_toa in optimizer: 5.6259
2026-04-23 12:09:20 | ectuner |     INFO -> Starting 2D Optimization (dual_annealing)...
2026-04-23 12:10:07 | ectuner |     INFO -> 
==================== GLOBAL MEAN & ZONAL SUMMARY FROM 2D OPTIMIZATION ====================
2026-04-23 12:10:07 | ectuner |     INFO -> Variable     | Metric       |            Initial ->              Final | Status
2026-04-23 12:10:07 | ectuner |     INFO -> ------------------------------------------------------------------------------------------
2026-04-23 12:10:07 | ectuner |     INFO -> net_toa      | Global Bias |             5.6259 ->             0.0000 | IMPROVED
2026-04-23 12:10:07 | ectuner |     INFO ->              | Spatial RMSE  |            11.3965 ->             9.7936 | IMPROVED
2026-04-23 12:10:07 | ectuner |     INFO -> ------------------------------------------------------------------------------------------
2026-04-23 12:10:07 | ectuner |     INFO -> Structured tuning YAML written to ../results/tuned_2d_LR/net_TOA/new_prova_alfa_080/tuned_phis_a080.yml

| Parameter         |   New Value |   Old Value |      Change |   Rel. Change |   Dist. from Ref. |
|-------------------+-------------+-------------+-------------+---------------+-------------------|
| RPRCON            |  7.1892e-04 |  1.4000e-03 | -6.8108e-04 |   -4.8649e-01 |       -4.8649e-01 |
| ENTRORG           |  2.1524e-03 |  1.7500e-03 |  4.0239e-04 |    2.2994e-01 |        2.2994e-01 |
| DETRPEN           |  3.9689e-05 |  7.5000e-05 | -3.5311e-05 |   -4.7081e-01 |       -4.7081e-01 |
| ENTRDD            |  1.5668e-04 |  3.0000e-04 | -1.4332e-04 |   -4.7773e-01 |       -4.7773e-01 |
| RMFDEPS           |  4.5864e-01 |  3.0000e-01 |  1.5864e-01 |    5.2880e-01 |        5.2880e-01 |
| RVICE             |  2.0468e-01 |  1.3000e-01 |  7.4681e-02 |    5.7447e-01 |        5.7447e-01 |
| RLCRITSNOW        |  1.6529e-05 |  2.0000e-05 | -3.4709e-06 |   -1.7355e-01 |       -1.7355e-01 |
| RSNOWLIN2         |  1.3824e-02 |  3.0000e-02 | -1.6176e-02 |   -5.3921e-01 |       -5.3921e-01 |
| RCLDIFF           |  2.5968e-06 |  6.0000e-06 | -3.4032e-06 |   -5.6720e-01 |       -5.6720e-01 |
| RCLDIFF_CONVI     |  6.5911e+00 |  1.0000e+01 | -3.4089e+00 |   -3.4089e-01 |       -3.4089e-01 |
| RDEPLIQREFRATE    |  5.8874e-01 |  5.0000e-01 |  8.8738e-02 |    1.7748e-01 |        1.7748e-01 |
| RDEPLIQREFDEPTH   |  4.9046e+02 |  5.0000e+02 | -9.5410e+00 |   -1.9082e-02 |       -1.9082e-02 |
| RCL_OVERLAPLIQICE |  3.1206e-01 |  6.5000e-01 | -3.3794e-01 |   -5.1990e-01 |       -5.1990e-01 |
| RCL_INHOMOGAUT    |  1.6534e+00 |  1.5000e+00 |  1.5335e-01 |    1.0224e-01 |        1.0224e-01 |
| RCL_INHOMOGACC    |  3.2706e+00 |  3.0000e+00 |  2.7057e-01 |    9.0190e-02 |        9.0190e-02 |
| RMINICE           |  9.4639e+01 |  6.0000e+01 |  3.4639e+01 |    5.7731e-01 |        5.7731e-01 |
2026-04-23 12:10:07 | ectuner |     INFO -> Diagnostic maps saved to ../results/tuned_2d_LR/net_TOA/new_prova_alfa_080/diagnostics_2d_phis_Global_a08.nc
Copia del file YAML inviata a ../results/tuned_2d_LR/net_TOA/new_prova_yaml_files
