2026-04-23 12:09:19 | ectuner |     INFO -> Loading 2D Data (Sensitivity, Reference, Base)...
   > Loading reference for net_toa from: climate_average_net_toa_CERES EBAF_r180x90_2000-2024.nc
--- Loading cached base maps for phis ---
2026-04-23 12:09:20 | ectuner |     INFO -> Generating spatial weights (Area * Region)...
2026-04-23 12:09:20 | ectuner |     INFO -> Variable net_toa: Initial Spatial RMSE (Weighted) = 11.3965
2026-04-23 12:09:20 | ectuner |     INFO -> Flattening data for fast optimization...
2026-04-23 12:09:20 | ectuner |     INFO -> DEBUG: Global Bias for net_toa in optimizer: 5.6259
2026-04-23 12:09:20 | ectuner |     INFO -> Starting 2D Optimization (dual_annealing)...
2026-04-23 12:09:45 | ectuner |     INFO -> 
==================== GLOBAL MEAN & ZONAL SUMMARY FROM 2D OPTIMIZATION ====================
2026-04-23 12:09:45 | ectuner |     INFO -> Variable     | Metric       |            Initial ->              Final | Status
2026-04-23 12:09:45 | ectuner |     INFO -> ------------------------------------------------------------------------------------------
2026-04-23 12:09:45 | ectuner |     INFO -> net_toa      | Global Bias |             5.6259 ->            -0.0000 | IMPROVED
2026-04-23 12:09:45 | ectuner |     INFO ->              | Spatial RMSE  |            11.3965 ->            10.3280 | IMPROVED
2026-04-23 12:09:45 | ectuner |     INFO -> ------------------------------------------------------------------------------------------
2026-04-23 12:09:45 | ectuner |     INFO -> Structured tuning YAML written to ../results/tuned_2d_LR/net_TOA/new_prova_alfa_090/tuned_phis_a090.yml

| Parameter         |   New Value |   Old Value |      Change |   Rel. Change |   Dist. from Ref. |
|-------------------+-------------+-------------+-------------+---------------+-------------------|
| RPRCON            |  1.3725e-03 |  1.4000e-03 | -2.7478e-05 |   -1.9627e-02 |       -1.9627e-02 |
| ENTRORG           |  1.7132e-03 |  1.7500e-03 | -3.6823e-05 |   -2.1042e-02 |       -2.1042e-02 |
| DETRPEN           |  4.7297e-05 |  7.5000e-05 | -2.7703e-05 |   -3.6938e-01 |       -3.6938e-01 |
| ENTRDD            |  1.3571e-04 |  3.0000e-04 | -1.6429e-04 |   -5.4763e-01 |       -5.4763e-01 |
| RMFDEPS           |  3.6956e-01 |  3.0000e-01 |  6.9558e-02 |    2.3186e-01 |        2.3186e-01 |
| RVICE             |  1.9146e-01 |  1.3000e-01 |  6.1459e-02 |    4.7276e-01 |        4.7276e-01 |
| RLCRITSNOW        |  1.8820e-05 |  2.0000e-05 | -1.1799e-06 |   -5.8993e-02 |       -5.8993e-02 |
| RSNOWLIN2         |  1.6886e-02 |  3.0000e-02 | -1.3114e-02 |   -4.3714e-01 |       -4.3714e-01 |
| RCLDIFF           |  7.8542e-06 |  6.0000e-06 |  1.8542e-06 |    3.0903e-01 |        3.0903e-01 |
| RCLDIFF_CONVI     |  1.5923e+01 |  1.0000e+01 |  5.9232e+00 |    5.9232e-01 |        5.9232e-01 |
| RDEPLIQREFRATE    |  4.7348e-01 |  5.0000e-01 | -2.6523e-02 |   -5.3046e-02 |       -5.3046e-02 |
| RDEPLIQREFDEPTH   |  2.8294e+02 |  5.0000e+02 | -2.1706e+02 |   -4.3412e-01 |       -4.3412e-01 |
| RCL_OVERLAPLIQICE |  3.4439e-01 |  6.5000e-01 | -3.0561e-01 |   -4.7017e-01 |       -4.7017e-01 |
| RCL_INHOMOGAUT    |  1.0633e+00 |  1.5000e+00 | -4.3669e-01 |   -2.9112e-01 |       -2.9112e-01 |
| RCL_INHOMOGACC    |  1.2289e+00 |  3.0000e+00 | -1.7711e+00 |   -5.9036e-01 |       -5.9036e-01 |
| RMINICE           |  6.4023e+01 |  6.0000e+01 |  4.0229e+00 |    6.7048e-02 |        6.7048e-02 |
2026-04-23 12:09:45 | ectuner |     INFO -> Diagnostic maps saved to ../results/tuned_2d_LR/net_TOA/new_prova_alfa_090/diagnostics_2d_phis_Global_a09.nc
Copia del file YAML inviata a ../results/tuned_2d_LR/net_TOA/new_prova_yaml_files
