2026-04-24 14:56:41 | ectuner |     INFO -> Loading 2D Data (Sensitivity, Reference, Base)...
   > Loading reference for lwcf from: climate_average_lwcf_CERES EBAF_r180x90_2000-2024.nc
   > Loading reference for net_toa from: climate_average_net_toa_CERES EBAF_r180x90_2000-2024.nc
--- Loading cached base maps for phis ---
2026-04-24 14:56:41 | ectuner |     INFO -> Generating spatial weights (Area * Region)...
2026-04-24 14:56:41 | ectuner |     INFO -> Variable lwcf: Initial Spatial RMSE (Weighted) = 7.7684
2026-04-24 14:56:41 | ectuner |     INFO -> Variable net_toa: Initial Spatial RMSE (Weighted) = 11.3965
2026-04-24 14:56:41 | ectuner |     INFO -> Flattening data for fast optimization...
2026-04-24 14:56:42 | ectuner |     INFO -> DEBUG: Global Bias for lwcf in optimizer: -2.7092
2026-04-24 14:56:42 | ectuner |     INFO -> DEBUG: Global Bias for net_toa in optimizer: 5.6259
2026-04-24 14:56:42 | ectuner |     INFO -> Starting 2D Optimization (dual_annealing)...
2026-04-24 14:57:32 | ectuner |     INFO -> 
==================== GLOBAL MEAN & ZONAL SUMMARY FROM 2D OPTIMIZATION ====================
2026-04-24 14:57:32 | ectuner |     INFO -> Variable     | Metric       |            Initial ->              Final | Status
2026-04-24 14:57:32 | ectuner |     INFO -> ------------------------------------------------------------------------------------------
2026-04-24 14:57:32 | ectuner |     INFO -> lwcf         | Global Bias |            -2.7092 ->            -0.0003 | IMPROVED
2026-04-24 14:57:32 | ectuner |     INFO ->              | Spatial RMSE  |             7.7684 ->             7.5535 | IMPROVED
2026-04-24 14:57:32 | ectuner |     INFO -> ------------------------------------------------------------------------------------------
2026-04-24 14:57:32 | ectuner |     INFO -> net_toa      | Global Bias |             5.6259 ->            -0.0023 | IMPROVED
2026-04-24 14:57:32 | ectuner |     INFO ->              | Spatial RMSE  |            11.3965 ->            11.3782 | IMPROVED
2026-04-24 14:57:32 | ectuner |     INFO -> ------------------------------------------------------------------------------------------
2026-04-24 14:57:32 | ectuner |     INFO -> Structured tuning YAML written to ../results/tuned_2d_LR/lwcf/tol_alfa_095/tuned_phis_a095.yml

| Parameter         |   New Value |   Old Value |      Change |   Rel. Change |   Dist. from Ref. |
|-------------------+-------------+-------------+-------------+---------------+-------------------|
| RPRCON            |  1.4763e-03 |  1.4000e-03 |  7.6256e-05 |    5.4469e-02 |        5.4469e-02 |
| ENTRORG           |  2.1513e-03 |  1.7500e-03 |  4.0134e-04 |    2.2934e-01 |        2.2934e-01 |
| DETRPEN           |  4.9641e-05 |  7.5000e-05 | -2.5359e-05 |   -3.3812e-01 |       -3.3812e-01 |
| ENTRDD            |  1.9588e-04 |  3.0000e-04 | -1.0412e-04 |   -3.4708e-01 |       -3.4708e-01 |
| RMFDEPS           |  3.8758e-01 |  3.0000e-01 |  8.7582e-02 |    2.9194e-01 |        2.9194e-01 |
| RVICE             |  1.4404e-01 |  1.3000e-01 |  1.4044e-02 |    1.0803e-01 |        1.0803e-01 |
| RLCRITSNOW        |  8.8372e-06 |  2.0000e-05 | -1.1163e-05 |   -5.5814e-01 |       -5.5814e-01 |
| RSNOWLIN2         |  4.4182e-02 |  3.0000e-02 |  1.4182e-02 |    4.7272e-01 |        4.7272e-01 |
| RCLDIFF           |  8.2517e-06 |  6.0000e-06 |  2.2517e-06 |    3.7528e-01 |        3.7528e-01 |
| RCLDIFF_CONVI     |  4.2100e+00 |  1.0000e+01 | -5.7900e+00 |   -5.7900e-01 |       -5.7900e-01 |
| RDEPLIQREFRATE    |  4.3938e-01 |  5.0000e-01 | -6.0624e-02 |   -1.2125e-01 |       -1.2125e-01 |
| RDEPLIQREFDEPTH   |  6.3954e+02 |  5.0000e+02 |  1.3954e+02 |    2.7907e-01 |        2.7907e-01 |
| RCL_OVERLAPLIQICE |  2.9323e-01 |  6.5000e-01 | -3.5677e-01 |   -5.4888e-01 |       -5.4888e-01 |
| RCL_INHOMOGAUT    |  1.3005e+00 |  1.5000e+00 | -1.9951e-01 |   -1.3300e-01 |       -1.3300e-01 |
| RCL_INHOMOGACC    |  1.3951e+00 |  3.0000e+00 | -1.6049e+00 |   -5.3497e-01 |       -5.3497e-01 |
| RMINICE           |  4.7291e+01 |  6.0000e+01 | -1.2709e+01 |   -2.1182e-01 |       -2.1182e-01 |
2026-04-24 14:57:32 | ectuner |     INFO -> Diagnostic maps saved to ../results/tuned_2d_LR/lwcf/tol_alfa_095/diagnostics_2d_phis_Global_a095.nc
Copia del file YAML inviata a ../results/tuned_2d_LR/lwcf/tol_yaml_files
