2026-04-24 14:56:42 | ectuner |     INFO -> Loading 2D Data (Sensitivity, Reference, Base)...
   > Loading reference for lwcf from: climate_average_lwcf_CERES EBAF_r180x90_2000-2024.nc
   > Loading reference for net_toa from: climate_average_net_toa_CERES EBAF_r180x90_2000-2024.nc
--- Loading cached base maps for phis ---
2026-04-24 14:56:43 | ectuner |     INFO -> Generating spatial weights (Area * Region)...
2026-04-24 14:56:43 | ectuner |     INFO -> Variable lwcf: Initial Spatial RMSE (Weighted) = 7.7684
2026-04-24 14:56:43 | ectuner |     INFO -> Variable net_toa: Initial Spatial RMSE (Weighted) = 11.3965
2026-04-24 14:56:43 | ectuner |     INFO -> Flattening data for fast optimization...
2026-04-24 14:56:43 | ectuner |     INFO -> DEBUG: Global Bias for lwcf in optimizer: -2.7092
2026-04-24 14:56:43 | ectuner |     INFO -> DEBUG: Global Bias for net_toa in optimizer: 5.6259
2026-04-24 14:56:43 | ectuner |     INFO -> Starting 2D Optimization (dual_annealing)...
2026-04-24 14:57:32 | ectuner |     INFO -> 
==================== GLOBAL MEAN & ZONAL SUMMARY FROM 2D OPTIMIZATION ====================
2026-04-24 14:57:32 | ectuner |     INFO -> Variable     | Metric       |            Initial ->              Final | Status
2026-04-24 14:57:32 | ectuner |     INFO -> ------------------------------------------------------------------------------------------
2026-04-24 14:57:32 | ectuner |     INFO -> lwcf         | Global Bias |            -2.7092 ->             0.0001 | IMPROVED
2026-04-24 14:57:32 | ectuner |     INFO ->              | Spatial RMSE  |             7.7684 ->             7.0879 | IMPROVED
2026-04-24 14:57:32 | ectuner |     INFO -> ------------------------------------------------------------------------------------------
2026-04-24 14:57:32 | ectuner |     INFO -> net_toa      | Global Bias |             5.6259 ->            -0.0004 | IMPROVED
2026-04-24 14:57:32 | ectuner |     INFO ->              | Spatial RMSE  |            11.3965 ->            11.4812 | WORSENED
2026-04-24 14:57:32 | ectuner |     INFO -> ------------------------------------------------------------------------------------------
2026-04-24 14:57:33 | ectuner |     INFO -> Structured tuning YAML written to ../results/tuned_2d_LR/lwcf/tol_alfa_090/tuned_phis_a090.yml

| Parameter         |   New Value |   Old Value |      Change |   Rel. Change |   Dist. from Ref. |
|-------------------+-------------+-------------+-------------+---------------+-------------------|
| RPRCON            |  9.3219e-04 |  1.4000e-03 | -4.6781e-04 |   -3.3415e-01 |       -3.3415e-01 |
| ENTRORG           |  2.4311e-03 |  1.7500e-03 |  6.8112e-04 |    3.8921e-01 |        3.8921e-01 |
| DETRPEN           |  1.1141e-04 |  7.5000e-05 |  3.6414e-05 |    4.8552e-01 |        4.8552e-01 |
| ENTRDD            |  1.5278e-04 |  3.0000e-04 | -1.4722e-04 |   -4.9073e-01 |       -4.9073e-01 |
| RMFDEPS           |  3.4851e-01 |  3.0000e-01 |  4.8509e-02 |    1.6170e-01 |        1.6170e-01 |
| RVICE             |  1.8890e-01 |  1.3000e-01 |  5.8903e-02 |    4.5310e-01 |        4.5310e-01 |
| RLCRITSNOW        |  1.6435e-05 |  2.0000e-05 | -3.5651e-06 |   -1.7826e-01 |       -1.7826e-01 |
| RSNOWLIN2         |  2.5267e-02 |  3.0000e-02 | -4.7333e-03 |   -1.5778e-01 |       -1.5778e-01 |
| RCLDIFF           |  4.3130e-06 |  6.0000e-06 | -1.6870e-06 |   -2.8117e-01 |       -2.8117e-01 |
| RCLDIFF_CONVI     |  1.5226e+01 |  1.0000e+01 |  5.2256e+00 |    5.2256e-01 |        5.2256e-01 |
| RDEPLIQREFRATE    |  3.1885e-01 |  5.0000e-01 | -1.8115e-01 |   -3.6229e-01 |       -3.6229e-01 |
| RDEPLIQREFDEPTH   |  5.6022e+02 |  5.0000e+02 |  6.0218e+01 |    1.2044e-01 |        1.2044e-01 |
| RCL_OVERLAPLIQICE |  8.2299e-01 |  6.5000e-01 |  1.7299e-01 |    2.6614e-01 |        2.6614e-01 |
| RCL_INHOMOGAUT    |  1.8118e+00 |  1.5000e+00 |  3.1178e-01 |    2.0785e-01 |        2.0785e-01 |
| RCL_INHOMOGACC    |  2.5608e+00 |  3.0000e+00 | -4.3919e-01 |   -1.4640e-01 |       -1.4640e-01 |
| RMINICE           |  2.5552e+01 |  6.0000e+01 | -3.4448e+01 |   -5.7413e-01 |       -5.7413e-01 |
2026-04-24 14:57:33 | ectuner |     INFO -> Diagnostic maps saved to ../results/tuned_2d_LR/lwcf/tol_alfa_090/diagnostics_2d_phis_Global_a09.nc
Copia del file YAML inviata a ../results/tuned_2d_LR/lwcf/tol_yaml_files
