2026-04-24 14:56:41 | ectuner |     INFO -> Loading 2D Data (Sensitivity, Reference, Base)...
   > Loading reference for lwcf from: climate_average_lwcf_CERES EBAF_r180x90_2000-2024.nc
   > Loading reference for net_toa from: climate_average_net_toa_CERES EBAF_r180x90_2000-2024.nc
--- Loading cached base maps for phis ---
2026-04-24 14:56:42 | ectuner |     INFO -> Generating spatial weights (Area * Region)...
2026-04-24 14:56:42 | ectuner |     INFO -> Variable lwcf: Initial Spatial RMSE (Weighted) = 7.7684
2026-04-24 14:56:42 | ectuner |     INFO -> Variable net_toa: Initial Spatial RMSE (Weighted) = 11.3965
2026-04-24 14:56:42 | ectuner |     INFO -> Flattening data for fast optimization...
2026-04-24 14:56:42 | ectuner |     INFO -> DEBUG: Global Bias for lwcf in optimizer: -2.7092
2026-04-24 14:56:42 | ectuner |     INFO -> DEBUG: Global Bias for net_toa in optimizer: 5.6259
2026-04-24 14:56:42 | ectuner |     INFO -> Starting 2D Optimization (dual_annealing)...
2026-04-24 15:00:04 | ectuner |     INFO -> 
==================== GLOBAL MEAN & ZONAL SUMMARY FROM 2D OPTIMIZATION ====================
2026-04-24 15:00:04 | ectuner |     INFO -> Variable     | Metric       |            Initial ->              Final | Status
2026-04-24 15:00:04 | ectuner |     INFO -> ------------------------------------------------------------------------------------------
2026-04-24 15:00:04 | ectuner |     INFO -> lwcf         | Global Bias |            -2.7092 ->            -0.6399 | IMPROVED
2026-04-24 15:00:04 | ectuner |     INFO ->              | Spatial RMSE  |             7.7684 ->             6.3690 | IMPROVED
2026-04-24 15:00:04 | ectuner |     INFO -> ------------------------------------------------------------------------------------------
2026-04-24 15:00:04 | ectuner |     INFO -> net_toa      | Global Bias |             5.6259 ->             0.0000 | IMPROVED
2026-04-24 15:00:04 | ectuner |     INFO ->              | Spatial RMSE  |            11.3965 ->             9.9270 | IMPROVED
2026-04-24 15:00:04 | ectuner |     INFO -> ------------------------------------------------------------------------------------------
2026-04-24 15:00:04 | ectuner |     INFO -> Structured tuning YAML written to ../results/tuned_2d_LR/lwcf/tol_alfa_020/tuned_phis_a020.yml

| Parameter         |   New Value |   Old Value |      Change |   Rel. Change |   Dist. from Ref. |
|-------------------+-------------+-------------+-------------+---------------+-------------------|
| RPRCON            |  9.0213e-04 |  1.4000e-03 | -4.9787e-04 |   -3.5562e-01 |       -3.5562e-01 |
| ENTRORG           |  1.5467e-03 |  1.7500e-03 | -2.0330e-04 |   -1.1617e-01 |       -1.1617e-01 |
| DETRPEN           |  1.1996e-04 |  7.5000e-05 |  4.4965e-05 |    5.9953e-01 |        5.9953e-01 |
| ENTRDD            |  2.1882e-04 |  3.0000e-04 | -8.1183e-05 |   -2.7061e-01 |       -2.7061e-01 |
| RMFDEPS           |  4.7981e-01 |  3.0000e-01 |  1.7981e-01 |    5.9938e-01 |        5.9938e-01 |
| RVICE             |  2.0756e-01 |  1.3000e-01 |  7.7558e-02 |    5.9660e-01 |        5.9660e-01 |
| RLCRITSNOW        |  1.7679e-05 |  2.0000e-05 | -2.3206e-06 |   -1.1603e-01 |       -1.1603e-01 |
| RSNOWLIN2         |  1.9830e-02 |  3.0000e-02 | -1.0170e-02 |   -3.3900e-01 |       -3.3900e-01 |
| RCLDIFF           |  3.4363e-06 |  6.0000e-06 | -2.5637e-06 |   -4.2728e-01 |       -4.2728e-01 |
| RCLDIFF_CONVI     |  7.8402e+00 |  1.0000e+01 | -2.1598e+00 |   -2.1598e-01 |       -2.1598e-01 |
| RDEPLIQREFRATE    |  5.8186e-01 |  5.0000e-01 |  8.1857e-02 |    1.6371e-01 |        1.6371e-01 |
| RDEPLIQREFDEPTH   |  4.2027e+02 |  5.0000e+02 | -7.9729e+01 |   -1.5946e-01 |       -1.5946e-01 |
| RCL_OVERLAPLIQICE |  2.6020e-01 |  6.5000e-01 | -3.8980e-01 |   -5.9969e-01 |       -5.9969e-01 |
| RCL_INHOMOGAUT    |  1.3264e+00 |  1.5000e+00 | -1.7362e-01 |   -1.1575e-01 |       -1.1575e-01 |
| RCL_INHOMOGACC    |  1.7416e+00 |  3.0000e+00 | -1.2584e+00 |   -4.1947e-01 |       -4.1947e-01 |
| RMINICE           |  2.6915e+01 |  6.0000e+01 | -3.3085e+01 |   -5.5142e-01 |       -5.5142e-01 |
2026-04-24 15:00:04 | ectuner |     INFO -> Diagnostic maps saved to ../results/tuned_2d_LR/lwcf/tol_alfa_020/diagnostics_2d_phis_Global_a02.nc
Copia del file YAML inviata a ../results/tuned_2d_LR/lwcf/tol_yaml_files
