2026-04-24 14:56:42 | ectuner |     INFO -> Loading 2D Data (Sensitivity, Reference, Base)...
   > Loading reference for lwcf from: climate_average_lwcf_CERES EBAF_r180x90_2000-2024.nc
   > Loading reference for net_toa from: climate_average_net_toa_CERES EBAF_r180x90_2000-2024.nc
--- Loading cached base maps for phis ---
2026-04-24 14:56:42 | ectuner |     INFO -> Generating spatial weights (Area * Region)...
2026-04-24 14:56:42 | ectuner |     INFO -> Variable lwcf: Initial Spatial RMSE (Weighted) = 7.7684
2026-04-24 14:56:42 | ectuner |     INFO -> Variable net_toa: Initial Spatial RMSE (Weighted) = 11.3965
2026-04-24 14:56:42 | ectuner |     INFO -> Flattening data for fast optimization...
2026-04-24 14:56:43 | ectuner |     INFO -> DEBUG: Global Bias for lwcf in optimizer: -2.7092
2026-04-24 14:56:43 | ectuner |     INFO -> DEBUG: Global Bias for net_toa in optimizer: 5.6259
2026-04-24 14:56:43 | ectuner |     INFO -> Starting 2D Optimization (dual_annealing)...
2026-04-24 14:58:14 | ectuner |     INFO -> 
==================== GLOBAL MEAN & ZONAL SUMMARY FROM 2D OPTIMIZATION ====================
2026-04-24 14:58:14 | ectuner |     INFO -> Variable     | Metric       |            Initial ->              Final | Status
2026-04-24 14:58:14 | ectuner |     INFO -> ------------------------------------------------------------------------------------------
2026-04-24 14:58:14 | ectuner |     INFO -> lwcf         | Global Bias |            -2.7092 ->            -0.0001 | IMPROVED
2026-04-24 14:58:14 | ectuner |     INFO ->              | Spatial RMSE  |             7.7684 ->             6.4607 | IMPROVED
2026-04-24 14:58:14 | ectuner |     INFO -> ------------------------------------------------------------------------------------------
2026-04-24 14:58:14 | ectuner |     INFO -> net_toa      | Global Bias |             5.6259 ->            -0.0000 | IMPROVED
2026-04-24 14:58:14 | ectuner |     INFO ->              | Spatial RMSE  |            11.3965 ->            10.5652 | IMPROVED
2026-04-24 14:58:14 | ectuner |     INFO -> ------------------------------------------------------------------------------------------
2026-04-24 14:58:14 | ectuner |     INFO -> Structured tuning YAML written to ../results/tuned_2d_LR/lwcf/tol_alfa_040/tuned_phis_a040.yml

| Parameter         |   New Value |   Old Value |      Change |   Rel. Change |   Dist. from Ref. |
|-------------------+-------------+-------------+-------------+---------------+-------------------|
| RPRCON            |  1.3891e-03 |  1.4000e-03 | -1.0902e-05 |   -7.7871e-03 |       -7.7871e-03 |
| ENTRORG           |  1.7412e-03 |  1.7500e-03 | -8.7879e-06 |   -5.0217e-03 |       -5.0217e-03 |
| DETRPEN           |  1.0333e-04 |  7.5000e-05 |  2.8332e-05 |    3.7776e-01 |        3.7776e-01 |
| ENTRDD            |  1.4210e-04 |  3.0000e-04 | -1.5790e-04 |   -5.2632e-01 |       -5.2632e-01 |
| RMFDEPS           |  4.6823e-01 |  3.0000e-01 |  1.6823e-01 |    5.6076e-01 |        5.6076e-01 |
| RVICE             |  1.6538e-01 |  1.3000e-01 |  3.5379e-02 |    2.7215e-01 |        2.7215e-01 |
| RLCRITSNOW        |  2.5344e-05 |  2.0000e-05 |  5.3438e-06 |    2.6719e-01 |        2.6719e-01 |
| RSNOWLIN2         |  2.5812e-02 |  3.0000e-02 | -4.1885e-03 |   -1.3962e-01 |       -1.3962e-01 |
| RCLDIFF           |  5.1138e-06 |  6.0000e-06 | -8.8616e-07 |   -1.4769e-01 |       -1.4769e-01 |
| RCLDIFF_CONVI     |  7.5612e+00 |  1.0000e+01 | -2.4388e+00 |   -2.4388e-01 |       -2.4388e-01 |
| RDEPLIQREFRATE    |  6.0729e-01 |  5.0000e-01 |  1.0729e-01 |    2.1459e-01 |        2.1459e-01 |
| RDEPLIQREFDEPTH   |  4.3235e+02 |  5.0000e+02 | -6.7649e+01 |   -1.3530e-01 |       -1.3530e-01 |
| RCL_OVERLAPLIQICE |  3.0460e-01 |  6.5000e-01 | -3.4540e-01 |   -5.3139e-01 |       -5.3139e-01 |
| RCL_INHOMOGAUT    |  1.1168e+00 |  1.5000e+00 | -3.8319e-01 |   -2.5546e-01 |       -2.5546e-01 |
| RCL_INHOMOGACC    |  1.5128e+00 |  3.0000e+00 | -1.4872e+00 |   -4.9572e-01 |       -4.9572e-01 |
| RMINICE           |  2.6655e+01 |  6.0000e+01 | -3.3345e+01 |   -5.5575e-01 |       -5.5575e-01 |
2026-04-24 14:58:15 | ectuner |     INFO -> Diagnostic maps saved to ../results/tuned_2d_LR/lwcf/tol_alfa_040/diagnostics_2d_phis_Global_a04.nc
Copia del file YAML inviata a ../results/tuned_2d_LR/lwcf/tol_yaml_files
