2026-04-24 14:56:40 | ectuner |     INFO -> Loading 2D Data (Sensitivity, Reference, Base)...
   > Loading reference for lwcf from: climate_average_lwcf_CERES EBAF_r180x90_2000-2024.nc
   > Loading reference for net_toa from: climate_average_net_toa_CERES EBAF_r180x90_2000-2024.nc
--- Loading cached base maps for phis ---
2026-04-24 14:56:41 | ectuner |     INFO -> Generating spatial weights (Area * Region)...
2026-04-24 14:56:41 | ectuner |     INFO -> Variable lwcf: Initial Spatial RMSE (Weighted) = 7.7684
2026-04-24 14:56:41 | ectuner |     INFO -> Variable net_toa: Initial Spatial RMSE (Weighted) = 11.3965
2026-04-24 14:56:41 | ectuner |     INFO -> Flattening data for fast optimization...
2026-04-24 14:56:41 | ectuner |     INFO -> DEBUG: Global Bias for lwcf in optimizer: -2.7092
2026-04-24 14:56:41 | ectuner |     INFO -> DEBUG: Global Bias for net_toa in optimizer: 5.6259
2026-04-24 14:56:41 | ectuner |     INFO -> Starting 2D Optimization (dual_annealing)...
2026-04-24 14:57:38 | ectuner |     INFO -> 
==================== GLOBAL MEAN & ZONAL SUMMARY FROM 2D OPTIMIZATION ====================
2026-04-24 14:57:38 | ectuner |     INFO -> Variable     | Metric       |            Initial ->              Final | Status
2026-04-24 14:57:38 | ectuner |     INFO -> ------------------------------------------------------------------------------------------
2026-04-24 14:57:38 | ectuner |     INFO -> lwcf         | Global Bias |            -2.7092 ->            -0.0004 | IMPROVED
2026-04-24 14:57:38 | ectuner |     INFO ->              | Spatial RMSE  |             7.7684 ->             6.5652 | IMPROVED
2026-04-24 14:57:38 | ectuner |     INFO -> ------------------------------------------------------------------------------------------
2026-04-24 14:57:38 | ectuner |     INFO -> net_toa      | Global Bias |             5.6259 ->            -0.0012 | IMPROVED
2026-04-24 14:57:38 | ectuner |     INFO ->              | Spatial RMSE  |            11.3965 ->            10.7646 | IMPROVED
2026-04-24 14:57:38 | ectuner |     INFO -> ------------------------------------------------------------------------------------------
2026-04-24 14:57:38 | ectuner |     INFO -> Structured tuning YAML written to ../results/tuned_2d_LR/lwcf/tol_alfa_060/tuned_phis_a060.yml

| Parameter         |   New Value |   Old Value |      Change |   Rel. Change |   Dist. from Ref. |
|-------------------+-------------+-------------+-------------+---------------+-------------------|
| RPRCON            |  7.0784e-04 |  1.4000e-03 | -6.9216e-04 |   -4.9440e-01 |       -4.9440e-01 |
| ENTRORG           |  2.1913e-03 |  1.7500e-03 |  4.4132e-04 |    2.5218e-01 |        2.5218e-01 |
| DETRPEN           |  1.0665e-04 |  7.5000e-05 |  3.1647e-05 |    4.2196e-01 |        4.2196e-01 |
| ENTRDD            |  1.6223e-04 |  3.0000e-04 | -1.3777e-04 |   -4.5924e-01 |       -4.5924e-01 |
| RMFDEPS           |  4.4664e-01 |  3.0000e-01 |  1.4664e-01 |    4.8879e-01 |        4.8879e-01 |
| RVICE             |  1.7443e-01 |  1.3000e-01 |  4.4434e-02 |    3.4180e-01 |        3.4180e-01 |
| RLCRITSNOW        |  2.8648e-05 |  2.0000e-05 |  8.6477e-06 |    4.3239e-01 |        4.3239e-01 |
| RSNOWLIN2         |  1.4647e-02 |  3.0000e-02 | -1.5353e-02 |   -5.1177e-01 |       -5.1177e-01 |
| RCLDIFF           |  7.0380e-06 |  6.0000e-06 |  1.0380e-06 |    1.7300e-01 |        1.7300e-01 |
| RCLDIFF_CONVI     |  1.2098e+01 |  1.0000e+01 |  2.0981e+00 |    2.0981e-01 |        2.0981e-01 |
| RDEPLIQREFRATE    |  6.0716e-01 |  5.0000e-01 |  1.0716e-01 |    2.1432e-01 |        2.1432e-01 |
| RDEPLIQREFDEPTH   |  4.9419e+02 |  5.0000e+02 | -5.8115e+00 |   -1.1623e-02 |       -1.1623e-02 |
| RCL_OVERLAPLIQICE |  3.7310e-01 |  6.5000e-01 | -2.7690e-01 |   -4.2600e-01 |       -4.2600e-01 |
| RCL_INHOMOGAUT    |  1.9081e+00 |  1.5000e+00 |  4.0814e-01 |    2.7209e-01 |        2.7209e-01 |
| RCL_INHOMOGACC    |  2.1534e+00 |  3.0000e+00 | -8.4659e-01 |   -2.8220e-01 |       -2.8220e-01 |
| RMINICE           |  2.9405e+01 |  6.0000e+01 | -3.0595e+01 |   -5.0992e-01 |       -5.0992e-01 |
2026-04-24 14:57:38 | ectuner |     INFO -> Diagnostic maps saved to ../results/tuned_2d_LR/lwcf/tol_alfa_060/diagnostics_2d_phis_Global_a06.nc
Copia del file YAML inviata a ../results/tuned_2d_LR/lwcf/tol_yaml_files
