2026-04-24 14:56:40 | ectuner |     INFO -> Loading 2D Data (Sensitivity, Reference, Base)...
   > Loading reference for lwcf from: climate_average_lwcf_CERES EBAF_r180x90_2000-2024.nc
   > Loading reference for net_toa from: climate_average_net_toa_CERES EBAF_r180x90_2000-2024.nc
--- Loading cached base maps for phis ---
2026-04-24 14:56:41 | ectuner |     INFO -> Generating spatial weights (Area * Region)...
2026-04-24 14:56:41 | ectuner |     INFO -> Variable lwcf: Initial Spatial RMSE (Weighted) = 7.7684
2026-04-24 14:56:41 | ectuner |     INFO -> Variable net_toa: Initial Spatial RMSE (Weighted) = 11.3965
2026-04-24 14:56:41 | ectuner |     INFO -> Flattening data for fast optimization...
2026-04-24 14:56:41 | ectuner |     INFO -> DEBUG: Global Bias for lwcf in optimizer: -2.7092
2026-04-24 14:56:41 | ectuner |     INFO -> DEBUG: Global Bias for net_toa in optimizer: 5.6259
2026-04-24 14:56:41 | ectuner |     INFO -> Starting 2D Optimization (dual_annealing)...
2026-04-24 14:58:02 | ectuner |     INFO -> 
==================== GLOBAL MEAN & ZONAL SUMMARY FROM 2D OPTIMIZATION ====================
2026-04-24 14:58:02 | ectuner |     INFO -> Variable     | Metric       |            Initial ->              Final | Status
2026-04-24 14:58:02 | ectuner |     INFO -> ------------------------------------------------------------------------------------------
2026-04-24 14:58:02 | ectuner |     INFO -> lwcf         | Global Bias |            -2.7092 ->            -0.0003 | IMPROVED
2026-04-24 14:58:02 | ectuner |     INFO ->              | Spatial RMSE  |             7.7684 ->             6.5042 | IMPROVED
2026-04-24 14:58:02 | ectuner |     INFO -> ------------------------------------------------------------------------------------------
2026-04-24 14:58:02 | ectuner |     INFO -> net_toa      | Global Bias |             5.6259 ->            -0.0000 | IMPROVED
2026-04-24 14:58:02 | ectuner |     INFO ->              | Spatial RMSE  |            11.3965 ->            10.0998 | IMPROVED
2026-04-24 14:58:02 | ectuner |     INFO -> ------------------------------------------------------------------------------------------
2026-04-24 14:58:02 | ectuner |     INFO -> Structured tuning YAML written to ../results/tuned_2d_LR/lwcf/tol_alfa_030/tuned_phis_a030.yml

| Parameter         |   New Value |   Old Value |      Change |   Rel. Change |   Dist. from Ref. |
|-------------------+-------------+-------------+-------------+---------------+-------------------|
| RPRCON            |  7.6455e-04 |  1.4000e-03 | -6.3545e-04 |   -4.5389e-01 |       -4.5389e-01 |
| ENTRORG           |  1.8035e-03 |  1.7500e-03 |  5.3500e-05 |    3.0571e-02 |        3.0571e-02 |
| DETRPEN           |  1.1450e-04 |  7.5000e-05 |  3.9499e-05 |    5.2666e-01 |        5.2666e-01 |
| ENTRDD            |  2.2083e-04 |  3.0000e-04 | -7.9169e-05 |   -2.6390e-01 |       -2.6390e-01 |
| RMFDEPS           |  4.7933e-01 |  3.0000e-01 |  1.7933e-01 |    5.9776e-01 |        5.9776e-01 |
| RVICE             |  1.8030e-01 |  1.3000e-01 |  5.0305e-02 |    3.8696e-01 |        3.8696e-01 |
| RLCRITSNOW        |  1.6623e-05 |  2.0000e-05 | -3.3774e-06 |   -1.6887e-01 |       -1.6887e-01 |
| RSNOWLIN2         |  1.9471e-02 |  3.0000e-02 | -1.0529e-02 |   -3.5097e-01 |       -3.5097e-01 |
| RCLDIFF           |  4.8965e-06 |  6.0000e-06 | -1.1035e-06 |   -1.8391e-01 |       -1.8391e-01 |
| RCLDIFF_CONVI     |  7.5129e+00 |  1.0000e+01 | -2.4871e+00 |   -2.4871e-01 |       -2.4871e-01 |
| RDEPLIQREFRATE    |  5.7814e-01 |  5.0000e-01 |  7.8139e-02 |    1.5628e-01 |        1.5628e-01 |
| RDEPLIQREFDEPTH   |  4.1860e+02 |  5.0000e+02 | -8.1395e+01 |   -1.6279e-01 |       -1.6279e-01 |
| RCL_OVERLAPLIQICE |  2.6056e-01 |  6.5000e-01 | -3.8944e-01 |   -5.9915e-01 |       -5.9915e-01 |
| RCL_INHOMOGAUT    |  1.4459e+00 |  1.5000e+00 | -5.4103e-02 |   -3.6068e-02 |       -3.6068e-02 |
| RCL_INHOMOGACC    |  1.9819e+00 |  3.0000e+00 | -1.0181e+00 |   -3.3935e-01 |       -3.3935e-01 |
| RMINICE           |  3.0405e+01 |  6.0000e+01 | -2.9595e+01 |   -4.9325e-01 |       -4.9325e-01 |
2026-04-24 14:58:02 | ectuner |     INFO -> Diagnostic maps saved to ../results/tuned_2d_LR/lwcf/tol_alfa_030/diagnostics_2d_phis_Global_a03.nc
Copia del file YAML inviata a ../results/tuned_2d_LR/lwcf/tol_yaml_files
