2026-04-24 14:56:41 | ectuner |     INFO -> Loading 2D Data (Sensitivity, Reference, Base)...
   > Loading reference for lwcf from: climate_average_lwcf_CERES EBAF_r180x90_2000-2024.nc
   > Loading reference for net_toa from: climate_average_net_toa_CERES EBAF_r180x90_2000-2024.nc
--- Loading cached base maps for phis ---
2026-04-24 14:56:42 | ectuner |     INFO -> Generating spatial weights (Area * Region)...
2026-04-24 14:56:42 | ectuner |     INFO -> Variable lwcf: Initial Spatial RMSE (Weighted) = 7.7684
2026-04-24 14:56:42 | ectuner |     INFO -> Variable net_toa: Initial Spatial RMSE (Weighted) = 11.3965
2026-04-24 14:56:42 | ectuner |     INFO -> Flattening data for fast optimization...
2026-04-24 14:56:42 | ectuner |     INFO -> DEBUG: Global Bias for lwcf in optimizer: -2.7092
2026-04-24 14:56:42 | ectuner |     INFO -> DEBUG: Global Bias for net_toa in optimizer: 5.6259
2026-04-24 14:56:42 | ectuner |     INFO -> Starting 2D Optimization (dual_annealing)...
2026-04-24 14:57:33 | ectuner |     INFO -> 
==================== GLOBAL MEAN & ZONAL SUMMARY FROM 2D OPTIMIZATION ====================
2026-04-24 14:57:33 | ectuner |     INFO -> Variable     | Metric       |            Initial ->              Final | Status
2026-04-24 14:57:33 | ectuner |     INFO -> ------------------------------------------------------------------------------------------
2026-04-24 14:57:33 | ectuner |     INFO -> lwcf         | Global Bias |            -2.7092 ->            -0.0030 | IMPROVED
2026-04-24 14:57:33 | ectuner |     INFO ->              | Spatial RMSE  |             7.7684 ->             7.1497 | IMPROVED
2026-04-24 14:57:33 | ectuner |     INFO -> ------------------------------------------------------------------------------------------
2026-04-24 14:57:33 | ectuner |     INFO -> net_toa      | Global Bias |             5.6259 ->            -0.0008 | IMPROVED
2026-04-24 14:57:33 | ectuner |     INFO ->              | Spatial RMSE  |            11.3965 ->            11.4755 | WORSENED
2026-04-24 14:57:33 | ectuner |     INFO -> ------------------------------------------------------------------------------------------
2026-04-24 14:57:33 | ectuner |     INFO -> Structured tuning YAML written to ../results/tuned_2d_LR/lwcf/tol_alfa_080/tuned_phis_a080.yml

| Parameter         |   New Value |   Old Value |      Change |   Rel. Change |   Dist. from Ref. |
|-------------------+-------------+-------------+-------------+---------------+-------------------|
| RPRCON            |  1.0447e-03 |  1.4000e-03 | -3.5528e-04 |   -2.5377e-01 |       -2.5377e-01 |
| ENTRORG           |  2.5231e-03 |  1.7500e-03 |  7.7313e-04 |    4.4179e-01 |        4.4179e-01 |
| DETRPEN           |  1.0189e-04 |  7.5000e-05 |  2.6895e-05 |    3.5860e-01 |        3.5860e-01 |
| ENTRDD            |  4.7988e-04 |  3.0000e-04 |  1.7988e-04 |    5.9961e-01 |        5.9961e-01 |
| RMFDEPS           |  4.5721e-01 |  3.0000e-01 |  1.5721e-01 |    5.2402e-01 |        5.2402e-01 |
| RVICE             |  1.6487e-01 |  1.3000e-01 |  3.4868e-02 |    2.6821e-01 |        2.6821e-01 |
| RLCRITSNOW        |  9.4902e-06 |  2.0000e-05 | -1.0510e-05 |   -5.2549e-01 |       -5.2549e-01 |
| RSNOWLIN2         |  4.0512e-02 |  3.0000e-02 |  1.0512e-02 |    3.5039e-01 |        3.5039e-01 |
| RCLDIFF           |  4.3740e-06 |  6.0000e-06 | -1.6260e-06 |   -2.7100e-01 |       -2.7100e-01 |
| RCLDIFF_CONVI     |  1.1240e+01 |  1.0000e+01 |  1.2399e+00 |    1.2399e-01 |        1.2399e-01 |
| RDEPLIQREFRATE    |  4.6547e-01 |  5.0000e-01 | -3.4533e-02 |   -6.9065e-02 |       -6.9065e-02 |
| RDEPLIQREFDEPTH   |  2.1580e+02 |  5.0000e+02 | -2.8420e+02 |   -5.6840e-01 |       -5.6840e-01 |
| RCL_OVERLAPLIQICE |  6.2762e-01 |  6.5000e-01 | -2.2384e-02 |   -3.4436e-02 |       -3.4436e-02 |
| RCL_INHOMOGAUT    |  1.5167e+00 |  1.5000e+00 |  1.6723e-02 |    1.1149e-02 |        1.1149e-02 |
| RCL_INHOMOGACC    |  2.5016e+00 |  3.0000e+00 | -4.9842e-01 |   -1.6614e-01 |       -1.6614e-01 |
| RMINICE           |  5.7635e+01 |  6.0000e+01 | -2.3653e+00 |   -3.9422e-02 |       -3.9422e-02 |
2026-04-24 14:57:33 | ectuner |     INFO -> Diagnostic maps saved to ../results/tuned_2d_LR/lwcf/tol_alfa_080/diagnostics_2d_phis_Global_a08.nc
Copia del file YAML inviata a ../results/tuned_2d_LR/lwcf/tol_yaml_files
