2026-04-15 14:14:28 | ectuner |     INFO -> Loading 2D Data (Sensitivity, Reference, Base)...
   > Loading reference for net_toa from: climate_average_net_toa_CERES EBAF_r180x90_2000-2024.nc
--- Loading cached base maps for phis ---
2026-04-15 14:14:29 | ectuner |     INFO -> Generating spatial weights (Area * Region)...
2026-04-15 14:14:29 | ectuner |     INFO -> Variable net_toa: Initial Spatial RMSE (Weighted) = 11.3965
2026-04-15 14:14:29 | ectuner |     INFO -> Flattening data for fast optimization...
2026-04-15 14:14:29 | ectuner |     INFO -> DEBUG: Global Bias for net_toa in optimizer: 5.6259
2026-04-15 14:14:29 | ectuner |     INFO -> Starting 2D Optimization (dual_annealing)...
2026-04-15 14:15:07 | ectuner |     INFO -> 
==================== GLOBAL MEAN & ZONAL SUMMARY FROM 2D OPTIMIZATION ====================
2026-04-15 14:15:07 | ectuner |     INFO -> Variable     | Metric       |            Initial ->              Final | Status
2026-04-15 14:15:07 | ectuner |     INFO -> ------------------------------------------------------------------------------------------
2026-04-15 14:15:07 | ectuner |     INFO -> net_toa      | Global Bias |             5.6259 ->             0.7592 | IMPROVED
2026-04-15 14:15:07 | ectuner |     INFO ->              | Spatial RMSE  |            11.3965 ->             9.1337 | IMPROVED
2026-04-15 14:15:07 | ectuner |     INFO -> ------------------------------------------------------------------------------------------
2026-04-15 14:15:07 | ectuner |     INFO -> Structured tuning YAML written to ../results/tuned_2d_LR/net_TOA/alfa_06/tuned_phis_2000_2017_2D_a06.yml

| Parameter         |   New Value |   Old Value |      Change |   Rel. Change |   Dist. from Ref. |
|-------------------+-------------+-------------+-------------+---------------+-------------------|
| RPRCON            |  5.6000e-04 |  1.4000e-03 | -8.4000e-04 |   -6.0000e-01 |       -6.0000e-01 |
| ENTRORG           |  1.4466e-03 |  1.7500e-03 | -3.0340e-04 |   -1.7337e-01 |       -1.7337e-01 |
| DETRPEN           |  1.0300e-04 |  7.5000e-05 |  2.7997e-05 |    3.7329e-01 |        3.7329e-01 |
| ENTRDD            |  1.5997e-04 |  3.0000e-04 | -1.4003e-04 |   -4.6678e-01 |       -4.6678e-01 |
| RMFDEPS           |  4.7532e-01 |  3.0000e-01 |  1.7532e-01 |    5.8439e-01 |        5.8439e-01 |
| RVICE             |  2.0800e-01 |  1.3000e-01 |  7.8000e-02 |    6.0000e-01 |        6.0000e-01 |
| RLCRITSNOW        |  8.0000e-06 |  2.0000e-05 | -1.2000e-05 |   -6.0000e-01 |       -6.0000e-01 |
| RSNOWLIN2         |  1.2000e-02 |  3.0000e-02 | -1.8000e-02 |   -6.0000e-01 |       -6.0000e-01 |
| RCLDIFF           |  2.8413e-06 |  6.0000e-06 | -3.1587e-06 |   -5.2644e-01 |       -5.2644e-01 |
| RCLDIFF_CONVI     |  7.2562e+00 |  1.0000e+01 | -2.7438e+00 |   -2.7438e-01 |       -2.7438e-01 |
| RDEPLIQREFRATE    |  5.7387e-01 |  5.0000e-01 |  7.3871e-02 |    1.4774e-01 |        1.4774e-01 |
| RDEPLIQREFDEPTH   |  4.4467e+02 |  5.0000e+02 | -5.5331e+01 |   -1.1066e-01 |       -1.1066e-01 |
| RCL_OVERLAPLIQICE |  2.6000e-01 |  6.5000e-01 | -3.9000e-01 |   -6.0000e-01 |       -6.0000e-01 |
| RCL_INHOMOGAUT    |  7.5072e-01 |  1.5000e+00 | -7.4928e-01 |   -4.9952e-01 |       -4.9952e-01 |
| RCL_INHOMOGACC    |  2.8826e+00 |  3.0000e+00 | -1.1738e-01 |   -3.9126e-02 |       -3.9126e-02 |
| RMINICE           |  9.1469e+01 |  6.0000e+01 |  3.1469e+01 |    5.2448e-01 |        5.2448e-01 |
2026-04-15 14:15:07 | ectuner |     INFO -> Diagnostic maps saved to /ec/res4/hpcperm/ecme3038/ecearth/ecearth4/ECtuner/mari/results/tuned_2d_LR/net_TOA/alfa_06/diagnostics_2d_phis_Global_a06.nc
