2026-04-29 08:13:21 | ectuner |     INFO -> Loading 2D Data (Sensitivity, Reference, Base)...
   > Loading reference for net_toa from: climate_average_net_toa_CERES EBAF_r180x90_2000-2024.nc
--- Loading cached base maps for phis ---
2026-04-29 08:13:22 | ectuner |     INFO -> Generating spatial weights (Area * Region)...
2026-04-29 08:13:22 | ectuner |     INFO -> Variable net_toa: Initial Spatial Squared Cost (L2) (Weighted) = 129.8791
2026-04-29 08:13:22 | ectuner |     INFO -> Flattening data for fast optimization...
2026-04-29 08:13:23 | ectuner |     INFO -> DEBUG: Global Bias for net_toa in optimizer: 5.6259
2026-04-29 08:13:23 | ectuner |     INFO -> Starting 2D Optimization (dual_annealing)...
2026-04-29 08:16:19 | ectuner |     INFO -> Optimization finished. Final Weighted Cost (L2): Spatial=83.4612, Global=0.5729
2026-04-29 08:16:19 | ectuner |     INFO -> 
============================== GLOBAL & SPATIAL COSTS (L2) ===============================
2026-04-29 08:16:19 | ectuner |     INFO -> Variable     | Metric           |            Initial ->              Final | Status
2026-04-29 08:16:19 | ectuner |     INFO -> ------------------------------------------------------------------------------------------
2026-04-29 08:16:19 | ectuner |     INFO -> net_toa      | Global Cost|            31.6503 ->             0.5729 | IMPROVED
2026-04-29 08:16:19 | ectuner |     INFO ->              | Spatial Cost  |           129.8791 ->            83.4612 | IMPROVED
2026-04-29 08:16:19 | ectuner |     INFO -> ------------------------------------------------------------------------------------------
2026-04-29 08:16:19 | ectuner |     INFO -> Structured tuning YAML written to ../results/tuned_2d_LR/l2/net_toa_tol/alfa_060/tuned_phis_l2_a060.yml

| Parameter         |   New Value |   Old Value |      Change |   Rel. Change |   Dist. from Ref. |
|-------------------+-------------+-------------+-------------+---------------+-------------------|
| RPRCON            |  5.6298e-04 |  1.4000e-03 | -8.3702e-04 |   -5.9787e-01 |       -5.9787e-01 |
| ENTRORG           |  1.3922e-03 |  1.7500e-03 | -3.5775e-04 |   -2.0443e-01 |       -2.0443e-01 |
| DETRPEN           |  1.0603e-04 |  7.5000e-05 |  3.1032e-05 |    4.1377e-01 |        4.1377e-01 |
| ENTRDD            |  1.5621e-04 |  3.0000e-04 | -1.4379e-04 |   -4.7930e-01 |       -4.7930e-01 |
| RMFDEPS           |  4.6997e-01 |  3.0000e-01 |  1.6997e-01 |    5.6657e-01 |        5.6657e-01 |
| RVICE             |  2.0791e-01 |  1.3000e-01 |  7.7909e-02 |    5.9930e-01 |        5.9930e-01 |
| RLCRITSNOW        |  8.0163e-06 |  2.0000e-05 | -1.1984e-05 |   -5.9919e-01 |       -5.9919e-01 |
| RSNOWLIN2         |  1.2003e-02 |  3.0000e-02 | -1.7997e-02 |   -5.9990e-01 |       -5.9990e-01 |
| RCLDIFF           |  2.7857e-06 |  6.0000e-06 | -3.2143e-06 |   -5.3571e-01 |       -5.3571e-01 |
| RCLDIFF_CONVI     |  7.2403e+00 |  1.0000e+01 | -2.7597e+00 |   -2.7597e-01 |       -2.7597e-01 |
| RDEPLIQREFRATE    |  5.7563e-01 |  5.0000e-01 |  7.5627e-02 |    1.5125e-01 |        1.5125e-01 |
| RDEPLIQREFDEPTH   |  4.4567e+02 |  5.0000e+02 | -5.4331e+01 |   -1.0866e-01 |       -1.0866e-01 |
| RCL_OVERLAPLIQICE |  2.6011e-01 |  6.5000e-01 | -3.8989e-01 |   -5.9984e-01 |       -5.9984e-01 |
| RCL_INHOMOGAUT    |  7.4850e-01 |  1.5000e+00 | -7.5150e-01 |   -5.0100e-01 |       -5.0100e-01 |
| RCL_INHOMOGACC    |  2.7747e+00 |  3.0000e+00 | -2.2528e-01 |   -7.5093e-02 |       -7.5093e-02 |
| RMINICE           |  9.2038e+01 |  6.0000e+01 |  3.2038e+01 |    5.3396e-01 |        5.3396e-01 |
2026-04-29 08:16:19 | ectuner |     INFO -> Diagnostic maps saved to ../results/tuned_2d_LR/l2/net_toa_tol/alfa_060/diagnostics_2d_phis_Global_a06.nc
Copia del file YAML inviata a ../results/tuned_2d_LR/l2/net_toa_tol/yaml_files
