2026-04-29 08:13:21 | ectuner |     INFO -> Loading 2D Data (Sensitivity, Reference, Base)...
   > Loading reference for net_toa from: climate_average_net_toa_CERES EBAF_r180x90_2000-2024.nc
--- Loading cached base maps for phis ---
2026-04-29 08:13:22 | ectuner |     INFO -> Generating spatial weights (Area * Region)...
2026-04-29 08:13:22 | ectuner |     INFO -> Variable net_toa: Initial Spatial Squared Cost (L2) (Weighted) = 129.8791
2026-04-29 08:13:22 | ectuner |     INFO -> Flattening data for fast optimization...
2026-04-29 08:13:23 | ectuner |     INFO -> DEBUG: Global Bias for net_toa in optimizer: 5.6259
2026-04-29 08:13:23 | ectuner |     INFO -> Starting 2D Optimization (dual_annealing)...
2026-04-29 08:16:38 | ectuner |     INFO -> Optimization finished. Final Weighted Cost (L2): Spatial=90.7014, Global=0.0006
2026-04-29 08:16:38 | ectuner |     INFO -> 
============================== GLOBAL & SPATIAL COSTS (L2) ===============================
2026-04-29 08:16:38 | ectuner |     INFO -> Variable     | Metric           |            Initial ->              Final | Status
2026-04-29 08:16:38 | ectuner |     INFO -> ------------------------------------------------------------------------------------------
2026-04-29 08:16:38 | ectuner |     INFO -> net_toa      | Global Cost|            31.6503 ->             0.0006 | IMPROVED
2026-04-29 08:16:38 | ectuner |     INFO ->              | Spatial Cost  |           129.8791 ->            90.7014 | IMPROVED
2026-04-29 08:16:38 | ectuner |     INFO -> ------------------------------------------------------------------------------------------
2026-04-29 08:16:38 | ectuner |     INFO -> Structured tuning YAML written to ../results/tuned_2d_LR/l2/net_toa_tol/alfa_099/tuned_phis_l2_a099.yml

| Parameter         |   New Value |   Old Value |      Change |   Rel. Change |   Dist. from Ref. |
|-------------------+-------------+-------------+-------------+---------------+-------------------|
| RPRCON            |  5.7721e-04 |  1.4000e-03 | -8.2279e-04 |   -5.8771e-01 |       -5.8771e-01 |
| ENTRORG           |  1.9225e-03 |  1.7500e-03 |  1.7253e-04 |    9.8591e-02 |        9.8591e-02 |
| DETRPEN           |  9.5725e-05 |  7.5000e-05 |  2.0725e-05 |    2.7634e-01 |        2.7634e-01 |
| ENTRDD            |  2.7754e-04 |  3.0000e-04 | -2.2455e-05 |   -7.4850e-02 |       -7.4850e-02 |
| RMFDEPS           |  4.7932e-01 |  3.0000e-01 |  1.7932e-01 |    5.9774e-01 |        5.9774e-01 |
| RVICE             |  1.8882e-01 |  1.3000e-01 |  5.8823e-02 |    4.5248e-01 |        4.5248e-01 |
| RLCRITSNOW        |  8.1072e-06 |  2.0000e-05 | -1.1893e-05 |   -5.9464e-01 |       -5.9464e-01 |
| RSNOWLIN2         |  1.4016e-02 |  3.0000e-02 | -1.5984e-02 |   -5.3279e-01 |       -5.3279e-01 |
| RCLDIFF           |  4.6548e-06 |  6.0000e-06 | -1.3452e-06 |   -2.2420e-01 |       -2.2420e-01 |
| RCLDIFF_CONVI     |  9.6049e+00 |  1.0000e+01 | -3.9508e-01 |   -3.9508e-02 |       -3.9508e-02 |
| RDEPLIQREFRATE    |  5.4097e-01 |  5.0000e-01 |  4.0966e-02 |    8.1933e-02 |        8.1933e-02 |
| RDEPLIQREFDEPTH   |  4.6459e+02 |  5.0000e+02 | -3.5413e+01 |   -7.0827e-02 |       -7.0827e-02 |
| RCL_OVERLAPLIQICE |  2.6011e-01 |  6.5000e-01 | -3.8989e-01 |   -5.9983e-01 |       -5.9983e-01 |
| RCL_INHOMOGAUT    |  1.6858e+00 |  1.5000e+00 |  1.8577e-01 |    1.2385e-01 |        1.2385e-01 |
| RCL_INHOMOGACC    |  2.6210e+00 |  3.0000e+00 | -3.7901e-01 |   -1.2634e-01 |       -1.2634e-01 |
| RMINICE           |  9.5887e+01 |  6.0000e+01 |  3.5887e+01 |    5.9812e-01 |        5.9812e-01 |
2026-04-29 08:16:38 | ectuner |     INFO -> Diagnostic maps saved to ../results/tuned_2d_LR/l2/net_toa_tol/alfa_099/diagnostics_2d_phis_Global_a099.nc
Copia del file YAML inviata a ../results/tuned_2d_LR/l2/net_toa_tol/yaml_files
