2026-04-29 08:13:23 | ectuner |     INFO -> Loading 2D Data (Sensitivity, Reference, Base)...
   > Loading reference for net_toa from: climate_average_net_toa_CERES EBAF_r180x90_2000-2024.nc
--- Loading cached base maps for phis ---
2026-04-29 08:13:23 | ectuner |     INFO -> Generating spatial weights (Area * Region)...
2026-04-29 08:13:23 | ectuner |     INFO -> Variable net_toa: Initial Spatial Squared Cost (L2) (Weighted) = 129.8791
2026-04-29 08:13:23 | ectuner |     INFO -> Flattening data for fast optimization...
2026-04-29 08:13:23 | ectuner |     INFO -> DEBUG: Global Bias for net_toa in optimizer: 5.6259
2026-04-29 08:13:23 | ectuner |     INFO -> Starting 2D Optimization (dual_annealing)...
2026-04-29 08:17:35 | ectuner |     INFO -> Optimization finished. Final Weighted Cost (L2): Spatial=84.5659, Global=0.1595
2026-04-29 08:17:35 | ectuner |     INFO -> 
============================== GLOBAL & SPATIAL COSTS (L2) ===============================
2026-04-29 08:17:35 | ectuner |     INFO -> Variable     | Metric           |            Initial ->              Final | Status
2026-04-29 08:17:35 | ectuner |     INFO -> ------------------------------------------------------------------------------------------
2026-04-29 08:17:35 | ectuner |     INFO -> net_toa      | Global Cost|            31.6503 ->             0.1595 | IMPROVED
2026-04-29 08:17:35 | ectuner |     INFO ->              | Spatial Cost  |           129.8791 ->            84.5659 | IMPROVED
2026-04-29 08:17:35 | ectuner |     INFO -> ------------------------------------------------------------------------------------------
2026-04-29 08:17:35 | ectuner |     INFO -> Structured tuning YAML written to ../results/tuned_2d_LR/l2/net_toa_tol/alfa_080/tuned_phis_l2_a080.yml

| Parameter         |   New Value |   Old Value |      Change |   Rel. Change |   Dist. from Ref. |
|-------------------+-------------+-------------+-------------+---------------+-------------------|
| RPRCON            |  5.6207e-04 |  1.4000e-03 | -8.3793e-04 |   -5.9852e-01 |       -5.9852e-01 |
| ENTRORG           |  1.5738e-03 |  1.7500e-03 | -1.7619e-04 |   -1.0068e-01 |       -1.0068e-01 |
| DETRPEN           |  9.5804e-05 |  7.5000e-05 |  2.0804e-05 |    2.7738e-01 |        2.7738e-01 |
| ENTRDD            |  1.5069e-04 |  3.0000e-04 | -1.4931e-04 |   -4.9771e-01 |       -4.9771e-01 |
| RMFDEPS           |  4.7995e-01 |  3.0000e-01 |  1.7995e-01 |    5.9983e-01 |        5.9983e-01 |
| RVICE             |  2.0798e-01 |  1.3000e-01 |  7.7985e-02 |    5.9988e-01 |        5.9988e-01 |
| RLCRITSNOW        |  8.0075e-06 |  2.0000e-05 | -1.1992e-05 |   -5.9962e-01 |       -5.9962e-01 |
| RSNOWLIN2         |  1.2069e-02 |  3.0000e-02 | -1.7931e-02 |   -5.9772e-01 |       -5.9772e-01 |
| RCLDIFF           |  3.0255e-06 |  6.0000e-06 | -2.9745e-06 |   -4.9574e-01 |       -4.9574e-01 |
| RCLDIFF_CONVI     |  7.1410e+00 |  1.0000e+01 | -2.8590e+00 |   -2.8590e-01 |       -2.8590e-01 |
| RDEPLIQREFRATE    |  5.6570e-01 |  5.0000e-01 |  6.5699e-02 |    1.3140e-01 |        1.3140e-01 |
| RDEPLIQREFDEPTH   |  4.3979e+02 |  5.0000e+02 | -6.0211e+01 |   -1.2042e-01 |       -1.2042e-01 |
| RCL_OVERLAPLIQICE |  2.6007e-01 |  6.5000e-01 | -3.8993e-01 |   -5.9989e-01 |       -5.9989e-01 |
| RCL_INHOMOGAUT    |  6.7406e-01 |  1.5000e+00 | -8.2594e-01 |   -5.5063e-01 |       -5.5063e-01 |
| RCL_INHOMOGACC    |  3.0069e+00 |  3.0000e+00 |  6.8574e-03 |    2.2858e-03 |        2.2858e-03 |
| RMINICE           |  9.2464e+01 |  6.0000e+01 |  3.2464e+01 |    5.4107e-01 |        5.4107e-01 |
2026-04-29 08:17:35 | ectuner |     INFO -> Diagnostic maps saved to ../results/tuned_2d_LR/l2/net_toa_tol/alfa_080/diagnostics_2d_phis_Global_a08.nc
Copia del file YAML inviata a ../results/tuned_2d_LR/l2/net_toa_tol/yaml_files
