2026-04-29 08:13:21 | ectuner |     INFO -> Loading 2D Data (Sensitivity, Reference, Base)...
   > Loading reference for net_toa from: climate_average_net_toa_CERES EBAF_r180x90_2000-2024.nc
--- Loading cached base maps for phis ---
2026-04-29 08:13:22 | ectuner |     INFO -> Generating spatial weights (Area * Region)...
2026-04-29 08:13:22 | ectuner |     INFO -> Variable net_toa: Initial Spatial Squared Cost (L2) (Weighted) = 129.8791
2026-04-29 08:13:22 | ectuner |     INFO -> Flattening data for fast optimization...
2026-04-29 08:13:23 | ectuner |     INFO -> DEBUG: Global Bias for net_toa in optimizer: 5.6259
2026-04-29 08:13:23 | ectuner |     INFO -> Starting 2D Optimization (dual_annealing)...
2026-04-29 08:17:17 | ectuner |     INFO -> Optimization finished. Final Weighted Cost (L2): Spatial=82.5574, Global=1.8529
2026-04-29 08:17:17 | ectuner |     INFO -> 
============================== GLOBAL & SPATIAL COSTS (L2) ===============================
2026-04-29 08:17:17 | ectuner |     INFO -> Variable     | Metric           |            Initial ->              Final | Status
2026-04-29 08:17:17 | ectuner |     INFO -> ------------------------------------------------------------------------------------------
2026-04-29 08:17:17 | ectuner |     INFO -> net_toa      | Global Cost|            31.6503 ->             1.8529 | IMPROVED
2026-04-29 08:17:17 | ectuner |     INFO ->              | Spatial Cost  |           129.8791 ->            82.5574 | IMPROVED
2026-04-29 08:17:17 | ectuner |     INFO -> ------------------------------------------------------------------------------------------
2026-04-29 08:17:17 | ectuner |     INFO -> Structured tuning YAML written to ../results/tuned_2d_LR/l2/net_toa_tol/alfa_020/tuned_phis_l2_a020.yml

| Parameter         |   New Value |   Old Value |      Change |   Rel. Change |   Dist. from Ref. |
|-------------------+-------------+-------------+-------------+---------------+-------------------|
| RPRCON            |  5.6012e-04 |  1.4000e-03 | -8.3988e-04 |   -5.9992e-01 |       -5.9992e-01 |
| ENTRORG           |  1.4925e-03 |  1.7500e-03 | -2.5749e-04 |   -1.4714e-01 |       -1.4714e-01 |
| DETRPEN           |  1.0092e-04 |  7.5000e-05 |  2.5923e-05 |    3.4565e-01 |        3.4565e-01 |
| ENTRDD            |  1.6474e-04 |  3.0000e-04 | -1.3526e-04 |   -4.5087e-01 |       -4.5087e-01 |
| RMFDEPS           |  4.7911e-01 |  3.0000e-01 |  1.7911e-01 |    5.9703e-01 |        5.9703e-01 |
| RVICE             |  2.0782e-01 |  1.3000e-01 |  7.7819e-02 |    5.9861e-01 |        5.9861e-01 |
| RLCRITSNOW        |  8.0178e-06 |  2.0000e-05 | -1.1982e-05 |   -5.9911e-01 |       -5.9911e-01 |
| RSNOWLIN2         |  1.2260e-02 |  3.0000e-02 | -1.7740e-02 |   -5.9134e-01 |       -5.9134e-01 |
| RCLDIFF           |  3.1825e-06 |  6.0000e-06 | -2.8175e-06 |   -4.6958e-01 |       -4.6958e-01 |
| RCLDIFF_CONVI     |  7.5733e+00 |  1.0000e+01 | -2.4267e+00 |   -2.4267e-01 |       -2.4267e-01 |
| RDEPLIQREFRATE    |  5.7284e-01 |  5.0000e-01 |  7.2841e-02 |    1.4568e-01 |        1.4568e-01 |
| RDEPLIQREFDEPTH   |  4.5748e+02 |  5.0000e+02 | -4.2518e+01 |   -8.5037e-02 |       -8.5037e-02 |
| RCL_OVERLAPLIQICE |  2.6022e-01 |  6.5000e-01 | -3.8978e-01 |   -5.9966e-01 |       -5.9966e-01 |
| RCL_INHOMOGAUT    |  8.2558e-01 |  1.5000e+00 | -6.7442e-01 |   -4.4961e-01 |       -4.4961e-01 |
| RCL_INHOMOGACC    |  3.1674e+00 |  3.0000e+00 |  1.6737e-01 |    5.5790e-02 |        5.5790e-02 |
| RMINICE           |  8.7637e+01 |  6.0000e+01 |  2.7637e+01 |    4.6061e-01 |        4.6061e-01 |
2026-04-29 08:17:17 | ectuner |     INFO -> Diagnostic maps saved to ../results/tuned_2d_LR/l2/net_toa_tol/alfa_020/diagnostics_2d_phis_Global_a02.nc
Copia del file YAML inviata a ../results/tuned_2d_LR/l2/net_toa_tol/yaml_files
