2026-04-29 08:32:14 | ectuner |     INFO -> Loading 2D Data (Sensitivity, Reference, Base)...
   > Loading reference for net_toa from: climate_average_net_toa_CERES EBAF_r180x90_2000-2024.nc
--- Loading cached base maps for phis ---
2026-04-29 08:32:14 | ectuner |     INFO -> Generating spatial weights (Area * Region)...
2026-04-29 08:32:14 | ectuner |     INFO -> Variable net_toa: Initial Spatial Squared Cost (L2) (Weighted) = 129.8791
2026-04-29 08:32:14 | ectuner |     INFO -> Flattening data for fast optimization...
2026-04-29 08:32:15 | ectuner |     INFO -> DEBUG: Global Bias for net_toa in optimizer: 5.6259
2026-04-29 08:32:15 | ectuner |     INFO -> Starting 2D Optimization (dual_annealing)...
2026-04-29 08:35:30 | ectuner |     INFO -> Optimization finished. Final Weighted Cost (L2): Spatial=82.4710, Global=2.6277
2026-04-29 08:35:30 | ectuner |     INFO -> 
============================== GLOBAL & SPATIAL COSTS (L2) ===============================
2026-04-29 08:35:30 | ectuner |     INFO -> Variable     | Metric           |            Initial ->              Final | Status
2026-04-29 08:35:30 | ectuner |     INFO -> ------------------------------------------------------------------------------------------
2026-04-29 08:35:30 | ectuner |     INFO -> net_toa      | Global Cost|            31.6503 ->             2.6277 | IMPROVED
2026-04-29 08:35:30 | ectuner |     INFO ->              | Spatial Cost  |           129.8791 ->            82.4710 | IMPROVED
2026-04-29 08:35:30 | ectuner |     INFO -> ------------------------------------------------------------------------------------------
2026-04-29 08:35:30 | ectuner |     INFO -> Structured tuning YAML written to ../results/tuned_2d_LR/l2/net_toa_tol/alfa_000/tuned_phis_l2_a000.yml

| Parameter         |   New Value |   Old Value |      Change |   Rel. Change |   Dist. from Ref. |
|-------------------+-------------+-------------+-------------+---------------+-------------------|
| RPRCON            |  5.6330e-04 |  1.4000e-03 | -8.3670e-04 |   -5.9764e-01 |       -5.9764e-01 |
| ENTRORG           |  1.5028e-03 |  1.7500e-03 | -2.4718e-04 |   -1.4125e-01 |       -1.4125e-01 |
| DETRPEN           |  1.0136e-04 |  7.5000e-05 |  2.6361e-05 |    3.5148e-01 |        3.5148e-01 |
| ENTRDD            |  1.7493e-04 |  3.0000e-04 | -1.2507e-04 |   -4.1691e-01 |       -4.1691e-01 |
| RMFDEPS           |  4.7988e-01 |  3.0000e-01 |  1.7988e-01 |    5.9959e-01 |        5.9959e-01 |
| RVICE             |  2.0798e-01 |  1.3000e-01 |  7.7985e-02 |    5.9988e-01 |        5.9988e-01 |
| RLCRITSNOW        |  8.0035e-06 |  2.0000e-05 | -1.1997e-05 |   -5.9983e-01 |       -5.9983e-01 |
| RSNOWLIN2         |  1.2807e-02 |  3.0000e-02 | -1.7193e-02 |   -5.7309e-01 |       -5.7309e-01 |
| RCLDIFF           |  3.2259e-06 |  6.0000e-06 | -2.7741e-06 |   -4.6235e-01 |       -4.6235e-01 |
| RCLDIFF_CONVI     |  7.6592e+00 |  1.0000e+01 | -2.3408e+00 |   -2.3408e-01 |       -2.3408e-01 |
| RDEPLIQREFRATE    |  5.7727e-01 |  5.0000e-01 |  7.7272e-02 |    1.5454e-01 |        1.5454e-01 |
| RDEPLIQREFDEPTH   |  4.6257e+02 |  5.0000e+02 | -3.7425e+01 |   -7.4851e-02 |       -7.4851e-02 |
| RCL_OVERLAPLIQICE |  2.6013e-01 |  6.5000e-01 | -3.8987e-01 |   -5.9980e-01 |       -5.9980e-01 |
| RCL_INHOMOGAUT    |  8.7681e-01 |  1.5000e+00 | -6.2319e-01 |   -4.1546e-01 |       -4.1546e-01 |
| RCL_INHOMOGACC    |  3.2594e+00 |  3.0000e+00 |  2.5940e-01 |    8.6465e-02 |        8.6465e-02 |
| RMINICE           |  8.6814e+01 |  6.0000e+01 |  2.6814e+01 |    4.4690e-01 |        4.4690e-01 |
2026-04-29 08:35:31 | ectuner |     INFO -> Diagnostic maps saved to ../results/tuned_2d_LR/l2/net_toa_tol/alfa_000/diagnostics_2d_phis_Global_a00.nc
Copia del file YAML inviata a ../results/tuned_2d_LR/l2/net_toa_tol/yaml_files
