2026-04-29 08:13:22 | ectuner |     INFO -> Loading 2D Data (Sensitivity, Reference, Base)...
   > Loading reference for net_toa from: climate_average_net_toa_CERES EBAF_r180x90_2000-2024.nc
--- Loading cached base maps for phis ---
2026-04-29 08:13:23 | ectuner |     INFO -> Generating spatial weights (Area * Region)...
2026-04-29 08:13:23 | ectuner |     INFO -> Variable net_toa: Initial Spatial Squared Cost (L2) (Weighted) = 129.8791
2026-04-29 08:13:23 | ectuner |     INFO -> Flattening data for fast optimization...
2026-04-29 08:13:23 | ectuner |     INFO -> DEBUG: Global Bias for net_toa in optimizer: 5.6259
2026-04-29 08:13:23 | ectuner |     INFO -> Starting 2D Optimization (dual_annealing)...
2026-04-29 08:13:45 | ectuner |     INFO -> Optimization finished. Final Weighted Cost (L2): Spatial=157.1020, Global=0.0000
2026-04-29 08:13:45 | ectuner |     INFO -> 
============================== GLOBAL & SPATIAL COSTS (L2) ===============================
2026-04-29 08:13:45 | ectuner |     INFO -> Variable     | Metric           |            Initial ->              Final | Status
2026-04-29 08:13:45 | ectuner |     INFO -> ------------------------------------------------------------------------------------------
2026-04-29 08:13:45 | ectuner |     INFO -> net_toa      | Global Cost|            31.6503 ->             0.0000 | IMPROVED
2026-04-29 08:13:45 | ectuner |     INFO ->              | Spatial Cost  |           129.8791 ->           157.1020 | WORSENED
2026-04-29 08:13:45 | ectuner |     INFO -> ------------------------------------------------------------------------------------------
2026-04-29 08:13:45 | ectuner |     INFO -> Structured tuning YAML written to ../results/tuned_2d_LR/l2/net_toa_tol/alfa_100/tuned_phis_l2_a100.yml

| Parameter         |   New Value |   Old Value |      Change |   Rel. Change |   Dist. from Ref. |
|-------------------+-------------+-------------+-------------+---------------+-------------------|
| RPRCON            |  1.1858e-03 |  1.4000e-03 | -2.1422e-04 |   -1.5301e-01 |       -1.5301e-01 |
| ENTRORG           |  2.3805e-03 |  1.7500e-03 |  6.3050e-04 |    3.6029e-01 |        3.6029e-01 |
| DETRPEN           |  5.1997e-05 |  7.5000e-05 | -2.3003e-05 |   -3.0671e-01 |       -3.0671e-01 |
| ENTRDD            |  3.7143e-04 |  3.0000e-04 |  7.1431e-05 |    2.3810e-01 |        2.3810e-01 |
| RMFDEPS           |  3.7285e-01 |  3.0000e-01 |  7.2855e-02 |    2.4285e-01 |        2.4285e-01 |
| RVICE             |  7.0349e-02 |  1.3000e-01 | -5.9651e-02 |   -4.5885e-01 |       -4.5885e-01 |
| RLCRITSNOW        |  3.0812e-05 |  2.0000e-05 |  1.0812e-05 |    5.4062e-01 |        5.4062e-01 |
| RSNOWLIN2         |  2.0776e-02 |  3.0000e-02 | -9.2238e-03 |   -3.0746e-01 |       -3.0746e-01 |
| RCLDIFF           |  3.0065e-06 |  6.0000e-06 | -2.9935e-06 |   -4.9891e-01 |       -4.9891e-01 |
| RCLDIFF_CONVI     |  1.3968e+01 |  1.0000e+01 |  3.9679e+00 |    3.9679e-01 |        3.9679e-01 |
| RDEPLIQREFRATE    |  7.9980e-01 |  5.0000e-01 |  2.9980e-01 |    5.9960e-01 |        5.9960e-01 |
| RDEPLIQREFDEPTH   |  3.5770e+02 |  5.0000e+02 | -1.4230e+02 |   -2.8460e-01 |       -2.8460e-01 |
| RCL_OVERLAPLIQICE |  7.1511e-01 |  6.5000e-01 |  6.5106e-02 |    1.0016e-01 |        1.0016e-01 |
| RCL_INHOMOGAUT    |  2.2176e+00 |  1.5000e+00 |  7.1764e-01 |    4.7843e-01 |        4.7843e-01 |
| RCL_INHOMOGACC    |  1.2271e+00 |  3.0000e+00 | -1.7729e+00 |   -5.9096e-01 |       -5.9096e-01 |
| RMINICE           |  5.6100e+01 |  6.0000e+01 | -3.8997e+00 |   -6.4996e-02 |       -6.4996e-02 |
2026-04-29 08:13:46 | ectuner |     INFO -> Diagnostic maps saved to ../results/tuned_2d_LR/l2/net_toa_tol/alfa_100/diagnostics_2d_phis_Global_a10.nc
Copia del file YAML inviata a ../results/tuned_2d_LR/l2/net_toa_tol/yaml_files
