2026-04-27 08:29:54 | ectuner |     INFO -> Loading 2D Data (Sensitivity, Reference, Base)...
   > Loading reference for net_toa from: climate_average_net_toa_CERES EBAF_r180x90_2000-2024.nc
   > Loading reference for rsnt from: climate_average_rsnt_CERES EBAF_r180x90_2000-2024.nc
--- Loading cached base maps for phis ---
2026-04-27 08:29:55 | ectuner |     INFO -> Generating spatial weights (Area * Region)...
2026-04-27 08:29:55 | ectuner |     INFO -> Variable net_toa: Initial Spatial RMSE (Weighted) = 12.4846
2026-04-27 08:29:55 | ectuner |     INFO -> Variable rsnt: Initial Spatial RMSE (Weighted) = 9.9180
2026-04-27 08:29:55 | ectuner |     INFO -> Flattening data for fast optimization...
2026-04-27 08:29:55 | ectuner |     INFO -> DEBUG: Global Bias for net_toa in optimizer: 7.3510
2026-04-27 08:29:55 | ectuner |     INFO -> DEBUG: Global Bias for rsnt in optimizer: -0.7210
2026-04-27 08:29:55 | ectuner |     INFO -> Starting 2D Optimization (dual_annealing)...
2026-04-27 08:30:55 | ectuner |     INFO -> 
==================== GLOBAL MEAN & ZONAL SUMMARY FROM 2D OPTIMIZATION ====================
2026-04-27 08:30:55 | ectuner |     INFO -> Variable     | Metric       |            Initial ->              Final | Status
2026-04-27 08:30:55 | ectuner |     INFO -> ------------------------------------------------------------------------------------------
2026-04-27 08:30:55 | ectuner |     INFO -> net_toa      | Global Bias |             7.3510 ->            -0.0100 | IMPROVED
2026-04-27 08:30:55 | ectuner |     INFO ->              | Spatial RMSE  |            12.4846 ->            12.2565 | IMPROVED
2026-04-27 08:30:55 | ectuner |     INFO -> ------------------------------------------------------------------------------------------
2026-04-27 08:30:55 | ectuner |     INFO -> rsnt         | Global Bias |            -0.7210 ->             0.0000 | IMPROVED
2026-04-27 08:30:55 | ectuner |     INFO ->              | Spatial RMSE  |             9.9180 ->            12.0824 | WORSENED
2026-04-27 08:30:55 | ectuner |     INFO -> ------------------------------------------------------------------------------------------
2026-04-27 08:30:55 | ectuner |     INFO -> Structured tuning YAML written to ../results/tuned_2d_LR/so_rsnt/tol_alfa_080/tuned_phis_a080.yml

| Parameter         |   New Value |   Old Value |      Change |   Rel. Change |   Dist. from Ref. |
|-------------------+-------------+-------------+-------------+---------------+-------------------|
| RPRCON            |  2.1539e-03 |  1.4000e-03 |  7.5392e-04 |    5.3851e-01 |        5.3851e-01 |
| ENTRORG           |  2.5497e-03 |  1.7500e-03 |  7.9975e-04 |    4.5700e-01 |        4.5700e-01 |
| DETRPEN           |  9.2848e-05 |  7.5000e-05 |  1.7848e-05 |    2.3797e-01 |        2.3797e-01 |
| ENTRDD            |  3.4269e-04 |  3.0000e-04 |  4.2689e-05 |    1.4230e-01 |        1.4230e-01 |
| RMFDEPS           |  3.3910e-01 |  3.0000e-01 |  3.9104e-02 |    1.3035e-01 |        1.3035e-01 |
| RVICE             |  1.7350e-01 |  1.3000e-01 |  4.3503e-02 |    3.3464e-01 |        3.3464e-01 |
| RLCRITSNOW        |  1.1424e-05 |  2.0000e-05 | -8.5757e-06 |   -4.2878e-01 |       -4.2878e-01 |
| RSNOWLIN2         |  2.4538e-02 |  3.0000e-02 | -5.4619e-03 |   -1.8206e-01 |       -1.8206e-01 |
| RCLDIFF           |  4.8740e-06 |  6.0000e-06 | -1.1260e-06 |   -1.8766e-01 |       -1.8766e-01 |
| RCLDIFF_CONVI     |  8.6681e+00 |  1.0000e+01 | -1.3319e+00 |   -1.3319e-01 |       -1.3319e-01 |
| RDEPLIQREFRATE    |  4.0824e-01 |  5.0000e-01 | -9.1763e-02 |   -1.8353e-01 |       -1.8353e-01 |
| RDEPLIQREFDEPTH   |  6.0769e+02 |  5.0000e+02 |  1.0769e+02 |    2.1537e-01 |        2.1537e-01 |
| RCL_OVERLAPLIQICE |  2.8926e-01 |  6.5000e-01 | -3.6074e-01 |   -5.5498e-01 |       -5.5498e-01 |
| RCL_INHOMOGAUT    |  1.6965e+00 |  1.5000e+00 |  1.9651e-01 |    1.3101e-01 |        1.3101e-01 |
| RCL_INHOMOGACC    |  1.7816e+00 |  3.0000e+00 | -1.2184e+00 |   -4.0613e-01 |       -4.0613e-01 |
| RMINICE           |  8.6419e+01 |  6.0000e+01 |  2.6419e+01 |    4.4031e-01 |        4.4031e-01 |
2026-04-27 08:30:55 | ectuner |     INFO -> Diagnostic maps saved to ../results/tuned_2d_LR/so_rsnt/tol_alfa_080/diagnostics_2d_phis_Global-South Midlat-South Pole_a08.nc
Copia del file YAML inviata a ../results/tuned_2d_LR/so_rsnt/tol_yaml_files
