2026-04-27 08:29:53 | ectuner |     INFO -> Loading 2D Data (Sensitivity, Reference, Base)...
   > Loading reference for net_toa from: climate_average_net_toa_CERES EBAF_r180x90_2000-2024.nc
   > Loading reference for rsnt from: climate_average_rsnt_CERES EBAF_r180x90_2000-2024.nc
--- Loading cached base maps for phis ---
2026-04-27 08:29:53 | ectuner |     INFO -> Generating spatial weights (Area * Region)...
2026-04-27 08:29:53 | ectuner |     INFO -> Variable net_toa: Initial Spatial RMSE (Weighted) = 12.4846
2026-04-27 08:29:53 | ectuner |     INFO -> Variable rsnt: Initial Spatial RMSE (Weighted) = 9.9180
2026-04-27 08:29:53 | ectuner |     INFO -> Flattening data for fast optimization...
2026-04-27 08:29:54 | ectuner |     INFO -> DEBUG: Global Bias for net_toa in optimizer: 7.3510
2026-04-27 08:29:54 | ectuner |     INFO -> DEBUG: Global Bias for rsnt in optimizer: -0.7210
2026-04-27 08:29:54 | ectuner |     INFO -> Starting 2D Optimization (dual_annealing)...
2026-04-27 08:31:39 | ectuner |     INFO -> 
==================== GLOBAL MEAN & ZONAL SUMMARY FROM 2D OPTIMIZATION ====================
2026-04-27 08:31:39 | ectuner |     INFO -> Variable     | Metric       |            Initial ->              Final | Status
2026-04-27 08:31:39 | ectuner |     INFO -> ------------------------------------------------------------------------------------------
2026-04-27 08:31:39 | ectuner |     INFO -> net_toa      | Global Bias |             7.3510 ->             1.8499 | IMPROVED
2026-04-27 08:31:39 | ectuner |     INFO ->              | Spatial RMSE  |            12.4846 ->             9.9862 | IMPROVED
2026-04-27 08:31:39 | ectuner |     INFO -> ------------------------------------------------------------------------------------------
2026-04-27 08:31:39 | ectuner |     INFO -> rsnt         | Global Bias |            -0.7210 ->            -0.0000 | IMPROVED
2026-04-27 08:31:39 | ectuner |     INFO ->              | Spatial RMSE  |             9.9180 ->            10.4269 | WORSENED
2026-04-27 08:31:39 | ectuner |     INFO -> ------------------------------------------------------------------------------------------
2026-04-27 08:31:39 | ectuner |     INFO -> Structured tuning YAML written to ../results/tuned_2d_LR/so_rsnt/tol_alfa_030/tuned_phis_a030.yml

| Parameter         |   New Value |   Old Value |      Change |   Rel. Change |   Dist. from Ref. |
|-------------------+-------------+-------------+-------------+---------------+-------------------|
| RPRCON            |  1.1061e-03 |  1.4000e-03 | -2.9386e-04 |   -2.0990e-01 |       -2.0990e-01 |
| ENTRORG           |  2.0699e-03 |  1.7500e-03 |  3.1993e-04 |    1.8282e-01 |        1.8282e-01 |
| DETRPEN           |  1.0024e-04 |  7.5000e-05 |  2.5239e-05 |    3.3652e-01 |        3.3652e-01 |
| ENTRDD            |  1.7638e-04 |  3.0000e-04 | -1.2362e-04 |   -4.1205e-01 |       -4.1205e-01 |
| RMFDEPS           |  4.6270e-01 |  3.0000e-01 |  1.6270e-01 |    5.4232e-01 |        5.4232e-01 |
| RVICE             |  2.0798e-01 |  1.3000e-01 |  7.7980e-02 |    5.9985e-01 |        5.9985e-01 |
| RLCRITSNOW        |  9.2928e-06 |  2.0000e-05 | -1.0707e-05 |   -5.3536e-01 |       -5.3536e-01 |
| RSNOWLIN2         |  1.5781e-02 |  3.0000e-02 | -1.4219e-02 |   -4.7395e-01 |       -4.7395e-01 |
| RCLDIFF           |  3.8891e-06 |  6.0000e-06 | -2.1109e-06 |   -3.5182e-01 |       -3.5182e-01 |
| RCLDIFF_CONVI     |  7.8862e+00 |  1.0000e+01 | -2.1138e+00 |   -2.1138e-01 |       -2.1138e-01 |
| RDEPLIQREFRATE    |  5.3711e-01 |  5.0000e-01 |  3.7111e-02 |    7.4222e-02 |        7.4222e-02 |
| RDEPLIQREFDEPTH   |  3.8727e+02 |  5.0000e+02 | -1.1273e+02 |   -2.2546e-01 |       -2.2546e-01 |
| RCL_OVERLAPLIQICE |  2.6017e-01 |  6.5000e-01 | -3.8983e-01 |   -5.9975e-01 |       -5.9975e-01 |
| RCL_INHOMOGAUT    |  8.3812e-01 |  1.5000e+00 | -6.6188e-01 |   -4.4125e-01 |       -4.4125e-01 |
| RCL_INHOMOGACC    |  3.5338e+00 |  3.0000e+00 |  5.3379e-01 |    1.7793e-01 |        1.7793e-01 |
| RMINICE           |  9.0127e+01 |  6.0000e+01 |  3.0127e+01 |    5.0212e-01 |        5.0212e-01 |
2026-04-27 08:31:39 | ectuner |     INFO -> Diagnostic maps saved to ../results/tuned_2d_LR/so_rsnt/tol_alfa_030/diagnostics_2d_phis_Global-South Midlat-South Pole_a03.nc
Copia del file YAML inviata a ../results/tuned_2d_LR/so_rsnt/tol_yaml_files
