2026-04-27 08:29:52 | ectuner |     INFO -> Loading 2D Data (Sensitivity, Reference, Base)...
   > Loading reference for net_toa from: climate_average_net_toa_CERES EBAF_r180x90_2000-2024.nc
   > Loading reference for rsnt from: climate_average_rsnt_CERES EBAF_r180x90_2000-2024.nc
--- Loading cached base maps for phis ---
2026-04-27 08:29:53 | ectuner |     INFO -> Generating spatial weights (Area * Region)...
2026-04-27 08:29:53 | ectuner |     INFO -> Variable net_toa: Initial Spatial RMSE (Weighted) = 12.4846
2026-04-27 08:29:53 | ectuner |     INFO -> Variable rsnt: Initial Spatial RMSE (Weighted) = 9.9180
2026-04-27 08:29:53 | ectuner |     INFO -> Flattening data for fast optimization...
2026-04-27 08:29:53 | ectuner |     INFO -> DEBUG: Global Bias for net_toa in optimizer: 7.3510
2026-04-27 08:29:53 | ectuner |     INFO -> DEBUG: Global Bias for rsnt in optimizer: -0.7210
2026-04-27 08:29:53 | ectuner |     INFO -> Starting 2D Optimization (dual_annealing)...
2026-04-27 08:32:17 | ectuner |     INFO -> 
==================== GLOBAL MEAN & ZONAL SUMMARY FROM 2D OPTIMIZATION ====================
2026-04-27 08:32:17 | ectuner |     INFO -> Variable     | Metric       |            Initial ->              Final | Status
2026-04-27 08:32:17 | ectuner |     INFO -> ------------------------------------------------------------------------------------------
2026-04-27 08:32:17 | ectuner |     INFO -> net_toa      | Global Bias |             7.3510 ->             1.1772 | IMPROVED
2026-04-27 08:32:17 | ectuner |     INFO ->              | Spatial RMSE  |            12.4846 ->            10.0971 | IMPROVED
2026-04-27 08:32:17 | ectuner |     INFO -> ------------------------------------------------------------------------------------------
2026-04-27 08:32:17 | ectuner |     INFO -> rsnt         | Global Bias |            -0.7210 ->            -0.0000 | IMPROVED
2026-04-27 08:32:17 | ectuner |     INFO ->              | Spatial RMSE  |             9.9180 ->            10.6689 | WORSENED
2026-04-27 08:32:17 | ectuner |     INFO -> ------------------------------------------------------------------------------------------
2026-04-27 08:32:17 | ectuner |     INFO -> Structured tuning YAML written to ../results/tuned_2d_LR/so_rsnt/tol_alfa_040/tuned_phis_a040.yml

| Parameter         |   New Value |   Old Value |      Change |   Rel. Change |   Dist. from Ref. |
|-------------------+-------------+-------------+-------------+---------------+-------------------|
| RPRCON            |  1.0674e-03 |  1.4000e-03 | -3.3255e-04 |   -2.3754e-01 |       -2.3754e-01 |
| ENTRORG           |  1.9765e-03 |  1.7500e-03 |  2.2654e-04 |    1.2945e-01 |        1.2945e-01 |
| DETRPEN           |  7.5483e-05 |  7.5000e-05 |  4.8318e-07 |    6.4424e-03 |        6.4424e-03 |
| ENTRDD            |  1.7406e-04 |  3.0000e-04 | -1.2594e-04 |   -4.1979e-01 |       -4.1979e-01 |
| RMFDEPS           |  3.9638e-01 |  3.0000e-01 |  9.6383e-02 |    3.2128e-01 |        3.2128e-01 |
| RVICE             |  2.0797e-01 |  1.3000e-01 |  7.7967e-02 |    5.9975e-01 |        5.9975e-01 |
| RLCRITSNOW        |  8.3719e-06 |  2.0000e-05 | -1.1628e-05 |   -5.8140e-01 |       -5.8140e-01 |
| RSNOWLIN2         |  1.3249e-02 |  3.0000e-02 | -1.6751e-02 |   -5.5838e-01 |       -5.5838e-01 |
| RCLDIFF           |  4.6660e-06 |  6.0000e-06 | -1.3340e-06 |   -2.2233e-01 |       -2.2233e-01 |
| RCLDIFF_CONVI     |  9.0117e+00 |  1.0000e+01 | -9.8829e-01 |   -9.8829e-02 |       -9.8829e-02 |
| RDEPLIQREFRATE    |  5.8268e-01 |  5.0000e-01 |  8.2679e-02 |    1.6536e-01 |        1.6536e-01 |
| RDEPLIQREFDEPTH   |  3.5764e+02 |  5.0000e+02 | -1.4236e+02 |   -2.8472e-01 |       -2.8472e-01 |
| RCL_OVERLAPLIQICE |  2.6004e-01 |  6.5000e-01 | -3.8996e-01 |   -5.9994e-01 |       -5.9994e-01 |
| RCL_INHOMOGAUT    |  8.3745e-01 |  1.5000e+00 | -6.6255e-01 |   -4.4170e-01 |       -4.4170e-01 |
| RCL_INHOMOGACC    |  2.7537e+00 |  3.0000e+00 | -2.4628e-01 |   -8.2095e-02 |       -8.2095e-02 |
| RMINICE           |  9.2446e+01 |  6.0000e+01 |  3.2446e+01 |    5.4077e-01 |        5.4077e-01 |
2026-04-27 08:32:17 | ectuner |     INFO -> Diagnostic maps saved to ../results/tuned_2d_LR/so_rsnt/tol_alfa_040/diagnostics_2d_phis_Global-South Midlat-South Pole_a04.nc
Copia del file YAML inviata a ../results/tuned_2d_LR/so_rsnt/tol_yaml_files
