2026-04-27 08:29:54 | ectuner |     INFO -> Loading 2D Data (Sensitivity, Reference, Base)...
   > Loading reference for net_toa from: climate_average_net_toa_CERES EBAF_r180x90_2000-2024.nc
   > Loading reference for rsnt from: climate_average_rsnt_CERES EBAF_r180x90_2000-2024.nc
--- Loading cached base maps for phis ---
2026-04-27 08:29:55 | ectuner |     INFO -> Generating spatial weights (Area * Region)...
2026-04-27 08:29:55 | ectuner |     INFO -> Variable net_toa: Initial Spatial RMSE (Weighted) = 12.4846
2026-04-27 08:29:55 | ectuner |     INFO -> Variable rsnt: Initial Spatial RMSE (Weighted) = 9.9180
2026-04-27 08:29:55 | ectuner |     INFO -> Flattening data for fast optimization...
2026-04-27 08:29:55 | ectuner |     INFO -> DEBUG: Global Bias for net_toa in optimizer: 7.3510
2026-04-27 08:29:55 | ectuner |     INFO -> DEBUG: Global Bias for rsnt in optimizer: -0.7210
2026-04-27 08:29:55 | ectuner |     INFO -> Starting 2D Optimization (dual_annealing)...
2026-04-27 08:30:54 | ectuner |     INFO -> 
==================== GLOBAL MEAN & ZONAL SUMMARY FROM 2D OPTIMIZATION ====================
2026-04-27 08:30:54 | ectuner |     INFO -> Variable     | Metric       |            Initial ->              Final | Status
2026-04-27 08:30:54 | ectuner |     INFO -> ------------------------------------------------------------------------------------------
2026-04-27 08:30:54 | ectuner |     INFO -> net_toa      | Global Bias |             7.3510 ->            -0.0236 | IMPROVED
2026-04-27 08:30:54 | ectuner |     INFO ->              | Spatial RMSE  |            12.4846 ->            11.9995 | IMPROVED
2026-04-27 08:30:54 | ectuner |     INFO -> ------------------------------------------------------------------------------------------
2026-04-27 08:30:54 | ectuner |     INFO -> rsnt         | Global Bias |            -0.7210 ->            -0.0001 | IMPROVED
2026-04-27 08:30:54 | ectuner |     INFO ->              | Spatial RMSE  |             9.9180 ->            11.8791 | WORSENED
2026-04-27 08:30:54 | ectuner |     INFO -> ------------------------------------------------------------------------------------------
2026-04-27 08:30:54 | ectuner |     INFO -> Structured tuning YAML written to ../results/tuned_2d_LR/so_rsnt/tol_alfa_070/tuned_phis_a070.yml

| Parameter         |   New Value |   Old Value |      Change |   Rel. Change |   Dist. from Ref. |
|-------------------+-------------+-------------+-------------+---------------+-------------------|
| RPRCON            |  2.1475e-03 |  1.4000e-03 |  7.4752e-04 |    5.3395e-01 |        5.3395e-01 |
| ENTRORG           |  2.4301e-03 |  1.7500e-03 |  6.8008e-04 |    3.8862e-01 |        3.8862e-01 |
| DETRPEN           |  7.2678e-05 |  7.5000e-05 | -2.3220e-06 |   -3.0960e-02 |       -3.0960e-02 |
| ENTRDD            |  1.5334e-04 |  3.0000e-04 | -1.4666e-04 |   -4.8887e-01 |       -4.8887e-01 |
| RMFDEPS           |  3.6580e-01 |  3.0000e-01 |  6.5803e-02 |    2.1934e-01 |        2.1934e-01 |
| RVICE             |  1.9306e-01 |  1.3000e-01 |  6.3056e-02 |    4.8504e-01 |        4.8504e-01 |
| RLCRITSNOW        |  8.6005e-06 |  2.0000e-05 | -1.1400e-05 |   -5.6998e-01 |       -5.6998e-01 |
| RSNOWLIN2         |  1.3088e-02 |  3.0000e-02 | -1.6912e-02 |   -5.6374e-01 |       -5.6374e-01 |
| RCLDIFF           |  9.1581e-06 |  6.0000e-06 |  3.1581e-06 |    5.2635e-01 |        5.2635e-01 |
| RCLDIFF_CONVI     |  8.1967e+00 |  1.0000e+01 | -1.8033e+00 |   -1.8033e-01 |       -1.8033e-01 |
| RDEPLIQREFRATE    |  4.1203e-01 |  5.0000e-01 | -8.7974e-02 |   -1.7595e-01 |       -1.7595e-01 |
| RDEPLIQREFDEPTH   |  7.3681e+02 |  5.0000e+02 |  2.3681e+02 |    4.7362e-01 |        4.7362e-01 |
| RCL_OVERLAPLIQICE |  3.0034e-01 |  6.5000e-01 | -3.4966e-01 |   -5.3794e-01 |       -5.3794e-01 |
| RCL_INHOMOGAUT    |  1.2488e+00 |  1.5000e+00 | -2.5116e-01 |   -1.6744e-01 |       -1.6744e-01 |
| RCL_INHOMOGACC    |  1.7275e+00 |  3.0000e+00 | -1.2725e+00 |   -4.2418e-01 |       -4.2418e-01 |
| RMINICE           |  4.6913e+01 |  6.0000e+01 | -1.3087e+01 |   -2.1812e-01 |       -2.1812e-01 |
2026-04-27 08:30:55 | ectuner |     INFO -> Diagnostic maps saved to ../results/tuned_2d_LR/so_rsnt/tol_alfa_070/diagnostics_2d_phis_Global-South Midlat-South Pole_a07.nc
Copia del file YAML inviata a ../results/tuned_2d_LR/so_rsnt/tol_yaml_files
