2026-04-27 08:29:54 | ectuner |     INFO -> Loading 2D Data (Sensitivity, Reference, Base)...
   > Loading reference for net_toa from: climate_average_net_toa_CERES EBAF_r180x90_2000-2024.nc
   > Loading reference for rsnt from: climate_average_rsnt_CERES EBAF_r180x90_2000-2024.nc
--- Loading cached base maps for phis ---
2026-04-27 08:29:55 | ectuner |     INFO -> Generating spatial weights (Area * Region)...
2026-04-27 08:29:55 | ectuner |     INFO -> Variable net_toa: Initial Spatial RMSE (Weighted) = 12.4846
2026-04-27 08:29:55 | ectuner |     INFO -> Variable rsnt: Initial Spatial RMSE (Weighted) = 9.9180
2026-04-27 08:29:55 | ectuner |     INFO -> Flattening data for fast optimization...
2026-04-27 08:29:55 | ectuner |     INFO -> DEBUG: Global Bias for net_toa in optimizer: 7.3510
2026-04-27 08:29:55 | ectuner |     INFO -> DEBUG: Global Bias for rsnt in optimizer: -0.7210
2026-04-27 08:29:55 | ectuner |     INFO -> Starting 2D Optimization (dual_annealing)...
2026-04-27 08:31:44 | ectuner |     INFO -> 
==================== GLOBAL MEAN & ZONAL SUMMARY FROM 2D OPTIMIZATION ====================
2026-04-27 08:31:44 | ectuner |     INFO -> Variable     | Metric       |            Initial ->              Final | Status
2026-04-27 08:31:44 | ectuner |     INFO -> ------------------------------------------------------------------------------------------
2026-04-27 08:31:44 | ectuner |     INFO -> net_toa      | Global Bias |             7.3510 ->             0.0171 | IMPROVED
2026-04-27 08:31:44 | ectuner |     INFO ->              | Spatial RMSE  |            12.4846 ->            11.3489 | IMPROVED
2026-04-27 08:31:44 | ectuner |     INFO -> ------------------------------------------------------------------------------------------
2026-04-27 08:31:44 | ectuner |     INFO -> rsnt         | Global Bias |            -0.7210 ->            -0.0000 | IMPROVED
2026-04-27 08:31:44 | ectuner |     INFO ->              | Spatial RMSE  |             9.9180 ->            11.3397 | WORSENED
2026-04-27 08:31:44 | ectuner |     INFO -> ------------------------------------------------------------------------------------------
2026-04-27 08:31:44 | ectuner |     INFO -> Structured tuning YAML written to ../results/tuned_2d_LR/so_rsnt/tol_alfa_050/tuned_phis_a050.yml

| Parameter         |   New Value |   Old Value |      Change |   Rel. Change |   Dist. from Ref. |
|-------------------+-------------+-------------+-------------+---------------+-------------------|
| RPRCON            |  1.7892e-03 |  1.4000e-03 |  3.8922e-04 |    2.7801e-01 |        2.7801e-01 |
| ENTRORG           |  2.4337e-03 |  1.7500e-03 |  6.8375e-04 |    3.9071e-01 |        3.9071e-01 |
| DETRPEN           |  6.3556e-05 |  7.5000e-05 | -1.1444e-05 |   -1.5259e-01 |       -1.5259e-01 |
| ENTRDD            |  2.3914e-04 |  3.0000e-04 | -6.0863e-05 |   -2.0288e-01 |       -2.0288e-01 |
| RMFDEPS           |  4.6539e-01 |  3.0000e-01 |  1.6539e-01 |    5.5129e-01 |        5.5129e-01 |
| RVICE             |  1.9842e-01 |  1.3000e-01 |  6.8416e-02 |    5.2628e-01 |        5.2628e-01 |
| RLCRITSNOW        |  8.0445e-06 |  2.0000e-05 | -1.1956e-05 |   -5.9778e-01 |       -5.9778e-01 |
| RSNOWLIN2         |  1.4253e-02 |  3.0000e-02 | -1.5747e-02 |   -5.2489e-01 |       -5.2489e-01 |
| RCLDIFF           |  3.2156e-06 |  6.0000e-06 | -2.7844e-06 |   -4.6407e-01 |       -4.6407e-01 |
| RCLDIFF_CONVI     |  5.3946e+00 |  1.0000e+01 | -4.6054e+00 |   -4.6054e-01 |       -4.6054e-01 |
| RDEPLIQREFRATE    |  5.6185e-01 |  5.0000e-01 |  6.1854e-02 |    1.2371e-01 |        1.2371e-01 |
| RDEPLIQREFDEPTH   |  3.2381e+02 |  5.0000e+02 | -1.7619e+02 |   -3.5238e-01 |       -3.5238e-01 |
| RCL_OVERLAPLIQICE |  2.6008e-01 |  6.5000e-01 | -3.8992e-01 |   -5.9988e-01 |       -5.9988e-01 |
| RCL_INHOMOGAUT    |  1.2288e+00 |  1.5000e+00 | -2.7121e-01 |   -1.8081e-01 |       -1.8081e-01 |
| RCL_INHOMOGACC    |  2.7685e+00 |  3.0000e+00 | -2.3153e-01 |   -7.7178e-02 |       -7.7178e-02 |
| RMINICE           |  6.9097e+01 |  6.0000e+01 |  9.0973e+00 |    1.5162e-01 |        1.5162e-01 |
2026-04-27 08:31:44 | ectuner |     INFO -> Diagnostic maps saved to ../results/tuned_2d_LR/so_rsnt/tol_alfa_050/diagnostics_2d_phis_Global-South Midlat-South Pole_a05.nc
Copia del file YAML inviata a ../results/tuned_2d_LR/so_rsnt/tol_yaml_files
