2026-04-16 16:47:49 | ectuner |     INFO -> Loading 2D Data (Sensitivity, Reference, Base)...
   > Loading reference for net_toa from: climate_average_net_toa_CERES EBAF_r180x90_2000-2024.nc
--- Loading cached base maps for phis ---
2026-04-16 16:47:50 | ectuner |     INFO -> Generating spatial weights (Area * Region)...
2026-04-16 16:47:50 | ectuner |     INFO -> Variable net_toa: Initial Spatial RMSE (Weighted) = 11.3965
2026-04-16 16:47:50 | ectuner |     INFO -> Flattening data for fast optimization...
2026-04-16 16:47:50 | ectuner |     INFO -> DEBUG: Global Bias for net_toa in optimizer: 5.6259
2026-04-16 16:47:50 | ectuner |     INFO -> Starting 2D Optimization (dual_annealing)...
2026-04-16 16:48:14 | ectuner |     INFO -> 
==================== GLOBAL MEAN & ZONAL SUMMARY FROM 2D OPTIMIZATION ====================
2026-04-16 16:48:14 | ectuner |     INFO -> Variable     | Metric       |            Initial ->              Final | Status
2026-04-16 16:48:14 | ectuner |     INFO -> ------------------------------------------------------------------------------------------
2026-04-16 16:48:14 | ectuner |     INFO -> net_toa      | Global Bias |             5.6259 ->             0.0000 | IMPROVED
2026-04-16 16:48:14 | ectuner |     INFO ->              | Spatial RMSE  |            11.3965 ->            10.3210 | IMPROVED
2026-04-16 16:48:14 | ectuner |     INFO -> ------------------------------------------------------------------------------------------
2026-04-16 16:48:14 | ectuner |     INFO -> Structured tuning YAML written to ../results/tuned_2d_LR/net_TOA/new_alfa_095/tuned_phis_a095.yml

| Parameter         |   New Value |   Old Value |      Change |   Rel. Change |   Dist. from Ref. |
|-------------------+-------------+-------------+-------------+---------------+-------------------|
| RPRCON            |  1.1579e-03 |  1.4000e-03 | -2.4214e-04 |   -1.7296e-01 |       -1.7296e-01 |
| ENTRORG           |  1.8859e-03 |  1.7500e-03 |  1.3591e-04 |    7.7661e-02 |        7.7661e-02 |
| DETRPEN           |  8.5690e-05 |  7.5000e-05 |  1.0690e-05 |    1.4254e-01 |        1.4254e-01 |
| ENTRDD            |  1.3110e-04 |  3.0000e-04 | -1.6890e-04 |   -5.6299e-01 |       -5.6299e-01 |
| RMFDEPS           |  4.7386e-01 |  3.0000e-01 |  1.7386e-01 |    5.7955e-01 |        5.7955e-01 |
| RVICE             |  1.3736e-01 |  1.3000e-01 |  7.3640e-03 |    5.6646e-02 |        5.6646e-02 |
| RLCRITSNOW        |  2.7578e-05 |  2.0000e-05 |  7.5782e-06 |    3.7891e-01 |        3.7891e-01 |
| RSNOWLIN2         |  1.7040e-02 |  3.0000e-02 | -1.2960e-02 |   -4.3200e-01 |       -4.3200e-01 |
| RCLDIFF           |  5.9370e-06 |  6.0000e-06 | -6.2977e-08 |   -1.0496e-02 |       -1.0496e-02 |
| RCLDIFF_CONVI     |  9.5872e+00 |  1.0000e+01 | -4.1277e-01 |   -4.1277e-02 |       -4.1277e-02 |
| RDEPLIQREFRATE    |  3.4081e-01 |  5.0000e-01 | -1.5919e-01 |   -3.1838e-01 |       -3.1838e-01 |
| RDEPLIQREFDEPTH   |  6.3830e+02 |  5.0000e+02 |  1.3830e+02 |    2.7659e-01 |        2.7659e-01 |
| RCL_OVERLAPLIQICE |  2.7222e-01 |  6.5000e-01 | -3.7778e-01 |   -5.8121e-01 |       -5.8121e-01 |
| RCL_INHOMOGAUT    |  1.3211e+00 |  1.5000e+00 | -1.7886e-01 |   -1.1924e-01 |       -1.1924e-01 |
| RCL_INHOMOGACC    |  1.8366e+00 |  3.0000e+00 | -1.1634e+00 |   -3.8779e-01 |       -3.8779e-01 |
| RMINICE           |  6.3857e+01 |  6.0000e+01 |  3.8569e+00 |    6.4281e-02 |        6.4281e-02 |
2026-04-16 16:48:14 | ectuner |     INFO -> Diagnostic maps saved to ../results/tuned_2d_LR/net_TOA/new_alfa_095/diagnostics_2d_phis_Global_a095.nc
Copia del file YAML inviata a ../results/tuned_2d_LR/net_TOA/new_yaml_files
