2026-04-16 16:47:46 | ectuner |     INFO -> Loading 2D Data (Sensitivity, Reference, Base)...
   > Loading reference for net_toa from: climate_average_net_toa_CERES EBAF_r180x90_2000-2024.nc
--- Loading cached base maps for phis ---
2026-04-16 16:47:47 | ectuner |     INFO -> Generating spatial weights (Area * Region)...
2026-04-16 16:47:47 | ectuner |     INFO -> Variable net_toa: Initial Spatial RMSE (Weighted) = 11.3965
2026-04-16 16:47:47 | ectuner |     INFO -> Flattening data for fast optimization...
2026-04-16 16:47:48 | ectuner |     INFO -> DEBUG: Global Bias for net_toa in optimizer: 5.6259
2026-04-16 16:47:48 | ectuner |     INFO -> Starting 2D Optimization (dual_annealing)...
2026-04-16 16:48:19 | ectuner |     INFO -> 
==================== GLOBAL MEAN & ZONAL SUMMARY FROM 2D OPTIMIZATION ====================
2026-04-16 16:48:19 | ectuner |     INFO -> Variable     | Metric       |            Initial ->              Final | Status
2026-04-16 16:48:19 | ectuner |     INFO -> ------------------------------------------------------------------------------------------
2026-04-16 16:48:20 | ectuner |     INFO -> net_toa      | Global Bias |             5.6259 ->             0.0000 | IMPROVED
2026-04-16 16:48:20 | ectuner |     INFO ->              | Spatial RMSE  |            11.3965 ->             9.7114 | IMPROVED
2026-04-16 16:48:20 | ectuner |     INFO -> ------------------------------------------------------------------------------------------
2026-04-16 16:48:20 | ectuner |     INFO -> Structured tuning YAML written to ../results/tuned_2d_LR/net_TOA/new_alfa_040/tuned_phis_a040.yml

| Parameter         |   New Value |   Old Value |      Change |   Rel. Change |   Dist. from Ref. |
|-------------------+-------------+-------------+-------------+---------------+-------------------|
| RPRCON            |  6.9001e-04 |  1.4000e-03 | -7.0999e-04 |   -5.0714e-01 |       -5.0714e-01 |
| ENTRORG           |  1.8153e-03 |  1.7500e-03 |  6.5341e-05 |    3.7338e-02 |        3.7338e-02 |
| DETRPEN           |  8.6510e-05 |  7.5000e-05 |  1.1510e-05 |    1.5347e-01 |        1.5347e-01 |
| ENTRDD            |  2.0685e-04 |  3.0000e-04 | -9.3150e-05 |   -3.1050e-01 |       -3.1050e-01 |
| RMFDEPS           |  4.0722e-01 |  3.0000e-01 |  1.0722e-01 |    3.5739e-01 |        3.5739e-01 |
| RVICE             |  1.9847e-01 |  1.3000e-01 |  6.8466e-02 |    5.2666e-01 |        5.2666e-01 |
| RLCRITSNOW        |  1.0807e-05 |  2.0000e-05 | -9.1935e-06 |   -4.5967e-01 |       -4.5967e-01 |
| RSNOWLIN2         |  1.6342e-02 |  3.0000e-02 | -1.3658e-02 |   -4.5525e-01 |       -4.5525e-01 |
| RCLDIFF           |  9.3708e-06 |  6.0000e-06 |  3.3708e-06 |    5.6179e-01 |        5.6179e-01 |
| RCLDIFF_CONVI     |  7.1538e+00 |  1.0000e+01 | -2.8462e+00 |   -2.8462e-01 |       -2.8462e-01 |
| RDEPLIQREFRATE    |  4.6335e-01 |  5.0000e-01 | -3.6647e-02 |   -7.3294e-02 |       -7.3294e-02 |
| RDEPLIQREFDEPTH   |  3.2859e+02 |  5.0000e+02 | -1.7141e+02 |   -3.4282e-01 |       -3.4282e-01 |
| RCL_OVERLAPLIQICE |  2.8319e-01 |  6.5000e-01 | -3.6681e-01 |   -5.6433e-01 |       -5.6433e-01 |
| RCL_INHOMOGAUT    |  9.4345e-01 |  1.5000e+00 | -5.5655e-01 |   -3.7103e-01 |       -3.7103e-01 |
| RCL_INHOMOGACC    |  2.0139e+00 |  3.0000e+00 | -9.8609e-01 |   -3.2870e-01 |       -3.2870e-01 |
| RMINICE           |  7.9595e+01 |  6.0000e+01 |  1.9595e+01 |    3.2659e-01 |        3.2659e-01 |
2026-04-16 16:48:20 | ectuner |     INFO -> Diagnostic maps saved to ../results/tuned_2d_LR/net_TOA/new_alfa_040/diagnostics_2d_phis_Global_a04.nc
Copia del file YAML inviata a ../results/tuned_2d_LR/net_TOA/new_yaml_files
