2026-04-16 16:47:49 | ectuner |     INFO -> Loading 2D Data (Sensitivity, Reference, Base)...
   > Loading reference for net_toa from: climate_average_net_toa_CERES EBAF_r180x90_2000-2024.nc
--- Loading cached base maps for phis ---
2026-04-16 16:47:50 | ectuner |     INFO -> Generating spatial weights (Area * Region)...
2026-04-16 16:47:50 | ectuner |     INFO -> Variable net_toa: Initial Spatial RMSE (Weighted) = 11.3965
2026-04-16 16:47:50 | ectuner |     INFO -> Flattening data for fast optimization...
2026-04-16 16:47:50 | ectuner |     INFO -> DEBUG: Global Bias for net_toa in optimizer: 5.6259
2026-04-16 16:47:50 | ectuner |     INFO -> Starting 2D Optimization (dual_annealing)...
2026-04-16 16:48:33 | ectuner |     INFO -> 
==================== GLOBAL MEAN & ZONAL SUMMARY FROM 2D OPTIMIZATION ====================
2026-04-16 16:48:33 | ectuner |     INFO -> Variable     | Metric       |            Initial ->              Final | Status
2026-04-16 16:48:33 | ectuner |     INFO -> ------------------------------------------------------------------------------------------
2026-04-16 16:48:33 | ectuner |     INFO -> net_toa      | Global Bias |             5.6259 ->             0.0000 | IMPROVED
2026-04-16 16:48:33 | ectuner |     INFO ->              | Spatial RMSE  |            11.3965 ->            10.3057 | IMPROVED
2026-04-16 16:48:33 | ectuner |     INFO -> ------------------------------------------------------------------------------------------
2026-04-16 16:48:33 | ectuner |     INFO -> Structured tuning YAML written to ../results/tuned_2d_LR/net_TOA/new_alfa_080/tuned_phis_a080.yml

| Parameter         |   New Value |   Old Value |      Change |   Rel. Change |   Dist. from Ref. |
|-------------------+-------------+-------------+-------------+---------------+-------------------|
| RPRCON            |  1.1746e-03 |  1.4000e-03 | -2.2541e-04 |   -1.6101e-01 |       -1.6101e-01 |
| ENTRORG           |  2.0264e-03 |  1.7500e-03 |  2.7643e-04 |    1.5796e-01 |        1.5796e-01 |
| DETRPEN           |  1.1083e-04 |  7.5000e-05 |  3.5833e-05 |    4.7777e-01 |        4.7777e-01 |
| ENTRDD            |  3.9858e-04 |  3.0000e-04 |  9.8577e-05 |    3.2859e-01 |        3.2859e-01 |
| RMFDEPS           |  3.9349e-01 |  3.0000e-01 |  9.3492e-02 |    3.1164e-01 |        3.1164e-01 |
| RVICE             |  2.0762e-01 |  1.3000e-01 |  7.7619e-02 |    5.9707e-01 |        5.9707e-01 |
| RLCRITSNOW        |  2.1439e-05 |  2.0000e-05 |  1.4393e-06 |    7.1966e-02 |        7.1966e-02 |
| RSNOWLIN2         |  1.9544e-02 |  3.0000e-02 | -1.0456e-02 |   -3.4853e-01 |       -3.4853e-01 |
| RCLDIFF           |  5.6048e-06 |  6.0000e-06 | -3.9524e-07 |   -6.5873e-02 |       -6.5873e-02 |
| RCLDIFF_CONVI     |  9.5462e+00 |  1.0000e+01 | -4.5384e-01 |   -4.5384e-02 |       -4.5384e-02 |
| RDEPLIQREFRATE    |  7.3447e-01 |  5.0000e-01 |  2.3447e-01 |    4.6895e-01 |        4.6895e-01 |
| RDEPLIQREFDEPTH   |  7.2326e+02 |  5.0000e+02 |  2.2326e+02 |    4.4652e-01 |        4.4652e-01 |
| RCL_OVERLAPLIQICE |  3.0385e-01 |  6.5000e-01 | -3.4615e-01 |   -5.3255e-01 |       -5.3255e-01 |
| RCL_INHOMOGAUT    |  2.3929e+00 |  1.5000e+00 |  8.9285e-01 |    5.9524e-01 |        5.9524e-01 |
| RCL_INHOMOGACC    |  1.7644e+00 |  3.0000e+00 | -1.2356e+00 |   -4.1188e-01 |       -4.1188e-01 |
| RMINICE           |  9.0953e+01 |  6.0000e+01 |  3.0953e+01 |    5.1588e-01 |        5.1588e-01 |
2026-04-16 16:48:34 | ectuner |     INFO -> Diagnostic maps saved to ../results/tuned_2d_LR/net_TOA/new_alfa_080/diagnostics_2d_phis_Global_a08.nc
Copia del file YAML inviata a ../results/tuned_2d_LR/net_TOA/new_yaml_files
