2026-04-16 16:47:48 | ectuner |     INFO -> Loading 2D Data (Sensitivity, Reference, Base)...
   > Loading reference for net_toa from: climate_average_net_toa_CERES EBAF_r180x90_2000-2024.nc
--- Loading cached base maps for phis ---
2026-04-16 16:47:49 | ectuner |     INFO -> Generating spatial weights (Area * Region)...
2026-04-16 16:47:49 | ectuner |     INFO -> Variable net_toa: Initial Spatial RMSE (Weighted) = 11.3965
2026-04-16 16:47:49 | ectuner |     INFO -> Flattening data for fast optimization...
2026-04-16 16:47:49 | ectuner |     INFO -> DEBUG: Global Bias for net_toa in optimizer: 5.6259
2026-04-16 16:47:49 | ectuner |     INFO -> Starting 2D Optimization (dual_annealing)...
2026-04-16 16:48:23 | ectuner |     INFO -> 
==================== GLOBAL MEAN & ZONAL SUMMARY FROM 2D OPTIMIZATION ====================
2026-04-16 16:48:23 | ectuner |     INFO -> Variable     | Metric       |            Initial ->              Final | Status
2026-04-16 16:48:23 | ectuner |     INFO -> ------------------------------------------------------------------------------------------
2026-04-16 16:48:23 | ectuner |     INFO -> net_toa      | Global Bias |             5.6259 ->             0.0000 | IMPROVED
2026-04-16 16:48:23 | ectuner |     INFO ->              | Spatial RMSE  |            11.3965 ->             9.2718 | IMPROVED
2026-04-16 16:48:23 | ectuner |     INFO -> ------------------------------------------------------------------------------------------
2026-04-16 16:48:23 | ectuner |     INFO -> Structured tuning YAML written to ../results/tuned_2d_LR/net_TOA/new_alfa_020/tuned_phis_a020.yml

| Parameter         |   New Value |   Old Value |      Change |   Rel. Change |   Dist. from Ref. |
|-------------------+-------------+-------------+-------------+---------------+-------------------|
| RPRCON            |  5.6744e-04 |  1.4000e-03 | -8.3256e-04 |   -5.9469e-01 |       -5.9469e-01 |
| ENTRORG           |  1.4940e-03 |  1.7500e-03 | -2.5603e-04 |   -1.4631e-01 |       -1.4631e-01 |
| DETRPEN           |  9.9440e-05 |  7.5000e-05 |  2.4440e-05 |    3.2586e-01 |        3.2586e-01 |
| ENTRDD            |  1.4337e-04 |  3.0000e-04 | -1.5663e-04 |   -5.2212e-01 |       -5.2212e-01 |
| RMFDEPS           |  4.7542e-01 |  3.0000e-01 |  1.7542e-01 |    5.8473e-01 |        5.8473e-01 |
| RVICE             |  2.0798e-01 |  1.3000e-01 |  7.7984e-02 |    5.9987e-01 |        5.9987e-01 |
| RLCRITSNOW        |  8.0000e-06 |  2.0000e-05 | -1.2000e-05 |   -6.0000e-01 |       -6.0000e-01 |
| RSNOWLIN2         |  1.2099e-02 |  3.0000e-02 | -1.7901e-02 |   -5.9671e-01 |       -5.9671e-01 |
| RCLDIFF           |  2.4195e-06 |  6.0000e-06 | -3.5805e-06 |   -5.9674e-01 |       -5.9674e-01 |
| RCLDIFF_CONVI     |  6.9029e+00 |  1.0000e+01 | -3.0971e+00 |   -3.0971e-01 |       -3.0971e-01 |
| RDEPLIQREFRATE    |  5.5827e-01 |  5.0000e-01 |  5.8275e-02 |    1.1655e-01 |        1.1655e-01 |
| RDEPLIQREFDEPTH   |  4.2100e+02 |  5.0000e+02 | -7.9004e+01 |   -1.5801e-01 |       -1.5801e-01 |
| RCL_OVERLAPLIQICE |  2.6006e-01 |  6.5000e-01 | -3.8994e-01 |   -5.9991e-01 |       -5.9991e-01 |
| RCL_INHOMOGAUT    |  6.6430e-01 |  1.5000e+00 | -8.3570e-01 |   -5.5714e-01 |       -5.5714e-01 |
| RCL_INHOMOGACC    |  2.7394e+00 |  3.0000e+00 | -2.6056e-01 |   -8.6853e-02 |       -8.6853e-02 |
| RMINICE           |  9.4641e+01 |  6.0000e+01 |  3.4641e+01 |    5.7735e-01 |        5.7735e-01 |
2026-04-16 16:48:23 | ectuner |     INFO -> Diagnostic maps saved to ../results/tuned_2d_LR/net_TOA/new_alfa_020/diagnostics_2d_phis_Global_a02.nc
Copia del file YAML inviata a ../results/tuned_2d_LR/net_TOA/new_yaml_files
