2026-04-16 09:58:34 | ectuner |     INFO -> Loading 2D Data (Sensitivity, Reference, Base)...
   > Loading reference for net_toa from: climate_average_net_toa_CERES EBAF_r180x90_2000-2024.nc
--- Loading cached base maps for phis ---
2026-04-16 09:58:35 | ectuner |     INFO -> Generating spatial weights (Area * Region)...
2026-04-16 09:58:35 | ectuner |     INFO -> Variable net_toa: Initial Spatial RMSE (Weighted) = 11.3965
2026-04-16 09:58:35 | ectuner |     INFO -> Flattening data for fast optimization...
2026-04-16 09:58:35 | ectuner |     INFO -> DEBUG: Global Bias for net_toa in optimizer: 5.6259
2026-04-16 09:58:35 | ectuner |     INFO -> Starting 2D Optimization (dual_annealing)...
2026-04-16 09:59:02 | ectuner |     INFO -> 
==================== GLOBAL MEAN & ZONAL SUMMARY FROM 2D OPTIMIZATION ====================
2026-04-16 09:59:02 | ectuner |     INFO -> Variable     | Metric       |            Initial ->              Final | Status
2026-04-16 09:59:02 | ectuner |     INFO -> ------------------------------------------------------------------------------------------
2026-04-16 09:59:02 | ectuner |     INFO -> net_toa      | Global Bias |             5.6259 ->             0.6821 | IMPROVED
2026-04-16 09:59:02 | ectuner |     INFO ->              | Spatial RMSE  |            11.3965 ->             9.1437 | IMPROVED
2026-04-16 09:59:02 | ectuner |     INFO -> ------------------------------------------------------------------------------------------
2026-04-16 09:59:03 | ectuner |     INFO -> Structured tuning YAML written to ../results/tuned_2d_LR/net_TOA/new_alfa_012/tuned_phis_a012.yml

| Parameter         |   New Value |   Old Value |      Change |   Rel. Change |   Dist. from Ref. |
|-------------------+-------------+-------------+-------------+---------------+-------------------|
| RPRCON            |  5.6000e-04 |  1.4000e-03 | -8.4000e-04 |   -6.0000e-01 |       -6.0000e-01 |
| ENTRORG           |  1.4489e-03 |  1.7500e-03 | -3.0112e-04 |   -1.7207e-01 |       -1.7207e-01 |
| DETRPEN           |  1.0281e-04 |  7.5000e-05 |  2.7813e-05 |    3.7084e-01 |        3.7084e-01 |
| ENTRDD            |  1.5632e-04 |  3.0000e-04 | -1.4368e-04 |   -4.7892e-01 |       -4.7892e-01 |
| RMFDEPS           |  4.7411e-01 |  3.0000e-01 |  1.7411e-01 |    5.8037e-01 |        5.8037e-01 |
| RVICE             |  2.0800e-01 |  1.3000e-01 |  7.8000e-02 |    6.0000e-01 |        6.0000e-01 |
| RLCRITSNOW        |  8.0000e-06 |  2.0000e-05 | -1.2000e-05 |   -6.0000e-01 |       -6.0000e-01 |
| RSNOWLIN2         |  1.2000e-02 |  3.0000e-02 | -1.8000e-02 |   -6.0000e-01 |       -6.0000e-01 |
| RCLDIFF           |  2.8141e-06 |  6.0000e-06 | -3.1859e-06 |   -5.3098e-01 |       -5.3098e-01 |
| RCLDIFF_CONVI     |  7.2371e+00 |  1.0000e+01 | -2.7629e+00 |   -2.7629e-01 |       -2.7629e-01 |
| RDEPLIQREFRATE    |  5.7317e-01 |  5.0000e-01 |  7.3173e-02 |    1.4635e-01 |        1.4635e-01 |
| RDEPLIQREFDEPTH   |  4.4460e+02 |  5.0000e+02 | -5.5400e+01 |   -1.1080e-01 |       -1.1080e-01 |
| RCL_OVERLAPLIQICE |  2.6000e-01 |  6.5000e-01 | -3.9000e-01 |   -6.0000e-01 |       -6.0000e-01 |
| RCL_INHOMOGAUT    |  7.3130e-01 |  1.5000e+00 | -7.6870e-01 |   -5.1247e-01 |       -5.1247e-01 |
| RCL_INHOMOGACC    |  2.8656e+00 |  3.0000e+00 | -1.3440e-01 |   -4.4800e-02 |       -4.4800e-02 |
| RMINICE           |  9.1753e+01 |  6.0000e+01 |  3.1753e+01 |    5.2922e-01 |        5.2922e-01 |
2026-04-16 09:59:03 | ectuner |     INFO -> Diagnostic maps saved to ../results/tuned_2d_LR/net_TOA/new_alfa_012/diagnostics_2d_phis_Global_a012.nc
Copia del file YAML inviata a ../results/tuned_2d_LR/net_TOA/new_yaml_files
