2026-04-16 16:47:50 | ectuner |     INFO -> Loading 2D Data (Sensitivity, Reference, Base)...
   > Loading reference for net_toa from: climate_average_net_toa_CERES EBAF_r180x90_2000-2024.nc
--- Loading cached base maps for phis ---
2026-04-16 16:47:51 | ectuner |     INFO -> Generating spatial weights (Area * Region)...
2026-04-16 16:47:51 | ectuner |     INFO -> Variable net_toa: Initial Spatial RMSE (Weighted) = 11.3965
2026-04-16 16:47:51 | ectuner |     INFO -> Flattening data for fast optimization...
2026-04-16 16:47:51 | ectuner |     INFO -> DEBUG: Global Bias for net_toa in optimizer: 5.6259
2026-04-16 16:47:51 | ectuner |     INFO -> Starting 2D Optimization (dual_annealing)...
2026-04-16 16:48:14 | ectuner |     INFO -> 
==================== GLOBAL MEAN & ZONAL SUMMARY FROM 2D OPTIMIZATION ====================
2026-04-16 16:48:14 | ectuner |     INFO -> Variable     | Metric       |            Initial ->              Final | Status
2026-04-16 16:48:14 | ectuner |     INFO -> ------------------------------------------------------------------------------------------
2026-04-16 16:48:14 | ectuner |     INFO -> net_toa      | Global Bias |             5.6259 ->             0.0000 | IMPROVED
2026-04-16 16:48:14 | ectuner |     INFO ->              | Spatial RMSE  |            11.3965 ->             9.5570 | IMPROVED
2026-04-16 16:48:14 | ectuner |     INFO -> ------------------------------------------------------------------------------------------
2026-04-16 16:48:14 | ectuner |     INFO -> Structured tuning YAML written to ../results/tuned_2d_LR/net_TOA/new_alfa_070/tuned_phis_a070.yml

| Parameter         |   New Value |   Old Value |      Change |   Rel. Change |   Dist. from Ref. |
|-------------------+-------------+-------------+-------------+---------------+-------------------|
| RPRCON            |  8.2092e-04 |  1.4000e-03 | -5.7908e-04 |   -4.1363e-01 |       -4.1363e-01 |
| ENTRORG           |  1.0984e-03 |  1.7500e-03 | -6.5159e-04 |   -3.7233e-01 |       -3.7233e-01 |
| DETRPEN           |  9.7119e-05 |  7.5000e-05 |  2.2119e-05 |    2.9492e-01 |        2.9492e-01 |
| ENTRDD            |  1.2000e-04 |  3.0000e-04 | -1.8000e-04 |   -6.0000e-01 |       -6.0000e-01 |
| RMFDEPS           |  4.2046e-01 |  3.0000e-01 |  1.2046e-01 |    4.0154e-01 |        4.0154e-01 |
| RVICE             |  2.0267e-01 |  1.3000e-01 |  7.2674e-02 |    5.5903e-01 |        5.5903e-01 |
| RLCRITSNOW        |  8.0000e-06 |  2.0000e-05 | -1.2000e-05 |   -6.0000e-01 |       -6.0000e-01 |
| RSNOWLIN2         |  1.7007e-02 |  3.0000e-02 | -1.2993e-02 |   -4.3312e-01 |       -4.3312e-01 |
| RCLDIFF           |  2.4000e-06 |  6.0000e-06 | -3.6000e-06 |   -6.0000e-01 |       -6.0000e-01 |
| RCLDIFF_CONVI     |  7.9840e+00 |  1.0000e+01 | -2.0160e+00 |   -2.0160e-01 |       -2.0160e-01 |
| RDEPLIQREFRATE    |  2.7144e-01 |  5.0000e-01 | -2.2856e-01 |   -4.5711e-01 |       -4.5711e-01 |
| RDEPLIQREFDEPTH   |  5.9880e+02 |  5.0000e+02 |  9.8805e+01 |    1.9761e-01 |        1.9761e-01 |
| RCL_OVERLAPLIQICE |  2.7253e-01 |  6.5000e-01 | -3.7747e-01 |   -5.8073e-01 |       -5.8073e-01 |
| RCL_INHOMOGAUT    |  1.0060e+00 |  1.5000e+00 | -4.9397e-01 |   -3.2932e-01 |       -3.2932e-01 |
| RCL_INHOMOGACC    |  1.3470e+00 |  3.0000e+00 | -1.6530e+00 |   -5.5101e-01 |       -5.5101e-01 |
| RMINICE           |  7.2254e+01 |  6.0000e+01 |  1.2254e+01 |    2.0424e-01 |        2.0424e-01 |
2026-04-16 16:48:14 | ectuner |     INFO -> Diagnostic maps saved to ../results/tuned_2d_LR/net_TOA/new_alfa_070/diagnostics_2d_phis_Global_a07.nc
Copia del file YAML inviata a ../results/tuned_2d_LR/net_TOA/new_yaml_files
