2026-04-16 08:53:30 | ectuner |     INFO -> Loading 2D Data (Sensitivity, Reference, Base)...
   > Loading reference for net_toa from: climate_average_net_toa_CERES EBAF_r180x90_2000-2024.nc
--- Loading cached base maps for phis ---
2026-04-16 08:53:30 | ectuner |     INFO -> Generating spatial weights (Area * Region)...
2026-04-16 08:53:30 | ectuner |     INFO -> Variable net_toa: Initial Spatial RMSE (Weighted) = 11.3965
2026-04-16 08:53:30 | ectuner |     INFO -> Flattening data for fast optimization...
2026-04-16 08:53:31 | ectuner |     INFO -> DEBUG: Global Bias for net_toa in optimizer: 5.6259
2026-04-16 08:53:31 | ectuner |     INFO -> Starting 2D Optimization (dual_annealing)...
2026-04-16 08:53:57 | ectuner |     INFO -> 
==================== GLOBAL MEAN & ZONAL SUMMARY FROM 2D OPTIMIZATION ====================
2026-04-16 08:53:57 | ectuner |     INFO -> Variable     | Metric       |            Initial ->              Final | Status
2026-04-16 08:53:57 | ectuner |     INFO -> ------------------------------------------------------------------------------------------
2026-04-16 08:53:57 | ectuner |     INFO -> net_toa      | Global Bias |             5.6259 ->             0.0000 | IMPROVED
2026-04-16 08:53:57 | ectuner |     INFO ->              | Spatial RMSE  |            11.3965 ->            10.5308 | IMPROVED
2026-04-16 08:53:57 | ectuner |     INFO -> ------------------------------------------------------------------------------------------
2026-04-16 08:53:57 | ectuner |     INFO -> Structured tuning YAML written to ../results/tuned_2d_LR/net_TOA/new_alfa_099/tuned_phis_a099.yml

| Parameter         |   New Value |   Old Value |      Change |   Rel. Change |   Dist. from Ref. |
|-------------------+-------------+-------------+-------------+---------------+-------------------|
| RPRCON            |  1.5583e-03 |  1.4000e-03 |  1.5826e-04 |    1.1304e-01 |        1.1304e-01 |
| ENTRORG           |  1.8895e-03 |  1.7500e-03 |  1.3949e-04 |    7.9711e-02 |        7.9711e-02 |
| DETRPEN           |  9.9344e-05 |  7.5000e-05 |  2.4344e-05 |    3.2459e-01 |        3.2459e-01 |
| ENTRDD            |  1.5738e-04 |  3.0000e-04 | -1.4262e-04 |   -4.7541e-01 |       -4.7541e-01 |
| RMFDEPS           |  3.9866e-01 |  3.0000e-01 |  9.8657e-02 |    3.2886e-01 |        3.2886e-01 |
| RVICE             |  2.0386e-01 |  1.3000e-01 |  7.3858e-02 |    5.6814e-01 |        5.6814e-01 |
| RLCRITSNOW        |  1.7378e-05 |  2.0000e-05 | -2.6219e-06 |   -1.3110e-01 |       -1.3110e-01 |
| RSNOWLIN2         |  4.5742e-02 |  3.0000e-02 |  1.5742e-02 |    5.2475e-01 |        5.2475e-01 |
| RCLDIFF           |  6.9749e-06 |  6.0000e-06 |  9.7494e-07 |    1.6249e-01 |        1.6249e-01 |
| RCLDIFF_CONVI     |  5.7526e+00 |  1.0000e+01 | -4.2474e+00 |   -4.2474e-01 |       -4.2474e-01 |
| RDEPLIQREFRATE    |  2.9448e-01 |  5.0000e-01 | -2.0552e-01 |   -4.1104e-01 |       -4.1104e-01 |
| RDEPLIQREFDEPTH   |  7.0888e+02 |  5.0000e+02 |  2.0888e+02 |    4.1776e-01 |        4.1776e-01 |
| RCL_OVERLAPLIQICE |  2.7658e-01 |  6.5000e-01 | -3.7342e-01 |   -5.7449e-01 |       -5.7449e-01 |
| RCL_INHOMOGAUT    |  1.0815e+00 |  1.5000e+00 | -4.1849e-01 |   -2.7899e-01 |       -2.7899e-01 |
| RCL_INHOMOGACC    |  1.6395e+00 |  3.0000e+00 | -1.3605e+00 |   -4.5349e-01 |       -4.5349e-01 |
| RMINICE           |  7.4720e+01 |  6.0000e+01 |  1.4720e+01 |    2.4534e-01 |        2.4534e-01 |
2026-04-16 08:53:58 | ectuner |     INFO -> Diagnostic maps saved to ../results/tuned_2d_LR/net_TOA/new_alfa_099/diagnostics_2d_phis_Global_a099.nc
Copia del file YAML inviata a ../results/tuned_2d_LR/net_TOA/new_yaml_files
