2026-04-23 12:09:18 | ectuner |     INFO -> Loading 2D Data (Sensitivity, Reference, Base)...
   > Loading reference for net_toa from: climate_average_net_toa_CERES EBAF_r180x90_2000-2024.nc
--- Loading cached base maps for phis ---
2026-04-23 12:09:19 | ectuner |     INFO -> Generating spatial weights (Area * Region)...
2026-04-23 12:09:19 | ectuner |     INFO -> Variable net_toa: Initial Spatial RMSE (Weighted) = 11.3965
2026-04-23 12:09:19 | ectuner |     INFO -> Flattening data for fast optimization...
2026-04-23 12:09:19 | ectuner |     INFO -> DEBUG: Global Bias for net_toa in optimizer: 5.6259
2026-04-23 12:09:19 | ectuner |     INFO -> Starting 2D Optimization (dual_annealing)...
2026-04-23 12:10:10 | ectuner |     INFO -> 
==================== GLOBAL MEAN & ZONAL SUMMARY FROM 2D OPTIMIZATION ====================
2026-04-23 12:10:10 | ectuner |     INFO -> Variable     | Metric       |            Initial ->              Final | Status
2026-04-23 12:10:10 | ectuner |     INFO -> ------------------------------------------------------------------------------------------
2026-04-23 12:10:10 | ectuner |     INFO -> net_toa      | Global Bias |             5.6259 ->             0.0000 | IMPROVED
2026-04-23 12:10:10 | ectuner |     INFO ->              | Spatial RMSE  |            11.3965 ->             9.4468 | IMPROVED
2026-04-23 12:10:10 | ectuner |     INFO -> ------------------------------------------------------------------------------------------
2026-04-23 12:10:10 | ectuner |     INFO -> Structured tuning YAML written to ../results/tuned_2d_LR/net_TOA/new_prova_alfa_030/tuned_phis_a030.yml

| Parameter         |   New Value |   Old Value |      Change |   Rel. Change |   Dist. from Ref. |
|-------------------+-------------+-------------+-------------+---------------+-------------------|
| RPRCON            |  5.8905e-04 |  1.4000e-03 | -8.1095e-04 |   -5.7925e-01 |       -5.7925e-01 |
| ENTRORG           |  1.6735e-03 |  1.7500e-03 | -7.6455e-05 |   -4.3689e-02 |       -4.3689e-02 |
| DETRPEN           |  8.0287e-05 |  7.5000e-05 |  5.2865e-06 |    7.0487e-02 |        7.0487e-02 |
| ENTRDD            |  1.8999e-04 |  3.0000e-04 | -1.1001e-04 |   -3.6669e-01 |       -3.6669e-01 |
| RMFDEPS           |  4.3544e-01 |  3.0000e-01 |  1.3544e-01 |    4.5148e-01 |        4.5148e-01 |
| RVICE             |  2.0298e-01 |  1.3000e-01 |  7.2981e-02 |    5.6139e-01 |        5.6139e-01 |
| RLCRITSNOW        |  8.0000e-06 |  2.0000e-05 | -1.2000e-05 |   -6.0000e-01 |       -6.0000e-01 |
| RSNOWLIN2         |  1.6068e-02 |  3.0000e-02 | -1.3932e-02 |   -4.6441e-01 |       -4.6441e-01 |
| RCLDIFF           |  2.4000e-06 |  6.0000e-06 | -3.6000e-06 |   -6.0000e-01 |       -6.0000e-01 |
| RCLDIFF_CONVI     |  5.8046e+00 |  1.0000e+01 | -4.1954e+00 |   -4.1954e-01 |       -4.1954e-01 |
| RDEPLIQREFRATE    |  4.1126e-01 |  5.0000e-01 | -8.8742e-02 |   -1.7748e-01 |       -1.7748e-01 |
| RDEPLIQREFDEPTH   |  4.4085e+02 |  5.0000e+02 | -5.9148e+01 |   -1.1830e-01 |       -1.1830e-01 |
| RCL_OVERLAPLIQICE |  2.6003e-01 |  6.5000e-01 | -3.8997e-01 |   -5.9995e-01 |       -5.9995e-01 |
| RCL_INHOMOGAUT    |  1.8133e+00 |  1.5000e+00 |  3.1328e-01 |    2.0885e-01 |        2.0885e-01 |
| RCL_INHOMOGACC    |  2.3565e+00 |  3.0000e+00 | -6.4353e-01 |   -2.1451e-01 |       -2.1451e-01 |
| RMINICE           |  9.1074e+01 |  6.0000e+01 |  3.1074e+01 |    5.1789e-01 |        5.1789e-01 |
2026-04-23 12:10:10 | ectuner |     INFO -> Diagnostic maps saved to ../results/tuned_2d_LR/net_TOA/new_prova_alfa_030/diagnostics_2d_phis_Global_a03.nc
Copia del file YAML inviata a ../results/tuned_2d_LR/net_TOA/new_prova_yaml_files
