2026-04-23 12:09:15 | ectuner |     INFO -> Loading 2D Data (Sensitivity, Reference, Base)...
   > Loading reference for net_toa from: climate_average_net_toa_CERES EBAF_r180x90_2000-2024.nc
--- Loading cached base maps for phis ---
2026-04-23 12:09:17 | ectuner |     INFO -> Generating spatial weights (Area * Region)...
2026-04-23 12:09:17 | ectuner |     INFO -> Variable net_toa: Initial Spatial RMSE (Weighted) = 11.3965
2026-04-23 12:09:17 | ectuner |     INFO -> Flattening data for fast optimization...
2026-04-23 12:09:17 | ectuner |     INFO -> DEBUG: Global Bias for net_toa in optimizer: 5.6259
2026-04-23 12:09:17 | ectuner |     INFO -> Starting 2D Optimization (dual_annealing)...
2026-04-23 12:10:09 | ectuner |     INFO -> 
==================== GLOBAL MEAN & ZONAL SUMMARY FROM 2D OPTIMIZATION ====================
2026-04-23 12:10:09 | ectuner |     INFO -> Variable     | Metric       |            Initial ->              Final | Status
2026-04-23 12:10:09 | ectuner |     INFO -> ------------------------------------------------------------------------------------------
2026-04-23 12:10:09 | ectuner |     INFO -> net_toa      | Global Bias |             5.6259 ->            -0.0000 | IMPROVED
2026-04-23 12:10:09 | ectuner |     INFO ->              | Spatial RMSE  |            11.3965 ->             9.8194 | IMPROVED
2026-04-23 12:10:09 | ectuner |     INFO -> ------------------------------------------------------------------------------------------
2026-04-23 12:10:09 | ectuner |     INFO -> Structured tuning YAML written to ../results/tuned_2d_LR/net_TOA/new_prova_alfa_040/tuned_phis_a040.yml

| Parameter         |   New Value |   Old Value |      Change |   Rel. Change |   Dist. from Ref. |
|-------------------+-------------+-------------+-------------+---------------+-------------------|
| RPRCON            |  8.0276e-04 |  1.4000e-03 | -5.9724e-04 |   -4.2660e-01 |       -4.2660e-01 |
| ENTRORG           |  1.9456e-03 |  1.7500e-03 |  1.9563e-04 |    1.1179e-01 |        1.1179e-01 |
| DETRPEN           |  1.0272e-04 |  7.5000e-05 |  2.7720e-05 |    3.6960e-01 |        3.6960e-01 |
| ENTRDD            |  2.9288e-04 |  3.0000e-04 | -7.1186e-06 |   -2.3729e-02 |       -2.3729e-02 |
| RMFDEPS           |  3.8839e-01 |  3.0000e-01 |  8.8388e-02 |    2.9463e-01 |        2.9463e-01 |
| RVICE             |  1.6387e-01 |  1.3000e-01 |  3.3874e-02 |    2.6057e-01 |        2.6057e-01 |
| RLCRITSNOW        |  8.2524e-06 |  2.0000e-05 | -1.1748e-05 |   -5.8738e-01 |       -5.8738e-01 |
| RSNOWLIN2         |  1.5323e-02 |  3.0000e-02 | -1.4677e-02 |   -4.8922e-01 |       -4.8922e-01 |
| RCLDIFF           |  4.8007e-06 |  6.0000e-06 | -1.1993e-06 |   -1.9989e-01 |       -1.9989e-01 |
| RCLDIFF_CONVI     |  1.0347e+01 |  1.0000e+01 |  3.4693e-01 |    3.4693e-02 |        3.4693e-02 |
| RDEPLIQREFRATE    |  7.2940e-01 |  5.0000e-01 |  2.2940e-01 |    4.5881e-01 |        4.5881e-01 |
| RDEPLIQREFDEPTH   |  4.7723e+02 |  5.0000e+02 | -2.2771e+01 |   -4.5542e-02 |       -4.5542e-02 |
| RCL_OVERLAPLIQICE |  2.6637e-01 |  6.5000e-01 | -3.8363e-01 |   -5.9021e-01 |       -5.9021e-01 |
| RCL_INHOMOGAUT    |  1.8121e+00 |  1.5000e+00 |  3.1207e-01 |    2.0804e-01 |        2.0804e-01 |
| RCL_INHOMOGACC    |  2.1335e+00 |  3.0000e+00 | -8.6651e-01 |   -2.8884e-01 |       -2.8884e-01 |
| RMINICE           |  9.3214e+01 |  6.0000e+01 |  3.3214e+01 |    5.5357e-01 |        5.5357e-01 |
2026-04-23 12:10:09 | ectuner |     INFO -> Diagnostic maps saved to ../results/tuned_2d_LR/net_TOA/new_prova_alfa_040/diagnostics_2d_phis_Global_a04.nc
Copia del file YAML inviata a ../results/tuned_2d_LR/net_TOA/new_prova_yaml_files
