2026-04-23 12:09:16 | ectuner |     INFO -> Loading 2D Data (Sensitivity, Reference, Base)...
   > Loading reference for net_toa from: climate_average_net_toa_CERES EBAF_r180x90_2000-2024.nc
--- Loading cached base maps for phis ---
2026-04-23 12:09:18 | ectuner |     INFO -> Generating spatial weights (Area * Region)...
2026-04-23 12:09:18 | ectuner |     INFO -> Variable net_toa: Initial Spatial RMSE (Weighted) = 11.3965
2026-04-23 12:09:18 | ectuner |     INFO -> Flattening data for fast optimization...
2026-04-23 12:09:18 | ectuner |     INFO -> DEBUG: Global Bias for net_toa in optimizer: 5.6259
2026-04-23 12:09:18 | ectuner |     INFO -> Starting 2D Optimization (dual_annealing)...
2026-04-23 12:09:44 | ectuner |     INFO -> 
==================== GLOBAL MEAN & ZONAL SUMMARY FROM 2D OPTIMIZATION ====================
2026-04-23 12:09:44 | ectuner |     INFO -> Variable     | Metric       |            Initial ->              Final | Status
2026-04-23 12:09:44 | ectuner |     INFO -> ------------------------------------------------------------------------------------------
2026-04-23 12:09:44 | ectuner |     INFO -> net_toa      | Global Bias |             5.6259 ->             0.0000 | IMPROVED
2026-04-23 12:09:44 | ectuner |     INFO ->              | Spatial RMSE  |            11.3965 ->            10.7654 | IMPROVED
2026-04-23 12:09:44 | ectuner |     INFO -> ------------------------------------------------------------------------------------------
2026-04-23 12:09:44 | ectuner |     INFO -> Structured tuning YAML written to ../results/tuned_2d_LR/net_TOA/new_prova_alfa_099/tuned_phis_a099.yml

| Parameter         |   New Value |   Old Value |      Change |   Rel. Change |   Dist. from Ref. |
|-------------------+-------------+-------------+-------------+---------------+-------------------|
| RPRCON            |  1.0996e-03 |  1.4000e-03 | -3.0041e-04 |   -2.1458e-01 |       -2.1458e-01 |
| ENTRORG           |  2.6756e-03 |  1.7500e-03 |  9.2561e-04 |    5.2892e-01 |        5.2892e-01 |
| DETRPEN           |  3.7505e-05 |  7.5000e-05 | -3.7495e-05 |   -4.9993e-01 |       -4.9993e-01 |
| ENTRDD            |  1.6085e-04 |  3.0000e-04 | -1.3915e-04 |   -4.6383e-01 |       -4.6383e-01 |
| RMFDEPS           |  4.5311e-01 |  3.0000e-01 |  1.5311e-01 |    5.1037e-01 |        5.1037e-01 |
| RVICE             |  9.5150e-02 |  1.3000e-01 | -3.4850e-02 |   -2.6807e-01 |       -2.6807e-01 |
| RLCRITSNOW        |  9.2421e-06 |  2.0000e-05 | -1.0758e-05 |   -5.3789e-01 |       -5.3789e-01 |
| RSNOWLIN2         |  1.5662e-02 |  3.0000e-02 | -1.4338e-02 |   -4.7792e-01 |       -4.7792e-01 |
| RCLDIFF           |  3.4360e-06 |  6.0000e-06 | -2.5640e-06 |   -4.2734e-01 |       -4.2734e-01 |
| RCLDIFF_CONVI     |  1.4263e+01 |  1.0000e+01 |  4.2627e+00 |    4.2627e-01 |        4.2627e-01 |
| RDEPLIQREFRATE    |  5.0611e-01 |  5.0000e-01 |  6.1115e-03 |    1.2223e-02 |        1.2223e-02 |
| RDEPLIQREFDEPTH   |  6.4045e+02 |  5.0000e+02 |  1.4045e+02 |    2.8090e-01 |        2.8090e-01 |
| RCL_OVERLAPLIQICE |  2.7935e-01 |  6.5000e-01 | -3.7065e-01 |   -5.7023e-01 |       -5.7023e-01 |
| RCL_INHOMOGAUT    |  1.9152e+00 |  1.5000e+00 |  4.1522e-01 |    2.7681e-01 |        2.7681e-01 |
| RCL_INHOMOGACC    |  3.3923e+00 |  3.0000e+00 |  3.9234e-01 |    1.3078e-01 |        1.3078e-01 |
| RMINICE           |  8.8885e+01 |  6.0000e+01 |  2.8885e+01 |    4.8141e-01 |        4.8141e-01 |
2026-04-23 12:09:44 | ectuner |     INFO -> Diagnostic maps saved to ../results/tuned_2d_LR/net_TOA/new_prova_alfa_099/diagnostics_2d_phis_Global_a099.nc
Copia del file YAML inviata a ../results/tuned_2d_LR/net_TOA/new_prova_yaml_files
