2026-04-23 12:09:18 | ectuner |     INFO -> Loading 2D Data (Sensitivity, Reference, Base)...
   > Loading reference for net_toa from: climate_average_net_toa_CERES EBAF_r180x90_2000-2024.nc
--- Loading cached base maps for phis ---
2026-04-23 12:09:19 | ectuner |     INFO -> Generating spatial weights (Area * Region)...
2026-04-23 12:09:19 | ectuner |     INFO -> Variable net_toa: Initial Spatial RMSE (Weighted) = 11.3965
2026-04-23 12:09:19 | ectuner |     INFO -> Flattening data for fast optimization...
2026-04-23 12:09:19 | ectuner |     INFO -> DEBUG: Global Bias for net_toa in optimizer: 5.6259
2026-04-23 12:09:19 | ectuner |     INFO -> Starting 2D Optimization (dual_annealing)...
2026-04-23 12:09:45 | ectuner |     INFO -> 
==================== GLOBAL MEAN & ZONAL SUMMARY FROM 2D OPTIMIZATION ====================
2026-04-23 12:09:45 | ectuner |     INFO -> Variable     | Metric       |            Initial ->              Final | Status
2026-04-23 12:09:45 | ectuner |     INFO -> ------------------------------------------------------------------------------------------
2026-04-23 12:09:45 | ectuner |     INFO -> net_toa      | Global Bias |             5.6259 ->             0.6705 | IMPROVED
2026-04-23 12:09:45 | ectuner |     INFO ->              | Spatial RMSE  |            11.3965 ->             9.1455 | IMPROVED
2026-04-23 12:09:45 | ectuner |     INFO -> ------------------------------------------------------------------------------------------
2026-04-23 12:09:45 | ectuner |     INFO -> Structured tuning YAML written to ../results/tuned_2d_LR/net_TOA/new_prova_alfa_012/tuned_phis_a012.yml

| Parameter         |   New Value |   Old Value |      Change |   Rel. Change |   Dist. from Ref. |
|-------------------+-------------+-------------+-------------+---------------+-------------------|
| RPRCON            |  5.6000e-04 |  1.4000e-03 | -8.4000e-04 |   -6.0000e-01 |       -6.0000e-01 |
| ENTRORG           |  1.4408e-03 |  1.7500e-03 | -3.0919e-04 |   -1.7668e-01 |       -1.7668e-01 |
| DETRPEN           |  1.0355e-04 |  7.5000e-05 |  2.8549e-05 |    3.8065e-01 |        3.8065e-01 |
| ENTRDD            |  1.5650e-04 |  3.0000e-04 | -1.4350e-04 |   -4.7835e-01 |       -4.7835e-01 |
| RMFDEPS           |  4.7093e-01 |  3.0000e-01 |  1.7093e-01 |    5.6976e-01 |        5.6976e-01 |
| RVICE             |  2.0800e-01 |  1.3000e-01 |  7.8000e-02 |    6.0000e-01 |        6.0000e-01 |
| RLCRITSNOW        |  8.0000e-06 |  2.0000e-05 | -1.2000e-05 |   -6.0000e-01 |       -6.0000e-01 |
| RSNOWLIN2         |  1.2000e-02 |  3.0000e-02 | -1.8000e-02 |   -6.0000e-01 |       -6.0000e-01 |
| RCLDIFF           |  2.7982e-06 |  6.0000e-06 | -3.2018e-06 |   -5.3363e-01 |       -5.3363e-01 |
| RCLDIFF_CONVI     |  7.1790e+00 |  1.0000e+01 | -2.8210e+00 |   -2.8210e-01 |       -2.8210e-01 |
| RDEPLIQREFRATE    |  5.7099e-01 |  5.0000e-01 |  7.0994e-02 |    1.4199e-01 |        1.4199e-01 |
| RDEPLIQREFDEPTH   |  4.3453e+02 |  5.0000e+02 | -6.5472e+01 |   -1.3094e-01 |       -1.3094e-01 |
| RCL_OVERLAPLIQICE |  2.6000e-01 |  6.5000e-01 | -3.9000e-01 |   -6.0000e-01 |       -6.0000e-01 |
| RCL_INHOMOGAUT    |  7.5908e-01 |  1.5000e+00 | -7.4092e-01 |   -4.9394e-01 |       -4.9394e-01 |
| RCL_INHOMOGACC    |  2.8356e+00 |  3.0000e+00 | -1.6445e-01 |   -5.4815e-02 |       -5.4815e-02 |
| RMINICE           |  9.2641e+01 |  6.0000e+01 |  3.2641e+01 |    5.4401e-01 |        5.4401e-01 |
2026-04-23 12:09:45 | ectuner |     INFO -> Diagnostic maps saved to ../results/tuned_2d_LR/net_TOA/new_prova_alfa_012/diagnostics_2d_phis_Global_a012.nc
Copia del file YAML inviata a ../results/tuned_2d_LR/net_TOA/new_prova_yaml_files
