2026-04-23 12:09:19 | ectuner |     INFO -> Loading 2D Data (Sensitivity, Reference, Base)...
   > Loading reference for net_toa from: climate_average_net_toa_CERES EBAF_r180x90_2000-2024.nc
--- Loading cached base maps for phis ---
2026-04-23 12:09:20 | ectuner |     INFO -> Generating spatial weights (Area * Region)...
2026-04-23 12:09:20 | ectuner |     INFO -> Variable net_toa: Initial Spatial RMSE (Weighted) = 11.3965
2026-04-23 12:09:20 | ectuner |     INFO -> Flattening data for fast optimization...
2026-04-23 12:09:20 | ectuner |     INFO -> DEBUG: Global Bias for net_toa in optimizer: 5.6259
2026-04-23 12:09:20 | ectuner |     INFO -> Starting 2D Optimization (dual_annealing)...
2026-04-23 12:09:43 | ectuner |     INFO -> 
==================== GLOBAL MEAN & ZONAL SUMMARY FROM 2D OPTIMIZATION ====================
2026-04-23 12:09:43 | ectuner |     INFO -> Variable     | Metric       |            Initial ->              Final | Status
2026-04-23 12:09:43 | ectuner |     INFO -> ------------------------------------------------------------------------------------------
2026-04-23 12:09:43 | ectuner |     INFO -> net_toa      | Global Bias |             5.6259 ->             0.0000 | IMPROVED
2026-04-23 12:09:43 | ectuner |     INFO ->              | Spatial RMSE  |            11.3965 ->            11.4785 | WORSENED
2026-04-23 12:09:43 | ectuner |     INFO -> ------------------------------------------------------------------------------------------
2026-04-23 12:09:43 | ectuner |     INFO -> Structured tuning YAML written to ../results/tuned_2d_LR/net_TOA/new_prova_alfa_100/tuned_phis_a100.yml

| Parameter         |   New Value |   Old Value |      Change |   Rel. Change |   Dist. from Ref. |
|-------------------+-------------+-------------+-------------+---------------+-------------------|
| RPRCON            |  1.9567e-03 |  1.4000e-03 |  5.5669e-04 |    3.9763e-01 |        3.9763e-01 |
| ENTRORG           |  2.3750e-03 |  1.7500e-03 |  6.2504e-04 |    3.5716e-01 |        3.5716e-01 |
| DETRPEN           |  6.2192e-05 |  7.5000e-05 | -1.2808e-05 |   -1.7077e-01 |       -1.7077e-01 |
| ENTRDD            |  2.3761e-04 |  3.0000e-04 | -6.2393e-05 |   -2.0798e-01 |       -2.0798e-01 |
| RMFDEPS           |  2.2225e-01 |  3.0000e-01 | -7.7750e-02 |   -2.5917e-01 |       -2.5917e-01 |
| RVICE             |  1.6718e-01 |  1.3000e-01 |  3.7184e-02 |    2.8603e-01 |        2.8603e-01 |
| RLCRITSNOW        |  1.9207e-05 |  2.0000e-05 | -7.9250e-07 |   -3.9625e-02 |       -3.9625e-02 |
| RSNOWLIN2         |  1.2840e-02 |  3.0000e-02 | -1.7160e-02 |   -5.7200e-01 |       -5.7200e-01 |
| RCLDIFF           |  4.6716e-06 |  6.0000e-06 | -1.3284e-06 |   -2.2140e-01 |       -2.2140e-01 |
| RCLDIFF_CONVI     |  1.0108e+01 |  1.0000e+01 |  1.0776e-01 |    1.0776e-02 |        1.0776e-02 |
| RDEPLIQREFRATE    |  4.0245e-01 |  5.0000e-01 | -9.7549e-02 |   -1.9510e-01 |       -1.9510e-01 |
| RDEPLIQREFDEPTH   |  6.7885e+02 |  5.0000e+02 |  1.7885e+02 |    3.5769e-01 |        3.5769e-01 |
| RCL_OVERLAPLIQICE |  4.0747e-01 |  6.5000e-01 | -2.4253e-01 |   -3.7312e-01 |       -3.7312e-01 |
| RCL_INHOMOGAUT    |  1.4310e+00 |  1.5000e+00 | -6.8975e-02 |   -4.5983e-02 |       -4.5983e-02 |
| RCL_INHOMOGACC    |  2.6102e+00 |  3.0000e+00 | -3.8983e-01 |   -1.2994e-01 |       -1.2994e-01 |
| RMINICE           |  9.3850e+01 |  6.0000e+01 |  3.3850e+01 |    5.6416e-01 |        5.6416e-01 |
2026-04-23 12:09:43 | ectuner |     INFO -> Diagnostic maps saved to ../results/tuned_2d_LR/net_TOA/new_prova_alfa_100/diagnostics_2d_phis_Global_a10.nc
Copia del file YAML inviata a ../results/tuned_2d_LR/net_TOA/new_prova_yaml_files
