2026-04-23 12:09:16 | ectuner |     INFO -> Loading 2D Data (Sensitivity, Reference, Base)...
   > Loading reference for net_toa from: climate_average_net_toa_CERES EBAF_r180x90_2000-2024.nc
--- Loading cached base maps for phis ---
2026-04-23 12:09:18 | ectuner |     INFO -> Generating spatial weights (Area * Region)...
2026-04-23 12:09:18 | ectuner |     INFO -> Variable net_toa: Initial Spatial RMSE (Weighted) = 11.3965
2026-04-23 12:09:18 | ectuner |     INFO -> Flattening data for fast optimization...
2026-04-23 12:09:18 | ectuner |     INFO -> DEBUG: Global Bias for net_toa in optimizer: 5.6259
2026-04-23 12:09:18 | ectuner |     INFO -> Starting 2D Optimization (dual_annealing)...
2026-04-23 12:10:09 | ectuner |     INFO -> 
==================== GLOBAL MEAN & ZONAL SUMMARY FROM 2D OPTIMIZATION ====================
2026-04-23 12:10:09 | ectuner |     INFO -> Variable     | Metric       |            Initial ->              Final | Status
2026-04-23 12:10:09 | ectuner |     INFO -> ------------------------------------------------------------------------------------------
2026-04-23 12:10:09 | ectuner |     INFO -> net_toa      | Global Bias |             5.6259 ->             0.0000 | IMPROVED
2026-04-23 12:10:09 | ectuner |     INFO ->              | Spatial RMSE  |            11.3965 ->            10.0509 | IMPROVED
2026-04-23 12:10:09 | ectuner |     INFO -> ------------------------------------------------------------------------------------------
2026-04-23 12:10:09 | ectuner |     INFO -> Structured tuning YAML written to ../results/tuned_2d_LR/net_TOA/new_prova_alfa_050/tuned_phis_a050.yml

| Parameter         |   New Value |   Old Value |      Change |   Rel. Change |   Dist. from Ref. |
|-------------------+-------------+-------------+-------------+---------------+-------------------|
| RPRCON            |  8.3136e-04 |  1.4000e-03 | -5.6864e-04 |   -4.0617e-01 |       -4.0617e-01 |
| ENTRORG           |  2.0938e-03 |  1.7500e-03 |  3.4378e-04 |    1.9644e-01 |        1.9644e-01 |
| DETRPEN           |  3.8492e-05 |  7.5000e-05 | -3.6508e-05 |   -4.8678e-01 |       -4.8678e-01 |
| ENTRDD            |  1.8663e-04 |  3.0000e-04 | -1.1337e-04 |   -3.7791e-01 |       -3.7791e-01 |
| RMFDEPS           |  4.4055e-01 |  3.0000e-01 |  1.4055e-01 |    4.6849e-01 |        4.6849e-01 |
| RVICE             |  1.7559e-01 |  1.3000e-01 |  4.5592e-02 |    3.5071e-01 |        3.5071e-01 |
| RLCRITSNOW        |  1.4693e-05 |  2.0000e-05 | -5.3068e-06 |   -2.6534e-01 |       -2.6534e-01 |
| RSNOWLIN2         |  1.2015e-02 |  3.0000e-02 | -1.7985e-02 |   -5.9951e-01 |       -5.9951e-01 |
| RCLDIFF           |  7.6608e-06 |  6.0000e-06 |  1.6608e-06 |    2.7680e-01 |        2.7680e-01 |
| RCLDIFF_CONVI     |  1.4793e+01 |  1.0000e+01 |  4.7929e+00 |    4.7929e-01 |        4.7929e-01 |
| RDEPLIQREFRATE    |  4.4642e-01 |  5.0000e-01 | -5.3581e-02 |   -1.0716e-01 |       -1.0716e-01 |
| RDEPLIQREFDEPTH   |  5.5887e+02 |  5.0000e+02 |  5.8874e+01 |    1.1775e-01 |        1.1775e-01 |
| RCL_OVERLAPLIQICE |  3.7528e-01 |  6.5000e-01 | -2.7472e-01 |   -4.2265e-01 |       -4.2265e-01 |
| RCL_INHOMOGAUT    |  9.8072e-01 |  1.5000e+00 | -5.1928e-01 |   -3.4618e-01 |       -3.4618e-01 |
| RCL_INHOMOGACC    |  2.4476e+00 |  3.0000e+00 | -5.5239e-01 |   -1.8413e-01 |       -1.8413e-01 |
| RMINICE           |  9.5340e+01 |  6.0000e+01 |  3.5340e+01 |    5.8900e-01 |        5.8900e-01 |
2026-04-23 12:10:09 | ectuner |     INFO -> Diagnostic maps saved to ../results/tuned_2d_LR/net_TOA/new_prova_alfa_050/diagnostics_2d_phis_Global_a05.nc
Copia del file YAML inviata a ../results/tuned_2d_LR/net_TOA/new_prova_yaml_files
