2026-04-23 12:09:21 | ectuner |     INFO -> Loading 2D Data (Sensitivity, Reference, Base)...
   > Loading reference for net_toa from: climate_average_net_toa_CERES EBAF_r180x90_2000-2024.nc
--- Loading cached base maps for phis ---
2026-04-23 12:09:21 | ectuner |     INFO -> Generating spatial weights (Area * Region)...
2026-04-23 12:09:21 | ectuner |     INFO -> Variable net_toa: Initial Spatial RMSE (Weighted) = 11.3965
2026-04-23 12:09:21 | ectuner |     INFO -> Flattening data for fast optimization...
2026-04-23 12:09:21 | ectuner |     INFO -> DEBUG: Global Bias for net_toa in optimizer: 5.6259
2026-04-23 12:09:21 | ectuner |     INFO -> Starting 2D Optimization (dual_annealing)...
2026-04-23 12:09:55 | ectuner |     INFO -> 
==================== GLOBAL MEAN & ZONAL SUMMARY FROM 2D OPTIMIZATION ====================
2026-04-23 12:09:55 | ectuner |     INFO -> Variable     | Metric       |            Initial ->              Final | Status
2026-04-23 12:09:55 | ectuner |     INFO -> ------------------------------------------------------------------------------------------
2026-04-23 12:09:55 | ectuner |     INFO -> net_toa      | Global Bias |             5.6259 ->             0.0000 | IMPROVED
2026-04-23 12:09:55 | ectuner |     INFO ->              | Spatial RMSE  |            11.3965 ->             9.7452 | IMPROVED
2026-04-23 12:09:55 | ectuner |     INFO -> ------------------------------------------------------------------------------------------
2026-04-23 12:09:55 | ectuner |     INFO -> Structured tuning YAML written to ../results/tuned_2d_LR/net_TOA/new_prova_alfa_060/tuned_phis_a060.yml

| Parameter         |   New Value |   Old Value |      Change |   Rel. Change |   Dist. from Ref. |
|-------------------+-------------+-------------+-------------+---------------+-------------------|
| RPRCON            |  6.0805e-04 |  1.4000e-03 | -7.9195e-04 |   -5.6568e-01 |       -5.6568e-01 |
| ENTRORG           |  1.8376e-03 |  1.7500e-03 |  8.7604e-05 |    5.0059e-02 |        5.0059e-02 |
| DETRPEN           |  7.3588e-05 |  7.5000e-05 | -1.4116e-06 |   -1.8822e-02 |       -1.8822e-02 |
| ENTRDD            |  2.1957e-04 |  3.0000e-04 | -8.0428e-05 |   -2.6809e-01 |       -2.6809e-01 |
| RMFDEPS           |  4.6836e-01 |  3.0000e-01 |  1.6836e-01 |    5.6119e-01 |        5.6119e-01 |
| RVICE             |  1.9557e-01 |  1.3000e-01 |  6.5573e-02 |    5.0441e-01 |        5.0441e-01 |
| RLCRITSNOW        |  9.2846e-06 |  2.0000e-05 | -1.0715e-05 |   -5.3577e-01 |       -5.3577e-01 |
| RSNOWLIN2         |  1.6030e-02 |  3.0000e-02 | -1.3970e-02 |   -4.6565e-01 |       -4.6565e-01 |
| RCLDIFF           |  8.6254e-06 |  6.0000e-06 |  2.6254e-06 |    4.3757e-01 |        4.3757e-01 |
| RCLDIFF_CONVI     |  9.9380e+00 |  1.0000e+01 | -6.2010e-02 |   -6.2010e-03 |       -6.2010e-03 |
| RDEPLIQREFRATE    |  6.7492e-01 |  5.0000e-01 |  1.7492e-01 |    3.4985e-01 |        3.4985e-01 |
| RDEPLIQREFDEPTH   |  4.7308e+02 |  5.0000e+02 | -2.6922e+01 |   -5.3844e-02 |       -5.3844e-02 |
| RCL_OVERLAPLIQICE |  4.1832e-01 |  6.5000e-01 | -2.3168e-01 |   -3.5643e-01 |       -3.5643e-01 |
| RCL_INHOMOGAUT    |  7.8024e-01 |  1.5000e+00 | -7.1976e-01 |   -4.7984e-01 |       -4.7984e-01 |
| RCL_INHOMOGACC    |  2.1274e+00 |  3.0000e+00 | -8.7261e-01 |   -2.9087e-01 |       -2.9087e-01 |
| RMINICE           |  8.6676e+01 |  6.0000e+01 |  2.6676e+01 |    4.4460e-01 |        4.4460e-01 |
2026-04-23 12:09:55 | ectuner |     INFO -> Diagnostic maps saved to ../results/tuned_2d_LR/net_TOA/new_prova_alfa_060/diagnostics_2d_phis_Global_a06.nc
Copia del file YAML inviata a ../results/tuned_2d_LR/net_TOA/new_prova_yaml_files
