2026-04-13 15:10:02 | ectuner |     INFO -> ==== ECtuner configuration ====
2026-04-13 15:10:02 | ectuner |     INFO -> 
files:
  reference: ecmean/reference/gm_reference_EC26-PDAY.yml
  sensitivity: sensitivities/sensitivity_TL63_415_1991-2000.yaml
  slope_file: utils/slopes.yaml
  base: GM_EC26-PDAY_{exp}_EC-Earth4_r1i1p1f1_{year1}_{year2}.yml
  params: tuning_{exp}.yml
  output_template: tuned_{exp}_{year1}_{year2}.yml
  ecmean: /ec/res4/hpcperm/ecme3038/ecearth/ecearth4/ECtuner/mari/ectuner/ecmean/gm_lres/
  exps: /ec/res4/hpcperm/ecme3038/ecearth/ecearth4/ECtuner/mari/ectuner/perturb_exps/exps_lres/
  output_dir: /ec/res4/hpcperm/ecme3038/ecearth/ecearth4/ECtuner/mari/results/tuned_2d_LR/tuner_1d/
args:
  year1: 2000
  year2: 2017
  penalty: 0
  inc: 0.6
  method: dual_annealing
  model_imbalance: null
  deltaT: null
reference_parameters:
  RPRCON: 0.0014
  ENTRORG: 0.00175
  DETRPEN: 7.5e-05
  ENTRDD: 0.0003
  RMFDEPS: 0.3
  RVICE: 0.13
  RLCRITSNOW: 2E-05
  RSNOWLIN2: 0.03
  RCLDIFF: 6.0e-06
  RCLDIFF_CONVI: 10.0
  RDEPLIQREFRATE: 0.5
  RDEPLIQREFDEPTH: 500.0
  RCL_OVERLAPLIQICE: 0.65
  RCL_INHOMOGAUT: 1.5
  RCL_INHOMOGACC: 3
  RMINICE: 60
parameter_group:
  namcumf:
  - RPRCON
  - ENTRORG
  - DETRPEN
  - ENTRDD
  - RMFDEPS
  namcldp:
  - RVICE
  - RLCRITSNOW
  - RSNOWLIN2
  - RCLDIFF
  - RCLDIFF_CONVI
  - RDEPLIQREFRATE
  - RDEPLIQREFDEPTH
  - RCL_OVERLAPLIQICE
  - RCL_INHOMOGAUT
  - RCL_INHOMOGACC
  naerad:
  - RMINICE
weights_season:
  ALL: 1.0
  DJF: 0.0
  JJA: 0.0
weights_region:
  Global: 1.0
  Tropical: 0.0
  North Midlat: 0
  South Midlat: 0.0
  NH: 0.0
  SH: 0.0
  Equatorial: 0.0
  North Pole: 0.0
  South Pole: 0.0
weights:
  net_toa: 1.0
  rsnt: 0.0
  rlnt: 0.0
  swcf: 0.0
  lwcf: 0.0
  rsns: 0.0
  rlns: 0.0
  hfss: 0.0
  hfls: 0.0
  net_sfc: 0.0
  toamsfc: 0.0

2026-04-13 15:10:03 | ectuner |     INFO -> [CONFIG] Output will be saved to: /ec/res4/hpcperm/ecme3038/ecearth/ecearth4/ECtuner/mari/results/tuned_2d_LR/tuner_1d/tuned_phis_2000_2017.yml
2026-04-13 15:10:03 | ectuner |     INFO -> 
---------------- PHYSICS-BASED REFERENCE ADJUSTMENTS (Target Shifts) ----------------
2026-04-13 15:10:03 | ectuner |     INFO -> Variable     | Region       |   Original |  Corrected |  Total Shift
2026-04-13 15:10:03 | ectuner |     INFO -> -------------------------------------------------------------------------------------
2026-04-13 15:10:03 | ectuner |     INFO -> net_toa      | Global       |     1.0160 |     1.0160 |      +0.0000 W/m2
2026-04-13 15:10:03 | ectuner |     INFO -> rsnt         | Global       |   241.5560 |   241.5560 |      +0.0000 W/m2
2026-04-13 15:10:03 | ectuner |     INFO -> rlnt         | Global       |  -240.5400 |  -240.5400 |      +0.0000 W/m2
2026-04-13 15:10:03 | ectuner |     INFO -> -------------------------------------------------------------------------------------
2026-04-13 15:10:03 | ectuner |     INFO -> -------------------------------------------------------------------------------------

2026-04-13 15:10:03 | ectuner |     INFO -> No frozen parameters specified.
2026-04-13 15:10:03 | ectuner |     INFO -> Optimizing parameters using dual_annealing ...
2026-04-13 15:10:34 | ectuner |     INFO -> 
2026-04-13 15:10:34 | ectuner |     INFO -> 
===================== OPTIMIZATION SUMMARY (Biases: Model - Target) ======================
2026-04-13 15:10:34 | ectuner |     INFO -> Goal: Bring Biases to 0.0
2026-04-13 15:10:34 | ectuner |     INFO -> 
--------------------------------- PRIMARY TUNING TARGETS ---------------------------------
2026-04-13 15:10:34 | ectuner |     INFO -> Variable     | Season | Region       | Weight |  Bias Init -> Bias Final | Status
2026-04-13 15:10:34 | ectuner |     INFO -> ---------------------------------------------------------------------------------
2026-04-13 15:10:34 | ectuner |     INFO -> net_toa      | ALL    | Global       | 1.0    |      5.660 -> [92m    -0.000[0m | IMPROVED
2026-04-13 15:10:34 | ectuner |     INFO -> 
-------------------------------- DIAGNOSTIC SIDE-EFFECTS ---------------------------------
2026-04-13 15:10:34 | ectuner |     INFO -> Variable     | Season | Region       | Weight |  Bias Init -> Bias Final | Status
2026-04-13 15:10:34 | ectuner |     INFO -> ---------------------------------------------------------------------------------
2026-04-13 15:10:34 | ectuner |     INFO -> net_toa      | ALL    | Tropical     | 0.0    |      2.030 -> [91m    -7.517[0m | WORSENED
2026-04-13 15:10:34 | ectuner |     INFO -> net_toa      | ALL    | North Midlat | 0.0    |      5.195 -> [92m     3.794[0m | IMPROVED
2026-04-13 15:10:34 | ectuner |     INFO -> net_toa      | ALL    | South Midlat | 0.0    |      9.842 -> [92m     8.036[0m | IMPROVED
2026-04-13 15:10:34 | ectuner |     INFO -> net_toa      | ALL    | NH           | 0.0    |      5.545 -> [92m     3.125[0m | IMPROVED
2026-04-13 15:10:34 | ectuner |     INFO -> net_toa      | ALL    | SH           | 0.0    |     10.376 -> [92m     6.928[0m | IMPROVED
2026-04-13 15:10:34 | ectuner |     INFO -> net_toa      | ALL    | Equatorial   | 0.0    |      2.963 -> [91m    -8.121[0m | WORSENED
2026-04-13 15:10:34 | ectuner |     INFO -> net_toa      | ALL    | North Pole   | 0.0    |      5.331 -> [92m     5.033[0m | IMPROVED
2026-04-13 15:10:34 | ectuner |     INFO -> net_toa      | ALL    | South Pole   | 0.0    |     17.312 -> [91m    17.862[0m | WORSENED
2026-04-13 15:10:34 | ectuner |     INFO -> net_toa      | DJF    | Global       | 0.0    |      5.967 -> [92m     0.550[0m | IMPROVED
2026-04-13 15:10:34 | ectuner |     INFO -> net_toa      | DJF    | Tropical     | 0.0    |      1.469 -> [91m    -8.340[0m | WORSENED
2026-04-13 15:10:34 | ectuner |     INFO -> net_toa      | DJF    | North Midlat | 0.0    |      8.103 -> [91m     8.647[0m | WORSENED
2026-04-13 15:10:34 | ectuner |     INFO -> net_toa      | DJF    | South Midlat | 0.0    |      9.503 -> [92m     7.294[0m | IMPROVED
2026-04-13 15:10:34 | ectuner |     INFO -> net_toa      | DJF    | NH           | 0.0    |      8.163 -> [92m     7.364[0m | IMPROVED
2026-04-13 15:10:34 | ectuner |     INFO -> net_toa      | DJF    | SH           | 0.0    |      9.605 -> [92m     5.382[0m | IMPROVED
2026-04-13 15:10:34 | ectuner |     INFO -> net_toa      | DJF    | Equatorial   | 0.0    |      1.964 -> [91m    -9.233[0m | WORSENED
2026-04-13 15:10:34 | ectuner |     INFO -> net_toa      | DJF    | North Pole   | 0.0    |     15.297 -> [91m    16.327[0m | WORSENED
2026-04-13 15:10:34 | ectuner |     INFO -> net_toa      | DJF    | South Pole   | 0.0    |     20.318 -> [91m    20.863[0m | WORSENED
2026-04-13 15:10:34 | ectuner |     INFO -> net_toa      | JJA    | Global       | 0.0    |      4.671 -> [92m    -0.787[0m | IMPROVED
2026-04-13 15:10:34 | ectuner |     INFO -> net_toa      | JJA    | Tropical     | 0.0    |      1.733 -> [91m    -6.829[0m | WORSENED
2026-04-13 15:10:34 | ectuner |     INFO -> net_toa      | JJA    | North Midlat | 0.0    |      2.437 -> [92m    -1.126[0m | IMPROVED
2026-04-13 15:10:34 | ectuner |     INFO -> net_toa      | JJA    | South Midlat | 0.0    |      9.949 -> [92m     9.074[0m | IMPROVED
2026-04-13 15:10:34 | ectuner |     INFO -> net_toa      | JJA    | NH           | 0.0    |      1.940 -> [91m    -2.251[0m | WORSENED
2026-04-13 15:10:34 | ectuner |     INFO -> net_toa      | JJA    | SH           | 0.0    |     10.276 -> [92m     8.128[0m | IMPROVED
2026-04-13 15:10:34 | ectuner |     INFO -> net_toa      | JJA    | Equatorial   | 0.0    |      3.357 -> [91m    -6.654[0m | WORSENED
2026-04-13 15:10:34 | ectuner |     INFO -> net_toa      | JJA    | North Pole   | 0.0    |     -6.535 -> [91m    -9.794[0m | WORSENED
2026-04-13 15:10:34 | ectuner |     INFO -> net_toa      | JJA    | South Pole   | 0.0    |     16.673 -> [92m    16.229[0m | IMPROVED
2026-04-13 15:10:34 | ectuner |     INFO -> rsnt         | ALL    | Global       | 0.0    |     -1.247 -> [91m    -5.809[0m | WORSENED
2026-04-13 15:10:34 | ectuner |     INFO -> rsnt         | ALL    | Tropical     | 0.0    |     -1.878 -> [91m    -8.070[0m | WORSENED
2026-04-13 15:10:34 | ectuner |     INFO -> rsnt         | ALL    | North Midlat | 0.0    |     -4.785 -> [91m    -7.157[0m | WORSENED
2026-04-13 15:10:34 | ectuner |     INFO -> rsnt         | ALL    | South Midlat | 0.0    |     -2.011 -> [91m    -5.357[0m | WORSENED
2026-04-13 15:10:34 | ectuner |     INFO -> rsnt         | ALL    | NH           | 0.0    |     -1.807 -> [91m    -4.641[0m | WORSENED
2026-04-13 15:10:34 | ectuner |     INFO -> rsnt         | ALL    | SH           | 0.0    |      0.609 -> [91m    -3.497[0m | WORSENED
2026-04-13 15:10:34 | ectuner |     INFO -> rsnt         | ALL    | Equatorial   | 0.0    |     -0.084 -> [91m    -6.817[0m | WORSENED
2026-04-13 15:10:34 | ectuner |     INFO -> rsnt         | ALL    | North Pole   | 0.0    |     -9.117 -> [91m    -9.717[0m | WORSENED
2026-04-13 15:10:34 | ectuner |     INFO -> rsnt         | ALL    | South Pole   | 0.0    |      0.472 -> [92m     0.170[0m | IMPROVED
2026-04-13 15:10:34 | ectuner |     INFO -> rsnt         | DJF    | Global       | 0.0    |     -0.707 -> [91m    -5.012[0m | WORSENED
2026-04-13 15:10:34 | ectuner |     INFO -> rsnt         | DJF    | Tropical     | 0.0    |     -2.796 -> [91m    -9.144[0m | WORSENED
2026-04-13 15:10:34 | ectuner |     INFO -> rsnt         | DJF    | North Midlat | 0.0    |     -2.326 -> [91m    -2.927[0m | WORSENED
2026-04-13 15:10:34 | ectuner |     INFO -> rsnt         | DJF    | South Midlat | 0.0    |     -0.310 -> [91m    -4.053[0m | WORSENED
2026-04-13 15:10:34 | ectuner |     INFO -> rsnt         | DJF    | NH           | 0.0    |      0.571 -> [91m    -1.229[0m | WORSENED
2026-04-13 15:10:34 | ectuner |     INFO -> rsnt         | DJF    | SH           | 0.0    |      0.457 -> [91m    -3.688[0m | WORSENED
2026-04-13 15:10:34 | ectuner |     INFO -> rsnt         | DJF    | Equatorial   | 0.0    |     -0.712 -> [91m    -7.666[0m | WORSENED
2026-04-13 15:10:34 | ectuner |     INFO -> rsnt         | DJF    | North Pole   | 0.0    |     -0.962 -> [92m    -0.868[0m | IMPROVED
2026-04-13 15:10:34 | ectuner |     INFO -> rsnt         | DJF    | South Pole   | 0.0    |      6.380 -> [92m     6.029[0m | IMPROVED
2026-04-13 15:10:34 | ectuner |     INFO -> rsnt         | JJA    | Global       | 0.0    |     -2.455 -> [91m    -6.714[0m | WORSENED
2026-04-13 15:10:34 | ectuner |     INFO -> rsnt         | JJA    | Tropical     | 0.0    |     -2.156 -> [91m    -7.720[0m | WORSENED
2026-04-13 15:10:34 | ectuner |     INFO -> rsnt         | JJA    | North Midlat | 0.0    |     -6.436 -> [91m   -10.458[0m | WORSENED
2026-04-13 15:10:34 | ectuner |     INFO -> rsnt         | JJA    | South Midlat | 0.0    |     -3.732 -> [91m    -5.504[0m | WORSENED
2026-04-13 15:10:34 | ectuner |     INFO -> rsnt         | JJA    | NH           | 0.0    |     -4.475 -> [91m    -8.048[0m | WORSENED
2026-04-13 15:10:34 | ectuner |     INFO -> rsnt         | JJA    | SH           | 0.0    |     -0.490 -> [91m    -3.538[0m | WORSENED
2026-04-13 15:10:34 | ectuner |     INFO -> rsnt         | JJA    | Equatorial   | 0.0    |     -0.366 -> [91m    -6.513[0m | WORSENED
2026-04-13 15:10:34 | ectuner |     INFO -> rsnt         | JJA    | North Pole   | 0.0    |    -21.943 -> [91m   -24.060[0m | WORSENED
2026-04-13 15:10:34 | ectuner |     INFO -> rsnt         | JJA    | South Pole   | 0.0    |     -0.894 -> [91m    -0.944[0m | WORSENED
2026-04-13 15:10:34 | ectuner |     INFO -> rlnt         | ALL    | Global       | 0.0    |      6.907 -> [92m     5.809[0m | IMPROVED
2026-04-13 15:10:34 | ectuner |     INFO -> rlnt         | ALL    | Tropical     | 0.0    |      3.910 -> [92m     0.555[0m | IMPROVED
2026-04-13 15:10:34 | ectuner |     INFO -> rlnt         | ALL    | North Midlat | 0.0    |      9.978 -> [91m    10.950[0m | WORSENED
2026-04-13 15:10:34 | ectuner |     INFO -> rlnt         | ALL    | South Midlat | 0.0    |     11.854 -> [91m    13.393[0m | WORSENED
2026-04-13 15:10:34 | ectuner |     INFO -> rlnt         | ALL    | NH           | 0.0    |      7.352 -> [91m     7.766[0m | WORSENED
2026-04-13 15:10:34 | ectuner |     INFO -> rlnt         | ALL    | SH           | 0.0    |      9.768 -> [91m    10.426[0m | WORSENED
2026-04-13 15:10:34 | ectuner |     INFO -> rlnt         | ALL    | Equatorial   | 0.0    |      3.047 -> [92m    -1.304[0m | IMPROVED
2026-04-13 15:10:34 | ectuner |     INFO -> rlnt         | ALL    | North Pole   | 0.0    |     14.448 -> [91m    14.750[0m | WORSENED
2026-04-13 15:10:34 | ectuner |     INFO -> rlnt         | ALL    | South Pole   | 0.0    |     16.839 -> [91m    17.691[0m | WORSENED
2026-04-13 15:10:34 | ectuner |     INFO -> rlnt         | DJF    | Global       | 0.0    |      6.675 -> [92m     5.562[0m | IMPROVED
2026-04-13 15:10:34 | ectuner |     INFO -> rlnt         | DJF    | Tropical     | 0.0    |      4.267 -> [92m     0.805[0m | IMPROVED
2026-04-13 15:10:34 | ectuner |     INFO -> rlnt         | DJF    | North Midlat | 0.0    |     10.429 -> [91m    11.574[0m | WORSENED
2026-04-13 15:10:34 | ectuner |     INFO -> rlnt         | DJF    | South Midlat | 0.0    |      9.813 -> [91m    11.347[0m | WORSENED
2026-04-13 15:10:34 | ectuner |     INFO -> rlnt         | DJF    | NH           | 0.0    |      7.591 -> [91m     8.592[0m | WORSENED
2026-04-13 15:10:34 | ectuner |     INFO -> rlnt         | DJF    | SH           | 0.0    |      9.148 -> [92m     9.070[0m | IMPROVED
2026-04-13 15:10:34 | ectuner |     INFO -> rlnt         | DJF    | Equatorial   | 0.0    |      2.676 -> [92m    -1.568[0m | IMPROVED
2026-04-13 15:10:34 | ectuner |     INFO -> rlnt         | DJF    | North Pole   | 0.0    |     16.259 -> [91m    17.194[0m | WORSENED
2026-04-13 15:10:34 | ectuner |     INFO -> rlnt         | DJF    | South Pole   | 0.0    |     13.936 -> [91m    14.834[0m | WORSENED
2026-04-13 15:10:34 | ectuner |     INFO -> rlnt         | JJA    | Global       | 0.0    |      7.126 -> [92m     5.927[0m | IMPROVED
2026-04-13 15:10:34 | ectuner |     INFO -> rlnt         | JJA    | Tropical     | 0.0    |      3.888 -> [92m     0.891[0m | IMPROVED
2026-04-13 15:10:34 | ectuner |     INFO -> rlnt         | JJA    | North Midlat | 0.0    |      8.874 -> [91m     9.333[0m | WORSENED
2026-04-13 15:10:34 | ectuner |     INFO -> rlnt         | JJA    | South Midlat | 0.0    |     13.681 -> [91m    14.579[0m | WORSENED
2026-04-13 15:10:34 | ectuner |     INFO -> rlnt         | JJA    | NH           | 0.0    |      6.415 -> [92m     5.797[0m | IMPROVED
2026-04-13 15:10:34 | ectuner |     INFO -> rlnt         | JJA    | SH           | 0.0    |     10.765 -> [91m    11.665[0m | WORSENED
2026-04-13 15:10:34 | ectuner |     INFO -> rlnt         | JJA    | Equatorial   | 0.0    |      3.722 -> [92m    -0.143[0m | IMPROVED
2026-04-13 15:10:34 | ectuner |     INFO -> rlnt         | JJA    | North Pole   | 0.0    |     15.407 -> [92m    14.266[0m | IMPROVED
2026-04-13 15:10:34 | ectuner |     INFO -> rlnt         | JJA    | South Pole   | 0.0    |     17.567 -> [92m    17.174[0m | IMPROVED
2026-04-13 15:10:34 | ectuner |     INFO -> swcf         | ALL    | Global       | 0.0    |      0.499 -> [91m    -3.837[0m | WORSENED
2026-04-13 15:10:34 | ectuner |     INFO -> swcf         | ALL    | Tropical     | 0.0    |      0.247 -> [91m    -5.832[0m | WORSENED
2026-04-13 15:10:34 | ectuner |     INFO -> swcf         | ALL    | North Midlat | 0.0    |     -0.213 -> [91m    -1.929[0m | WORSENED
2026-04-13 15:10:34 | ectuner |     INFO -> swcf         | ALL    | South Midlat | 0.0    |      1.497 -> [91m    -1.819[0m | WORSENED
2026-04-13 15:10:34 | ectuner |     INFO -> swcf         | ALL    | NH           | 0.0    |      0.332 -> [91m    -1.967[0m | WORSENED
2026-04-13 15:10:34 | ectuner |     INFO -> swcf         | ALL    | SH           | 0.0    |      0.790 -> [91m    -3.259[0m | WORSENED
2026-04-13 15:10:34 | ectuner |     INFO -> swcf         | ALL    | Equatorial   | 0.0    |      0.394 -> [91m    -6.251[0m | WORSENED
2026-04-13 15:10:34 | ectuner |     INFO -> swcf         | ALL    | North Pole   | 0.0    |     -5.146 -> [92m    -4.711[0m | IMPROVED
2026-04-13 15:10:34 | ectuner |     INFO -> swcf         | ALL    | South Pole   | 0.0    |      9.890 -> [92m     9.539[0m | IMPROVED
2026-04-13 15:10:34 | ectuner |     INFO -> swcf         | DJF    | Global       | 0.0    |      1.205 -> [91m    -3.051[0m | WORSENED
2026-04-13 15:10:34 | ectuner |     INFO -> swcf         | DJF    | Tropical     | 0.0    |     -0.552 -> [91m    -6.751[0m | WORSENED
2026-04-13 15:10:34 | ectuner |     INFO -> swcf         | DJF    | North Midlat | 0.0    |      2.061 -> [92m     1.377[0m | IMPROVED
2026-04-13 15:10:34 | ectuner |     INFO -> swcf         | DJF    | South Midlat | 0.0    |      3.575 -> [92m    -0.196[0m | IMPROVED
2026-04-13 15:10:34 | ectuner |     INFO -> swcf         | DJF    | NH           | 0.0    |      1.511 -> [92m    -0.280[0m | IMPROVED
2026-04-13 15:10:34 | ectuner |     INFO -> swcf         | DJF    | SH           | 0.0    |      2.192 -> [92m    -1.920[0m | IMPROVED
2026-04-13 15:10:34 | ectuner |     INFO -> swcf         | DJF    | Equatorial   | 0.0    |      0.028 -> [91m    -6.823[0m | WORSENED
2026-04-13 15:10:34 | ectuner |     INFO -> swcf         | DJF    | North Pole   | 0.0    |      0.647 -> [91m     0.698[0m | WORSENED
2026-04-13 15:10:34 | ectuner |     INFO -> swcf         | DJF    | South Pole   | 0.0    |     22.741 -> [92m    22.137[0m | IMPROVED
2026-04-13 15:10:34 | ectuner |     INFO -> swcf         | JJA    | Global       | 0.0    |     -1.263 -> [91m    -5.288[0m | WORSENED
2026-04-13 15:10:34 | ectuner |     INFO -> swcf         | JJA    | Tropical     | 0.0    |      0.475 -> [91m    -5.023[0m | WORSENED
2026-04-13 15:10:34 | ectuner |     INFO -> swcf         | JJA    | North Midlat | 0.0    |     -5.721 -> [91m    -8.942[0m | WORSENED
2026-04-13 15:10:34 | ectuner |     INFO -> swcf         | JJA    | South Midlat | 0.0    |     -0.585 -> [91m    -2.340[0m | WORSENED
2026-04-13 15:10:34 | ectuner |     INFO -> swcf         | JJA    | NH           | 0.0    |     -3.721 -> [91m    -6.699[0m | WORSENED
2026-04-13 15:10:34 | ectuner |     INFO -> swcf         | JJA    | SH           | 0.0    |     -0.884 -> [91m    -3.903[0m | WORSENED
2026-04-13 15:10:34 | ectuner |     INFO -> swcf         | JJA    | Equatorial   | 0.0    |      0.776 -> [91m    -5.291[0m | WORSENED
2026-04-13 15:10:34 | ectuner |     INFO -> swcf         | JJA    | North Pole   | 0.0    |    -20.212 -> [91m   -20.372[0m | WORSENED
2026-04-13 15:10:34 | ectuner |     INFO -> swcf         | JJA    | South Pole   | 0.0    |      0.222 -> [92m     0.172[0m | IMPROVED
2026-04-13 15:10:34 | ectuner |     INFO -> lwcf         | ALL    | Global       | 0.0    |     -2.706 -> [91m    -3.217[0m | WORSENED
2026-04-13 15:10:34 | ectuner |     INFO -> lwcf         | ALL    | Tropical     | 0.0    |     -5.135 -> [91m    -7.079[0m | WORSENED
2026-04-13 15:10:34 | ectuner |     INFO -> lwcf         | ALL    | North Midlat | 0.0    |     -0.301 -> [92m     0.076[0m | IMPROVED
2026-04-13 15:10:34 | ectuner |     INFO -> lwcf         | ALL    | South Midlat | 0.0    |     -0.230 -> [91m     1.363[0m | WORSENED
2026-04-13 15:10:34 | ectuner |     INFO -> lwcf         | ALL    | NH           | 0.0    |     -1.749 -> [92m    -1.641[0m | IMPROVED
2026-04-13 15:10:34 | ectuner |     INFO -> lwcf         | ALL    | SH           | 0.0    |     -1.379 -> [92m    -0.368[0m | IMPROVED
2026-04-13 15:10:34 | ectuner |     INFO -> lwcf         | ALL    | Equatorial   | 0.0    |     -4.798 -> [91m    -7.437[0m | WORSENED
2026-04-13 15:10:34 | ectuner |     INFO -> lwcf         | ALL    | North Pole   | 0.0    |      4.483 -> [92m     4.069[0m | IMPROVED
2026-04-13 15:10:34 | ectuner |     INFO -> lwcf         | ALL    | South Pole   | 0.0    |      2.337 -> [91m     3.761[0m | WORSENED
2026-04-13 15:10:34 | ectuner |     INFO -> lwcf         | DJF    | Global       | 0.0    |     -3.251 -> [91m    -3.666[0m | WORSENED
2026-04-13 15:10:34 | ectuner |     INFO -> lwcf         | DJF    | Tropical     | 0.0    |     -5.371 -> [91m    -7.348[0m | WORSENED
2026-04-13 15:10:34 | ectuner |     INFO -> lwcf         | DJF    | North Midlat | 0.0    |     -0.523 -> [92m     0.428[0m | IMPROVED
2026-04-13 15:10:34 | ectuner |     INFO -> lwcf         | DJF    | South Midlat | 0.0    |     -1.844 -> [92m    -0.368[0m | IMPROVED
2026-04-13 15:10:34 | ectuner |     INFO -> lwcf         | DJF    | NH           | 0.0    |     -2.034 -> [92m    -1.122[0m | IMPROVED
2026-04-13 15:10:34 | ectuner |     INFO -> lwcf         | DJF    | SH           | 0.0    |     -1.948 -> [92m    -1.630[0m | IMPROVED
2026-04-13 15:10:34 | ectuner |     INFO -> lwcf         | DJF    | Equatorial   | 0.0    |     -5.528 -> [91m    -7.994[0m | WORSENED
2026-04-13 15:10:34 | ectuner |     INFO -> lwcf         | DJF    | North Pole   | 0.0    |      4.004 -> [91m     4.104[0m | WORSENED
2026-04-13 15:10:34 | ectuner |     INFO -> lwcf         | DJF    | South Pole   | 0.0    |      1.327 -> [91m     2.922[0m | WORSENED
2026-04-13 15:10:34 | ectuner |     INFO -> lwcf         | JJA    | Global       | 0.0    |     -2.143 -> [91m    -2.834[0m | WORSENED
2026-04-13 15:10:34 | ectuner |     INFO -> lwcf         | JJA    | Tropical     | 0.0    |     -4.637 -> [91m    -6.250[0m | WORSENED
2026-04-13 15:10:34 | ectuner |     INFO -> lwcf         | JJA    | North Midlat | 0.0    |     -0.720 -> [91m    -1.478[0m | WORSENED
2026-04-13 15:10:34 | ectuner |     INFO -> lwcf         | JJA    | South Midlat | 0.0    |      1.538 -> [91m     2.839[0m | WORSENED
2026-04-13 15:10:34 | ectuner |     INFO -> lwcf         | JJA    | NH           | 0.0    |     -1.992 -> [91m    -3.156[0m | WORSENED
2026-04-13 15:10:34 | ectuner |     INFO -> lwcf         | JJA    | SH           | 0.0    |     -0.328 -> [91m     1.058[0m | WORSENED
2026-04-13 15:10:34 | ectuner |     INFO -> lwcf         | JJA    | Equatorial   | 0.0    |     -3.966 -> [91m    -6.253[0m | WORSENED
2026-04-13 15:10:34 | ectuner |     INFO -> lwcf         | JJA    | North Pole   | 0.0    |      4.629 -> [92m     2.725[0m | IMPROVED
2026-04-13 15:10:34 | ectuner |     INFO -> lwcf         | JJA    | South Pole   | 0.0    |      3.246 -> [91m     4.215[0m | WORSENED
2026-04-13 15:10:34 | ectuner |     INFO -> rsns         | ALL    | Global       | 0.0    |      2.418 -> [92m    -1.829[0m | IMPROVED
2026-04-13 15:10:34 | ectuner |     INFO -> rlns         | ALL    | Global       | 0.0    |     -2.684 -> [92m    -1.821[0m | IMPROVED
2026-04-13 15:10:34 | ectuner |     INFO -> hfss         | ALL    | Global       | 0.0    |      3.336 -> [92m     3.077[0m | IMPROVED
2026-04-13 15:10:34 | ectuner |     INFO -> hfls         | ALL    | Global       | 0.0    |      2.914 -> [92m     0.759[0m | IMPROVED
2026-04-13 15:10:34 | ectuner |     INFO -> net_sfc      | ALL    | Global       | 0.0    |      5.615 -> [92m    -0.184[0m | IMPROVED
2026-04-13 15:10:34 | ectuner |     INFO -> toamsfc      | ALL    | Global       | 0.0    |      0.461 -> [91m     0.600[0m | WORSENED
2026-04-13 15:10:34 | ectuner |     INFO -> ==========================================================================================

2026-04-13 15:10:34 | ectuner |     INFO -> Total score before optimization: 32.03792783128725
2026-04-13 15:10:34 | ectuner |     INFO -> Total score after optimization: 2.823924326549012e-14
2026-04-13 15:10:35 | ectuner |     INFO -> Structured tuning YAML written to /ec/res4/hpcperm/ecme3038/ecearth/ecearth4/ECtuner/mari/results/tuned_2d_LR/tuner_1d/tuned_phis_2000_2017.yml

Parameters:
-----------
RPRCON : 0.001842590660385038
ENTRORG : 0.002656613061578088
DETRPEN : 8.468651186627565e-05
ENTRDD : 0.000418015220540621
RMFDEPS : 0.448737562877509
RVICE : 0.06075142804348885
RLCRITSNOW : 2.0819985084924248e-05
RSNOWLIN2 : 0.013165655892755045
RCLDIFF : 4.538851338880192e-06
RCLDIFF_CONVI : 11.157294952037628
RDEPLIQREFRATE : 0.6253585091597377
RDEPLIQREFDEPTH : 381.2483161505064
RCL_OVERLAPLIQICE : 0.7604291436387225
RCL_INHOMOGAUT : 2.1293649570962443
RCL_INHOMOGACC : 2.0367556189607052
RMINICE : 30.162236612180298

|     Parameter     |     New value |   Old value |         Change |   Relative change |   Min change |   Max change |   Rel. dist. from ref. |
|-------------------+---------------+-------------+----------------+-------------------+--------------+--------------+------------------------|
|      RPRCON       |   0.00184259  |     0.0014  |    0.000442591 |         0.316136  |     -0.00084 |      0.00084 |              0.316136  |
|      ENTRORG      |   0.00265661  |     0.00175 |    0.000906613 |         0.518065  |     -0.00105 |      0.00105 |              0.518065  |
|      DETRPEN      |   8.46865e-05 |     7.5e-05 |    9.68651e-06 |         0.129153  |     -4.5e-05 |      4.5e-05 |              0.129153  |
|      ENTRDD       |   0.000418015 |     0.0003  |    0.000118015 |         0.393384  |     -0.00018 |      0.00018 |              0.393384  |
|      RMFDEPS      |   0.448738    |     0.3     |    0.148738    |         0.495792  |     -0.18    |      0.18    |              0.495792  |
|       RVICE       |   0.0607514   |     0.13    |   -0.0692486   |        -0.532681  |     -0.078   |      0.078   |             -0.532681  |
|    RLCRITSNOW     |   2.082e-05   |     2e-05   |    8.19985e-07 |         0.0409993 |     -1.2e-05 |      1.2e-05 |              0.0409993 |
|     RSNOWLIN2     |   0.0131657   |     0.03    |   -0.0168343   |        -0.561145  |     -0.018   |      0.018   |             -0.561145  |
|      RCLDIFF      |   4.53885e-06 |     6e-06   |   -1.46115e-06 |        -0.243525  |     -3.6e-06 |      3.6e-06 |             -0.243525  |
|   RCLDIFF_CONVI   |  11.1573      |    10       |    1.15729     |         0.115729  |     -6       |      6       |              0.115729  |
|  RDEPLIQREFRATE   |   0.625359    |     0.5     |    0.125359    |         0.250717  |     -0.3     |      0.3     |              0.250717  |
|  RDEPLIQREFDEPTH  | 381.248       |   500       | -118.752       |        -0.237503  |   -300       |    300       |             -0.237503  |
| RCL_OVERLAPLIQICE |   0.760429    |     0.65    |    0.110429    |         0.169891  |     -0.39    |      0.39    |              0.169891  |
|  RCL_INHOMOGAUT   |   2.12936     |     1.5     |    0.629365    |         0.419577  |     -0.9     |      0.9     |              0.419577  |
|  RCL_INHOMOGACC   |   2.03676     |     3       |   -0.963244    |        -0.321081  |     -1.8     |      1.8     |             -0.321081  |
|      RMINICE      |  30.1622      |    60       |  -29.8378      |        -0.497296  |    -36       |     36       |             -0.497296  |
