2026-04-24 14:56:40 | ectuner |     INFO -> Loading 2D Data (Sensitivity, Reference, Base)...
   > Loading reference for lwcf from: climate_average_lwcf_CERES EBAF_r180x90_2000-2024.nc
   > Loading reference for net_toa from: climate_average_net_toa_CERES EBAF_r180x90_2000-2024.nc
--- Loading cached base maps for phis ---
2026-04-24 14:56:41 | ectuner |     INFO -> Generating spatial weights (Area * Region)...
2026-04-24 14:56:41 | ectuner |     INFO -> Variable lwcf: Initial Spatial RMSE (Weighted) = 7.7684
2026-04-24 14:56:41 | ectuner |     INFO -> Variable net_toa: Initial Spatial RMSE (Weighted) = 11.3965
2026-04-24 14:56:41 | ectuner |     INFO -> Flattening data for fast optimization...
2026-04-24 14:56:41 | ectuner |     INFO -> DEBUG: Global Bias for lwcf in optimizer: -2.7092
2026-04-24 14:56:41 | ectuner |     INFO -> DEBUG: Global Bias for net_toa in optimizer: 5.6259
2026-04-24 14:56:41 | ectuner |     INFO -> Starting 2D Optimization (dual_annealing)...
2026-04-24 15:00:09 | ectuner |     INFO -> 
==================== GLOBAL MEAN & ZONAL SUMMARY FROM 2D OPTIMIZATION ====================
2026-04-24 15:00:09 | ectuner |     INFO -> Variable     | Metric       |            Initial ->              Final | Status
2026-04-24 15:00:09 | ectuner |     INFO -> ------------------------------------------------------------------------------------------
2026-04-24 15:00:09 | ectuner |     INFO -> lwcf         | Global Bias |            -2.7092 ->            -1.2761 | IMPROVED
2026-04-24 15:00:09 | ectuner |     INFO ->              | Spatial RMSE  |             7.7684 ->             6.3981 | IMPROVED
2026-04-24 15:00:09 | ectuner |     INFO -> ------------------------------------------------------------------------------------------
2026-04-24 15:00:09 | ectuner |     INFO -> net_toa      | Global Bias |             5.6259 ->             0.8150 | IMPROVED
2026-04-24 15:00:09 | ectuner |     INFO ->              | Spatial RMSE  |            11.3965 ->             9.6394 | IMPROVED
2026-04-24 15:00:09 | ectuner |     INFO -> ------------------------------------------------------------------------------------------
2026-04-24 15:00:09 | ectuner |     INFO -> Structured tuning YAML written to ../results/tuned_2d_LR/lwcf/tol_alfa_010/tuned_phis_a010.yml

| Parameter         |   New Value |   Old Value |      Change |   Rel. Change |   Dist. from Ref. |
|-------------------+-------------+-------------+-------------+---------------+-------------------|
| RPRCON            |  8.5712e-04 |  1.4000e-03 | -5.4288e-04 |   -3.8777e-01 |       -3.8777e-01 |
| ENTRORG           |  1.5497e-03 |  1.7500e-03 | -2.0028e-04 |   -1.1445e-01 |       -1.1445e-01 |
| DETRPEN           |  1.1973e-04 |  7.5000e-05 |  4.4732e-05 |    5.9642e-01 |        5.9642e-01 |
| ENTRDD            |  2.2668e-04 |  3.0000e-04 | -7.3316e-05 |   -2.4439e-01 |       -2.4439e-01 |
| RMFDEPS           |  4.7986e-01 |  3.0000e-01 |  1.7986e-01 |    5.9954e-01 |        5.9954e-01 |
| RVICE             |  2.0786e-01 |  1.3000e-01 |  7.7862e-02 |    5.9894e-01 |        5.9894e-01 |
| RLCRITSNOW        |  1.6974e-05 |  2.0000e-05 | -3.0260e-06 |   -1.5130e-01 |       -1.5130e-01 |
| RSNOWLIN2         |  1.7967e-02 |  3.0000e-02 | -1.2033e-02 |   -4.0111e-01 |       -4.0111e-01 |
| RCLDIFF           |  4.1317e-06 |  6.0000e-06 | -1.8683e-06 |   -3.1138e-01 |       -3.1138e-01 |
| RCLDIFF_CONVI     |  8.1808e+00 |  1.0000e+01 | -1.8192e+00 |   -1.8192e-01 |       -1.8192e-01 |
| RDEPLIQREFRATE    |  6.0790e-01 |  5.0000e-01 |  1.0790e-01 |    2.1580e-01 |        2.1580e-01 |
| RDEPLIQREFDEPTH   |  4.4529e+02 |  5.0000e+02 | -5.4710e+01 |   -1.0942e-01 |       -1.0942e-01 |
| RCL_OVERLAPLIQICE |  2.6016e-01 |  6.5000e-01 | -3.8984e-01 |   -5.9976e-01 |       -5.9976e-01 |
| RCL_INHOMOGAUT    |  1.3144e+00 |  1.5000e+00 | -1.8556e-01 |   -1.2371e-01 |       -1.2371e-01 |
| RCL_INHOMOGACC    |  2.1157e+00 |  3.0000e+00 | -8.8435e-01 |   -2.9478e-01 |       -2.9478e-01 |
| RMINICE           |  2.9272e+01 |  6.0000e+01 | -3.0728e+01 |   -5.1213e-01 |       -5.1213e-01 |
2026-04-24 15:00:09 | ectuner |     INFO -> Diagnostic maps saved to ../results/tuned_2d_LR/lwcf/tol_alfa_010/diagnostics_2d_phis_Global_a01.nc
Copia del file YAML inviata a ../results/tuned_2d_LR/lwcf/tol_yaml_files
