2026-04-24 14:56:41 | ectuner |     INFO -> Loading 2D Data (Sensitivity, Reference, Base)...
   > Loading reference for lwcf from: climate_average_lwcf_CERES EBAF_r180x90_2000-2024.nc
   > Loading reference for net_toa from: climate_average_net_toa_CERES EBAF_r180x90_2000-2024.nc
--- Loading cached base maps for phis ---
2026-04-24 14:56:42 | ectuner |     INFO -> Generating spatial weights (Area * Region)...
2026-04-24 14:56:42 | ectuner |     INFO -> Variable lwcf: Initial Spatial RMSE (Weighted) = 7.7684
2026-04-24 14:56:42 | ectuner |     INFO -> Variable net_toa: Initial Spatial RMSE (Weighted) = 11.3965
2026-04-24 14:56:42 | ectuner |     INFO -> Flattening data for fast optimization...
2026-04-24 14:56:42 | ectuner |     INFO -> DEBUG: Global Bias for lwcf in optimizer: -2.7092
2026-04-24 14:56:42 | ectuner |     INFO -> DEBUG: Global Bias for net_toa in optimizer: 5.6259
2026-04-24 14:56:42 | ectuner |     INFO -> Starting 2D Optimization (dual_annealing)...
2026-04-24 14:57:27 | ectuner |     INFO -> 
==================== GLOBAL MEAN & ZONAL SUMMARY FROM 2D OPTIMIZATION ====================
2026-04-24 14:57:27 | ectuner |     INFO -> Variable     | Metric       |            Initial ->              Final | Status
2026-04-24 14:57:27 | ectuner |     INFO -> ------------------------------------------------------------------------------------------
2026-04-24 14:57:27 | ectuner |     INFO -> lwcf         | Global Bias |            -2.7092 ->             0.0125 | IMPROVED
2026-04-24 14:57:27 | ectuner |     INFO ->              | Spatial RMSE  |             7.7684 ->             6.9999 | IMPROVED
2026-04-24 14:57:27 | ectuner |     INFO -> ------------------------------------------------------------------------------------------
2026-04-24 14:57:27 | ectuner |     INFO -> net_toa      | Global Bias |             5.6259 ->            -0.0004 | IMPROVED
2026-04-24 14:57:27 | ectuner |     INFO ->              | Spatial RMSE  |            11.3965 ->            10.4898 | IMPROVED
2026-04-24 14:57:27 | ectuner |     INFO -> ------------------------------------------------------------------------------------------
2026-04-24 14:57:27 | ectuner |     INFO -> Structured tuning YAML written to ../results/tuned_2d_LR/lwcf/tol_alfa_070/tuned_phis_a070.yml

| Parameter         |   New Value |   Old Value |      Change |   Rel. Change |   Dist. from Ref. |
|-------------------+-------------+-------------+-------------+---------------+-------------------|
| RPRCON            |  1.0672e-03 |  1.4000e-03 | -3.3276e-04 |   -2.3768e-01 |       -2.3768e-01 |
| ENTRORG           |  1.9368e-03 |  1.7500e-03 |  1.8678e-04 |    1.0673e-01 |        1.0673e-01 |
| DETRPEN           |  1.1162e-04 |  7.5000e-05 |  3.6617e-05 |    4.8823e-01 |        4.8823e-01 |
| ENTRDD            |  2.0367e-04 |  3.0000e-04 | -9.6331e-05 |   -3.2110e-01 |       -3.2110e-01 |
| RMFDEPS           |  4.1734e-01 |  3.0000e-01 |  1.1734e-01 |    3.9113e-01 |        3.9113e-01 |
| RVICE             |  2.0130e-01 |  1.3000e-01 |  7.1300e-02 |    5.4846e-01 |        5.4846e-01 |
| RLCRITSNOW        |  8.4077e-06 |  2.0000e-05 | -1.1592e-05 |   -5.7962e-01 |       -5.7962e-01 |
| RSNOWLIN2         |  4.3110e-02 |  3.0000e-02 |  1.3110e-02 |    4.3701e-01 |        4.3701e-01 |
| RCLDIFF           |  5.5303e-06 |  6.0000e-06 | -4.6967e-07 |   -7.8278e-02 |       -7.8278e-02 |
| RCLDIFF_CONVI     |  4.7918e+00 |  1.0000e+01 | -5.2082e+00 |   -5.2082e-01 |       -5.2082e-01 |
| RDEPLIQREFRATE    |  6.9629e-01 |  5.0000e-01 |  1.9629e-01 |    3.9259e-01 |        3.9259e-01 |
| RDEPLIQREFDEPTH   |  3.7337e+02 |  5.0000e+02 | -1.2663e+02 |   -2.5326e-01 |       -2.5326e-01 |
| RCL_OVERLAPLIQICE |  2.8534e-01 |  6.5000e-01 | -3.6466e-01 |   -5.6102e-01 |       -5.6102e-01 |
| RCL_INHOMOGAUT    |  2.0280e+00 |  1.5000e+00 |  5.2804e-01 |    3.5203e-01 |        3.5203e-01 |
| RCL_INHOMOGACC    |  1.6474e+00 |  3.0000e+00 | -1.3526e+00 |   -4.5086e-01 |       -4.5086e-01 |
| RMINICE           |  5.3992e+01 |  6.0000e+01 | -6.0078e+00 |   -1.0013e-01 |       -1.0013e-01 |
2026-04-24 14:57:28 | ectuner |     INFO -> Diagnostic maps saved to ../results/tuned_2d_LR/lwcf/tol_alfa_070/diagnostics_2d_phis_Global_a07.nc
Copia del file YAML inviata a ../results/tuned_2d_LR/lwcf/tol_yaml_files
