2026-04-27 09:51:15 | ectuner |     INFO -> Loading 2D Data (Sensitivity, Reference, Base)...
   > Loading reference for lwcf from: climate_average_lwcf_CERES EBAF_r180x90_2000-2024.nc
   > Loading reference for net_toa from: climate_average_net_toa_CERES EBAF_r180x90_2000-2024.nc
   > Loading reference for rlnt from: climate_average_rlnt_CERES EBAF_r180x90_2000-2024.nc
   > Flipping sign for rlnt (Obs is UP, Model is DOWN)
   > Loading reference for rsnt from: climate_average_rsnt_CERES EBAF_r180x90_2000-2024.nc
   > Loading reference for swcf from: climate_average_swcf_CERES EBAF_r180x90_2000-2024.nc
--- Loading cached base maps for phis ---
2026-04-27 09:51:16 | ectuner |     INFO -> Generating spatial weights (Area * Region)...
2026-04-27 09:51:16 | ectuner |     INFO -> Variable lwcf: Initial Spatial RMSE (Weighted) = 7.7684
2026-04-27 09:51:16 | ectuner |     INFO -> Variable net_toa: Initial Spatial RMSE (Weighted) = 11.3965
2026-04-27 09:51:16 | ectuner |     INFO -> Variable rlnt: Initial Spatial RMSE (Weighted) = 11.5226
2026-04-27 09:51:16 | ectuner |     INFO -> Variable rsnt: Initial Spatial RMSE (Weighted) = 10.4479
2026-04-27 09:51:16 | ectuner |     INFO -> Variable swcf: Initial Spatial RMSE (Weighted) = 11.0812
2026-04-27 09:51:16 | ectuner |     INFO -> Flattening data for fast optimization...
2026-04-27 09:51:16 | ectuner |     INFO -> DEBUG: Global Bias for lwcf in optimizer: -2.7092
2026-04-27 09:51:16 | ectuner |     INFO -> DEBUG: Global Bias for net_toa in optimizer: 5.6259
2026-04-27 09:51:16 | ectuner |     INFO -> DEBUG: Global Bias for rlnt in optimizer: 6.9311
2026-04-27 09:51:16 | ectuner |     INFO -> DEBUG: Global Bias for rsnt in optimizer: -1.3053
2026-04-27 09:51:16 | ectuner |     INFO -> DEBUG: Global Bias for swcf in optimizer: 0.5056
2026-04-27 09:51:16 | ectuner |     INFO -> Starting 2D Optimization (dual_annealing)...
2026-04-27 09:56:17 | ectuner |     INFO -> 
==================== GLOBAL MEAN & ZONAL SUMMARY FROM 2D OPTIMIZATION ====================
2026-04-27 09:56:17 | ectuner |     INFO -> Variable     | Metric       |            Initial ->              Final | Status
2026-04-27 09:56:17 | ectuner |     INFO -> ------------------------------------------------------------------------------------------
2026-04-27 09:56:17 | ectuner |     INFO -> lwcf         | Global Bias |            -2.7092 ->            -5.1906 | WORSENED
2026-04-27 09:56:17 | ectuner |     INFO ->              | Spatial RMSE  |             7.7684 ->             7.9189 | WORSENED
2026-04-27 09:56:17 | ectuner |     INFO -> ------------------------------------------------------------------------------------------
2026-04-27 09:56:17 | ectuner |     INFO -> net_toa      | Global Bias |             5.6259 ->             3.4277 | IMPROVED
2026-04-27 09:56:17 | ectuner |     INFO ->              | Spatial RMSE  |            11.3965 ->             9.8387 | IMPROVED
2026-04-27 09:56:17 | ectuner |     INFO -> ------------------------------------------------------------------------------------------
2026-04-27 09:56:17 | ectuner |     INFO -> rlnt         | Global Bias |             6.9311 ->             4.8591 | IMPROVED
2026-04-27 09:56:17 | ectuner |     INFO ->              | Spatial RMSE  |            11.5226 ->             9.2080 | IMPROVED
2026-04-27 09:56:17 | ectuner |     INFO -> ------------------------------------------------------------------------------------------
2026-04-27 09:56:17 | ectuner |     INFO -> rsnt         | Global Bias |            -1.3053 ->            -1.4315 | WORSENED
2026-04-27 09:56:17 | ectuner |     INFO ->              | Spatial RMSE  |            10.4479 ->            10.2863 | IMPROVED
2026-04-27 09:56:17 | ectuner |     INFO -> ------------------------------------------------------------------------------------------
2026-04-27 09:56:17 | ectuner |     INFO -> swcf         | Global Bias |             0.5056 ->             0.5013 | IMPROVED
2026-04-27 09:56:17 | ectuner |     INFO ->              | Spatial RMSE  |            11.0812 ->            10.8858 | IMPROVED
2026-04-27 09:56:17 | ectuner |     INFO -> ------------------------------------------------------------------------------------------
2026-04-27 09:56:17 | ectuner |     INFO -> Structured tuning YAML written to ../results/tuned_2d_LR/all_flux/tol_alfa_010/tuned_phis_a010.yml

| Parameter         |   New Value |   Old Value |      Change |   Rel. Change |   Dist. from Ref. |
|-------------------+-------------+-------------+-------------+---------------+-------------------|
| RPRCON            |  1.3588e-03 |  1.4000e-03 | -4.1239e-05 |   -2.9456e-02 |       -2.9456e-02 |
| ENTRORG           |  1.4727e-03 |  1.7500e-03 | -2.7729e-04 |   -1.5845e-01 |       -1.5845e-01 |
| DETRPEN           |  1.1327e-04 |  7.5000e-05 |  3.8271e-05 |    5.1028e-01 |        5.1028e-01 |
| ENTRDD            |  2.6925e-04 |  3.0000e-04 | -3.0746e-05 |   -1.0249e-01 |       -1.0249e-01 |
| RMFDEPS           |  4.0890e-01 |  3.0000e-01 |  1.0890e-01 |    3.6299e-01 |        3.6299e-01 |
| RVICE             |  2.0800e-01 |  1.3000e-01 |  7.7999e-02 |    5.9999e-01 |        5.9999e-01 |
| RLCRITSNOW        |  1.7985e-05 |  2.0000e-05 | -2.0151e-06 |   -1.0075e-01 |       -1.0075e-01 |
| RSNOWLIN2         |  2.0360e-02 |  3.0000e-02 | -9.6405e-03 |   -3.2135e-01 |       -3.2135e-01 |
| RCLDIFF           |  2.7463e-06 |  6.0000e-06 | -3.2537e-06 |   -5.4228e-01 |       -5.4228e-01 |
| RCLDIFF_CONVI     |  9.2924e+00 |  1.0000e+01 | -7.0763e-01 |   -7.0763e-02 |       -7.0763e-02 |
| RDEPLIQREFRATE    |  7.1476e-01 |  5.0000e-01 |  2.1476e-01 |    4.2953e-01 |        4.2953e-01 |
| RDEPLIQREFDEPTH   |  4.9483e+02 |  5.0000e+02 | -5.1654e+00 |   -1.0331e-02 |       -1.0331e-02 |
| RCL_OVERLAPLIQICE |  5.5658e-01 |  6.5000e-01 | -9.3418e-02 |   -1.4372e-01 |       -1.4372e-01 |
| RCL_INHOMOGAUT    |  1.5669e+00 |  1.5000e+00 |  6.6930e-02 |    4.4620e-02 |        4.4620e-02 |
| RCL_INHOMOGACC    |  2.7776e+00 |  3.0000e+00 | -2.2238e-01 |   -7.4128e-02 |       -7.4128e-02 |
| RMINICE           |  4.9908e+01 |  6.0000e+01 | -1.0092e+01 |   -1.6820e-01 |       -1.6820e-01 |
2026-04-27 09:56:17 | ectuner |     INFO -> Diagnostic maps saved to ../results/tuned_2d_LR/all_flux/tol_alfa_010/diagnostics_2d_phis_Global_a01.nc
Copia del file YAML inviata a ../results/tuned_2d_LR/all_flux/tol_yaml_files
