2026-04-27 09:51:14 | ectuner |     INFO -> Loading 2D Data (Sensitivity, Reference, Base)...
   > Loading reference for lwcf from: climate_average_lwcf_CERES EBAF_r180x90_2000-2024.nc
   > Loading reference for net_toa from: climate_average_net_toa_CERES EBAF_r180x90_2000-2024.nc
   > Loading reference for rlnt from: climate_average_rlnt_CERES EBAF_r180x90_2000-2024.nc
   > Flipping sign for rlnt (Obs is UP, Model is DOWN)
   > Loading reference for rsnt from: climate_average_rsnt_CERES EBAF_r180x90_2000-2024.nc
   > Loading reference for swcf from: climate_average_swcf_CERES EBAF_r180x90_2000-2024.nc
--- Loading cached base maps for phis ---
2026-04-27 09:51:15 | ectuner |     INFO -> Generating spatial weights (Area * Region)...
2026-04-27 09:51:15 | ectuner |     INFO -> Variable lwcf: Initial Spatial RMSE (Weighted) = 7.7684
2026-04-27 09:51:15 | ectuner |     INFO -> Variable net_toa: Initial Spatial RMSE (Weighted) = 11.3965
2026-04-27 09:51:15 | ectuner |     INFO -> Variable rlnt: Initial Spatial RMSE (Weighted) = 11.5226
2026-04-27 09:51:15 | ectuner |     INFO -> Variable rsnt: Initial Spatial RMSE (Weighted) = 10.4479
2026-04-27 09:51:15 | ectuner |     INFO -> Variable swcf: Initial Spatial RMSE (Weighted) = 11.0812
2026-04-27 09:51:15 | ectuner |     INFO -> Flattening data for fast optimization...
2026-04-27 09:51:16 | ectuner |     INFO -> DEBUG: Global Bias for lwcf in optimizer: -2.7092
2026-04-27 09:51:16 | ectuner |     INFO -> DEBUG: Global Bias for net_toa in optimizer: 5.6259
2026-04-27 09:51:16 | ectuner |     INFO -> DEBUG: Global Bias for rlnt in optimizer: 6.9311
2026-04-27 09:51:16 | ectuner |     INFO -> DEBUG: Global Bias for rsnt in optimizer: -1.3053
2026-04-27 09:51:16 | ectuner |     INFO -> DEBUG: Global Bias for swcf in optimizer: 0.5056
2026-04-27 09:51:16 | ectuner |     INFO -> Starting 2D Optimization (dual_annealing)...
2026-04-27 09:58:05 | ectuner |     INFO -> 
==================== GLOBAL MEAN & ZONAL SUMMARY FROM 2D OPTIMIZATION ====================
2026-04-27 09:58:05 | ectuner |     INFO -> Variable     | Metric       |            Initial ->              Final | Status
2026-04-27 09:58:05 | ectuner |     INFO -> ------------------------------------------------------------------------------------------
2026-04-27 09:58:05 | ectuner |     INFO -> lwcf         | Global Bias |            -2.7092 ->            -5.2527 | WORSENED
2026-04-27 09:58:05 | ectuner |     INFO ->              | Spatial RMSE  |             7.7684 ->             7.9746 | WORSENED
2026-04-27 09:58:05 | ectuner |     INFO -> ------------------------------------------------------------------------------------------
2026-04-27 09:58:05 | ectuner |     INFO -> net_toa      | Global Bias |             5.6259 ->             3.0774 | IMPROVED
2026-04-27 09:58:05 | ectuner |     INFO ->              | Spatial RMSE  |            11.3965 ->             9.7926 | IMPROVED
2026-04-27 09:58:05 | ectuner |     INFO -> ------------------------------------------------------------------------------------------
2026-04-27 09:58:05 | ectuner |     INFO -> rlnt         | Global Bias |             6.9311 ->             4.7443 | IMPROVED
2026-04-27 09:58:05 | ectuner |     INFO ->              | Spatial RMSE  |            11.5226 ->             9.1792 | IMPROVED
2026-04-27 09:58:05 | ectuner |     INFO -> ------------------------------------------------------------------------------------------
2026-04-27 09:58:05 | ectuner |     INFO -> rsnt         | Global Bias |            -1.3053 ->            -1.6669 | WORSENED
2026-04-27 09:58:05 | ectuner |     INFO ->              | Spatial RMSE  |            10.4479 ->            10.3458 | IMPROVED
2026-04-27 09:58:05 | ectuner |     INFO -> ------------------------------------------------------------------------------------------
2026-04-27 09:58:05 | ectuner |     INFO -> swcf         | Global Bias |             0.5056 ->             0.2662 | IMPROVED
2026-04-27 09:58:05 | ectuner |     INFO ->              | Spatial RMSE  |            11.0812 ->            10.9183 | IMPROVED
2026-04-27 09:58:05 | ectuner |     INFO -> ------------------------------------------------------------------------------------------
2026-04-27 09:58:05 | ectuner |     INFO -> Structured tuning YAML written to ../results/tuned_2d_LR/all_flux/tol_alfa_020/tuned_phis_a020.yml

| Parameter         |   New Value |   Old Value |      Change |   Rel. Change |   Dist. from Ref. |
|-------------------+-------------+-------------+-------------+---------------+-------------------|
| RPRCON            |  1.3980e-03 |  1.4000e-03 | -2.0119e-06 |   -1.4371e-03 |       -1.4371e-03 |
| ENTRORG           |  1.4931e-03 |  1.7500e-03 | -2.5695e-04 |   -1.4683e-01 |       -1.4683e-01 |
| DETRPEN           |  1.1324e-04 |  7.5000e-05 |  3.8241e-05 |    5.0988e-01 |        5.0988e-01 |
| ENTRDD            |  2.5828e-04 |  3.0000e-04 | -4.1718e-05 |   -1.3906e-01 |       -1.3906e-01 |
| RMFDEPS           |  4.0452e-01 |  3.0000e-01 |  1.0452e-01 |    3.4839e-01 |        3.4839e-01 |
| RVICE             |  2.0799e-01 |  1.3000e-01 |  7.7988e-02 |    5.9991e-01 |        5.9991e-01 |
| RLCRITSNOW        |  1.7681e-05 |  2.0000e-05 | -2.3192e-06 |   -1.1596e-01 |       -1.1596e-01 |
| RSNOWLIN2         |  2.0953e-02 |  3.0000e-02 | -9.0474e-03 |   -3.0158e-01 |       -3.0158e-01 |
| RCLDIFF           |  2.6452e-06 |  6.0000e-06 | -3.3548e-06 |   -5.5913e-01 |       -5.5913e-01 |
| RCLDIFF_CONVI     |  9.0277e+00 |  1.0000e+01 | -9.7235e-01 |   -9.7235e-02 |       -9.7235e-02 |
| RDEPLIQREFRATE    |  7.0979e-01 |  5.0000e-01 |  2.0979e-01 |    4.1958e-01 |        4.1958e-01 |
| RDEPLIQREFDEPTH   |  4.8834e+02 |  5.0000e+02 | -1.1662e+01 |   -2.3323e-02 |       -2.3323e-02 |
| RCL_OVERLAPLIQICE |  5.3645e-01 |  6.5000e-01 | -1.1355e-01 |   -1.7470e-01 |       -1.7470e-01 |
| RCL_INHOMOGAUT    |  1.5198e+00 |  1.5000e+00 |  1.9786e-02 |    1.3190e-02 |        1.3190e-02 |
| RCL_INHOMOGACC    |  2.6972e+00 |  3.0000e+00 | -3.0283e-01 |   -1.0094e-01 |       -1.0094e-01 |
| RMINICE           |  5.0214e+01 |  6.0000e+01 | -9.7858e+00 |   -1.6310e-01 |       -1.6310e-01 |
2026-04-27 09:58:06 | ectuner |     INFO -> Diagnostic maps saved to ../results/tuned_2d_LR/all_flux/tol_alfa_020/diagnostics_2d_phis_Global_a02.nc
Copia del file YAML inviata a ../results/tuned_2d_LR/all_flux/tol_yaml_files
