2026-04-27 09:51:35 | ectuner |     INFO -> Loading 2D Data (Sensitivity, Reference, Base)...
   > Loading reference for lwcf from: climate_average_lwcf_CERES EBAF_r180x90_2000-2024.nc
   > Loading reference for net_toa from: climate_average_net_toa_CERES EBAF_r180x90_2000-2024.nc
   > Loading reference for rlnt from: climate_average_rlnt_CERES EBAF_r180x90_2000-2024.nc
   > Flipping sign for rlnt (Obs is UP, Model is DOWN)
   > Loading reference for rsnt from: climate_average_rsnt_CERES EBAF_r180x90_2000-2024.nc
   > Loading reference for swcf from: climate_average_swcf_CERES EBAF_r180x90_2000-2024.nc
--- Loading cached base maps for phis ---
2026-04-27 09:51:36 | ectuner |     INFO -> Generating spatial weights (Area * Region)...
2026-04-27 09:51:36 | ectuner |     INFO -> Variable lwcf: Initial Spatial RMSE (Weighted) = 7.7684
2026-04-27 09:51:36 | ectuner |     INFO -> Variable net_toa: Initial Spatial RMSE (Weighted) = 11.3965
2026-04-27 09:51:36 | ectuner |     INFO -> Variable rlnt: Initial Spatial RMSE (Weighted) = 11.5226
2026-04-27 09:51:36 | ectuner |     INFO -> Variable rsnt: Initial Spatial RMSE (Weighted) = 10.4479
2026-04-27 09:51:36 | ectuner |     INFO -> Variable swcf: Initial Spatial RMSE (Weighted) = 11.0812
2026-04-27 09:51:36 | ectuner |     INFO -> Flattening data for fast optimization...
2026-04-27 09:51:36 | ectuner |     INFO -> DEBUG: Global Bias for lwcf in optimizer: -2.7092
2026-04-27 09:51:36 | ectuner |     INFO -> DEBUG: Global Bias for net_toa in optimizer: 5.6259
2026-04-27 09:51:36 | ectuner |     INFO -> DEBUG: Global Bias for rlnt in optimizer: 6.9311
2026-04-27 09:51:36 | ectuner |     INFO -> DEBUG: Global Bias for rsnt in optimizer: -1.3053
2026-04-27 09:51:36 | ectuner |     INFO -> DEBUG: Global Bias for swcf in optimizer: 0.5056
2026-04-27 09:51:36 | ectuner |     INFO -> Starting 2D Optimization (dual_annealing)...
2026-04-27 09:54:34 | ectuner |     INFO -> 
==================== GLOBAL MEAN & ZONAL SUMMARY FROM 2D OPTIMIZATION ====================
2026-04-27 09:54:34 | ectuner |     INFO -> Variable     | Metric       |            Initial ->              Final | Status
2026-04-27 09:54:34 | ectuner |     INFO -> ------------------------------------------------------------------------------------------
2026-04-27 09:54:34 | ectuner |     INFO -> lwcf         | Global Bias |            -2.7092 ->            -7.7203 | WORSENED
2026-04-27 09:54:34 | ectuner |     INFO ->              | Spatial RMSE  |             7.7684 ->            10.1571 | WORSENED
2026-04-27 09:54:34 | ectuner |     INFO -> ------------------------------------------------------------------------------------------
2026-04-27 09:54:34 | ectuner |     INFO -> net_toa      | Global Bias |             5.6259 ->            -0.0000 | IMPROVED
2026-04-27 09:54:34 | ectuner |     INFO ->              | Spatial RMSE  |            11.3965 ->            10.3492 | IMPROVED
2026-04-27 09:54:34 | ectuner |     INFO -> ------------------------------------------------------------------------------------------
2026-04-27 09:54:34 | ectuner |     INFO -> rlnt         | Global Bias |             6.9311 ->             1.9817 | IMPROVED
2026-04-27 09:54:34 | ectuner |     INFO ->              | Spatial RMSE  |            11.5226 ->             9.2886 | IMPROVED
2026-04-27 09:54:34 | ectuner |     INFO -> ------------------------------------------------------------------------------------------
2026-04-27 09:54:34 | ectuner |     INFO -> rsnt         | Global Bias |            -1.3053 ->            -1.9817 | WORSENED
2026-04-27 09:54:34 | ectuner |     INFO ->              | Spatial RMSE  |            10.4479 ->            11.1479 | WORSENED
2026-04-27 09:54:34 | ectuner |     INFO -> ------------------------------------------------------------------------------------------
2026-04-27 09:54:34 | ectuner |     INFO -> swcf         | Global Bias |             0.5056 ->             0.0000 | IMPROVED
2026-04-27 09:54:34 | ectuner |     INFO ->              | Spatial RMSE  |            11.0812 ->            11.7547 | WORSENED
2026-04-27 09:54:34 | ectuner |     INFO -> ------------------------------------------------------------------------------------------
2026-04-27 09:54:34 | ectuner |     INFO -> Structured tuning YAML written to ../results/tuned_2d_LR/all_flux/tol_alfa_070/tuned_phis_a070.yml

| Parameter         |   New Value |   Old Value |      Change |   Rel. Change |   Dist. from Ref. |
|-------------------+-------------+-------------+-------------+---------------+-------------------|
| RPRCON            |  1.3566e-03 |  1.4000e-03 | -4.3351e-05 |   -3.0965e-02 |       -3.0965e-02 |
| ENTRORG           |  1.8992e-03 |  1.7500e-03 |  1.4919e-04 |    8.5251e-02 |        8.5251e-02 |
| DETRPEN           |  9.6926e-05 |  7.5000e-05 |  2.1926e-05 |    2.9235e-01 |        2.9235e-01 |
| ENTRDD            |  3.0644e-04 |  3.0000e-04 |  6.4356e-06 |    2.1452e-02 |        2.1452e-02 |
| RMFDEPS           |  3.2055e-01 |  3.0000e-01 |  2.0551e-02 |    6.8503e-02 |        6.8503e-02 |
| RVICE             |  1.9640e-01 |  1.3000e-01 |  6.6396e-02 |    5.1074e-01 |        5.1074e-01 |
| RLCRITSNOW        |  1.3290e-05 |  2.0000e-05 | -6.7103e-06 |   -3.3551e-01 |       -3.3551e-01 |
| RSNOWLIN2         |  1.5498e-02 |  3.0000e-02 | -1.4502e-02 |   -4.8339e-01 |       -4.8339e-01 |
| RCLDIFF           |  2.6510e-06 |  6.0000e-06 | -3.3490e-06 |   -5.5817e-01 |       -5.5817e-01 |
| RCLDIFF_CONVI     |  5.7945e+00 |  1.0000e+01 | -4.2055e+00 |   -4.2055e-01 |       -4.2055e-01 |
| RDEPLIQREFRATE    |  6.7719e-01 |  5.0000e-01 |  1.7719e-01 |    3.5439e-01 |        3.5439e-01 |
| RDEPLIQREFDEPTH   |  3.9988e+02 |  5.0000e+02 | -1.0012e+02 |   -2.0025e-01 |       -2.0025e-01 |
| RCL_OVERLAPLIQICE |  6.1139e-01 |  6.5000e-01 | -3.8614e-02 |   -5.9407e-02 |       -5.9407e-02 |
| RCL_INHOMOGAUT    |  1.5148e+00 |  1.5000e+00 |  1.4849e-02 |    9.8994e-03 |        9.8994e-03 |
| RCL_INHOMOGACC    |  2.0597e+00 |  3.0000e+00 | -9.4029e-01 |   -3.1343e-01 |       -3.1343e-01 |
| RMINICE           |  6.6114e+01 |  6.0000e+01 |  6.1139e+00 |    1.0190e-01 |        1.0190e-01 |
2026-04-27 09:54:34 | ectuner |     INFO -> Diagnostic maps saved to ../results/tuned_2d_LR/all_flux/tol_alfa_070/diagnostics_2d_phis_Global_a07.nc
Copia del file YAML inviata a ../results/tuned_2d_LR/all_flux/tol_yaml_files
