2026-04-23 14:59:28 | ectuner |     INFO -> Loading 2D Data (Sensitivity, Reference, Base)...
   > Loading reference for net_toa from: climate_average_net_toa_CERES EBAF_r180x90_2000-2024.nc
   > Loading reference for rlnt from: climate_average_rlnt_CERES EBAF_r180x90_2000-2024.nc
   > Flipping sign for rlnt (Obs is UP, Model is DOWN)
--- Loading cached base maps for phis ---
2026-04-23 14:59:29 | ectuner |     INFO -> Generating spatial weights (Area * Region)...
2026-04-23 14:59:29 | ectuner |     INFO -> Variable net_toa: Initial Spatial RMSE (Weighted) = 11.3965
2026-04-23 14:59:29 | ectuner |     INFO -> Variable rlnt: Initial Spatial RMSE (Weighted) = 11.5226
2026-04-23 14:59:29 | ectuner |     INFO -> Flattening data for fast optimization...
2026-04-23 14:59:29 | ectuner |     INFO -> DEBUG: Global Bias for net_toa in optimizer: 5.6259
2026-04-23 14:59:29 | ectuner |     INFO -> DEBUG: Global Bias for rlnt in optimizer: 6.9311
2026-04-23 14:59:29 | ectuner |     INFO -> Starting 2D Optimization (dual_annealing)...
2026-04-23 15:00:33 | ectuner |     INFO -> 
==================== GLOBAL MEAN & ZONAL SUMMARY FROM 2D OPTIMIZATION ====================
2026-04-23 15:00:33 | ectuner |     INFO -> Variable     | Metric       |            Initial ->              Final | Status
2026-04-23 15:00:33 | ectuner |     INFO -> ------------------------------------------------------------------------------------------
2026-04-23 15:00:33 | ectuner |     INFO -> net_toa      | Global Bias |             5.6259 ->             1.8530 | IMPROVED
2026-04-23 15:00:33 | ectuner |     INFO ->              | Spatial RMSE  |            11.3965 ->             9.3473 | IMPROVED
2026-04-23 15:00:33 | ectuner |     INFO -> ------------------------------------------------------------------------------------------
2026-04-23 15:00:34 | ectuner |     INFO -> rlnt         | Global Bias |             6.9311 ->             2.2166 | IMPROVED
2026-04-23 15:00:34 | ectuner |     INFO ->              | Spatial RMSE  |            11.5226 ->             8.3953 | IMPROVED
2026-04-23 15:00:34 | ectuner |     INFO -> ------------------------------------------------------------------------------------------
2026-04-23 15:00:34 | ectuner |     INFO -> Structured tuning YAML written to ../results/tuned_2d_LR/rlut/alfa_000/tuned_phis_a000.yml

| Parameter         |   New Value |   Old Value |      Change |   Rel. Change |   Dist. from Ref. |
|-------------------+-------------+-------------+-------------+---------------+-------------------|
| RPRCON            |  9.8265e-04 |  1.4000e-03 | -4.1735e-04 |   -2.9811e-01 |       -2.9811e-01 |
| ENTRORG           |  1.2533e-03 |  1.7500e-03 | -4.9674e-04 |   -2.8385e-01 |       -2.8385e-01 |
| DETRPEN           |  1.2000e-04 |  7.5000e-05 |  4.5000e-05 |    6.0000e-01 |        6.0000e-01 |
| ENTRDD            |  2.0860e-04 |  3.0000e-04 | -9.1399e-05 |   -3.0466e-01 |       -3.0466e-01 |
| RMFDEPS           |  4.1984e-01 |  3.0000e-01 |  1.1984e-01 |    3.9948e-01 |        3.9948e-01 |
| RVICE             |  2.0798e-01 |  1.3000e-01 |  7.7985e-02 |    5.9988e-01 |        5.9988e-01 |
| RLCRITSNOW        |  1.1218e-05 |  2.0000e-05 | -8.7817e-06 |   -4.3909e-01 |       -4.3909e-01 |
| RSNOWLIN2         |  1.2000e-02 |  3.0000e-02 | -1.8000e-02 |   -6.0000e-01 |       -6.0000e-01 |
| RCLDIFF           |  5.3167e-06 |  6.0000e-06 | -6.8329e-07 |   -1.1388e-01 |       -1.1388e-01 |
| RCLDIFF_CONVI     |  1.1137e+01 |  1.0000e+01 |  1.1369e+00 |    1.1369e-01 |        1.1369e-01 |
| RDEPLIQREFRATE    |  6.7948e-01 |  5.0000e-01 |  1.7948e-01 |    3.5896e-01 |        3.5896e-01 |
| RDEPLIQREFDEPTH   |  5.4576e+02 |  5.0000e+02 |  4.5762e+01 |    9.1524e-02 |        9.1524e-02 |
| RCL_OVERLAPLIQICE |  4.9041e-01 |  6.5000e-01 | -1.5959e-01 |   -2.4552e-01 |       -2.4552e-01 |
| RCL_INHOMOGAUT    |  1.4379e+00 |  1.5000e+00 | -6.2142e-02 |   -4.1428e-02 |       -4.1428e-02 |
| RCL_INHOMOGACC    |  1.9268e+00 |  3.0000e+00 | -1.0732e+00 |   -3.5772e-01 |       -3.5772e-01 |
| RMINICE           |  8.4106e+01 |  6.0000e+01 |  2.4106e+01 |    4.0177e-01 |        4.0177e-01 |
2026-04-23 15:00:34 | ectuner |     INFO -> Diagnostic maps saved to ../results/tuned_2d_LR/rlut/alfa_000/diagnostics_2d_phis_Global_a00.nc
Copia del file YAML inviata a ../results/tuned_2d_LR/rlut/yaml_files
