2026-04-23 14:59:29 | ectuner |     INFO -> Loading 2D Data (Sensitivity, Reference, Base)...
   > Loading reference for net_toa from: climate_average_net_toa_CERES EBAF_r180x90_2000-2024.nc
   > Loading reference for rlnt from: climate_average_rlnt_CERES EBAF_r180x90_2000-2024.nc
   > Flipping sign for rlnt (Obs is UP, Model is DOWN)
--- Loading cached base maps for phis ---
2026-04-23 14:59:30 | ectuner |     INFO -> Generating spatial weights (Area * Region)...
2026-04-23 14:59:30 | ectuner |     INFO -> Variable net_toa: Initial Spatial RMSE (Weighted) = 11.3965
2026-04-23 14:59:30 | ectuner |     INFO -> Variable rlnt: Initial Spatial RMSE (Weighted) = 11.5226
2026-04-23 14:59:30 | ectuner |     INFO -> Flattening data for fast optimization...
2026-04-23 14:59:30 | ectuner |     INFO -> DEBUG: Global Bias for net_toa in optimizer: 5.6259
2026-04-23 14:59:30 | ectuner |     INFO -> DEBUG: Global Bias for rlnt in optimizer: 6.9311
2026-04-23 14:59:30 | ectuner |     INFO -> Starting 2D Optimization (dual_annealing)...
2026-04-23 15:00:30 | ectuner |     INFO -> 
==================== GLOBAL MEAN & ZONAL SUMMARY FROM 2D OPTIMIZATION ====================
2026-04-23 15:00:30 | ectuner |     INFO -> Variable     | Metric       |            Initial ->              Final | Status
2026-04-23 15:00:30 | ectuner |     INFO -> ------------------------------------------------------------------------------------------
2026-04-23 15:00:30 | ectuner |     INFO -> net_toa      | Global Bias |             5.6259 ->             0.7715 | IMPROVED
2026-04-23 15:00:30 | ectuner |     INFO ->              | Spatial RMSE  |            11.3965 ->             9.4106 | IMPROVED
2026-04-23 15:00:30 | ectuner |     INFO -> ------------------------------------------------------------------------------------------
2026-04-23 15:00:30 | ectuner |     INFO -> rlnt         | Global Bias |             6.9311 ->             1.3432 | IMPROVED
2026-04-23 15:00:30 | ectuner |     INFO ->              | Spatial RMSE  |            11.5226 ->             8.5072 | IMPROVED
2026-04-23 15:00:30 | ectuner |     INFO -> ------------------------------------------------------------------------------------------
2026-04-23 15:00:30 | ectuner |     INFO -> Structured tuning YAML written to ../results/tuned_2d_LR/rlut/alfa_015/tuned_phis_a015.yml

| Parameter         |   New Value |   Old Value |      Change |   Rel. Change |   Dist. from Ref. |
|-------------------+-------------+-------------+-------------+---------------+-------------------|
| RPRCON            |  1.0015e-03 |  1.4000e-03 | -3.9854e-04 |   -2.8467e-01 |       -2.8467e-01 |
| ENTRORG           |  1.2264e-03 |  1.7500e-03 | -5.2362e-04 |   -2.9921e-01 |       -2.9921e-01 |
| DETRPEN           |  1.2000e-04 |  7.5000e-05 |  4.5000e-05 |    6.0000e-01 |        6.0000e-01 |
| ENTRDD            |  1.8704e-04 |  3.0000e-04 | -1.1296e-04 |   -3.7654e-01 |       -3.7654e-01 |
| RMFDEPS           |  4.0190e-01 |  3.0000e-01 |  1.0190e-01 |    3.3968e-01 |        3.3968e-01 |
| RVICE             |  2.0800e-01 |  1.3000e-01 |  7.8000e-02 |    6.0000e-01 |        6.0000e-01 |
| RLCRITSNOW        |  8.6085e-06 |  2.0000e-05 | -1.1392e-05 |   -5.6958e-01 |       -5.6958e-01 |
| RSNOWLIN2         |  1.2000e-02 |  3.0000e-02 | -1.8000e-02 |   -6.0000e-01 |       -6.0000e-01 |
| RCLDIFF           |  5.1963e-06 |  6.0000e-06 | -8.0369e-07 |   -1.3395e-01 |       -1.3395e-01 |
| RCLDIFF_CONVI     |  1.1005e+01 |  1.0000e+01 |  1.0046e+00 |    1.0046e-01 |        1.0046e-01 |
| RDEPLIQREFRATE    |  6.8032e-01 |  5.0000e-01 |  1.8032e-01 |    3.6063e-01 |        3.6063e-01 |
| RDEPLIQREFDEPTH   |  5.2940e+02 |  5.0000e+02 |  2.9399e+01 |    5.8797e-02 |        5.8797e-02 |
| RCL_OVERLAPLIQICE |  4.6299e-01 |  6.5000e-01 | -1.8701e-01 |   -2.8771e-01 |       -2.8771e-01 |
| RCL_INHOMOGAUT    |  1.3293e+00 |  1.5000e+00 | -1.7070e-01 |   -1.1380e-01 |       -1.1380e-01 |
| RCL_INHOMOGACC    |  1.4912e+00 |  3.0000e+00 | -1.5088e+00 |   -5.0293e-01 |       -5.0293e-01 |
| RMINICE           |  9.2713e+01 |  6.0000e+01 |  3.2713e+01 |    5.4521e-01 |        5.4521e-01 |
2026-04-23 15:00:30 | ectuner |     INFO -> Diagnostic maps saved to ../results/tuned_2d_LR/rlut/alfa_015/diagnostics_2d_phis_Global_a015.nc
Copia del file YAML inviata a ../results/tuned_2d_LR/rlut/yaml_files
