2026-04-23 14:59:27 | ectuner |     INFO -> Loading 2D Data (Sensitivity, Reference, Base)...
   > Loading reference for net_toa from: climate_average_net_toa_CERES EBAF_r180x90_2000-2024.nc
   > Loading reference for rlnt from: climate_average_rlnt_CERES EBAF_r180x90_2000-2024.nc
   > Flipping sign for rlnt (Obs is UP, Model is DOWN)
--- Loading cached base maps for phis ---
2026-04-23 14:59:29 | ectuner |     INFO -> Generating spatial weights (Area * Region)...
2026-04-23 14:59:29 | ectuner |     INFO -> Variable net_toa: Initial Spatial RMSE (Weighted) = 11.3965
2026-04-23 14:59:29 | ectuner |     INFO -> Variable rlnt: Initial Spatial RMSE (Weighted) = 11.5226
2026-04-23 14:59:29 | ectuner |     INFO -> Flattening data for fast optimization...
2026-04-23 14:59:29 | ectuner |     INFO -> DEBUG: Global Bias for net_toa in optimizer: 5.6259
2026-04-23 14:59:29 | ectuner |     INFO -> DEBUG: Global Bias for rlnt in optimizer: 6.9311
2026-04-23 14:59:29 | ectuner |     INFO -> Starting 2D Optimization (dual_annealing)...
2026-04-23 15:00:27 | ectuner |     INFO -> 
==================== GLOBAL MEAN & ZONAL SUMMARY FROM 2D OPTIMIZATION ====================
2026-04-23 15:00:27 | ectuner |     INFO -> Variable     | Metric       |            Initial ->              Final | Status
2026-04-23 15:00:27 | ectuner |     INFO -> ------------------------------------------------------------------------------------------
2026-04-23 15:00:27 | ectuner |     INFO -> net_toa      | Global Bias |             5.6259 ->             0.0000 | IMPROVED
2026-04-23 15:00:27 | ectuner |     INFO ->              | Spatial RMSE  |            11.3965 ->             9.9464 | IMPROVED
2026-04-23 15:00:27 | ectuner |     INFO -> ------------------------------------------------------------------------------------------
2026-04-23 15:00:27 | ectuner |     INFO -> rlnt         | Global Bias |             6.9311 ->             0.0004 | IMPROVED
2026-04-23 15:00:27 | ectuner |     INFO ->              | Spatial RMSE  |            11.5226 ->             9.4885 | IMPROVED
2026-04-23 15:00:27 | ectuner |     INFO -> ------------------------------------------------------------------------------------------
2026-04-23 15:00:27 | ectuner |     INFO -> Structured tuning YAML written to ../results/tuned_2d_LR/rlut/alfa_060/tuned_phis_a060.yml

| Parameter         |   New Value |   Old Value |      Change |   Rel. Change |   Dist. from Ref. |
|-------------------+-------------+-------------+-------------+---------------+-------------------|
| RPRCON            |  1.8079e-03 |  1.4000e-03 |  4.0787e-04 |    2.9133e-01 |        2.9133e-01 |
| ENTRORG           |  1.2709e-03 |  1.7500e-03 | -4.7914e-04 |   -2.7379e-01 |       -2.7379e-01 |
| DETRPEN           |  1.1103e-04 |  7.5000e-05 |  3.6031e-05 |    4.8042e-01 |        4.8042e-01 |
| ENTRDD            |  1.2424e-04 |  3.0000e-04 | -1.7576e-04 |   -5.8588e-01 |       -5.8588e-01 |
| RMFDEPS           |  3.9158e-01 |  3.0000e-01 |  9.1584e-02 |    3.0528e-01 |        3.0528e-01 |
| RVICE             |  1.8750e-01 |  1.3000e-01 |  5.7501e-02 |    4.4231e-01 |        4.4231e-01 |
| RLCRITSNOW        |  1.5078e-05 |  2.0000e-05 | -4.9223e-06 |   -2.4611e-01 |       -2.4611e-01 |
| RSNOWLIN2         |  1.2484e-02 |  3.0000e-02 | -1.7516e-02 |   -5.8386e-01 |       -5.8386e-01 |
| RCLDIFF           |  3.8816e-06 |  6.0000e-06 | -2.1184e-06 |   -3.5307e-01 |       -3.5307e-01 |
| RCLDIFF_CONVI     |  9.4309e+00 |  1.0000e+01 | -5.6909e-01 |   -5.6909e-02 |       -5.6909e-02 |
| RDEPLIQREFRATE    |  7.1773e-01 |  5.0000e-01 |  2.1773e-01 |    4.3545e-01 |        4.3545e-01 |
| RDEPLIQREFDEPTH   |  4.5945e+02 |  5.0000e+02 | -4.0545e+01 |   -8.1090e-02 |       -8.1090e-02 |
| RCL_OVERLAPLIQICE |  3.3899e-01 |  6.5000e-01 | -3.1101e-01 |   -4.7847e-01 |       -4.7847e-01 |
| RCL_INHOMOGAUT    |  9.5424e-01 |  1.5000e+00 | -5.4576e-01 |   -3.6384e-01 |       -3.6384e-01 |
| RCL_INHOMOGACC    |  1.2380e+00 |  3.0000e+00 | -1.7620e+00 |   -5.8735e-01 |       -5.8735e-01 |
| RMINICE           |  7.2606e+01 |  6.0000e+01 |  1.2606e+01 |    2.1010e-01 |        2.1010e-01 |
2026-04-23 15:00:27 | ectuner |     INFO -> Diagnostic maps saved to ../results/tuned_2d_LR/rlut/alfa_060/diagnostics_2d_phis_Global_a06.nc
Copia del file YAML inviata a ../results/tuned_2d_LR/rlut/yaml_files
