2026-04-23 14:59:29 | ectuner |     INFO -> Loading 2D Data (Sensitivity, Reference, Base)...
   > Loading reference for net_toa from: climate_average_net_toa_CERES EBAF_r180x90_2000-2024.nc
   > Loading reference for rlnt from: climate_average_rlnt_CERES EBAF_r180x90_2000-2024.nc
   > Flipping sign for rlnt (Obs is UP, Model is DOWN)
--- Loading cached base maps for phis ---
2026-04-23 14:59:29 | ectuner |     INFO -> Generating spatial weights (Area * Region)...
2026-04-23 14:59:29 | ectuner |     INFO -> Variable net_toa: Initial Spatial RMSE (Weighted) = 11.3965
2026-04-23 14:59:29 | ectuner |     INFO -> Variable rlnt: Initial Spatial RMSE (Weighted) = 11.5226
2026-04-23 14:59:29 | ectuner |     INFO -> Flattening data for fast optimization...
2026-04-23 14:59:30 | ectuner |     INFO -> DEBUG: Global Bias for net_toa in optimizer: 5.6259
2026-04-23 14:59:30 | ectuner |     INFO -> DEBUG: Global Bias for rlnt in optimizer: 6.9311
2026-04-23 14:59:30 | ectuner |     INFO -> Starting 2D Optimization (dual_annealing)...
2026-04-23 15:00:33 | ectuner |     INFO -> 
==================== GLOBAL MEAN & ZONAL SUMMARY FROM 2D OPTIMIZATION ====================
2026-04-23 15:00:33 | ectuner |     INFO -> Variable     | Metric       |            Initial ->              Final | Status
2026-04-23 15:00:33 | ectuner |     INFO -> ------------------------------------------------------------------------------------------
2026-04-23 15:00:33 | ectuner |     INFO -> net_toa      | Global Bias |             5.6259 ->             1.1851 | IMPROVED
2026-04-23 15:00:33 | ectuner |     INFO ->              | Spatial RMSE  |            11.3965 ->             9.3643 | IMPROVED
2026-04-23 15:00:33 | ectuner |     INFO -> ------------------------------------------------------------------------------------------
2026-04-23 15:00:33 | ectuner |     INFO -> rlnt         | Global Bias |             6.9311 ->             1.6707 | IMPROVED
2026-04-23 15:00:33 | ectuner |     INFO ->              | Spatial RMSE  |            11.5226 ->             8.4462 | IMPROVED
2026-04-23 15:00:33 | ectuner |     INFO -> ------------------------------------------------------------------------------------------
2026-04-23 15:00:33 | ectuner |     INFO -> Structured tuning YAML written to ../results/tuned_2d_LR/rlut/alfa_010/tuned_phis_a010.yml

| Parameter         |   New Value |   Old Value |      Change |   Rel. Change |   Dist. from Ref. |
|-------------------+-------------+-------------+-------------+---------------+-------------------|
| RPRCON            |  9.9208e-04 |  1.4000e-03 | -4.0792e-04 |   -2.9137e-01 |       -2.9137e-01 |
| ENTRORG           |  1.2395e-03 |  1.7500e-03 | -5.1048e-04 |   -2.9170e-01 |       -2.9170e-01 |
| DETRPEN           |  1.2000e-04 |  7.5000e-05 |  4.5000e-05 |    6.0000e-01 |        6.0000e-01 |
| ENTRDD            |  1.9550e-04 |  3.0000e-04 | -1.0450e-04 |   -3.4832e-01 |       -3.4832e-01 |
| RMFDEPS           |  4.0940e-01 |  3.0000e-01 |  1.0940e-01 |    3.6466e-01 |        3.6466e-01 |
| RVICE             |  2.0800e-01 |  1.3000e-01 |  7.8000e-02 |    6.0000e-01 |        6.0000e-01 |
| RLCRITSNOW        |  9.5099e-06 |  2.0000e-05 | -1.0490e-05 |   -5.2451e-01 |       -5.2451e-01 |
| RSNOWLIN2         |  1.2017e-02 |  3.0000e-02 | -1.7983e-02 |   -5.9944e-01 |       -5.9944e-01 |
| RCLDIFF           |  5.2243e-06 |  6.0000e-06 | -7.7569e-07 |   -1.2928e-01 |       -1.2928e-01 |
| RCLDIFF_CONVI     |  1.1075e+01 |  1.0000e+01 |  1.0755e+00 |    1.0755e-01 |        1.0755e-01 |
| RDEPLIQREFRATE    |  6.7700e-01 |  5.0000e-01 |  1.7700e-01 |    3.5400e-01 |        3.5400e-01 |
| RDEPLIQREFDEPTH   |  5.3317e+02 |  5.0000e+02 |  3.3169e+01 |    6.6339e-02 |        6.6339e-02 |
| RCL_OVERLAPLIQICE |  4.7346e-01 |  6.5000e-01 | -1.7654e-01 |   -2.7161e-01 |       -2.7161e-01 |
| RCL_INHOMOGAUT    |  1.3715e+00 |  1.5000e+00 | -1.2854e-01 |   -8.5695e-02 |       -8.5695e-02 |
| RCL_INHOMOGACC    |  1.6692e+00 |  3.0000e+00 | -1.3308e+00 |   -4.4359e-01 |       -4.4359e-01 |
| RMINICE           |  8.9544e+01 |  6.0000e+01 |  2.9544e+01 |    4.9240e-01 |        4.9240e-01 |
2026-04-23 15:00:33 | ectuner |     INFO -> Diagnostic maps saved to ../results/tuned_2d_LR/rlut/alfa_010/diagnostics_2d_phis_Global_a01.nc
Copia del file YAML inviata a ../results/tuned_2d_LR/rlut/yaml_files
