2026-04-23 14:59:29 | ectuner |     INFO -> Loading 2D Data (Sensitivity, Reference, Base)...
   > Loading reference for net_toa from: climate_average_net_toa_CERES EBAF_r180x90_2000-2024.nc
   > Loading reference for rlnt from: climate_average_rlnt_CERES EBAF_r180x90_2000-2024.nc
   > Flipping sign for rlnt (Obs is UP, Model is DOWN)
--- Loading cached base maps for phis ---
2026-04-23 14:59:30 | ectuner |     INFO -> Generating spatial weights (Area * Region)...
2026-04-23 14:59:30 | ectuner |     INFO -> Variable net_toa: Initial Spatial RMSE (Weighted) = 11.3965
2026-04-23 14:59:30 | ectuner |     INFO -> Variable rlnt: Initial Spatial RMSE (Weighted) = 11.5226
2026-04-23 14:59:30 | ectuner |     INFO -> Flattening data for fast optimization...
2026-04-23 14:59:30 | ectuner |     INFO -> DEBUG: Global Bias for net_toa in optimizer: 5.6259
2026-04-23 14:59:30 | ectuner |     INFO -> DEBUG: Global Bias for rlnt in optimizer: 6.9311
2026-04-23 14:59:30 | ectuner |     INFO -> Starting 2D Optimization (dual_annealing)...
2026-04-23 15:00:27 | ectuner |     INFO -> 
==================== GLOBAL MEAN & ZONAL SUMMARY FROM 2D OPTIMIZATION ====================
2026-04-23 15:00:27 | ectuner |     INFO -> Variable     | Metric       |            Initial ->              Final | Status
2026-04-23 15:00:27 | ectuner |     INFO -> ------------------------------------------------------------------------------------------
2026-04-23 15:00:27 | ectuner |     INFO -> net_toa      | Global Bias |             5.6259 ->            -0.0000 | IMPROVED
2026-04-23 15:00:27 | ectuner |     INFO ->              | Spatial RMSE  |            11.3965 ->            11.6481 | WORSENED
2026-04-23 15:00:27 | ectuner |     INFO -> ------------------------------------------------------------------------------------------
2026-04-23 15:00:27 | ectuner |     INFO -> rlnt         | Global Bias |             6.9311 ->             0.0000 | IMPROVED
2026-04-23 15:00:27 | ectuner |     INFO ->              | Spatial RMSE  |            11.5226 ->            11.5441 | WORSENED
2026-04-23 15:00:27 | ectuner |     INFO -> ------------------------------------------------------------------------------------------
2026-04-23 15:00:27 | ectuner |     INFO -> Structured tuning YAML written to ../results/tuned_2d_LR/rlut/alfa_099/tuned_phis_a099.yml

| Parameter         |   New Value |   Old Value |      Change |   Rel. Change |   Dist. from Ref. |
|-------------------+-------------+-------------+-------------+---------------+-------------------|
| RPRCON            |  1.7878e-03 |  1.4000e-03 |  3.8784e-04 |    2.7703e-01 |        2.7703e-01 |
| ENTRORG           |  2.3850e-03 |  1.7500e-03 |  6.3499e-04 |    3.6285e-01 |        3.6285e-01 |
| DETRPEN           |  6.3457e-05 |  7.5000e-05 | -1.1543e-05 |   -1.5390e-01 |       -1.5390e-01 |
| ENTRDD            |  1.2200e-04 |  3.0000e-04 | -1.7800e-04 |   -5.9332e-01 |       -5.9332e-01 |
| RMFDEPS           |  2.5836e-01 |  3.0000e-01 | -4.1639e-02 |   -1.3880e-01 |       -1.3880e-01 |
| RVICE             |  1.1695e-01 |  1.3000e-01 | -1.3051e-02 |   -1.0039e-01 |       -1.0039e-01 |
| RLCRITSNOW        |  2.6023e-05 |  2.0000e-05 |  6.0231e-06 |    3.0116e-01 |        3.0116e-01 |
| RSNOWLIN2         |  1.2803e-02 |  3.0000e-02 | -1.7197e-02 |   -5.7323e-01 |       -5.7323e-01 |
| RCLDIFF           |  4.0729e-06 |  6.0000e-06 | -1.9271e-06 |   -3.2118e-01 |       -3.2118e-01 |
| RCLDIFF_CONVI     |  1.2479e+01 |  1.0000e+01 |  2.4794e+00 |    2.4794e-01 |        2.4794e-01 |
| RDEPLIQREFRATE    |  4.8353e-01 |  5.0000e-01 | -1.6466e-02 |   -3.2932e-02 |       -3.2932e-02 |
| RDEPLIQREFDEPTH   |  3.1109e+02 |  5.0000e+02 | -1.8891e+02 |   -3.7783e-01 |       -3.7783e-01 |
| RCL_OVERLAPLIQICE |  6.2233e-01 |  6.5000e-01 | -2.7666e-02 |   -4.2563e-02 |       -4.2563e-02 |
| RCL_INHOMOGAUT    |  1.6867e+00 |  1.5000e+00 |  1.8666e-01 |    1.2444e-01 |        1.2444e-01 |
| RCL_INHOMOGACC    |  2.2667e+00 |  3.0000e+00 | -7.3329e-01 |   -2.4443e-01 |       -2.4443e-01 |
| RMINICE           |  8.2359e+01 |  6.0000e+01 |  2.2359e+01 |    3.7265e-01 |        3.7265e-01 |
2026-04-23 15:00:27 | ectuner |     INFO -> Diagnostic maps saved to ../results/tuned_2d_LR/rlut/alfa_099/diagnostics_2d_phis_Global_a099.nc
Copia del file YAML inviata a ../results/tuned_2d_LR/rlut/yaml_files
