2026-04-23 14:59:29 | ectuner |     INFO -> Loading 2D Data (Sensitivity, Reference, Base)...
   > Loading reference for net_toa from: climate_average_net_toa_CERES EBAF_r180x90_2000-2024.nc
   > Loading reference for rlnt from: climate_average_rlnt_CERES EBAF_r180x90_2000-2024.nc
   > Flipping sign for rlnt (Obs is UP, Model is DOWN)
--- Loading cached base maps for phis ---
2026-04-23 14:59:30 | ectuner |     INFO -> Generating spatial weights (Area * Region)...
2026-04-23 14:59:30 | ectuner |     INFO -> Variable net_toa: Initial Spatial RMSE (Weighted) = 11.3965
2026-04-23 14:59:30 | ectuner |     INFO -> Variable rlnt: Initial Spatial RMSE (Weighted) = 11.5226
2026-04-23 14:59:30 | ectuner |     INFO -> Flattening data for fast optimization...
2026-04-23 14:59:30 | ectuner |     INFO -> DEBUG: Global Bias for net_toa in optimizer: 5.6259
2026-04-23 14:59:31 | ectuner |     INFO -> DEBUG: Global Bias for rlnt in optimizer: 6.9311
2026-04-23 14:59:31 | ectuner |     INFO -> Starting 2D Optimization (dual_annealing)...
2026-04-23 15:00:25 | ectuner |     INFO -> 
==================== GLOBAL MEAN & ZONAL SUMMARY FROM 2D OPTIMIZATION ====================
2026-04-23 15:00:25 | ectuner |     INFO -> Variable     | Metric       |            Initial ->              Final | Status
2026-04-23 15:00:25 | ectuner |     INFO -> ------------------------------------------------------------------------------------------
2026-04-23 15:00:25 | ectuner |     INFO -> net_toa      | Global Bias |             5.6259 ->            -0.0000 | IMPROVED
2026-04-23 15:00:25 | ectuner |     INFO ->              | Spatial RMSE  |            11.3965 ->            10.6926 | IMPROVED
2026-04-23 15:00:25 | ectuner |     INFO -> ------------------------------------------------------------------------------------------
2026-04-23 15:00:25 | ectuner |     INFO -> rlnt         | Global Bias |             6.9311 ->            -0.0000 | IMPROVED
2026-04-23 15:00:25 | ectuner |     INFO ->              | Spatial RMSE  |            11.5226 ->            10.1462 | IMPROVED
2026-04-23 15:00:25 | ectuner |     INFO -> ------------------------------------------------------------------------------------------
2026-04-23 15:00:25 | ectuner |     INFO -> Structured tuning YAML written to ../results/tuned_2d_LR/rlut/alfa_070/tuned_phis_a070.yml

| Parameter         |   New Value |   Old Value |      Change |   Rel. Change |   Dist. from Ref. |
|-------------------+-------------+-------------+-------------+---------------+-------------------|
| RPRCON            |  1.7670e-03 |  1.4000e-03 |  3.6701e-04 |    2.6215e-01 |        2.6215e-01 |
| ENTRORG           |  1.7476e-03 |  1.7500e-03 | -2.4310e-06 |   -1.3892e-03 |       -1.3892e-03 |
| DETRPEN           |  8.7404e-05 |  7.5000e-05 |  1.2404e-05 |    1.6539e-01 |        1.6539e-01 |
| ENTRDD            |  1.9368e-04 |  3.0000e-04 | -1.0632e-04 |   -3.5441e-01 |       -3.5441e-01 |
| RMFDEPS           |  3.0007e-01 |  3.0000e-01 |  7.2609e-05 |    2.4203e-04 |        2.4203e-04 |
| RVICE             |  1.3357e-01 |  1.3000e-01 |  3.5733e-03 |    2.7487e-02 |        2.7487e-02 |
| RLCRITSNOW        |  1.2683e-05 |  2.0000e-05 | -7.3172e-06 |   -3.6586e-01 |       -3.6586e-01 |
| RSNOWLIN2         |  1.3017e-02 |  3.0000e-02 | -1.6983e-02 |   -5.6610e-01 |       -5.6610e-01 |
| RCLDIFF           |  4.6980e-06 |  6.0000e-06 | -1.3020e-06 |   -2.1700e-01 |       -2.1700e-01 |
| RCLDIFF_CONVI     |  4.3376e+00 |  1.0000e+01 | -5.6624e+00 |   -5.6624e-01 |       -5.6624e-01 |
| RDEPLIQREFRATE    |  7.8811e-01 |  5.0000e-01 |  2.8811e-01 |    5.7622e-01 |        5.7622e-01 |
| RDEPLIQREFDEPTH   |  2.0402e+02 |  5.0000e+02 | -2.9598e+02 |   -5.9195e-01 |       -5.9195e-01 |
| RCL_OVERLAPLIQICE |  6.5013e-01 |  6.5000e-01 |  1.2905e-04 |    1.9854e-04 |        1.9854e-04 |
| RCL_INHOMOGAUT    |  7.3244e-01 |  1.5000e+00 | -7.6756e-01 |   -5.1171e-01 |       -5.1171e-01 |
| RCL_INHOMOGACC    |  1.6051e+00 |  3.0000e+00 | -1.3949e+00 |   -4.6496e-01 |       -4.6496e-01 |
| RMINICE           |  7.8399e+01 |  6.0000e+01 |  1.8399e+01 |    3.0666e-01 |        3.0666e-01 |
2026-04-23 15:00:25 | ectuner |     INFO -> Diagnostic maps saved to ../results/tuned_2d_LR/rlut/alfa_070/diagnostics_2d_phis_Global_a07.nc
Copia del file YAML inviata a ../results/tuned_2d_LR/rlut/yaml_files
