2026-04-23 14:59:26 | ectuner |     INFO -> Loading 2D Data (Sensitivity, Reference, Base)...
   > Loading reference for net_toa from: climate_average_net_toa_CERES EBAF_r180x90_2000-2024.nc
   > Loading reference for rlnt from: climate_average_rlnt_CERES EBAF_r180x90_2000-2024.nc
   > Flipping sign for rlnt (Obs is UP, Model is DOWN)
--- Loading cached base maps for phis ---
2026-04-23 14:59:27 | ectuner |     INFO -> Generating spatial weights (Area * Region)...
2026-04-23 14:59:27 | ectuner |     INFO -> Variable net_toa: Initial Spatial RMSE (Weighted) = 11.3965
2026-04-23 14:59:27 | ectuner |     INFO -> Variable rlnt: Initial Spatial RMSE (Weighted) = 11.5226
2026-04-23 14:59:27 | ectuner |     INFO -> Flattening data for fast optimization...
2026-04-23 14:59:28 | ectuner |     INFO -> DEBUG: Global Bias for net_toa in optimizer: 5.6259
2026-04-23 14:59:28 | ectuner |     INFO -> DEBUG: Global Bias for rlnt in optimizer: 6.9311
2026-04-23 14:59:28 | ectuner |     INFO -> Starting 2D Optimization (dual_annealing)...
2026-04-23 15:00:25 | ectuner |     INFO -> 
==================== GLOBAL MEAN & ZONAL SUMMARY FROM 2D OPTIMIZATION ====================
2026-04-23 15:00:25 | ectuner |     INFO -> Variable     | Metric       |            Initial ->              Final | Status
2026-04-23 15:00:25 | ectuner |     INFO -> ------------------------------------------------------------------------------------------
2026-04-23 15:00:25 | ectuner |     INFO -> net_toa      | Global Bias |             5.6259 ->             0.0000 | IMPROVED
2026-04-23 15:00:25 | ectuner |     INFO ->              | Spatial RMSE  |            11.3965 ->            10.7985 | IMPROVED
2026-04-23 15:00:25 | ectuner |     INFO -> ------------------------------------------------------------------------------------------
2026-04-23 15:00:26 | ectuner |     INFO -> rlnt         | Global Bias |             6.9311 ->             0.0000 | IMPROVED
2026-04-23 15:00:26 | ectuner |     INFO ->              | Spatial RMSE  |            11.5226 ->            10.1145 | IMPROVED
2026-04-23 15:00:26 | ectuner |     INFO -> ------------------------------------------------------------------------------------------
2026-04-23 15:00:26 | ectuner |     INFO -> Structured tuning YAML written to ../results/tuned_2d_LR/rlut/alfa_095/tuned_phis_a095.yml

| Parameter         |   New Value |   Old Value |      Change |   Rel. Change |   Dist. from Ref. |
|-------------------+-------------+-------------+-------------+---------------+-------------------|
| RPRCON            |  1.6889e-03 |  1.4000e-03 |  2.8893e-04 |    2.0638e-01 |        2.0638e-01 |
| ENTRORG           |  1.8843e-03 |  1.7500e-03 |  1.3427e-04 |    7.6727e-02 |        7.6727e-02 |
| DETRPEN           |  1.0208e-04 |  7.5000e-05 |  2.7075e-05 |    3.6100e-01 |        3.6100e-01 |
| ENTRDD            |  4.0669e-04 |  3.0000e-04 |  1.0669e-04 |    3.5562e-01 |        3.5562e-01 |
| RMFDEPS           |  3.7838e-01 |  3.0000e-01 |  7.8378e-02 |    2.6126e-01 |        2.6126e-01 |
| RVICE             |  1.6479e-01 |  1.3000e-01 |  3.4786e-02 |    2.6759e-01 |        2.6759e-01 |
| RLCRITSNOW        |  1.0960e-05 |  2.0000e-05 | -9.0403e-06 |   -4.5201e-01 |       -4.5201e-01 |
| RSNOWLIN2         |  1.4116e-02 |  3.0000e-02 | -1.5884e-02 |   -5.2947e-01 |       -5.2947e-01 |
| RCLDIFF           |  4.0248e-06 |  6.0000e-06 | -1.9752e-06 |   -3.2919e-01 |       -3.2919e-01 |
| RCLDIFF_CONVI     |  9.3203e+00 |  1.0000e+01 | -6.7967e-01 |   -6.7967e-02 |       -6.7967e-02 |
| RDEPLIQREFRATE    |  3.6318e-01 |  5.0000e-01 | -1.3682e-01 |   -2.7363e-01 |       -2.7363e-01 |
| RDEPLIQREFDEPTH   |  4.9791e+02 |  5.0000e+02 | -2.0862e+00 |   -4.1723e-03 |       -4.1723e-03 |
| RCL_OVERLAPLIQICE |  8.4927e-01 |  6.5000e-01 |  1.9927e-01 |    3.0658e-01 |        3.0658e-01 |
| RCL_INHOMOGAUT    |  1.2477e+00 |  1.5000e+00 | -2.5227e-01 |   -1.6818e-01 |       -1.6818e-01 |
| RCL_INHOMOGACC    |  1.6827e+00 |  3.0000e+00 | -1.3173e+00 |   -4.3910e-01 |       -4.3910e-01 |
| RMINICE           |  7.5175e+01 |  6.0000e+01 |  1.5175e+01 |    2.5291e-01 |        2.5291e-01 |
2026-04-23 15:00:26 | ectuner |     INFO -> Diagnostic maps saved to ../results/tuned_2d_LR/rlut/alfa_095/diagnostics_2d_phis_Global_a095.nc
Copia del file YAML inviata a ../results/tuned_2d_LR/rlut/yaml_files
