2026-04-23 14:59:27 | ectuner |     INFO -> Loading 2D Data (Sensitivity, Reference, Base)...
   > Loading reference for net_toa from: climate_average_net_toa_CERES EBAF_r180x90_2000-2024.nc
   > Loading reference for rlnt from: climate_average_rlnt_CERES EBAF_r180x90_2000-2024.nc
   > Flipping sign for rlnt (Obs is UP, Model is DOWN)
--- Loading cached base maps for phis ---
2026-04-23 14:59:28 | ectuner |     INFO -> Generating spatial weights (Area * Region)...
2026-04-23 14:59:28 | ectuner |     INFO -> Variable net_toa: Initial Spatial RMSE (Weighted) = 11.3965
2026-04-23 14:59:28 | ectuner |     INFO -> Variable rlnt: Initial Spatial RMSE (Weighted) = 11.5226
2026-04-23 14:59:28 | ectuner |     INFO -> Flattening data for fast optimization...
2026-04-23 14:59:28 | ectuner |     INFO -> DEBUG: Global Bias for net_toa in optimizer: 5.6259
2026-04-23 14:59:28 | ectuner |     INFO -> DEBUG: Global Bias for rlnt in optimizer: 6.9311
2026-04-23 14:59:28 | ectuner |     INFO -> Starting 2D Optimization (dual_annealing)...
2026-04-23 15:00:45 | ectuner |     INFO -> 
==================== GLOBAL MEAN & ZONAL SUMMARY FROM 2D OPTIMIZATION ====================
2026-04-23 15:00:45 | ectuner |     INFO -> Variable     | Metric       |            Initial ->              Final | Status
2026-04-23 15:00:45 | ectuner |     INFO -> ------------------------------------------------------------------------------------------
2026-04-23 15:00:45 | ectuner |     INFO -> net_toa      | Global Bias |             5.6259 ->            -0.0000 | IMPROVED
2026-04-23 15:00:45 | ectuner |     INFO ->              | Spatial RMSE  |            11.3965 ->            10.6072 | IMPROVED
2026-04-23 15:00:45 | ectuner |     INFO -> ------------------------------------------------------------------------------------------
2026-04-23 15:00:45 | ectuner |     INFO -> rlnt         | Global Bias |             6.9311 ->             0.0000 | IMPROVED
2026-04-23 15:00:45 | ectuner |     INFO ->              | Spatial RMSE  |            11.5226 ->             9.8266 | IMPROVED
2026-04-23 15:00:45 | ectuner |     INFO -> ------------------------------------------------------------------------------------------
2026-04-23 15:00:45 | ectuner |     INFO -> Structured tuning YAML written to ../results/tuned_2d_LR/rlut/alfa_090/tuned_phis_a090.yml

| Parameter         |   New Value |   Old Value |      Change |   Rel. Change |   Dist. from Ref. |
|-------------------+-------------+-------------+-------------+---------------+-------------------|
| RPRCON            |  1.4767e-03 |  1.4000e-03 |  7.6682e-05 |    5.4773e-02 |        5.4773e-02 |
| ENTRORG           |  2.0854e-03 |  1.7500e-03 |  3.3540e-04 |    1.9166e-01 |        1.9166e-01 |
| DETRPEN           |  4.9942e-05 |  7.5000e-05 | -2.5058e-05 |   -3.3411e-01 |       -3.3411e-01 |
| ENTRDD            |  2.1703e-04 |  3.0000e-04 | -8.2968e-05 |   -2.7656e-01 |       -2.7656e-01 |
| RMFDEPS           |  4.4905e-01 |  3.0000e-01 |  1.4905e-01 |    4.9683e-01 |        4.9683e-01 |
| RVICE             |  1.8811e-01 |  1.3000e-01 |  5.8112e-02 |    4.4701e-01 |        4.4701e-01 |
| RLCRITSNOW        |  1.2174e-05 |  2.0000e-05 | -7.8265e-06 |   -3.9132e-01 |       -3.9132e-01 |
| RSNOWLIN2         |  1.4998e-02 |  3.0000e-02 | -1.5002e-02 |   -5.0008e-01 |       -5.0008e-01 |
| RCLDIFF           |  5.8478e-06 |  6.0000e-06 | -1.5218e-07 |   -2.5364e-02 |       -2.5364e-02 |
| RCLDIFF_CONVI     |  1.0256e+01 |  1.0000e+01 |  2.5602e-01 |    2.5602e-02 |        2.5602e-02 |
| RDEPLIQREFRATE    |  6.5887e-01 |  5.0000e-01 |  1.5887e-01 |    3.1775e-01 |        3.1775e-01 |
| RDEPLIQREFDEPTH   |  2.6183e+02 |  5.0000e+02 | -2.3817e+02 |   -4.7634e-01 |       -4.7634e-01 |
| RCL_OVERLAPLIQICE |  6.9325e-01 |  6.5000e-01 |  4.3247e-02 |    6.6533e-02 |        6.6533e-02 |
| RCL_INHOMOGAUT    |  2.0634e+00 |  1.5000e+00 |  5.6341e-01 |    3.7560e-01 |        3.7560e-01 |
| RCL_INHOMOGACC    |  1.9863e+00 |  3.0000e+00 | -1.0137e+00 |   -3.3791e-01 |       -3.3791e-01 |
| RMINICE           |  7.5601e+01 |  6.0000e+01 |  1.5601e+01 |    2.6001e-01 |        2.6001e-01 |
2026-04-23 15:00:46 | ectuner |     INFO -> Diagnostic maps saved to ../results/tuned_2d_LR/rlut/alfa_090/diagnostics_2d_phis_Global_a09.nc
Copia del file YAML inviata a ../results/tuned_2d_LR/rlut/yaml_files
