2026-04-24 07:52:26 | ectuner |     INFO -> Loading 2D Data (Sensitivity, Reference, Base)...
   > Loading reference for net_toa from: climate_average_net_toa_CERES EBAF_r180x90_2000-2024.nc
   > Loading reference for swcf from: climate_average_swcf_CERES EBAF_r180x90_2000-2024.nc
--- Loading cached base maps for phis ---
2026-04-24 07:52:27 | ectuner |     INFO -> Generating spatial weights (Area * Region)...
2026-04-24 07:52:27 | ectuner |     INFO -> Variable net_toa: Initial Spatial RMSE (Weighted) = 11.3965
2026-04-24 07:52:27 | ectuner |     INFO -> Variable swcf: Initial Spatial RMSE (Weighted) = 11.0812
2026-04-24 07:52:27 | ectuner |     INFO -> Flattening data for fast optimization...
2026-04-24 07:52:28 | ectuner |     INFO -> DEBUG: Global Bias for net_toa in optimizer: 5.6259
2026-04-24 07:52:28 | ectuner |     INFO -> DEBUG: Global Bias for swcf in optimizer: 0.5056
2026-04-24 07:52:28 | ectuner |     INFO -> Starting 2D Optimization (dual_annealing)...
2026-04-24 07:54:21 | ectuner |     INFO -> 
==================== GLOBAL MEAN & ZONAL SUMMARY FROM 2D OPTIMIZATION ====================
2026-04-24 07:54:21 | ectuner |     INFO -> Variable     | Metric       |            Initial ->              Final | Status
2026-04-24 07:54:21 | ectuner |     INFO -> ------------------------------------------------------------------------------------------
2026-04-24 07:54:21 | ectuner |     INFO -> net_toa      | Global Bias |             5.6259 ->             1.5442 | IMPROVED
2026-04-24 07:54:21 | ectuner |     INFO ->              | Spatial RMSE  |            11.3965 ->             9.2834 | IMPROVED
2026-04-24 07:54:21 | ectuner |     INFO -> ------------------------------------------------------------------------------------------
2026-04-24 07:54:21 | ectuner |     INFO -> swcf         | Global Bias |             0.5056 ->            -0.0000 | IMPROVED
2026-04-24 07:54:21 | ectuner |     INFO ->              | Spatial RMSE  |            11.0812 ->            11.2478 | WORSENED
2026-04-24 07:54:21 | ectuner |     INFO -> ------------------------------------------------------------------------------------------
2026-04-24 07:54:21 | ectuner |     INFO -> Structured tuning YAML written to ../results/tuned_2d_LR/swcf/tol_alfa_012/tuned_phis_a012.yml

| Parameter         |   New Value |   Old Value |      Change |   Rel. Change |   Dist. from Ref. |
|-------------------+-------------+-------------+-------------+---------------+-------------------|
| RPRCON            |  9.7811e-04 |  1.4000e-03 | -4.2189e-04 |   -3.0135e-01 |       -3.0135e-01 |
| ENTRORG           |  1.2442e-03 |  1.7500e-03 | -5.0577e-04 |   -2.8901e-01 |       -2.8901e-01 |
| DETRPEN           |  1.1038e-04 |  7.5000e-05 |  3.5377e-05 |    4.7169e-01 |        4.7169e-01 |
| ENTRDD            |  2.0845e-04 |  3.0000e-04 | -9.1546e-05 |   -3.0515e-01 |       -3.0515e-01 |
| RMFDEPS           |  3.6881e-01 |  3.0000e-01 |  6.8806e-02 |    2.2935e-01 |        2.2935e-01 |
| RVICE             |  2.0362e-01 |  1.3000e-01 |  7.3623e-02 |    5.6633e-01 |        5.6633e-01 |
| RLCRITSNOW        |  1.2435e-05 |  2.0000e-05 | -7.5648e-06 |   -3.7824e-01 |       -3.7824e-01 |
| RSNOWLIN2         |  1.3789e-02 |  3.0000e-02 | -1.6211e-02 |   -5.4038e-01 |       -5.4038e-01 |
| RCLDIFF           |  2.4111e-06 |  6.0000e-06 | -3.5889e-06 |   -5.9815e-01 |       -5.9815e-01 |
| RCLDIFF_CONVI     |  9.9768e+00 |  1.0000e+01 | -2.3194e-02 |   -2.3194e-03 |       -2.3194e-03 |
| RDEPLIQREFRATE    |  6.9378e-01 |  5.0000e-01 |  1.9378e-01 |    3.8756e-01 |        3.8756e-01 |
| RDEPLIQREFDEPTH   |  4.2800e+02 |  5.0000e+02 | -7.1995e+01 |   -1.4399e-01 |       -1.4399e-01 |
| RCL_OVERLAPLIQICE |  2.6036e-01 |  6.5000e-01 | -3.8964e-01 |   -5.9944e-01 |       -5.9944e-01 |
| RCL_INHOMOGAUT    |  1.4154e+00 |  1.5000e+00 | -8.4578e-02 |   -5.6385e-02 |       -5.6385e-02 |
| RCL_INHOMOGACC    |  1.9962e+00 |  3.0000e+00 | -1.0038e+00 |   -3.3459e-01 |       -3.3459e-01 |
| RMINICE           |  7.7439e+01 |  6.0000e+01 |  1.7439e+01 |    2.9065e-01 |        2.9065e-01 |
2026-04-24 07:54:21 | ectuner |     INFO -> Diagnostic maps saved to ../results/tuned_2d_LR/swcf/tol_alfa_012/diagnostics_2d_phis_Global_a012.nc
Copia del file YAML inviata a ../results/tuned_2d_LR/swcf/tol_yaml_files
