2026-04-24 15:07:05 | ectuner |     INFO -> Loading 2D Data (Sensitivity, Reference, Base)...
   > Loading reference for net_toa from: climate_average_net_toa_CERES EBAF_r180x90_2000-2024.nc
   > Loading reference for swcf from: climate_average_swcf_CERES EBAF_r180x90_2000-2024.nc
--- Loading cached base maps for phis ---
2026-04-24 15:07:07 | ectuner |     INFO -> Generating spatial weights (Area * Region)...
2026-04-24 15:07:07 | ectuner |     INFO -> Variable net_toa: Initial Spatial RMSE (Weighted) = 11.3965
2026-04-24 15:07:07 | ectuner |     INFO -> Variable swcf: Initial Spatial RMSE (Weighted) = 11.0812
2026-04-24 15:07:07 | ectuner |     INFO -> Flattening data for fast optimization...
2026-04-24 15:07:07 | ectuner |     INFO -> DEBUG: Global Bias for net_toa in optimizer: 5.6259
2026-04-24 15:07:07 | ectuner |     INFO -> DEBUG: Global Bias for swcf in optimizer: 0.5056
2026-04-24 15:07:07 | ectuner |     INFO -> Starting 2D Optimization (dual_annealing)...
2026-04-24 15:10:37 | ectuner |     INFO -> 
==================== GLOBAL MEAN & ZONAL SUMMARY FROM 2D OPTIMIZATION ====================
2026-04-24 15:10:37 | ectuner |     INFO -> Variable     | Metric       |            Initial ->              Final | Status
2026-04-24 15:10:37 | ectuner |     INFO -> ------------------------------------------------------------------------------------------
2026-04-24 15:10:37 | ectuner |     INFO -> net_toa      | Global Bias |             5.6259 ->             2.4631 | IMPROVED
2026-04-24 15:10:37 | ectuner |     INFO ->              | Spatial RMSE  |            11.3965 ->             9.2815 | IMPROVED
2026-04-24 15:10:37 | ectuner |     INFO -> ------------------------------------------------------------------------------------------
2026-04-24 15:10:37 | ectuner |     INFO -> swcf         | Global Bias |             0.5056 ->             0.4435 | IMPROVED
2026-04-24 15:10:37 | ectuner |     INFO ->              | Spatial RMSE  |            11.0812 ->            11.0895 | WORSENED
2026-04-24 15:10:37 | ectuner |     INFO -> ------------------------------------------------------------------------------------------
2026-04-24 15:10:37 | ectuner |     INFO -> Structured tuning YAML written to ../results/tuned_2d_LR/swcf/tol_alfa_000/tuned_phis_a000.yml

| Parameter         |   New Value |   Old Value |      Change |   Rel. Change |   Dist. from Ref. |
|-------------------+-------------+-------------+-------------+---------------+-------------------|
| RPRCON            |  1.0235e-03 |  1.4000e-03 | -3.7653e-04 |   -2.6895e-01 |       -2.6895e-01 |
| ENTRORG           |  1.4188e-03 |  1.7500e-03 | -3.3121e-04 |   -1.8926e-01 |       -1.8926e-01 |
| DETRPEN           |  1.0446e-04 |  7.5000e-05 |  2.9455e-05 |    3.9274e-01 |        3.9274e-01 |
| ENTRDD            |  2.3247e-04 |  3.0000e-04 | -6.7528e-05 |   -2.2509e-01 |       -2.2509e-01 |
| RMFDEPS           |  4.2758e-01 |  3.0000e-01 |  1.2758e-01 |    4.2528e-01 |        4.2528e-01 |
| RVICE             |  2.0788e-01 |  1.3000e-01 |  7.7875e-02 |    5.9904e-01 |        5.9904e-01 |
| RLCRITSNOW        |  1.4386e-05 |  2.0000e-05 | -5.6137e-06 |   -2.8069e-01 |       -2.8069e-01 |
| RSNOWLIN2         |  1.5009e-02 |  3.0000e-02 | -1.4991e-02 |   -4.9971e-01 |       -4.9971e-01 |
| RCLDIFF           |  2.4153e-06 |  6.0000e-06 | -3.5847e-06 |   -5.9745e-01 |       -5.9745e-01 |
| RCLDIFF_CONVI     |  9.6621e+00 |  1.0000e+01 | -3.3793e-01 |   -3.3793e-02 |       -3.3793e-02 |
| RDEPLIQREFRATE    |  6.9332e-01 |  5.0000e-01 |  1.9332e-01 |    3.8663e-01 |        3.8663e-01 |
| RDEPLIQREFDEPTH   |  4.6272e+02 |  5.0000e+02 | -3.7282e+01 |   -7.4564e-02 |       -7.4564e-02 |
| RCL_OVERLAPLIQICE |  2.6002e-01 |  6.5000e-01 | -3.8998e-01 |   -5.9997e-01 |       -5.9997e-01 |
| RCL_INHOMOGAUT    |  1.2076e+00 |  1.5000e+00 | -2.9241e-01 |   -1.9494e-01 |       -1.9494e-01 |
| RCL_INHOMOGACC    |  2.9002e+00 |  3.0000e+00 | -9.9800e-02 |   -3.3267e-02 |       -3.3267e-02 |
| RMINICE           |  6.8168e+01 |  6.0000e+01 |  8.1681e+00 |    1.3614e-01 |        1.3614e-01 |
2026-04-24 15:10:37 | ectuner |     INFO -> Diagnostic maps saved to ../results/tuned_2d_LR/swcf/tol_alfa_000/diagnostics_2d_phis_Global_a00.nc
Copia del file YAML inviata a ../results/tuned_2d_LR/swcf/tol_yaml_files
