2026-04-24 15:07:06 | ectuner |     INFO -> Loading 2D Data (Sensitivity, Reference, Base)...
   > Loading reference for net_toa from: climate_average_net_toa_CERES EBAF_r180x90_2000-2024.nc
   > Loading reference for swcf from: climate_average_swcf_CERES EBAF_r180x90_2000-2024.nc
--- Loading cached base maps for phis ---
2026-04-24 15:07:07 | ectuner |     INFO -> Generating spatial weights (Area * Region)...
2026-04-24 15:07:07 | ectuner |     INFO -> Variable net_toa: Initial Spatial RMSE (Weighted) = 11.3965
2026-04-24 15:07:07 | ectuner |     INFO -> Variable swcf: Initial Spatial RMSE (Weighted) = 11.0812
2026-04-24 15:07:07 | ectuner |     INFO -> Flattening data for fast optimization...
2026-04-24 15:07:07 | ectuner |     INFO -> DEBUG: Global Bias for net_toa in optimizer: 5.6259
2026-04-24 15:07:07 | ectuner |     INFO -> DEBUG: Global Bias for swcf in optimizer: 0.5056
2026-04-24 15:07:07 | ectuner |     INFO -> Starting 2D Optimization (dual_annealing)...
2026-04-24 15:09:17 | ectuner |     INFO -> 
==================== GLOBAL MEAN & ZONAL SUMMARY FROM 2D OPTIMIZATION ====================
2026-04-24 15:09:17 | ectuner |     INFO -> Variable     | Metric       |            Initial ->              Final | Status
2026-04-24 15:09:17 | ectuner |     INFO -> ------------------------------------------------------------------------------------------
2026-04-24 15:09:17 | ectuner |     INFO -> net_toa      | Global Bias |             5.6259 ->             1.8934 | IMPROVED
2026-04-24 15:09:17 | ectuner |     INFO ->              | Spatial RMSE  |            11.3965 ->             9.2701 | IMPROVED
2026-04-24 15:09:17 | ectuner |     INFO -> ------------------------------------------------------------------------------------------
2026-04-24 15:09:17 | ectuner |     INFO -> swcf         | Global Bias |             0.5056 ->            -0.0000 | IMPROVED
2026-04-24 15:09:17 | ectuner |     INFO ->              | Spatial RMSE  |            11.0812 ->            11.1596 | WORSENED
2026-04-24 15:09:17 | ectuner |     INFO -> ------------------------------------------------------------------------------------------
2026-04-24 15:09:17 | ectuner |     INFO -> Structured tuning YAML written to ../results/tuned_2d_LR/swcf/tol_alfa_010/tuned_phis_a010.yml

| Parameter         |   New Value |   Old Value |      Change |   Rel. Change |   Dist. from Ref. |
|-------------------+-------------+-------------+-------------+---------------+-------------------|
| RPRCON            |  1.1272e-03 |  1.4000e-03 | -2.7276e-04 |   -1.9483e-01 |       -1.9483e-01 |
| ENTRORG           |  1.4259e-03 |  1.7500e-03 | -3.2406e-04 |   -1.8517e-01 |       -1.8517e-01 |
| DETRPEN           |  1.0473e-04 |  7.5000e-05 |  2.9732e-05 |    3.9642e-01 |        3.9642e-01 |
| ENTRDD            |  2.0926e-04 |  3.0000e-04 | -9.0739e-05 |   -3.0246e-01 |       -3.0246e-01 |
| RMFDEPS           |  4.3326e-01 |  3.0000e-01 |  1.3326e-01 |    4.4421e-01 |        4.4421e-01 |
| RVICE             |  2.0799e-01 |  1.3000e-01 |  7.7989e-02 |    5.9991e-01 |        5.9991e-01 |
| RLCRITSNOW        |  1.4926e-05 |  2.0000e-05 | -5.0744e-06 |   -2.5372e-01 |       -2.5372e-01 |
| RSNOWLIN2         |  1.7384e-02 |  3.0000e-02 | -1.2616e-02 |   -4.2052e-01 |       -4.2052e-01 |
| RCLDIFF           |  2.4000e-06 |  6.0000e-06 | -3.6000e-06 |   -6.0000e-01 |       -6.0000e-01 |
| RCLDIFF_CONVI     |  8.8230e+00 |  1.0000e+01 | -1.1770e+00 |   -1.1770e-01 |       -1.1770e-01 |
| RDEPLIQREFRATE    |  6.7632e-01 |  5.0000e-01 |  1.7632e-01 |    3.5265e-01 |        3.5265e-01 |
| RDEPLIQREFDEPTH   |  4.5171e+02 |  5.0000e+02 | -4.8288e+01 |   -9.6577e-02 |       -9.6577e-02 |
| RCL_OVERLAPLIQICE |  2.6004e-01 |  6.5000e-01 | -3.8996e-01 |   -5.9994e-01 |       -5.9994e-01 |
| RCL_INHOMOGAUT    |  9.6734e-01 |  1.5000e+00 | -5.3266e-01 |   -3.5511e-01 |       -3.5511e-01 |
| RCL_INHOMOGACC    |  2.7447e+00 |  3.0000e+00 | -2.5533e-01 |   -8.5111e-02 |       -8.5111e-02 |
| RMINICE           |  7.0386e+01 |  6.0000e+01 |  1.0386e+01 |    1.7310e-01 |        1.7310e-01 |
2026-04-24 15:09:17 | ectuner |     INFO -> Diagnostic maps saved to ../results/tuned_2d_LR/swcf/tol_alfa_010/diagnostics_2d_phis_Global_a01.nc
Copia del file YAML inviata a ../results/tuned_2d_LR/swcf/tol_yaml_files
