2026-04-24 15:07:06 | ectuner |     INFO -> Loading 2D Data (Sensitivity, Reference, Base)...
   > Loading reference for net_toa from: climate_average_net_toa_CERES EBAF_r180x90_2000-2024.nc
   > Loading reference for swcf from: climate_average_swcf_CERES EBAF_r180x90_2000-2024.nc
--- Loading cached base maps for phis ---
2026-04-24 15:07:07 | ectuner |     INFO -> Generating spatial weights (Area * Region)...
2026-04-24 15:07:07 | ectuner |     INFO -> Variable net_toa: Initial Spatial RMSE (Weighted) = 11.3965
2026-04-24 15:07:07 | ectuner |     INFO -> Variable swcf: Initial Spatial RMSE (Weighted) = 11.0812
2026-04-24 15:07:07 | ectuner |     INFO -> Flattening data for fast optimization...
2026-04-24 15:07:07 | ectuner |     INFO -> DEBUG: Global Bias for net_toa in optimizer: 5.6259
2026-04-24 15:07:07 | ectuner |     INFO -> DEBUG: Global Bias for swcf in optimizer: 0.5056
2026-04-24 15:07:07 | ectuner |     INFO -> Starting 2D Optimization (dual_annealing)...
2026-04-24 15:08:26 | ectuner |     INFO -> 
==================== GLOBAL MEAN & ZONAL SUMMARY FROM 2D OPTIMIZATION ====================
2026-04-24 15:08:26 | ectuner |     INFO -> Variable     | Metric       |            Initial ->              Final | Status
2026-04-24 15:08:26 | ectuner |     INFO -> ------------------------------------------------------------------------------------------
2026-04-24 15:08:26 | ectuner |     INFO -> net_toa      | Global Bias |             5.6259 ->            -0.0000 | IMPROVED
2026-04-24 15:08:26 | ectuner |     INFO ->              | Spatial RMSE  |            11.3965 ->            10.3219 | IMPROVED
2026-04-24 15:08:26 | ectuner |     INFO -> ------------------------------------------------------------------------------------------
2026-04-24 15:08:26 | ectuner |     INFO -> swcf         | Global Bias |             0.5056 ->             0.0000 | IMPROVED
2026-04-24 15:08:26 | ectuner |     INFO ->              | Spatial RMSE  |            11.0812 ->            11.8578 | WORSENED
2026-04-24 15:08:26 | ectuner |     INFO -> ------------------------------------------------------------------------------------------
2026-04-24 15:08:26 | ectuner |     INFO -> Structured tuning YAML written to ../results/tuned_2d_LR/swcf/tol_alfa_090/tuned_phis_a090.yml

| Parameter         |   New Value |   Old Value |      Change |   Rel. Change |   Dist. from Ref. |
|-------------------+-------------+-------------+-------------+---------------+-------------------|
| RPRCON            |  1.5502e-03 |  1.4000e-03 |  1.5023e-04 |    1.0731e-01 |        1.0731e-01 |
| ENTRORG           |  1.7462e-03 |  1.7500e-03 | -3.8162e-06 |   -2.1807e-03 |       -2.1807e-03 |
| DETRPEN           |  4.6523e-05 |  7.5000e-05 | -2.8477e-05 |   -3.7970e-01 |       -3.7970e-01 |
| ENTRDD            |  1.7668e-04 |  3.0000e-04 | -1.2332e-04 |   -4.1108e-01 |       -4.1108e-01 |
| RMFDEPS           |  4.5886e-01 |  3.0000e-01 |  1.5886e-01 |    5.2952e-01 |        5.2952e-01 |
| RVICE             |  2.0651e-01 |  1.3000e-01 |  7.6514e-02 |    5.8857e-01 |        5.8857e-01 |
| RLCRITSNOW        |  1.1127e-05 |  2.0000e-05 | -8.8728e-06 |   -4.4364e-01 |       -4.4364e-01 |
| RSNOWLIN2         |  1.9932e-02 |  3.0000e-02 | -1.0068e-02 |   -3.3560e-01 |       -3.3560e-01 |
| RCLDIFF           |  2.5808e-06 |  6.0000e-06 | -3.4192e-06 |   -5.6987e-01 |       -5.6987e-01 |
| RCLDIFF_CONVI     |  4.8857e+00 |  1.0000e+01 | -5.1143e+00 |   -5.1143e-01 |       -5.1143e-01 |
| RDEPLIQREFRATE    |  5.1741e-01 |  5.0000e-01 |  1.7407e-02 |    3.4815e-02 |        3.4815e-02 |
| RDEPLIQREFDEPTH   |  4.2380e+02 |  5.0000e+02 | -7.6201e+01 |   -1.5240e-01 |       -1.5240e-01 |
| RCL_OVERLAPLIQICE |  6.6393e-01 |  6.5000e-01 |  1.3925e-02 |    2.1423e-02 |        2.1423e-02 |
| RCL_INHOMOGAUT    |  1.6222e+00 |  1.5000e+00 |  1.2221e-01 |    8.1476e-02 |        8.1476e-02 |
| RCL_INHOMOGACC    |  1.9005e+00 |  3.0000e+00 | -1.0995e+00 |   -3.6651e-01 |       -3.6651e-01 |
| RMINICE           |  5.9190e+01 |  6.0000e+01 | -8.1031e-01 |   -1.3505e-02 |       -1.3505e-02 |
2026-04-24 15:08:26 | ectuner |     INFO -> Diagnostic maps saved to ../results/tuned_2d_LR/swcf/tol_alfa_090/diagnostics_2d_phis_Global_a09.nc
Copia del file YAML inviata a ../results/tuned_2d_LR/swcf/tol_yaml_files
