2026-04-23 12:17:35 | ectuner |     INFO -> Loading 2D Data (Sensitivity, Reference, Base)...
   > Loading reference for net_toa from: climate_average_net_toa_CERES EBAF_r180x90_2000-2024.nc
--- Loading cached base maps for phis ---
2026-04-23 12:17:35 | ectuner |     INFO -> Generating spatial weights (Area * Region)...
2026-04-23 12:17:35 | ectuner |     INFO -> Variable net_toa: Initial Spatial RMSE (Weighted) = 11.3965
2026-04-23 12:17:35 | ectuner |     INFO -> Flattening data for fast optimization...
2026-04-23 12:17:35 | ectuner |     INFO -> DEBUG: Global Bias for net_toa in optimizer: 5.6259
2026-04-23 12:17:35 | ectuner |     INFO -> Starting 2D Optimization (dual_annealing)...
2026-04-23 12:18:04 | ectuner |     INFO -> 
==================== GLOBAL MEAN & ZONAL SUMMARY FROM 2D OPTIMIZATION ====================
2026-04-23 12:18:04 | ectuner |     INFO -> Variable     | Metric       |            Initial ->              Final | Status
2026-04-23 12:18:04 | ectuner |     INFO -> ------------------------------------------------------------------------------------------
2026-04-23 12:18:04 | ectuner |     INFO -> net_toa      | Global Bias |             5.6259 ->            -0.0000 | IMPROVED
2026-04-23 12:18:04 | ectuner |     INFO ->              | Spatial RMSE  |            11.3965 ->            10.1326 | IMPROVED
2026-04-23 12:18:04 | ectuner |     INFO -> ------------------------------------------------------------------------------------------
2026-04-23 12:18:04 | ectuner |     INFO -> Structured tuning YAML written to ../results/tuned_2d_LR/net_TOA/tol_prova_alfa_090/tuned_phis_a090.yml

| Parameter         |   New Value |   Old Value |      Change |   Rel. Change |   Dist. from Ref. |
|-------------------+-------------+-------------+-------------+---------------+-------------------|
| RPRCON            |  9.5622e-04 |  1.4000e-03 | -4.4378e-04 |   -3.1698e-01 |       -3.1698e-01 |
| ENTRORG           |  1.6787e-03 |  1.7500e-03 | -7.1272e-05 |   -4.0727e-02 |       -4.0727e-02 |
| DETRPEN           |  9.9266e-05 |  7.5000e-05 |  2.4266e-05 |    3.2354e-01 |        3.2354e-01 |
| ENTRDD            |  2.4275e-04 |  3.0000e-04 | -5.7250e-05 |   -1.9083e-01 |       -1.9083e-01 |
| RMFDEPS           |  2.7018e-01 |  3.0000e-01 | -2.9817e-02 |   -9.9391e-02 |       -9.9391e-02 |
| RVICE             |  1.9954e-01 |  1.3000e-01 |  6.9542e-02 |    5.3494e-01 |        5.3494e-01 |
| RLCRITSNOW        |  8.9535e-06 |  2.0000e-05 | -1.1046e-05 |   -5.5232e-01 |       -5.5232e-01 |
| RSNOWLIN2         |  2.4563e-02 |  3.0000e-02 | -5.4370e-03 |   -1.8123e-01 |       -1.8123e-01 |
| RCLDIFF           |  2.9392e-06 |  6.0000e-06 | -3.0608e-06 |   -5.1013e-01 |       -5.1013e-01 |
| RCLDIFF_CONVI     |  6.7491e+00 |  1.0000e+01 | -3.2509e+00 |   -3.2509e-01 |       -3.2509e-01 |
| RDEPLIQREFRATE    |  3.0074e-01 |  5.0000e-01 | -1.9926e-01 |   -3.9852e-01 |       -3.9852e-01 |
| RDEPLIQREFDEPTH   |  3.2745e+02 |  5.0000e+02 | -1.7255e+02 |   -3.4510e-01 |       -3.4510e-01 |
| RCL_OVERLAPLIQICE |  3.4466e-01 |  6.5000e-01 | -3.0534e-01 |   -4.6975e-01 |       -4.6975e-01 |
| RCL_INHOMOGAUT    |  8.4592e-01 |  1.5000e+00 | -6.5408e-01 |   -4.3606e-01 |       -4.3606e-01 |
| RCL_INHOMOGACC    |  1.8721e+00 |  3.0000e+00 | -1.1279e+00 |   -3.7597e-01 |       -3.7597e-01 |
| RMINICE           |  5.3706e+01 |  6.0000e+01 | -6.2945e+00 |   -1.0491e-01 |       -1.0491e-01 |
2026-04-23 12:18:04 | ectuner |     INFO -> Diagnostic maps saved to ../results/tuned_2d_LR/net_TOA/tol_prova_alfa_090/diagnostics_2d_phis_Global_a09.nc
Copia del file YAML inviata a ../results/tuned_2d_LR/net_TOA/tol_prova_yaml_files
