2026-04-23 12:17:34 | ectuner |     INFO -> Loading 2D Data (Sensitivity, Reference, Base)...
   > Loading reference for net_toa from: climate_average_net_toa_CERES EBAF_r180x90_2000-2024.nc
--- Loading cached base maps for phis ---
2026-04-23 12:17:35 | ectuner |     INFO -> Generating spatial weights (Area * Region)...
2026-04-23 12:17:35 | ectuner |     INFO -> Variable net_toa: Initial Spatial RMSE (Weighted) = 11.3965
2026-04-23 12:17:35 | ectuner |     INFO -> Flattening data for fast optimization...
2026-04-23 12:17:35 | ectuner |     INFO -> DEBUG: Global Bias for net_toa in optimizer: 5.6259
2026-04-23 12:17:35 | ectuner |     INFO -> Starting 2D Optimization (dual_annealing)...
2026-04-23 12:18:02 | ectuner |     INFO -> 
==================== GLOBAL MEAN & ZONAL SUMMARY FROM 2D OPTIMIZATION ====================
2026-04-23 12:18:02 | ectuner |     INFO -> Variable     | Metric       |            Initial ->              Final | Status
2026-04-23 12:18:02 | ectuner |     INFO -> ------------------------------------------------------------------------------------------
2026-04-23 12:18:02 | ectuner |     INFO -> net_toa      | Global Bias |             5.6259 ->            -0.0000 | IMPROVED
2026-04-23 12:18:02 | ectuner |     INFO ->              | Spatial RMSE  |            11.3965 ->            10.0391 | IMPROVED
2026-04-23 12:18:02 | ectuner |     INFO -> ------------------------------------------------------------------------------------------
2026-04-23 12:18:02 | ectuner |     INFO -> Structured tuning YAML written to ../results/tuned_2d_LR/net_TOA/tol_prova_alfa_070/tuned_phis_a070.yml

| Parameter         |   New Value |   Old Value |      Change |   Rel. Change |   Dist. from Ref. |
|-------------------+-------------+-------------+-------------+---------------+-------------------|
| RPRCON            |  1.1563e-03 |  1.4000e-03 | -2.4372e-04 |   -1.7408e-01 |       -1.7408e-01 |
| ENTRORG           |  1.7122e-03 |  1.7500e-03 | -3.7841e-05 |   -2.1623e-02 |       -2.1623e-02 |
| DETRPEN           |  9.6007e-05 |  7.5000e-05 |  2.1007e-05 |    2.8010e-01 |        2.8010e-01 |
| ENTRDD            |  1.6542e-04 |  3.0000e-04 | -1.3458e-04 |   -4.4861e-01 |       -4.4861e-01 |
| RMFDEPS           |  4.3625e-01 |  3.0000e-01 |  1.3625e-01 |    4.5417e-01 |        4.5417e-01 |
| RVICE             |  1.9770e-01 |  1.3000e-01 |  6.7696e-02 |    5.2074e-01 |        5.2074e-01 |
| RLCRITSNOW        |  1.5256e-05 |  2.0000e-05 | -4.7444e-06 |   -2.3722e-01 |       -2.3722e-01 |
| RSNOWLIN2         |  2.1270e-02 |  3.0000e-02 | -8.7300e-03 |   -2.9100e-01 |       -2.9100e-01 |
| RCLDIFF           |  6.4125e-06 |  6.0000e-06 |  4.1248e-07 |    6.8747e-02 |        6.8747e-02 |
| RCLDIFF_CONVI     |  1.2112e+01 |  1.0000e+01 |  2.1125e+00 |    2.1125e-01 |        2.1125e-01 |
| RDEPLIQREFRATE    |  6.8926e-01 |  5.0000e-01 |  1.8926e-01 |    3.7852e-01 |        3.7852e-01 |
| RDEPLIQREFDEPTH   |  4.7797e+02 |  5.0000e+02 | -2.2031e+01 |   -4.4062e-02 |       -4.4062e-02 |
| RCL_OVERLAPLIQICE |  3.0106e-01 |  6.5000e-01 | -3.4894e-01 |   -5.3683e-01 |       -5.3683e-01 |
| RCL_INHOMOGAUT    |  8.2900e-01 |  1.5000e+00 | -6.7100e-01 |   -4.4734e-01 |       -4.4734e-01 |
| RCL_INHOMOGACC    |  1.6927e+00 |  3.0000e+00 | -1.3073e+00 |   -4.3577e-01 |       -4.3577e-01 |
| RMINICE           |  3.6622e+01 |  6.0000e+01 | -2.3378e+01 |   -3.8963e-01 |       -3.8963e-01 |
2026-04-23 12:18:02 | ectuner |     INFO -> Diagnostic maps saved to ../results/tuned_2d_LR/net_TOA/tol_prova_alfa_070/diagnostics_2d_phis_Global_a07.nc
Copia del file YAML inviata a ../results/tuned_2d_LR/net_TOA/tol_prova_yaml_files
