2026-04-23 12:17:18 | ectuner |     INFO -> Loading 2D Data (Sensitivity, Reference, Base)...
   > Loading reference for net_toa from: climate_average_net_toa_CERES EBAF_r180x90_2000-2024.nc
--- Loading cached base maps for phis ---
2026-04-23 12:17:19 | ectuner |     INFO -> Generating spatial weights (Area * Region)...
2026-04-23 12:17:19 | ectuner |     INFO -> Variable net_toa: Initial Spatial RMSE (Weighted) = 11.3965
2026-04-23 12:17:19 | ectuner |     INFO -> Flattening data for fast optimization...
2026-04-23 12:17:19 | ectuner |     INFO -> DEBUG: Global Bias for net_toa in optimizer: 5.6259
2026-04-23 12:17:19 | ectuner |     INFO -> Starting 2D Optimization (dual_annealing)...
2026-04-23 12:19:13 | ectuner |     INFO -> 
==================== GLOBAL MEAN & ZONAL SUMMARY FROM 2D OPTIMIZATION ====================
2026-04-23 12:19:13 | ectuner |     INFO -> Variable     | Metric       |            Initial ->              Final | Status
2026-04-23 12:19:13 | ectuner |     INFO -> ------------------------------------------------------------------------------------------
2026-04-23 12:19:13 | ectuner |     INFO -> net_toa      | Global Bias |             5.6259 ->             0.8500 | IMPROVED
2026-04-23 12:19:13 | ectuner |     INFO ->              | Spatial RMSE  |            11.3965 ->             9.1237 | IMPROVED
2026-04-23 12:19:13 | ectuner |     INFO -> ------------------------------------------------------------------------------------------
2026-04-23 12:19:13 | ectuner |     INFO -> Structured tuning YAML written to ../results/tuned_2d_LR/net_TOA/tol_prova_alfa_010/tuned_phis_a010.yml

| Parameter         |   New Value |   Old Value |      Change |   Rel. Change |   Dist. from Ref. |
|-------------------+-------------+-------------+-------------+---------------+-------------------|
| RPRCON            |  5.6732e-04 |  1.4000e-03 | -8.3268e-04 |   -5.9477e-01 |       -5.9477e-01 |
| ENTRORG           |  1.4472e-03 |  1.7500e-03 | -3.0280e-04 |   -1.7303e-01 |       -1.7303e-01 |
| DETRPEN           |  1.0344e-04 |  7.5000e-05 |  2.8444e-05 |    3.7926e-01 |        3.7926e-01 |
| ENTRDD            |  1.5779e-04 |  3.0000e-04 | -1.4221e-04 |   -4.7403e-01 |       -4.7403e-01 |
| RMFDEPS           |  4.7435e-01 |  3.0000e-01 |  1.7435e-01 |    5.8115e-01 |        5.8115e-01 |
| RVICE             |  2.0791e-01 |  1.3000e-01 |  7.7911e-02 |    5.9931e-01 |        5.9931e-01 |
| RLCRITSNOW        |  8.0778e-06 |  2.0000e-05 | -1.1922e-05 |   -5.9611e-01 |       -5.9611e-01 |
| RSNOWLIN2         |  1.2003e-02 |  3.0000e-02 | -1.7997e-02 |   -5.9991e-01 |       -5.9991e-01 |
| RCLDIFF           |  2.8419e-06 |  6.0000e-06 | -3.1581e-06 |   -5.2636e-01 |       -5.2636e-01 |
| RCLDIFF_CONVI     |  7.2121e+00 |  1.0000e+01 | -2.7879e+00 |   -2.7879e-01 |       -2.7879e-01 |
| RDEPLIQREFRATE    |  5.7569e-01 |  5.0000e-01 |  7.5690e-02 |    1.5138e-01 |        1.5138e-01 |
| RDEPLIQREFDEPTH   |  4.4651e+02 |  5.0000e+02 | -5.3491e+01 |   -1.0698e-01 |       -1.0698e-01 |
| RCL_OVERLAPLIQICE |  2.6008e-01 |  6.5000e-01 | -3.8992e-01 |   -5.9988e-01 |       -5.9988e-01 |
| RCL_INHOMOGAUT    |  7.4659e-01 |  1.5000e+00 | -7.5341e-01 |   -5.0227e-01 |       -5.0227e-01 |
| RCL_INHOMOGACC    |  2.9247e+00 |  3.0000e+00 | -7.5316e-02 |   -2.5105e-02 |       -2.5105e-02 |
| RMINICE           |  9.0236e+01 |  6.0000e+01 |  3.0236e+01 |    5.0394e-01 |        5.0394e-01 |
2026-04-23 12:19:13 | ectuner |     INFO -> Diagnostic maps saved to ../results/tuned_2d_LR/net_TOA/tol_prova_alfa_010/diagnostics_2d_phis_Global_a01.nc
Copia del file YAML inviata a ../results/tuned_2d_LR/net_TOA/tol_prova_yaml_files
