2026-04-23 12:17:34 | ectuner |     INFO -> Loading 2D Data (Sensitivity, Reference, Base)...
   > Loading reference for net_toa from: climate_average_net_toa_CERES EBAF_r180x90_2000-2024.nc
--- Loading cached base maps for phis ---
2026-04-23 12:17:35 | ectuner |     INFO -> Generating spatial weights (Area * Region)...
2026-04-23 12:17:35 | ectuner |     INFO -> Variable net_toa: Initial Spatial RMSE (Weighted) = 11.3965
2026-04-23 12:17:35 | ectuner |     INFO -> Flattening data for fast optimization...
2026-04-23 12:17:35 | ectuner |     INFO -> DEBUG: Global Bias for net_toa in optimizer: 5.6259
2026-04-23 12:17:35 | ectuner |     INFO -> Starting 2D Optimization (dual_annealing)...
2026-04-23 12:18:27 | ectuner |     INFO -> 
==================== GLOBAL MEAN & ZONAL SUMMARY FROM 2D OPTIMIZATION ====================
2026-04-23 12:18:27 | ectuner |     INFO -> Variable     | Metric       |            Initial ->              Final | Status
2026-04-23 12:18:27 | ectuner |     INFO -> ------------------------------------------------------------------------------------------
2026-04-23 12:18:27 | ectuner |     INFO -> net_toa      | Global Bias |             5.6259 ->            -0.0000 | IMPROVED
2026-04-23 12:18:27 | ectuner |     INFO ->              | Spatial RMSE  |            11.3965 ->             9.3609 | IMPROVED
2026-04-23 12:18:27 | ectuner |     INFO -> ------------------------------------------------------------------------------------------
2026-04-23 12:18:27 | ectuner |     INFO -> Structured tuning YAML written to ../results/tuned_2d_LR/net_TOA/tol_prova_alfa_030/tuned_phis_a030.yml

| Parameter         |   New Value |   Old Value |      Change |   Rel. Change |   Dist. from Ref. |
|-------------------+-------------+-------------+-------------+---------------+-------------------|
| RPRCON            |  5.6417e-04 |  1.4000e-03 | -8.3583e-04 |   -5.9702e-01 |       -5.9702e-01 |
| ENTRORG           |  1.8133e-03 |  1.7500e-03 |  6.3252e-05 |    3.6144e-02 |        3.6144e-02 |
| DETRPEN           |  8.6532e-05 |  7.5000e-05 |  1.1532e-05 |    1.5376e-01 |        1.5376e-01 |
| ENTRDD            |  1.6083e-04 |  3.0000e-04 | -1.3917e-04 |   -4.6389e-01 |       -4.6389e-01 |
| RMFDEPS           |  4.6244e-01 |  3.0000e-01 |  1.6244e-01 |    5.4147e-01 |        5.4147e-01 |
| RVICE             |  2.0634e-01 |  1.3000e-01 |  7.6343e-02 |    5.8726e-01 |        5.8726e-01 |
| RLCRITSNOW        |  8.5011e-06 |  2.0000e-05 | -1.1499e-05 |   -5.7495e-01 |       -5.7495e-01 |
| RSNOWLIN2         |  1.3213e-02 |  3.0000e-02 | -1.6787e-02 |   -5.5958e-01 |       -5.5958e-01 |
| RCLDIFF           |  3.2857e-06 |  6.0000e-06 | -2.7143e-06 |   -4.5238e-01 |       -4.5238e-01 |
| RCLDIFF_CONVI     |  9.3086e+00 |  1.0000e+01 | -6.9138e-01 |   -6.9138e-02 |       -6.9138e-02 |
| RDEPLIQREFRATE    |  5.9836e-01 |  5.0000e-01 |  9.8359e-02 |    1.9672e-01 |        1.9672e-01 |
| RDEPLIQREFDEPTH   |  4.8614e+02 |  5.0000e+02 | -1.3865e+01 |   -2.7730e-02 |       -2.7730e-02 |
| RCL_OVERLAPLIQICE |  2.6017e-01 |  6.5000e-01 | -3.8983e-01 |   -5.9974e-01 |       -5.9974e-01 |
| RCL_INHOMOGAUT    |  8.3174e-01 |  1.5000e+00 | -6.6826e-01 |   -4.4550e-01 |       -4.4550e-01 |
| RCL_INHOMOGACC    |  3.0640e+00 |  3.0000e+00 |  6.3971e-02 |    2.1324e-02 |        2.1324e-02 |
| RMINICE           |  9.1664e+01 |  6.0000e+01 |  3.1664e+01 |    5.2774e-01 |        5.2774e-01 |
2026-04-23 12:18:27 | ectuner |     INFO -> Diagnostic maps saved to ../results/tuned_2d_LR/net_TOA/tol_prova_alfa_030/diagnostics_2d_phis_Global_a03.nc
Copia del file YAML inviata a ../results/tuned_2d_LR/net_TOA/tol_prova_yaml_files
