2026-04-29 13:48:26 | ectuner |     INFO -> Loading 2D Data (Sensitivity, Reference, Base)...
   > Loading reference for lwcf from: climate_average_lwcf_CERES EBAF_r180x90_2000-2024.nc
   > Loading reference for net_toa from: climate_average_net_toa_CERES EBAF_r180x90_2000-2024.nc
   > Loading reference for rlnt from: climate_average_rlnt_CERES EBAF_r180x90_2000-2024.nc
   > Flipping sign for rlnt (Obs is UP, Model is DOWN)
   > Loading reference for rsnt from: climate_average_rsnt_CERES EBAF_r180x90_2000-2024.nc
   > Loading reference for swcf from: climate_average_swcf_CERES EBAF_r180x90_2000-2024.nc
--- Loading cached base maps for phis ---
2026-04-29 13:48:27 | ectuner |     INFO -> Generating spatial weights (Area * Region)...
2026-04-29 13:48:27 | ectuner |     INFO -> Variable lwcf: Initial Spatial Absolute Cost (L1) (Weighted) = 5.9092
2026-04-29 13:48:27 | ectuner |     INFO -> Variable net_toa: Initial Spatial Absolute Cost (L1) (Weighted) = 8.7339
2026-04-29 13:48:27 | ectuner |     INFO -> Variable rlnt: Initial Spatial Absolute Cost (L1) (Weighted) = 9.4438
2026-04-29 13:48:27 | ectuner |     INFO -> Variable rsnt: Initial Spatial Absolute Cost (L1) (Weighted) = 7.8074
2026-04-29 13:48:27 | ectuner |     INFO -> Variable swcf: Initial Spatial Absolute Cost (L1) (Weighted) = 8.2304
2026-04-29 13:48:27 | ectuner |     INFO -> Flattening data for fast optimization...
2026-04-29 13:48:28 | ectuner |     INFO -> DEBUG: Global Bias for lwcf in optimizer: -2.7092
2026-04-29 13:48:28 | ectuner |     INFO -> DEBUG: Global Bias for net_toa in optimizer: 5.6259
2026-04-29 13:48:28 | ectuner |     INFO -> DEBUG: Global Bias for rlnt in optimizer: 6.9311
2026-04-29 13:48:28 | ectuner |     INFO -> DEBUG: Global Bias for rsnt in optimizer: -1.3053
2026-04-29 13:48:28 | ectuner |     INFO -> DEBUG: Global Bias for swcf in optimizer: 0.5056
2026-04-29 13:48:28 | ectuner |     INFO -> Starting 2D Optimization (dual_annealing)...
2026-04-29 13:52:55 | ectuner |     INFO -> Optimization finished. Final Weighted Cost (L1): Spatial=36.7595, Global=15.2030
2026-04-29 13:52:55 | ectuner |     INFO -> 
============================== GLOBAL & SPATIAL COSTS (L1) ===============================
2026-04-29 13:52:55 | ectuner |     INFO -> Variable     | Metric           |            Initial ->              Final | Status
2026-04-29 13:52:55 | ectuner |     INFO -> ------------------------------------------------------------------------------------------
2026-04-29 13:52:55 | ectuner |     INFO -> lwcf         | Global Cost|             2.7092 ->             5.4083 | WORSENED
2026-04-29 13:52:55 | ectuner |     INFO ->              | Spatial Cost  |             5.9092 ->             6.3125 | WORSENED
2026-04-29 13:52:55 | ectuner |     INFO -> ------------------------------------------------------------------------------------------
2026-04-29 13:52:55 | ectuner |     INFO -> net_toa      | Global Cost|             5.6259 ->             3.2919 | IMPROVED
2026-04-29 13:52:55 | ectuner |     INFO ->              | Spatial Cost  |             8.7339 ->             7.2998 | IMPROVED
2026-04-29 13:52:55 | ectuner |     INFO -> ------------------------------------------------------------------------------------------
2026-04-29 13:52:55 | ectuner |     INFO -> rlnt         | Global Cost|             6.9311 ->             4.5768 | IMPROVED
2026-04-29 13:52:55 | ectuner |     INFO ->              | Spatial Cost  |             9.4438 ->             7.4207 | IMPROVED
2026-04-29 13:52:55 | ectuner |     INFO -> ------------------------------------------------------------------------------------------
2026-04-29 13:52:55 | ectuner |     INFO -> rsnt         | Global Cost|             1.3053 ->             1.2849 | IMPROVED
2026-04-29 13:52:55 | ectuner |     INFO ->              | Spatial Cost  |             7.8074 ->             7.6207 | IMPROVED
2026-04-29 13:52:55 | ectuner |     INFO -> ------------------------------------------------------------------------------------------
2026-04-29 13:52:55 | ectuner |     INFO -> swcf         | Global Cost|             0.5056 ->             0.6411 | WORSENED
2026-04-29 13:52:55 | ectuner |     INFO ->              | Spatial Cost  |             8.2304 ->             8.1058 | IMPROVED
2026-04-29 13:52:55 | ectuner |     INFO -> ------------------------------------------------------------------------------------------
2026-04-29 13:52:55 | ectuner |     INFO -> Structured tuning YAML written to ../results/tuned_2d_LR/l1/all_flux_tol/alfa_020/tuned_phis_l1_a020.yml

| Parameter         |   New Value |   Old Value |      Change |   Rel. Change |   Dist. from Ref. |
|-------------------+-------------+-------------+-------------+---------------+-------------------|
| RPRCON            |  1.3768e-03 |  1.4000e-03 | -2.3236e-05 |   -1.6597e-02 |       -1.6597e-02 |
| ENTRORG           |  1.5065e-03 |  1.7500e-03 | -2.4346e-04 |   -1.3912e-01 |       -1.3912e-01 |
| DETRPEN           |  1.1351e-04 |  7.5000e-05 |  3.8508e-05 |    5.1345e-01 |        5.1345e-01 |
| ENTRDD            |  2.3117e-04 |  3.0000e-04 | -6.8833e-05 |   -2.2944e-01 |       -2.2944e-01 |
| RMFDEPS           |  3.9155e-01 |  3.0000e-01 |  9.1547e-02 |    3.0516e-01 |        3.0516e-01 |
| RVICE             |  2.0791e-01 |  1.3000e-01 |  7.7909e-02 |    5.9930e-01 |        5.9930e-01 |
| RLCRITSNOW        |  1.5788e-05 |  2.0000e-05 | -4.2124e-06 |   -2.1062e-01 |       -2.1062e-01 |
| RSNOWLIN2         |  1.8945e-02 |  3.0000e-02 | -1.1055e-02 |   -3.6850e-01 |       -3.6850e-01 |
| RCLDIFF           |  3.7006e-06 |  6.0000e-06 | -2.2994e-06 |   -3.8323e-01 |       -3.8323e-01 |
| RCLDIFF_CONVI     |  9.1926e+00 |  1.0000e+01 | -8.0745e-01 |   -8.0745e-02 |       -8.0745e-02 |
| RDEPLIQREFRATE    |  6.1689e-01 |  5.0000e-01 |  1.1689e-01 |    2.3378e-01 |        2.3378e-01 |
| RDEPLIQREFDEPTH   |  4.6179e+02 |  5.0000e+02 | -3.8210e+01 |   -7.6419e-02 |       -7.6419e-02 |
| RCL_OVERLAPLIQICE |  5.0947e-01 |  6.5000e-01 | -1.4053e-01 |   -2.1620e-01 |       -2.1620e-01 |
| RCL_INHOMOGAUT    |  1.4410e+00 |  1.5000e+00 | -5.9030e-02 |   -3.9353e-02 |       -3.9353e-02 |
| RCL_INHOMOGACC    |  2.8479e+00 |  3.0000e+00 | -1.5214e-01 |   -5.0713e-02 |       -5.0713e-02 |
| RMINICE           |  4.5471e+01 |  6.0000e+01 | -1.4529e+01 |   -2.4215e-01 |       -2.4215e-01 |
2026-04-29 13:52:55 | ectuner |     INFO -> Diagnostic maps saved to ../results/tuned_2d_LR/l1/all_flux_tol/alfa_020/diagnostics_2d_phis_Global_a02.nc
Copia del file YAML inviata a ../results/tuned_2d_LR/l1/all_flux_tol/yaml_files
