2026-04-29 13:48:27 | ectuner |     INFO -> Loading 2D Data (Sensitivity, Reference, Base)...
   > Loading reference for lwcf from: climate_average_lwcf_CERES EBAF_r180x90_2000-2024.nc
   > Loading reference for net_toa from: climate_average_net_toa_CERES EBAF_r180x90_2000-2024.nc
   > Loading reference for rlnt from: climate_average_rlnt_CERES EBAF_r180x90_2000-2024.nc
   > Flipping sign for rlnt (Obs is UP, Model is DOWN)
   > Loading reference for rsnt from: climate_average_rsnt_CERES EBAF_r180x90_2000-2024.nc
   > Loading reference for swcf from: climate_average_swcf_CERES EBAF_r180x90_2000-2024.nc
--- Loading cached base maps for phis ---
2026-04-29 13:48:28 | ectuner |     INFO -> Generating spatial weights (Area * Region)...
2026-04-29 13:48:28 | ectuner |     INFO -> Variable lwcf: Initial Spatial Absolute Cost (L1) (Weighted) = 5.9092
2026-04-29 13:48:28 | ectuner |     INFO -> Variable net_toa: Initial Spatial Absolute Cost (L1) (Weighted) = 8.7339
2026-04-29 13:48:28 | ectuner |     INFO -> Variable rlnt: Initial Spatial Absolute Cost (L1) (Weighted) = 9.4438
2026-04-29 13:48:28 | ectuner |     INFO -> Variable rsnt: Initial Spatial Absolute Cost (L1) (Weighted) = 7.8074
2026-04-29 13:48:28 | ectuner |     INFO -> Variable swcf: Initial Spatial Absolute Cost (L1) (Weighted) = 8.2304
2026-04-29 13:48:28 | ectuner |     INFO -> Flattening data for fast optimization...
2026-04-29 13:48:28 | ectuner |     INFO -> DEBUG: Global Bias for lwcf in optimizer: -2.7092
2026-04-29 13:48:28 | ectuner |     INFO -> DEBUG: Global Bias for net_toa in optimizer: 5.6259
2026-04-29 13:48:28 | ectuner |     INFO -> DEBUG: Global Bias for rlnt in optimizer: 6.9311
2026-04-29 13:48:28 | ectuner |     INFO -> DEBUG: Global Bias for rsnt in optimizer: -1.3053
2026-04-29 13:48:29 | ectuner |     INFO -> DEBUG: Global Bias for swcf in optimizer: 0.5056
2026-04-29 13:48:29 | ectuner |     INFO -> Starting 2D Optimization (dual_annealing)...
2026-04-29 13:52:25 | ectuner |     INFO -> Optimization finished. Final Weighted Cost (L1): Spatial=46.0549, Global=9.7490
2026-04-29 13:52:25 | ectuner |     INFO -> 
============================== GLOBAL & SPATIAL COSTS (L1) ===============================
2026-04-29 13:52:25 | ectuner |     INFO -> Variable     | Metric           |            Initial ->              Final | Status
2026-04-29 13:52:25 | ectuner |     INFO -> ------------------------------------------------------------------------------------------
2026-04-29 13:52:25 | ectuner |     INFO -> lwcf         | Global Cost|             2.7092 ->             6.0392 | WORSENED
2026-04-29 13:52:25 | ectuner |     INFO ->              | Spatial Cost  |             5.9092 ->             7.5372 | WORSENED
2026-04-29 13:52:25 | ectuner |     INFO -> ------------------------------------------------------------------------------------------
2026-04-29 13:52:25 | ectuner |     INFO -> net_toa      | Global Cost|             5.6259 ->             0.0000 | IMPROVED
2026-04-29 13:52:25 | ectuner |     INFO ->              | Spatial Cost  |             8.7339 ->             9.6023 | WORSENED
2026-04-29 13:52:25 | ectuner |     INFO -> ------------------------------------------------------------------------------------------
2026-04-29 13:52:25 | ectuner |     INFO -> rlnt         | Global Cost|             6.9311 ->             1.8548 | IMPROVED
2026-04-29 13:52:25 | ectuner |     INFO ->              | Spatial Cost  |             9.4438 ->             9.4015 | IMPROVED
2026-04-29 13:52:25 | ectuner |     INFO -> ------------------------------------------------------------------------------------------
2026-04-29 13:52:25 | ectuner |     INFO -> rsnt         | Global Cost|             1.3053 ->             1.8548 | WORSENED
2026-04-29 13:52:25 | ectuner |     INFO ->              | Spatial Cost  |             7.8074 ->             9.4823 | WORSENED
2026-04-29 13:52:25 | ectuner |     INFO -> ------------------------------------------------------------------------------------------
2026-04-29 13:52:25 | ectuner |     INFO -> swcf         | Global Cost|             0.5056 ->             0.0002 | IMPROVED
2026-04-29 13:52:25 | ectuner |     INFO ->              | Spatial Cost  |             8.2304 ->            10.0315 | WORSENED
2026-04-29 13:52:25 | ectuner |     INFO -> ------------------------------------------------------------------------------------------
2026-04-29 13:52:25 | ectuner |     INFO -> Structured tuning YAML written to ../results/tuned_2d_LR/l1/all_flux_tol/alfa_090/tuned_phis_l1_a090.yml

| Parameter         |   New Value |   Old Value |      Change |   Rel. Change |   Dist. from Ref. |
|-------------------+-------------+-------------+-------------+---------------+-------------------|
| RPRCON            |  2.2390e-03 |  1.4000e-03 |  8.3899e-04 |    5.9928e-01 |        5.9928e-01 |
| ENTRORG           |  2.4926e-03 |  1.7500e-03 |  7.4256e-04 |    4.2432e-01 |        4.2432e-01 |
| DETRPEN           |  1.0174e-04 |  7.5000e-05 |  2.6744e-05 |    3.5658e-01 |        3.5658e-01 |
| ENTRDD            |  2.3727e-04 |  3.0000e-04 | -6.2732e-05 |   -2.0911e-01 |       -2.0911e-01 |
| RMFDEPS           |  1.3074e-01 |  3.0000e-01 | -1.6926e-01 |   -5.6420e-01 |       -5.6420e-01 |
| RVICE             |  1.8776e-01 |  1.3000e-01 |  5.7759e-02 |    4.4430e-01 |        4.4430e-01 |
| RLCRITSNOW        |  2.1747e-05 |  2.0000e-05 |  1.7472e-06 |    8.7361e-02 |        8.7361e-02 |
| RSNOWLIN2         |  3.9116e-02 |  3.0000e-02 |  9.1159e-03 |    3.0386e-01 |        3.0386e-01 |
| RCLDIFF           |  2.4419e-06 |  6.0000e-06 | -3.5581e-06 |   -5.9302e-01 |       -5.9302e-01 |
| RCLDIFF_CONVI     |  7.2536e+00 |  1.0000e+01 | -2.7464e+00 |   -2.7464e-01 |       -2.7464e-01 |
| RDEPLIQREFRATE    |  4.6834e-01 |  5.0000e-01 | -3.1663e-02 |   -6.3325e-02 |       -6.3325e-02 |
| RDEPLIQREFDEPTH   |  4.3751e+02 |  5.0000e+02 | -6.2492e+01 |   -1.2498e-01 |       -1.2498e-01 |
| RCL_OVERLAPLIQICE |  5.5155e-01 |  6.5000e-01 | -9.8452e-02 |   -1.5146e-01 |       -1.5146e-01 |
| RCL_INHOMOGAUT    |  8.6603e-01 |  1.5000e+00 | -6.3397e-01 |   -4.2265e-01 |       -4.2265e-01 |
| RCL_INHOMOGACC    |  2.6252e+00 |  3.0000e+00 | -3.7484e-01 |   -1.2495e-01 |       -1.2495e-01 |
| RMINICE           |  6.6795e+01 |  6.0000e+01 |  6.7953e+00 |    1.1326e-01 |        1.1326e-01 |
2026-04-29 13:52:26 | ectuner |     INFO -> Diagnostic maps saved to ../results/tuned_2d_LR/l1/all_flux_tol/alfa_090/diagnostics_2d_phis_Global_a09.nc
Copia del file YAML inviata a ../results/tuned_2d_LR/l1/all_flux_tol/yaml_files
