2026-04-29 13:48:28 | ectuner |     INFO -> Loading 2D Data (Sensitivity, Reference, Base)...
   > Loading reference for lwcf from: climate_average_lwcf_CERES EBAF_r180x90_2000-2024.nc
   > Loading reference for net_toa from: climate_average_net_toa_CERES EBAF_r180x90_2000-2024.nc
   > Loading reference for rlnt from: climate_average_rlnt_CERES EBAF_r180x90_2000-2024.nc
   > Flipping sign for rlnt (Obs is UP, Model is DOWN)
   > Loading reference for rsnt from: climate_average_rsnt_CERES EBAF_r180x90_2000-2024.nc
   > Loading reference for swcf from: climate_average_swcf_CERES EBAF_r180x90_2000-2024.nc
--- Loading cached base maps for phis ---
2026-04-29 13:48:28 | ectuner |     INFO -> Generating spatial weights (Area * Region)...
2026-04-29 13:48:28 | ectuner |     INFO -> Variable lwcf: Initial Spatial Absolute Cost (L1) (Weighted) = 5.9092
2026-04-29 13:48:28 | ectuner |     INFO -> Variable net_toa: Initial Spatial Absolute Cost (L1) (Weighted) = 8.7339
2026-04-29 13:48:28 | ectuner |     INFO -> Variable rlnt: Initial Spatial Absolute Cost (L1) (Weighted) = 9.4438
2026-04-29 13:48:28 | ectuner |     INFO -> Variable rsnt: Initial Spatial Absolute Cost (L1) (Weighted) = 7.8074
2026-04-29 13:48:28 | ectuner |     INFO -> Variable swcf: Initial Spatial Absolute Cost (L1) (Weighted) = 8.2304
2026-04-29 13:48:28 | ectuner |     INFO -> Flattening data for fast optimization...
2026-04-29 13:48:29 | ectuner |     INFO -> DEBUG: Global Bias for lwcf in optimizer: -2.7092
2026-04-29 13:48:29 | ectuner |     INFO -> DEBUG: Global Bias for net_toa in optimizer: 5.6259
2026-04-29 13:48:29 | ectuner |     INFO -> DEBUG: Global Bias for rlnt in optimizer: 6.9311
2026-04-29 13:48:29 | ectuner |     INFO -> DEBUG: Global Bias for rsnt in optimizer: -1.3053
2026-04-29 13:48:29 | ectuner |     INFO -> DEBUG: Global Bias for swcf in optimizer: 0.5056
2026-04-29 13:48:29 | ectuner |     INFO -> Starting 2D Optimization (dual_annealing)...
2026-04-29 13:51:45 | ectuner |     INFO -> Optimization finished. Final Weighted Cost (L1): Spatial=46.0313, Global=9.9085
2026-04-29 13:51:45 | ectuner |     INFO -> 
============================== GLOBAL & SPATIAL COSTS (L1) ===============================
2026-04-29 13:51:45 | ectuner |     INFO -> Variable     | Metric           |            Initial ->              Final | Status
2026-04-29 13:51:45 | ectuner |     INFO -> ------------------------------------------------------------------------------------------
2026-04-29 13:51:45 | ectuner |     INFO -> lwcf         | Global Cost|             2.7092 ->             5.9447 | WORSENED
2026-04-29 13:51:45 | ectuner |     INFO ->              | Spatial Cost  |             5.9092 ->             7.2850 | WORSENED
2026-04-29 13:51:45 | ectuner |     INFO -> ------------------------------------------------------------------------------------------
2026-04-29 13:51:45 | ectuner |     INFO -> net_toa      | Global Cost|             5.6259 ->             0.0319 | IMPROVED
2026-04-29 13:51:45 | ectuner |     INFO ->              | Spatial Cost  |             8.7339 ->             9.9113 | WORSENED
2026-04-29 13:51:45 | ectuner |     INFO -> ------------------------------------------------------------------------------------------
2026-04-29 13:51:45 | ectuner |     INFO -> rlnt         | Global Cost|             6.9311 ->             1.9818 | IMPROVED
2026-04-29 13:51:45 | ectuner |     INFO ->              | Spatial Cost  |             9.4438 ->             9.2681 | IMPROVED
2026-04-29 13:51:45 | ectuner |     INFO -> ------------------------------------------------------------------------------------------
2026-04-29 13:51:45 | ectuner |     INFO -> rsnt         | Global Cost|             1.3053 ->             1.9499 | WORSENED
2026-04-29 13:51:45 | ectuner |     INFO ->              | Spatial Cost  |             7.8074 ->             9.5346 | WORSENED
2026-04-29 13:51:45 | ectuner |     INFO -> ------------------------------------------------------------------------------------------
2026-04-29 13:51:45 | ectuner |     INFO -> swcf         | Global Cost|             0.5056 ->             0.0002 | IMPROVED
2026-04-29 13:51:45 | ectuner |     INFO ->              | Spatial Cost  |             8.2304 ->            10.0323 | WORSENED
2026-04-29 13:51:45 | ectuner |     INFO -> ------------------------------------------------------------------------------------------
2026-04-29 13:51:45 | ectuner |     INFO -> Structured tuning YAML written to ../results/tuned_2d_LR/l1/all_flux_tol/alfa_080/tuned_phis_l1_a080.yml

| Parameter         |   New Value |   Old Value |      Change |   Rel. Change |   Dist. from Ref. |
|-------------------+-------------+-------------+-------------+---------------+-------------------|
| RPRCON            |  2.1906e-03 |  1.4000e-03 |  7.9058e-04 |    5.6470e-01 |        5.6470e-01 |
| ENTRORG           |  2.6130e-03 |  1.7500e-03 |  8.6297e-04 |    4.9313e-01 |        4.9313e-01 |
| DETRPEN           |  5.1570e-05 |  7.5000e-05 | -2.3430e-05 |   -3.1240e-01 |       -3.1240e-01 |
| ENTRDD            |  2.4910e-04 |  3.0000e-04 | -5.0896e-05 |   -1.6965e-01 |       -1.6965e-01 |
| RMFDEPS           |  2.2963e-01 |  3.0000e-01 | -7.0368e-02 |   -2.3456e-01 |       -2.3456e-01 |
| RVICE             |  2.0067e-01 |  1.3000e-01 |  7.0667e-02 |    5.4359e-01 |        5.4359e-01 |
| RLCRITSNOW        |  2.2397e-05 |  2.0000e-05 |  2.3965e-06 |    1.1983e-01 |        1.1983e-01 |
| RSNOWLIN2         |  3.2913e-02 |  3.0000e-02 |  2.9127e-03 |    9.7091e-02 |        9.7091e-02 |
| RCLDIFF           |  4.4523e-06 |  6.0000e-06 | -1.5477e-06 |   -2.5795e-01 |       -2.5795e-01 |
| RCLDIFF_CONVI     |  6.5211e+00 |  1.0000e+01 | -3.4789e+00 |   -3.4789e-01 |       -3.4789e-01 |
| RDEPLIQREFRATE    |  6.6046e-01 |  5.0000e-01 |  1.6046e-01 |    3.2092e-01 |        3.2092e-01 |
| RDEPLIQREFDEPTH   |  2.2757e+02 |  5.0000e+02 | -2.7243e+02 |   -5.4486e-01 |       -5.4486e-01 |
| RCL_OVERLAPLIQICE |  9.2897e-01 |  6.5000e-01 |  2.7897e-01 |    4.2918e-01 |        4.2918e-01 |
| RCL_INHOMOGAUT    |  7.6860e-01 |  1.5000e+00 | -7.3140e-01 |   -4.8760e-01 |       -4.8760e-01 |
| RCL_INHOMOGACC    |  2.6025e+00 |  3.0000e+00 | -3.9754e-01 |   -1.3251e-01 |       -1.3251e-01 |
| RMINICE           |  4.2189e+01 |  6.0000e+01 | -1.7811e+01 |   -2.9685e-01 |       -2.9685e-01 |
2026-04-29 13:51:46 | ectuner |     INFO -> Diagnostic maps saved to ../results/tuned_2d_LR/l1/all_flux_tol/alfa_080/diagnostics_2d_phis_Global_a08.nc
Copia del file YAML inviata a ../results/tuned_2d_LR/l1/all_flux_tol/yaml_files
