2026-04-29 13:48:36 | ectuner |     INFO -> Loading 2D Data (Sensitivity, Reference, Base)...
   > Loading reference for lwcf from: climate_average_lwcf_CERES EBAF_r180x90_2000-2024.nc
   > Loading reference for net_toa from: climate_average_net_toa_CERES EBAF_r180x90_2000-2024.nc
   > Loading reference for rlnt from: climate_average_rlnt_CERES EBAF_r180x90_2000-2024.nc
   > Flipping sign for rlnt (Obs is UP, Model is DOWN)
   > Loading reference for rsnt from: climate_average_rsnt_CERES EBAF_r180x90_2000-2024.nc
   > Loading reference for swcf from: climate_average_swcf_CERES EBAF_r180x90_2000-2024.nc
--- Loading cached base maps for phis ---
2026-04-29 13:48:37 | ectuner |     INFO -> Generating spatial weights (Area * Region)...
2026-04-29 13:48:37 | ectuner |     INFO -> Variable lwcf: Initial Spatial Absolute Cost (L1) (Weighted) = 5.9092
2026-04-29 13:48:37 | ectuner |     INFO -> Variable net_toa: Initial Spatial Absolute Cost (L1) (Weighted) = 8.7339
2026-04-29 13:48:37 | ectuner |     INFO -> Variable rlnt: Initial Spatial Absolute Cost (L1) (Weighted) = 9.4438
2026-04-29 13:48:37 | ectuner |     INFO -> Variable rsnt: Initial Spatial Absolute Cost (L1) (Weighted) = 7.8074
2026-04-29 13:48:37 | ectuner |     INFO -> Variable swcf: Initial Spatial Absolute Cost (L1) (Weighted) = 8.2304
2026-04-29 13:48:37 | ectuner |     INFO -> Flattening data for fast optimization...
2026-04-29 13:48:37 | ectuner |     INFO -> DEBUG: Global Bias for lwcf in optimizer: -2.7092
2026-04-29 13:48:37 | ectuner |     INFO -> DEBUG: Global Bias for net_toa in optimizer: 5.6259
2026-04-29 13:48:37 | ectuner |     INFO -> DEBUG: Global Bias for rlnt in optimizer: 6.9311
2026-04-29 13:48:37 | ectuner |     INFO -> DEBUG: Global Bias for rsnt in optimizer: -1.3053
2026-04-29 13:48:37 | ectuner |     INFO -> DEBUG: Global Bias for swcf in optimizer: 0.5056
2026-04-29 13:48:37 | ectuner |     INFO -> Starting 2D Optimization (dual_annealing)...
2026-04-29 13:53:14 | ectuner |     INFO -> Optimization finished. Final Weighted Cost (L1): Spatial=46.4041, Global=10.0114
2026-04-29 13:53:14 | ectuner |     INFO -> 
============================== GLOBAL & SPATIAL COSTS (L1) ===============================
2026-04-29 13:53:14 | ectuner |     INFO -> Variable     | Metric           |            Initial ->              Final | Status
2026-04-29 13:53:14 | ectuner |     INFO -> ------------------------------------------------------------------------------------------
2026-04-29 13:53:14 | ectuner |     INFO -> lwcf         | Global Cost|             2.7092 ->             7.1223 | WORSENED
2026-04-29 13:53:14 | ectuner |     INFO ->              | Spatial Cost  |             5.9092 ->             8.2236 | WORSENED
2026-04-29 13:53:14 | ectuner |     INFO -> ------------------------------------------------------------------------------------------
2026-04-29 13:53:14 | ectuner |     INFO -> net_toa      | Global Cost|             5.6259 ->             0.0000 | IMPROVED
2026-04-29 13:53:14 | ectuner |     INFO ->              | Spatial Cost  |             8.7339 ->             9.3501 | WORSENED
2026-04-29 13:53:14 | ectuner |     INFO -> ------------------------------------------------------------------------------------------
2026-04-29 13:53:14 | ectuner |     INFO -> rlnt         | Global Cost|             6.9311 ->             0.9410 | IMPROVED
2026-04-29 13:53:14 | ectuner |     INFO ->              | Spatial Cost  |             9.4438 ->             9.2979 | IMPROVED
2026-04-29 13:53:14 | ectuner |     INFO -> ------------------------------------------------------------------------------------------
2026-04-29 13:53:14 | ectuner |     INFO -> rsnt         | Global Cost|             1.3053 ->             0.9410 | IMPROVED
2026-04-29 13:53:14 | ectuner |     INFO ->              | Spatial Cost  |             7.8074 ->             9.5051 | WORSENED
2026-04-29 13:53:14 | ectuner |     INFO -> ------------------------------------------------------------------------------------------
2026-04-29 13:53:14 | ectuner |     INFO -> swcf         | Global Cost|             0.5056 ->             1.0072 | WORSENED
2026-04-29 13:53:14 | ectuner |     INFO ->              | Spatial Cost  |             8.2304 ->            10.0273 | WORSENED
2026-04-29 13:53:14 | ectuner |     INFO -> ------------------------------------------------------------------------------------------
2026-04-29 13:53:14 | ectuner |     INFO -> Structured tuning YAML written to ../results/tuned_2d_LR/l1/all_flux_tol/alfa_100/tuned_phis_l1_a100.yml

| Parameter         |   New Value |   Old Value |      Change |   Rel. Change |   Dist. from Ref. |
|-------------------+-------------+-------------+-------------+---------------+-------------------|
| RPRCON            |  2.2378e-03 |  1.4000e-03 |  8.3780e-04 |    5.9843e-01 |        5.9843e-01 |
| ENTRORG           |  2.3870e-03 |  1.7500e-03 |  6.3702e-04 |    3.6401e-01 |        3.6401e-01 |
| DETRPEN           |  3.0422e-05 |  7.5000e-05 | -4.4578e-05 |   -5.9438e-01 |       -5.9438e-01 |
| ENTRDD            |  2.7184e-04 |  3.0000e-04 | -2.8159e-05 |   -9.3862e-02 |       -9.3862e-02 |
| RMFDEPS           |  2.2230e-01 |  3.0000e-01 | -7.7697e-02 |   -2.5899e-01 |       -2.5899e-01 |
| RVICE             |  1.9198e-01 |  1.3000e-01 |  6.1979e-02 |    4.7676e-01 |        4.7676e-01 |
| RLCRITSNOW        |  1.7408e-05 |  2.0000e-05 | -2.5915e-06 |   -1.2958e-01 |       -1.2958e-01 |
| RSNOWLIN2         |  2.6300e-02 |  3.0000e-02 | -3.7004e-03 |   -1.2335e-01 |       -1.2335e-01 |
| RCLDIFF           |  4.8287e-06 |  6.0000e-06 | -1.1713e-06 |   -1.9521e-01 |       -1.9521e-01 |
| RCLDIFF_CONVI     |  4.2012e+00 |  1.0000e+01 | -5.7988e+00 |   -5.7988e-01 |       -5.7988e-01 |
| RDEPLIQREFRATE    |  2.3334e-01 |  5.0000e-01 | -2.6666e-01 |   -5.3333e-01 |       -5.3333e-01 |
| RDEPLIQREFDEPTH   |  2.0006e+02 |  5.0000e+02 | -2.9994e+02 |   -5.9988e-01 |       -5.9988e-01 |
| RCL_OVERLAPLIQICE |  5.0290e-01 |  6.5000e-01 | -1.4710e-01 |   -2.2630e-01 |       -2.2630e-01 |
| RCL_INHOMOGAUT    |  1.7683e+00 |  1.5000e+00 |  2.6831e-01 |    1.7887e-01 |        1.7887e-01 |
| RCL_INHOMOGACC    |  2.0142e+00 |  3.0000e+00 | -9.8580e-01 |   -3.2860e-01 |       -3.2860e-01 |
| RMINICE           |  3.6939e+01 |  6.0000e+01 | -2.3061e+01 |   -3.8435e-01 |       -3.8435e-01 |
2026-04-29 13:53:14 | ectuner |     INFO -> Diagnostic maps saved to ../results/tuned_2d_LR/l1/all_flux_tol/alfa_100/diagnostics_2d_phis_Global_a10.nc
Copia del file YAML inviata a ../results/tuned_2d_LR/l1/all_flux_tol/yaml_files
