2026-04-29 13:48:26 | ectuner |     INFO -> Loading 2D Data (Sensitivity, Reference, Base)...
   > Loading reference for lwcf from: climate_average_lwcf_CERES EBAF_r180x90_2000-2024.nc
   > Loading reference for net_toa from: climate_average_net_toa_CERES EBAF_r180x90_2000-2024.nc
   > Loading reference for rlnt from: climate_average_rlnt_CERES EBAF_r180x90_2000-2024.nc
   > Flipping sign for rlnt (Obs is UP, Model is DOWN)
   > Loading reference for rsnt from: climate_average_rsnt_CERES EBAF_r180x90_2000-2024.nc
   > Loading reference for swcf from: climate_average_swcf_CERES EBAF_r180x90_2000-2024.nc
--- Loading cached base maps for phis ---
2026-04-29 13:48:27 | ectuner |     INFO -> Generating spatial weights (Area * Region)...
2026-04-29 13:48:27 | ectuner |     INFO -> Variable lwcf: Initial Spatial Absolute Cost (L1) (Weighted) = 5.9092
2026-04-29 13:48:27 | ectuner |     INFO -> Variable net_toa: Initial Spatial Absolute Cost (L1) (Weighted) = 8.7339
2026-04-29 13:48:27 | ectuner |     INFO -> Variable rlnt: Initial Spatial Absolute Cost (L1) (Weighted) = 9.4438
2026-04-29 13:48:27 | ectuner |     INFO -> Variable rsnt: Initial Spatial Absolute Cost (L1) (Weighted) = 7.8074
2026-04-29 13:48:27 | ectuner |     INFO -> Variable swcf: Initial Spatial Absolute Cost (L1) (Weighted) = 8.2304
2026-04-29 13:48:27 | ectuner |     INFO -> Flattening data for fast optimization...
2026-04-29 13:48:28 | ectuner |     INFO -> DEBUG: Global Bias for lwcf in optimizer: -2.7092
2026-04-29 13:48:28 | ectuner |     INFO -> DEBUG: Global Bias for net_toa in optimizer: 5.6259
2026-04-29 13:48:28 | ectuner |     INFO -> DEBUG: Global Bias for rlnt in optimizer: 6.9311
2026-04-29 13:48:28 | ectuner |     INFO -> DEBUG: Global Bias for rsnt in optimizer: -1.3053
2026-04-29 13:48:28 | ectuner |     INFO -> DEBUG: Global Bias for swcf in optimizer: 0.5056
2026-04-29 13:48:28 | ectuner |     INFO -> Starting 2D Optimization (dual_annealing)...
2026-04-29 14:08:45 | ectuner |     INFO -> Optimization finished. Final Weighted Cost (L1): Spatial=37.3489, Global=13.9554
2026-04-29 14:08:45 | ectuner |     INFO -> 
============================== GLOBAL & SPATIAL COSTS (L1) ===============================
2026-04-29 14:08:45 | ectuner |     INFO -> Variable     | Metric           |            Initial ->              Final | Status
2026-04-29 14:08:45 | ectuner |     INFO -> ------------------------------------------------------------------------------------------
2026-04-29 14:08:45 | ectuner |     INFO -> lwcf         | Global Cost|             2.7092 ->             5.7636 | WORSENED
2026-04-29 14:08:45 | ectuner |     INFO ->              | Spatial Cost  |             5.9092 ->             6.5614 | WORSENED
2026-04-29 14:08:45 | ectuner |     INFO -> ------------------------------------------------------------------------------------------
2026-04-29 14:08:46 | ectuner |     INFO -> net_toa      | Global Cost|             5.6259 ->             2.1873 | IMPROVED
2026-04-29 14:08:46 | ectuner |     INFO ->              | Spatial Cost  |             8.7339 ->             7.2465 | IMPROVED
2026-04-29 14:08:46 | ectuner |     INFO -> ------------------------------------------------------------------------------------------
2026-04-29 14:08:46 | ectuner |     INFO -> rlnt         | Global Cost|             6.9311 ->             4.0795 | IMPROVED
2026-04-29 14:08:46 | ectuner |     INFO ->              | Spatial Cost  |             9.4438 ->             7.3794 | IMPROVED
2026-04-29 14:08:46 | ectuner |     INFO -> ------------------------------------------------------------------------------------------
2026-04-29 14:08:46 | ectuner |     INFO -> rsnt         | Global Cost|             1.3053 ->             1.8922 | WORSENED
2026-04-29 14:08:46 | ectuner |     INFO ->              | Spatial Cost  |             7.8074 ->             7.8645 | WORSENED
2026-04-29 14:08:46 | ectuner |     INFO -> ------------------------------------------------------------------------------------------
2026-04-29 14:08:46 | ectuner |     INFO -> swcf         | Global Cost|             0.5056 ->             0.0327 | IMPROVED
2026-04-29 14:08:46 | ectuner |     INFO ->              | Spatial Cost  |             8.2304 ->             8.2971 | WORSENED
2026-04-29 14:08:46 | ectuner |     INFO -> ------------------------------------------------------------------------------------------
2026-04-29 14:08:46 | ectuner |     INFO -> Structured tuning YAML written to ../results/tuned_2d_LR/l1/all_flux_tol/alfa_040/tuned_phis_l1_a040.yml

| Parameter         |   New Value |   Old Value |      Change |   Rel. Change |   Dist. from Ref. |
|-------------------+-------------+-------------+-------------+---------------+-------------------|
| RPRCON            |  1.4177e-03 |  1.4000e-03 |  1.7682e-05 |    1.2630e-02 |        1.2630e-02 |
| ENTRORG           |  1.6045e-03 |  1.7500e-03 | -1.4553e-04 |   -8.3163e-02 |       -8.3163e-02 |
| DETRPEN           |  1.1475e-04 |  7.5000e-05 |  3.9750e-05 |    5.3001e-01 |        5.3001e-01 |
| ENTRDD            |  1.9018e-04 |  3.0000e-04 | -1.0982e-04 |   -3.6607e-01 |       -3.6607e-01 |
| RMFDEPS           |  3.6764e-01 |  3.0000e-01 |  6.7637e-02 |    2.2546e-01 |        2.2546e-01 |
| RVICE             |  2.0799e-01 |  1.3000e-01 |  7.7990e-02 |    5.9993e-01 |        5.9993e-01 |
| RLCRITSNOW        |  1.5034e-05 |  2.0000e-05 | -4.9664e-06 |   -2.4832e-01 |       -2.4832e-01 |
| RSNOWLIN2         |  1.7084e-02 |  3.0000e-02 | -1.2916e-02 |   -4.3053e-01 |       -4.3053e-01 |
| RCLDIFF           |  3.5759e-06 |  6.0000e-06 | -2.4241e-06 |   -4.0401e-01 |       -4.0401e-01 |
| RCLDIFF_CONVI     |  8.0950e+00 |  1.0000e+01 | -1.9050e+00 |   -1.9050e-01 |       -1.9050e-01 |
| RDEPLIQREFRATE    |  6.0162e-01 |  5.0000e-01 |  1.0162e-01 |    2.0324e-01 |        2.0324e-01 |
| RDEPLIQREFDEPTH   |  4.2702e+02 |  5.0000e+02 | -7.2979e+01 |   -1.4596e-01 |       -1.4596e-01 |
| RCL_OVERLAPLIQICE |  4.5708e-01 |  6.5000e-01 | -1.9292e-01 |   -2.9680e-01 |       -2.9680e-01 |
| RCL_INHOMOGAUT    |  1.2574e+00 |  1.5000e+00 | -2.4258e-01 |   -1.6172e-01 |       -1.6172e-01 |
| RCL_INHOMOGACC    |  2.7405e+00 |  3.0000e+00 | -2.5946e-01 |   -8.6486e-02 |       -8.6486e-02 |
| RMINICE           |  4.3381e+01 |  6.0000e+01 | -1.6619e+01 |   -2.7699e-01 |       -2.7699e-01 |
2026-04-29 14:08:46 | ectuner |     INFO -> Diagnostic maps saved to ../results/tuned_2d_LR/l1/all_flux_tol/alfa_040/diagnostics_2d_phis_Global_a04.nc
Copia del file YAML inviata a ../results/tuned_2d_LR/l1/all_flux_tol/yaml_files
