2026-04-29 13:48:25 | ectuner |     INFO -> Loading 2D Data (Sensitivity, Reference, Base)...
   > Loading reference for lwcf from: climate_average_lwcf_CERES EBAF_r180x90_2000-2024.nc
   > Loading reference for net_toa from: climate_average_net_toa_CERES EBAF_r180x90_2000-2024.nc
   > Loading reference for rlnt from: climate_average_rlnt_CERES EBAF_r180x90_2000-2024.nc
   > Flipping sign for rlnt (Obs is UP, Model is DOWN)
   > Loading reference for rsnt from: climate_average_rsnt_CERES EBAF_r180x90_2000-2024.nc
   > Loading reference for swcf from: climate_average_swcf_CERES EBAF_r180x90_2000-2024.nc
--- Loading cached base maps for phis ---
2026-04-29 13:48:27 | ectuner |     INFO -> Generating spatial weights (Area * Region)...
2026-04-29 13:48:27 | ectuner |     INFO -> Variable lwcf: Initial Spatial Absolute Cost (L1) (Weighted) = 5.9092
2026-04-29 13:48:27 | ectuner |     INFO -> Variable net_toa: Initial Spatial Absolute Cost (L1) (Weighted) = 8.7339
2026-04-29 13:48:27 | ectuner |     INFO -> Variable rlnt: Initial Spatial Absolute Cost (L1) (Weighted) = 9.4438
2026-04-29 13:48:27 | ectuner |     INFO -> Variable rsnt: Initial Spatial Absolute Cost (L1) (Weighted) = 7.8074
2026-04-29 13:48:27 | ectuner |     INFO -> Variable swcf: Initial Spatial Absolute Cost (L1) (Weighted) = 8.2304
2026-04-29 13:48:27 | ectuner |     INFO -> Flattening data for fast optimization...
2026-04-29 13:48:28 | ectuner |     INFO -> DEBUG: Global Bias for lwcf in optimizer: -2.7092
2026-04-29 13:48:28 | ectuner |     INFO -> DEBUG: Global Bias for net_toa in optimizer: 5.6259
2026-04-29 13:48:28 | ectuner |     INFO -> DEBUG: Global Bias for rlnt in optimizer: 6.9311
2026-04-29 13:48:28 | ectuner |     INFO -> DEBUG: Global Bias for rsnt in optimizer: -1.3053
2026-04-29 13:48:28 | ectuner |     INFO -> DEBUG: Global Bias for swcf in optimizer: 0.5056
2026-04-29 13:48:28 | ectuner |     INFO -> Starting 2D Optimization (dual_annealing)...
2026-04-29 13:55:23 | ectuner |     INFO -> Optimization finished. Final Weighted Cost (L1): Spatial=38.8582, Global=13.0383
2026-04-29 13:55:23 | ectuner |     INFO -> 
============================== GLOBAL & SPATIAL COSTS (L1) ===============================
2026-04-29 13:55:23 | ectuner |     INFO -> Variable     | Metric           |            Initial ->              Final | Status
2026-04-29 13:55:23 | ectuner |     INFO -> ------------------------------------------------------------------------------------------
2026-04-29 13:55:23 | ectuner |     INFO -> lwcf         | Global Cost|             2.7092 ->             7.1478 | WORSENED
2026-04-29 13:55:23 | ectuner |     INFO ->              | Spatial Cost  |             5.9092 ->             7.6194 | WORSENED
2026-04-29 13:55:23 | ectuner |     INFO -> ------------------------------------------------------------------------------------------
2026-04-29 13:55:23 | ectuner |     INFO -> net_toa      | Global Cost|             5.6259 ->             1.0117 | IMPROVED
2026-04-29 13:55:23 | ectuner |     INFO ->              | Spatial Cost  |             8.7339 ->             7.3136 | IMPROVED
2026-04-29 13:55:23 | ectuner |     INFO -> ------------------------------------------------------------------------------------------
2026-04-29 13:55:23 | ectuner |     INFO -> rlnt         | Global Cost|             6.9311 ->             2.9453 | IMPROVED
2026-04-29 13:55:23 | ectuner |     INFO ->              | Spatial Cost  |             9.4438 ->             7.0919 | IMPROVED
2026-04-29 13:55:23 | ectuner |     INFO -> ------------------------------------------------------------------------------------------
2026-04-29 13:55:23 | ectuner |     INFO -> rsnt         | Global Cost|             1.3053 ->             1.9336 | WORSENED
2026-04-29 13:55:23 | ectuner |     INFO ->              | Spatial Cost  |             7.8074 ->             8.1670 | WORSENED
2026-04-29 13:55:23 | ectuner |     INFO -> ------------------------------------------------------------------------------------------
2026-04-29 13:55:23 | ectuner |     INFO -> swcf         | Global Cost|             0.5056 ->             0.0000 | IMPROVED
2026-04-29 13:55:23 | ectuner |     INFO ->              | Spatial Cost  |             8.2304 ->             8.6664 | WORSENED
2026-04-29 13:55:23 | ectuner |     INFO -> ------------------------------------------------------------------------------------------
2026-04-29 13:55:23 | ectuner |     INFO -> Structured tuning YAML written to ../results/tuned_2d_LR/l1/all_flux_tol/alfa_050/tuned_phis_l1_a050.yml

| Parameter         |   New Value |   Old Value |      Change |   Rel. Change |   Dist. from Ref. |
|-------------------+-------------+-------------+-------------+---------------+-------------------|
| RPRCON            |  1.1752e-03 |  1.4000e-03 | -2.2479e-04 |   -1.6057e-01 |       -1.6057e-01 |
| ENTRORG           |  1.7601e-03 |  1.7500e-03 |  1.0142e-05 |    5.7954e-03 |        5.7954e-03 |
| DETRPEN           |  1.1161e-04 |  7.5000e-05 |  3.6609e-05 |    4.8813e-01 |        4.8813e-01 |
| ENTRDD            |  2.4896e-04 |  3.0000e-04 | -5.1039e-05 |   -1.7013e-01 |       -1.7013e-01 |
| RMFDEPS           |  3.8751e-01 |  3.0000e-01 |  8.7507e-02 |    2.9169e-01 |        2.9169e-01 |
| RVICE             |  2.0798e-01 |  1.3000e-01 |  7.7979e-02 |    5.9984e-01 |        5.9984e-01 |
| RLCRITSNOW        |  1.3525e-05 |  2.0000e-05 | -6.4747e-06 |   -3.2374e-01 |       -3.2374e-01 |
| RSNOWLIN2         |  2.6198e-02 |  3.0000e-02 | -3.8024e-03 |   -1.2675e-01 |       -1.2675e-01 |
| RCLDIFF           |  2.4275e-06 |  6.0000e-06 | -3.5725e-06 |   -5.9541e-01 |       -5.9541e-01 |
| RCLDIFF_CONVI     |  7.1006e+00 |  1.0000e+01 | -2.8994e+00 |   -2.8994e-01 |       -2.8994e-01 |
| RDEPLIQREFRATE    |  6.1304e-01 |  5.0000e-01 |  1.1304e-01 |    2.2608e-01 |        2.2608e-01 |
| RDEPLIQREFDEPTH   |  4.4549e+02 |  5.0000e+02 | -5.4514e+01 |   -1.0903e-01 |       -1.0903e-01 |
| RCL_OVERLAPLIQICE |  4.7646e-01 |  6.5000e-01 | -1.7354e-01 |   -2.6699e-01 |       -2.6699e-01 |
| RCL_INHOMOGAUT    |  1.2893e+00 |  1.5000e+00 | -2.1067e-01 |   -1.4045e-01 |       -1.4045e-01 |
| RCL_INHOMOGACC    |  2.6473e+00 |  3.0000e+00 | -3.5273e-01 |   -1.1758e-01 |       -1.1758e-01 |
| RMINICE           |  9.2001e+01 |  6.0000e+01 |  3.2001e+01 |    5.3335e-01 |        5.3335e-01 |
2026-04-29 13:55:24 | ectuner |     INFO -> Diagnostic maps saved to ../results/tuned_2d_LR/l1/all_flux_tol/alfa_050/diagnostics_2d_phis_Global_a05.nc
Copia del file YAML inviata a ../results/tuned_2d_LR/l1/all_flux_tol/yaml_files
