2026-04-29 13:42:14 | ectuner |     INFO -> Loading 2D Data (Sensitivity, Reference, Base)...
   > Loading reference for lwcf from: climate_average_lwcf_CERES EBAF_r180x90_2000-2024.nc
   > Loading reference for net_toa from: climate_average_net_toa_CERES EBAF_r180x90_2000-2024.nc
   > Loading reference for rlnt from: climate_average_rlnt_CERES EBAF_r180x90_2000-2024.nc
   > Flipping sign for rlnt (Obs is UP, Model is DOWN)
   > Loading reference for rsnt from: climate_average_rsnt_CERES EBAF_r180x90_2000-2024.nc
   > Loading reference for swcf from: climate_average_swcf_CERES EBAF_r180x90_2000-2024.nc
--- Cache not found. Extracting 2D maps for phis (this may take a while...) ---
   > Processing lwcf...
   > Processing net_toa...
   > Processing rlnt...
   > Processing rsnt...
   > Processing swcf...
--- Cache saved: /ec/res4/hpcperm/ecme3038/ecearth/ecearth4/ECtuner/mari/ectuner/ecmean/maps_lres/base_2d_phis_2000_2017.nc ---
2026-04-29 13:42:37 | ectuner |     INFO -> Generating spatial weights (Area * Region)...
2026-04-29 13:42:37 | ectuner |     INFO -> Variable lwcf: Initial Spatial Absolute Cost (L1) (Weighted) = 5.9092
2026-04-29 13:42:37 | ectuner |     INFO -> Variable net_toa: Initial Spatial Absolute Cost (L1) (Weighted) = 8.7339
2026-04-29 13:42:37 | ectuner |     INFO -> Variable rlnt: Initial Spatial Absolute Cost (L1) (Weighted) = 9.4438
2026-04-29 13:42:37 | ectuner |     INFO -> Variable rsnt: Initial Spatial Absolute Cost (L1) (Weighted) = 7.8074
2026-04-29 13:42:37 | ectuner |     INFO -> Variable swcf: Initial Spatial Absolute Cost (L1) (Weighted) = 8.2304
2026-04-29 13:42:37 | ectuner |     INFO -> Flattening data for fast optimization...
2026-04-29 13:42:37 | ectuner |     INFO -> DEBUG: Global Bias for lwcf in optimizer: -2.7092
2026-04-29 13:42:38 | ectuner |     INFO -> DEBUG: Global Bias for net_toa in optimizer: 5.6259
2026-04-29 13:42:38 | ectuner |     INFO -> DEBUG: Global Bias for rlnt in optimizer: 6.9311
2026-04-29 13:42:38 | ectuner |     INFO -> DEBUG: Global Bias for rsnt in optimizer: -1.3053
2026-04-29 13:42:38 | ectuner |     INFO -> DEBUG: Global Bias for swcf in optimizer: 0.5056
2026-04-29 13:42:38 | ectuner |     INFO -> Starting 2D Optimization (dual_annealing)...
2026-04-29 13:46:42 | ectuner |     INFO -> Optimization finished. Final Weighted Cost (L1): Spatial=36.6645, Global=15.9691
2026-04-29 13:46:42 | ectuner |     INFO -> 
============================== GLOBAL & SPATIAL COSTS (L1) ===============================
2026-04-29 13:46:42 | ectuner |     INFO -> Variable     | Metric           |            Initial ->              Final | Status
2026-04-29 13:46:42 | ectuner |     INFO -> ------------------------------------------------------------------------------------------
2026-04-29 13:46:42 | ectuner |     INFO -> lwcf         | Global Cost|             2.7092 ->             5.2523 | WORSENED
2026-04-29 13:46:42 | ectuner |     INFO ->              | Spatial Cost  |             5.9092 ->             6.2167 | WORSENED
2026-04-29 13:46:42 | ectuner |     INFO -> ------------------------------------------------------------------------------------------
2026-04-29 13:46:42 | ectuner |     INFO -> net_toa      | Global Cost|             5.6259 ->             3.9559 | IMPROVED
2026-04-29 13:46:42 | ectuner |     INFO ->              | Spatial Cost  |             8.7339 ->             7.4078 | IMPROVED
2026-04-29 13:46:42 | ectuner |     INFO -> ------------------------------------------------------------------------------------------
2026-04-29 13:46:42 | ectuner |     INFO -> rlnt         | Global Cost|             6.9311 ->             4.8313 | IMPROVED
2026-04-29 13:46:42 | ectuner |     INFO ->              | Spatial Cost  |             9.4438 ->             7.4657 | IMPROVED
2026-04-29 13:46:42 | ectuner |     INFO -> ------------------------------------------------------------------------------------------
2026-04-29 13:46:42 | ectuner |     INFO -> rsnt         | Global Cost|             1.3053 ->             0.8754 | IMPROVED
2026-04-29 13:46:42 | ectuner |     INFO ->              | Spatial Cost  |             7.8074 ->             7.5293 | IMPROVED
2026-04-29 13:46:42 | ectuner |     INFO -> ------------------------------------------------------------------------------------------
2026-04-29 13:46:43 | ectuner |     INFO -> swcf         | Global Cost|             0.5056 ->             1.0541 | WORSENED
2026-04-29 13:46:43 | ectuner |     INFO ->              | Spatial Cost  |             8.2304 ->             8.0450 | IMPROVED
2026-04-29 13:46:43 | ectuner |     INFO -> ------------------------------------------------------------------------------------------
2026-04-29 13:46:43 | ectuner |     INFO -> Structured tuning YAML written to ../results/tuned_2d_LR/l1/all_flux_tol/alfa_000/tuned_phis_l1_a000.yml

| Parameter         |   New Value |   Old Value |      Change |   Rel. Change |   Dist. from Ref. |
|-------------------+-------------+-------------+-------------+---------------+-------------------|
| RPRCON            |  1.3272e-03 |  1.4000e-03 | -7.2828e-05 |   -5.2020e-02 |       -5.2020e-02 |
| ENTRORG           |  1.4581e-03 |  1.7500e-03 | -2.9193e-04 |   -1.6682e-01 |       -1.6682e-01 |
| DETRPEN           |  1.1172e-04 |  7.5000e-05 |  3.6716e-05 |    4.8955e-01 |        4.8955e-01 |
| ENTRDD            |  2.5038e-04 |  3.0000e-04 | -4.9617e-05 |   -1.6539e-01 |       -1.6539e-01 |
| RMFDEPS           |  4.0316e-01 |  3.0000e-01 |  1.0316e-01 |    3.4388e-01 |        3.4388e-01 |
| RVICE             |  2.0797e-01 |  1.3000e-01 |  7.7972e-02 |    5.9978e-01 |        5.9978e-01 |
| RLCRITSNOW        |  1.6778e-05 |  2.0000e-05 | -3.2222e-06 |   -1.6111e-01 |       -1.6111e-01 |
| RSNOWLIN2         |  1.8409e-02 |  3.0000e-02 | -1.1591e-02 |   -3.8636e-01 |       -3.8636e-01 |
| RCLDIFF           |  3.8813e-06 |  6.0000e-06 | -2.1187e-06 |   -3.5312e-01 |       -3.5312e-01 |
| RCLDIFF_CONVI     |  9.9086e+00 |  1.0000e+01 | -9.1447e-02 |   -9.1447e-03 |       -9.1447e-03 |
| RDEPLIQREFRATE    |  6.3437e-01 |  5.0000e-01 |  1.3437e-01 |    2.6874e-01 |        2.6874e-01 |
| RDEPLIQREFDEPTH   |  4.8353e+02 |  5.0000e+02 | -1.6470e+01 |   -3.2940e-02 |       -3.2940e-02 |
| RCL_OVERLAPLIQICE |  5.4527e-01 |  6.5000e-01 | -1.0473e-01 |   -1.6112e-01 |       -1.6112e-01 |
| RCL_INHOMOGAUT    |  1.5976e+00 |  1.5000e+00 |  9.7644e-02 |    6.5096e-02 |        6.5096e-02 |
| RCL_INHOMOGACC    |  2.9250e+00 |  3.0000e+00 | -7.5007e-02 |   -2.5002e-02 |       -2.5002e-02 |
| RMINICE           |  4.4887e+01 |  6.0000e+01 | -1.5113e+01 |   -2.5188e-01 |       -2.5188e-01 |
2026-04-29 13:46:43 | ectuner |     INFO -> Diagnostic maps saved to ../results/tuned_2d_LR/l1/all_flux_tol/alfa_000/diagnostics_2d_phis_Global_a00.nc
Copia del file YAML inviata a ../results/tuned_2d_LR/l1/all_flux_tol/yaml_files
