2026-04-23 12:17:34 | ectuner |     INFO -> Loading 2D Data (Sensitivity, Reference, Base)...
   > Loading reference for net_toa from: climate_average_net_toa_CERES EBAF_r180x90_2000-2024.nc
--- Loading cached base maps for phis ---
2026-04-23 12:17:35 | ectuner |     INFO -> Generating spatial weights (Area * Region)...
2026-04-23 12:17:35 | ectuner |     INFO -> Variable net_toa: Initial Spatial RMSE (Weighted) = 11.3965
2026-04-23 12:17:35 | ectuner |     INFO -> Flattening data for fast optimization...
2026-04-23 12:17:35 | ectuner |     INFO -> DEBUG: Global Bias for net_toa in optimizer: 5.6259
2026-04-23 12:17:35 | ectuner |     INFO -> Starting 2D Optimization (dual_annealing)...
2026-04-23 12:18:02 | ectuner |     INFO -> 
==================== GLOBAL MEAN & ZONAL SUMMARY FROM 2D OPTIMIZATION ====================
2026-04-23 12:18:02 | ectuner |     INFO -> Variable     | Metric       |            Initial ->              Final | Status
2026-04-23 12:18:02 | ectuner |     INFO -> ------------------------------------------------------------------------------------------
2026-04-23 12:18:02 | ectuner |     INFO -> net_toa      | Global Bias |             5.6259 ->            -0.0000 | IMPROVED
2026-04-23 12:18:02 | ectuner |     INFO ->              | Spatial RMSE  |            11.3965 ->            10.1418 | IMPROVED
2026-04-23 12:18:02 | ectuner |     INFO -> ------------------------------------------------------------------------------------------
2026-04-23 12:18:02 | ectuner |     INFO -> Structured tuning YAML written to ../results/tuned_2d_LR/net_TOA/tol_prova_alfa_095/tuned_phis_a095.yml

| Parameter         |   New Value |   Old Value |      Change |   Rel. Change |   Dist. from Ref. |
|-------------------+-------------+-------------+-------------+---------------+-------------------|
| RPRCON            |  1.3156e-03 |  1.4000e-03 | -8.4356e-05 |   -6.0254e-02 |       -6.0254e-02 |
| ENTRORG           |  1.9781e-03 |  1.7500e-03 |  2.2812e-04 |    1.3035e-01 |        1.3035e-01 |
| DETRPEN           |  9.1682e-05 |  7.5000e-05 |  1.6682e-05 |    2.2243e-01 |        2.2243e-01 |
| ENTRDD            |  1.3628e-04 |  3.0000e-04 | -1.6372e-04 |   -5.4572e-01 |       -5.4572e-01 |
| RMFDEPS           |  4.6511e-01 |  3.0000e-01 |  1.6511e-01 |    5.5037e-01 |        5.5037e-01 |
| RVICE             |  1.9113e-01 |  1.3000e-01 |  6.1131e-02 |    4.7024e-01 |        4.7024e-01 |
| RLCRITSNOW        |  1.1480e-05 |  2.0000e-05 | -8.5204e-06 |   -4.2602e-01 |       -4.2602e-01 |
| RSNOWLIN2         |  2.2067e-02 |  3.0000e-02 | -7.9325e-03 |   -2.6442e-01 |       -2.6442e-01 |
| RCLDIFF           |  6.1465e-06 |  6.0000e-06 |  1.4648e-07 |    2.4414e-02 |        2.4414e-02 |
| RCLDIFF_CONVI     |  1.1378e+01 |  1.0000e+01 |  1.3778e+00 |    1.3778e-01 |        1.3778e-01 |
| RDEPLIQREFRATE    |  7.6959e-01 |  5.0000e-01 |  2.6959e-01 |    5.3918e-01 |        5.3918e-01 |
| RDEPLIQREFDEPTH   |  3.2401e+02 |  5.0000e+02 | -1.7599e+02 |   -3.5199e-01 |       -3.5199e-01 |
| RCL_OVERLAPLIQICE |  4.3612e-01 |  6.5000e-01 | -2.1388e-01 |   -3.2905e-01 |       -3.2905e-01 |
| RCL_INHOMOGAUT    |  6.0335e-01 |  1.5000e+00 | -8.9665e-01 |   -5.9776e-01 |       -5.9776e-01 |
| RCL_INHOMOGACC    |  2.4558e+00 |  3.0000e+00 | -5.4418e-01 |   -1.8139e-01 |       -1.8139e-01 |
| RMINICE           |  4.5490e+01 |  6.0000e+01 | -1.4510e+01 |   -2.4183e-01 |       -2.4183e-01 |
2026-04-23 12:18:02 | ectuner |     INFO -> Diagnostic maps saved to ../results/tuned_2d_LR/net_TOA/tol_prova_alfa_095/diagnostics_2d_phis_Global_a095.nc
Copia del file YAML inviata a ../results/tuned_2d_LR/net_TOA/tol_prova_yaml_files
