2026-04-23 12:17:35 | ectuner |     INFO -> Loading 2D Data (Sensitivity, Reference, Base)...
   > Loading reference for net_toa from: climate_average_net_toa_CERES EBAF_r180x90_2000-2024.nc
--- Loading cached base maps for phis ---
2026-04-23 12:17:36 | ectuner |     INFO -> Generating spatial weights (Area * Region)...
2026-04-23 12:17:36 | ectuner |     INFO -> Variable net_toa: Initial Spatial RMSE (Weighted) = 11.3965
2026-04-23 12:17:36 | ectuner |     INFO -> Flattening data for fast optimization...
2026-04-23 12:17:36 | ectuner |     INFO -> DEBUG: Global Bias for net_toa in optimizer: 5.6259
2026-04-23 12:17:36 | ectuner |     INFO -> Starting 2D Optimization (dual_annealing)...
2026-04-23 12:18:06 | ectuner |     INFO -> 
==================== GLOBAL MEAN & ZONAL SUMMARY FROM 2D OPTIMIZATION ====================
2026-04-23 12:18:06 | ectuner |     INFO -> Variable     | Metric       |            Initial ->              Final | Status
2026-04-23 12:18:06 | ectuner |     INFO -> ------------------------------------------------------------------------------------------
2026-04-23 12:18:06 | ectuner |     INFO -> net_toa      | Global Bias |             5.6259 ->            -0.0000 | IMPROVED
2026-04-23 12:18:06 | ectuner |     INFO ->              | Spatial RMSE  |            11.3965 ->             9.9606 | IMPROVED
2026-04-23 12:18:06 | ectuner |     INFO -> ------------------------------------------------------------------------------------------
2026-04-23 12:18:06 | ectuner |     INFO -> Structured tuning YAML written to ../results/tuned_2d_LR/net_TOA/tol_prova_alfa_080/tuned_phis_a080.yml

| Parameter         |   New Value |   Old Value |      Change |   Rel. Change |   Dist. from Ref. |
|-------------------+-------------+-------------+-------------+---------------+-------------------|
| RPRCON            |  9.8937e-04 |  1.4000e-03 | -4.1063e-04 |   -2.9331e-01 |       -2.9331e-01 |
| ENTRORG           |  1.8514e-03 |  1.7500e-03 |  1.0140e-04 |    5.7945e-02 |        5.7945e-02 |
| DETRPEN           |  1.1947e-04 |  7.5000e-05 |  4.4469e-05 |    5.9292e-01 |        5.9292e-01 |
| ENTRDD            |  1.2330e-04 |  3.0000e-04 | -1.7670e-04 |   -5.8899e-01 |       -5.8899e-01 |
| RMFDEPS           |  4.0943e-01 |  3.0000e-01 |  1.0943e-01 |    3.6478e-01 |        3.6478e-01 |
| RVICE             |  1.9623e-01 |  1.3000e-01 |  6.6230e-02 |    5.0946e-01 |        5.0946e-01 |
| RLCRITSNOW        |  2.1928e-05 |  2.0000e-05 |  1.9276e-06 |    9.6378e-02 |        9.6378e-02 |
| RSNOWLIN2         |  2.3570e-02 |  3.0000e-02 | -6.4301e-03 |   -2.1434e-01 |       -2.1434e-01 |
| RCLDIFF           |  6.5759e-06 |  6.0000e-06 |  5.7587e-07 |    9.5978e-02 |        9.5978e-02 |
| RCLDIFF_CONVI     |  9.7679e+00 |  1.0000e+01 | -2.3210e-01 |   -2.3210e-02 |       -2.3210e-02 |
| RDEPLIQREFRATE    |  4.0079e-01 |  5.0000e-01 | -9.9215e-02 |   -1.9843e-01 |       -1.9843e-01 |
| RDEPLIQREFDEPTH   |  6.2604e+02 |  5.0000e+02 |  1.2604e+02 |    2.5208e-01 |        2.5208e-01 |
| RCL_OVERLAPLIQICE |  4.1454e-01 |  6.5000e-01 | -2.3546e-01 |   -3.6224e-01 |       -3.6224e-01 |
| RCL_INHOMOGAUT    |  9.1992e-01 |  1.5000e+00 | -5.8008e-01 |   -3.8672e-01 |       -3.8672e-01 |
| RCL_INHOMOGACC    |  2.2269e+00 |  3.0000e+00 | -7.7312e-01 |   -2.5771e-01 |       -2.5771e-01 |
| RMINICE           |  9.5655e+01 |  6.0000e+01 |  3.5655e+01 |    5.9425e-01 |        5.9425e-01 |
2026-04-23 12:18:06 | ectuner |     INFO -> Diagnostic maps saved to ../results/tuned_2d_LR/net_TOA/tol_prova_alfa_080/diagnostics_2d_phis_Global_a08.nc
Copia del file YAML inviata a ../results/tuned_2d_LR/net_TOA/tol_prova_yaml_files
