2026-04-23 12:17:33 | ectuner |     INFO -> Loading 2D Data (Sensitivity, Reference, Base)...
   > Loading reference for net_toa from: climate_average_net_toa_CERES EBAF_r180x90_2000-2024.nc
--- Loading cached base maps for phis ---
2026-04-23 12:17:34 | ectuner |     INFO -> Generating spatial weights (Area * Region)...
2026-04-23 12:17:34 | ectuner |     INFO -> Variable net_toa: Initial Spatial RMSE (Weighted) = 11.3965
2026-04-23 12:17:34 | ectuner |     INFO -> Flattening data for fast optimization...
2026-04-23 12:17:34 | ectuner |     INFO -> DEBUG: Global Bias for net_toa in optimizer: 5.6259
2026-04-23 12:17:34 | ectuner |     INFO -> Starting 2D Optimization (dual_annealing)...
2026-04-23 12:18:00 | ectuner |     INFO -> 
==================== GLOBAL MEAN & ZONAL SUMMARY FROM 2D OPTIMIZATION ====================
2026-04-23 12:18:00 | ectuner |     INFO -> Variable     | Metric       |            Initial ->              Final | Status
2026-04-23 12:18:00 | ectuner |     INFO -> ------------------------------------------------------------------------------------------
2026-04-23 12:18:00 | ectuner |     INFO -> net_toa      | Global Bias |             5.6259 ->            -0.0001 | IMPROVED
2026-04-23 12:18:00 | ectuner |     INFO ->              | Spatial RMSE  |            11.3965 ->             9.6192 | IMPROVED
2026-04-23 12:18:00 | ectuner |     INFO -> ------------------------------------------------------------------------------------------
2026-04-23 12:18:00 | ectuner |     INFO -> Structured tuning YAML written to ../results/tuned_2d_LR/net_TOA/tol_prova_alfa_050/tuned_phis_a050.yml

| Parameter         |   New Value |   Old Value |      Change |   Rel. Change |   Dist. from Ref. |
|-------------------+-------------+-------------+-------------+---------------+-------------------|
| RPRCON            |  6.7939e-04 |  1.4000e-03 | -7.2061e-04 |   -5.1472e-01 |       -5.1472e-01 |
| ENTRORG           |  1.6935e-03 |  1.7500e-03 | -5.6476e-05 |   -3.2272e-02 |       -3.2272e-02 |
| DETRPEN           |  9.7688e-05 |  7.5000e-05 |  2.2688e-05 |    3.0251e-01 |        3.0251e-01 |
| ENTRDD            |  3.1970e-04 |  3.0000e-04 |  1.9696e-05 |    6.5652e-02 |        6.5652e-02 |
| RMFDEPS           |  4.5010e-01 |  3.0000e-01 |  1.5010e-01 |    5.0033e-01 |        5.0033e-01 |
| RVICE             |  2.0167e-01 |  1.3000e-01 |  7.1674e-02 |    5.5134e-01 |        5.5134e-01 |
| RLCRITSNOW        |  8.2922e-06 |  2.0000e-05 | -1.1708e-05 |   -5.8539e-01 |       -5.8539e-01 |
| RSNOWLIN2         |  1.6295e-02 |  3.0000e-02 | -1.3705e-02 |   -4.5682e-01 |       -4.5682e-01 |
| RCLDIFF           |  4.9529e-06 |  6.0000e-06 | -1.0471e-06 |   -1.7451e-01 |       -1.7451e-01 |
| RCLDIFF_CONVI     |  9.0904e+00 |  1.0000e+01 | -9.0960e-01 |   -9.0960e-02 |       -9.0960e-02 |
| RDEPLIQREFRATE    |  6.6759e-01 |  5.0000e-01 |  1.6759e-01 |    3.3517e-01 |        3.3517e-01 |
| RDEPLIQREFDEPTH   |  4.6534e+02 |  5.0000e+02 | -3.4663e+01 |   -6.9325e-02 |       -6.9325e-02 |
| RCL_OVERLAPLIQICE |  3.8268e-01 |  6.5000e-01 | -2.6732e-01 |   -4.1126e-01 |       -4.1126e-01 |
| RCL_INHOMOGAUT    |  1.2278e+00 |  1.5000e+00 | -2.7216e-01 |   -1.8144e-01 |       -1.8144e-01 |
| RCL_INHOMOGACC    |  1.9717e+00 |  3.0000e+00 | -1.0283e+00 |   -3.4278e-01 |       -3.4278e-01 |
| RMINICE           |  7.7475e+01 |  6.0000e+01 |  1.7475e+01 |    2.9125e-01 |        2.9125e-01 |
2026-04-23 12:18:00 | ectuner |     INFO -> Diagnostic maps saved to ../results/tuned_2d_LR/net_TOA/tol_prova_alfa_050/diagnostics_2d_phis_Global_a05.nc
Copia del file YAML inviata a ../results/tuned_2d_LR/net_TOA/tol_prova_yaml_files
