2026-04-23 12:17:18 | ectuner |     INFO -> Loading 2D Data (Sensitivity, Reference, Base)...
   > Loading reference for net_toa from: climate_average_net_toa_CERES EBAF_r180x90_2000-2024.nc
--- Loading cached base maps for phis ---
2026-04-23 12:17:19 | ectuner |     INFO -> Generating spatial weights (Area * Region)...
2026-04-23 12:17:19 | ectuner |     INFO -> Variable net_toa: Initial Spatial RMSE (Weighted) = 11.3965
2026-04-23 12:17:19 | ectuner |     INFO -> Flattening data for fast optimization...
2026-04-23 12:17:20 | ectuner |     INFO -> DEBUG: Global Bias for net_toa in optimizer: 5.6259
2026-04-23 12:17:20 | ectuner |     INFO -> Starting 2D Optimization (dual_annealing)...
2026-04-23 12:19:56 | ectuner |     INFO -> 
==================== GLOBAL MEAN & ZONAL SUMMARY FROM 2D OPTIMIZATION ====================
2026-04-23 12:19:56 | ectuner |     INFO -> Variable     | Metric       |            Initial ->              Final | Status
2026-04-23 12:19:56 | ectuner |     INFO -> ------------------------------------------------------------------------------------------
2026-04-23 12:19:56 | ectuner |     INFO -> net_toa      | Global Bias |             5.6259 ->             0.2021 | IMPROVED
2026-04-23 12:19:56 | ectuner |     INFO ->              | Spatial RMSE  |            11.3965 ->             9.2261 | IMPROVED
2026-04-23 12:19:56 | ectuner |     INFO -> ------------------------------------------------------------------------------------------
2026-04-23 12:19:56 | ectuner |     INFO -> Structured tuning YAML written to ../results/tuned_2d_LR/net_TOA/tol_prova_alfa_017/tuned_phis_a017.yml

| Parameter         |   New Value |   Old Value |      Change |   Rel. Change |   Dist. from Ref. |
|-------------------+-------------+-------------+-------------+---------------+-------------------|
| RPRCON            |  5.6119e-04 |  1.4000e-03 | -8.3881e-04 |   -5.9915e-01 |       -5.9915e-01 |
| ENTRORG           |  1.4590e-03 |  1.7500e-03 | -2.9099e-04 |   -1.6628e-01 |       -1.6628e-01 |
| DETRPEN           |  1.0240e-04 |  7.5000e-05 |  2.7400e-05 |    3.6533e-01 |        3.6533e-01 |
| ENTRDD            |  1.4832e-04 |  3.0000e-04 | -1.5168e-04 |   -5.0560e-01 |       -5.0560e-01 |
| RMFDEPS           |  4.7493e-01 |  3.0000e-01 |  1.7493e-01 |    5.8309e-01 |        5.8309e-01 |
| RVICE             |  2.0785e-01 |  1.3000e-01 |  7.7848e-02 |    5.9883e-01 |        5.9883e-01 |
| RLCRITSNOW        |  8.0146e-06 |  2.0000e-05 | -1.1985e-05 |   -5.9927e-01 |       -5.9927e-01 |
| RSNOWLIN2         |  1.2022e-02 |  3.0000e-02 | -1.7978e-02 |   -5.9927e-01 |       -5.9927e-01 |
| RCLDIFF           |  2.6913e-06 |  6.0000e-06 | -3.3087e-06 |   -5.5146e-01 |       -5.5146e-01 |
| RCLDIFF_CONVI     |  7.0826e+00 |  1.0000e+01 | -2.9174e+00 |   -2.9174e-01 |       -2.9174e-01 |
| RDEPLIQREFRATE    |  5.6420e-01 |  5.0000e-01 |  6.4203e-02 |    1.2841e-01 |        1.2841e-01 |
| RDEPLIQREFDEPTH   |  4.3547e+02 |  5.0000e+02 | -6.4525e+01 |   -1.2905e-01 |       -1.2905e-01 |
| RCL_OVERLAPLIQICE |  2.6013e-01 |  6.5000e-01 | -3.8987e-01 |   -5.9979e-01 |       -5.9979e-01 |
| RCL_INHOMOGAUT    |  6.7973e-01 |  1.5000e+00 | -8.2027e-01 |   -5.4684e-01 |       -5.4684e-01 |
| RCL_INHOMOGACC    |  2.7220e+00 |  3.0000e+00 | -2.7798e-01 |   -9.2659e-02 |       -9.2659e-02 |
| RMINICE           |  9.4980e+01 |  6.0000e+01 |  3.4980e+01 |    5.8300e-01 |        5.8300e-01 |
2026-04-23 12:19:56 | ectuner |     INFO -> Diagnostic maps saved to ../results/tuned_2d_LR/net_TOA/tol_prova_alfa_017/diagnostics_2d_phis_Global_a017.nc
Copia del file YAML inviata a ../results/tuned_2d_LR/net_TOA/tol_prova_yaml_files
