2026-04-23 12:17:21 | ectuner |     INFO -> Loading 2D Data (Sensitivity, Reference, Base)...
   > Loading reference for net_toa from: climate_average_net_toa_CERES EBAF_r180x90_2000-2024.nc
--- Loading cached base maps for phis ---
2026-04-23 12:17:21 | ectuner |     INFO -> Generating spatial weights (Area * Region)...
2026-04-23 12:17:21 | ectuner |     INFO -> Variable net_toa: Initial Spatial RMSE (Weighted) = 11.3965
2026-04-23 12:17:21 | ectuner |     INFO -> Flattening data for fast optimization...
2026-04-23 12:17:22 | ectuner |     INFO -> DEBUG: Global Bias for net_toa in optimizer: 5.6259
2026-04-23 12:17:22 | ectuner |     INFO -> Starting 2D Optimization (dual_annealing)...
2026-04-23 12:19:32 | ectuner |     INFO -> 
==================== GLOBAL MEAN & ZONAL SUMMARY FROM 2D OPTIMIZATION ====================
2026-04-23 12:19:32 | ectuner |     INFO -> Variable     | Metric       |            Initial ->              Final | Status
2026-04-23 12:19:32 | ectuner |     INFO -> ------------------------------------------------------------------------------------------
2026-04-23 12:19:32 | ectuner |     INFO -> net_toa      | Global Bias |             5.6259 ->             0.4113 | IMPROVED
2026-04-23 12:19:32 | ectuner |     INFO ->              | Spatial RMSE  |            11.3965 ->             9.1867 | IMPROVED
2026-04-23 12:19:32 | ectuner |     INFO -> ------------------------------------------------------------------------------------------
2026-04-23 12:19:32 | ectuner |     INFO -> Structured tuning YAML written to ../results/tuned_2d_LR/net_TOA/tol_prova_alfa_015/tuned_phis_a015.yml

| Parameter         |   New Value |   Old Value |      Change |   Rel. Change |   Dist. from Ref. |
|-------------------+-------------+-------------+-------------+---------------+-------------------|
| RPRCON            |  5.6257e-04 |  1.4000e-03 | -8.3743e-04 |   -5.9816e-01 |       -5.9816e-01 |
| ENTRORG           |  1.4307e-03 |  1.7500e-03 | -3.1926e-04 |   -1.8244e-01 |       -1.8244e-01 |
| DETRPEN           |  1.0387e-04 |  7.5000e-05 |  2.8874e-05 |    3.8499e-01 |        3.8499e-01 |
| ENTRDD            |  1.5269e-04 |  3.0000e-04 | -1.4731e-04 |   -4.9102e-01 |       -4.9102e-01 |
| RMFDEPS           |  4.7231e-01 |  3.0000e-01 |  1.7231e-01 |    5.7436e-01 |        5.7436e-01 |
| RVICE             |  2.0780e-01 |  1.3000e-01 |  7.7802e-02 |    5.9847e-01 |        5.9847e-01 |
| RLCRITSNOW        |  8.0099e-06 |  2.0000e-05 | -1.1990e-05 |   -5.9950e-01 |       -5.9950e-01 |
| RSNOWLIN2         |  1.2048e-02 |  3.0000e-02 | -1.7952e-02 |   -5.9840e-01 |       -5.9840e-01 |
| RCLDIFF           |  2.8236e-06 |  6.0000e-06 | -3.1764e-06 |   -5.2940e-01 |       -5.2940e-01 |
| RCLDIFF_CONVI     |  7.0435e+00 |  1.0000e+01 | -2.9565e+00 |   -2.9565e-01 |       -2.9565e-01 |
| RDEPLIQREFRATE    |  5.7185e-01 |  5.0000e-01 |  7.1848e-02 |    1.4370e-01 |        1.4370e-01 |
| RDEPLIQREFDEPTH   |  4.4754e+02 |  5.0000e+02 | -5.2460e+01 |   -1.0492e-01 |       -1.0492e-01 |
| RCL_OVERLAPLIQICE |  2.6025e-01 |  6.5000e-01 | -3.8975e-01 |   -5.9961e-01 |       -5.9961e-01 |
| RCL_INHOMOGAUT    |  6.8495e-01 |  1.5000e+00 | -8.1505e-01 |   -5.4337e-01 |       -5.4337e-01 |
| RCL_INHOMOGACC    |  2.7298e+00 |  3.0000e+00 | -2.7025e-01 |   -9.0082e-02 |       -9.0082e-02 |
| RMINICE           |  9.4083e+01 |  6.0000e+01 |  3.4083e+01 |    5.6805e-01 |        5.6805e-01 |
2026-04-23 12:19:32 | ectuner |     INFO -> Diagnostic maps saved to ../results/tuned_2d_LR/net_TOA/tol_prova_alfa_015/diagnostics_2d_phis_Global_a015.nc
Copia del file YAML inviata a ../results/tuned_2d_LR/net_TOA/tol_prova_yaml_files
