2026-04-23 12:17:34 | ectuner |     INFO -> Loading 2D Data (Sensitivity, Reference, Base)...
   > Loading reference for net_toa from: climate_average_net_toa_CERES EBAF_r180x90_2000-2024.nc
--- Loading cached base maps for phis ---
2026-04-23 12:17:34 | ectuner |     INFO -> Generating spatial weights (Area * Region)...
2026-04-23 12:17:34 | ectuner |     INFO -> Variable net_toa: Initial Spatial RMSE (Weighted) = 11.3965
2026-04-23 12:17:34 | ectuner |     INFO -> Flattening data for fast optimization...
2026-04-23 12:17:35 | ectuner |     INFO -> DEBUG: Global Bias for net_toa in optimizer: 5.6259
2026-04-23 12:17:35 | ectuner |     INFO -> Starting 2D Optimization (dual_annealing)...
2026-04-23 12:18:18 | ectuner |     INFO -> 
==================== GLOBAL MEAN & ZONAL SUMMARY FROM 2D OPTIMIZATION ====================
2026-04-23 12:18:18 | ectuner |     INFO -> Variable     | Metric       |            Initial ->              Final | Status
2026-04-23 12:18:18 | ectuner |     INFO -> ------------------------------------------------------------------------------------------
2026-04-23 12:18:18 | ectuner |     INFO -> net_toa      | Global Bias |             5.6259 ->            -0.0000 | IMPROVED
2026-04-23 12:18:18 | ectuner |     INFO ->              | Spatial RMSE  |            11.3965 ->             9.6823 | IMPROVED
2026-04-23 12:18:18 | ectuner |     INFO -> ------------------------------------------------------------------------------------------
2026-04-23 12:18:18 | ectuner |     INFO -> Structured tuning YAML written to ../results/tuned_2d_LR/net_TOA/tol_prova_alfa_040/tuned_phis_a040.yml

| Parameter         |   New Value |   Old Value |      Change |   Rel. Change |   Dist. from Ref. |
|-------------------+-------------+-------------+-------------+---------------+-------------------|
| RPRCON            |  5.6070e-04 |  1.4000e-03 | -8.3930e-04 |   -5.9950e-01 |       -5.9950e-01 |
| ENTRORG           |  2.2082e-03 |  1.7500e-03 |  4.5824e-04 |    2.6185e-01 |        2.6185e-01 |
| DETRPEN           |  9.2502e-05 |  7.5000e-05 |  1.7502e-05 |    2.3336e-01 |        2.3336e-01 |
| ENTRDD            |  1.7593e-04 |  3.0000e-04 | -1.2407e-04 |   -4.1358e-01 |       -4.1358e-01 |
| RMFDEPS           |  4.1601e-01 |  3.0000e-01 |  1.1601e-01 |    3.8670e-01 |        3.8670e-01 |
| RVICE             |  2.0234e-01 |  1.3000e-01 |  7.2335e-02 |    5.5642e-01 |        5.5642e-01 |
| RLCRITSNOW        |  8.3748e-06 |  2.0000e-05 | -1.1625e-05 |   -5.8126e-01 |       -5.8126e-01 |
| RSNOWLIN2         |  1.2271e-02 |  3.0000e-02 | -1.7729e-02 |   -5.9097e-01 |       -5.9097e-01 |
| RCLDIFF           |  3.6336e-06 |  6.0000e-06 | -2.3664e-06 |   -3.9441e-01 |       -3.9441e-01 |
| RCLDIFF_CONVI     |  9.2127e+00 |  1.0000e+01 | -7.8728e-01 |   -7.8728e-02 |       -7.8728e-02 |
| RDEPLIQREFRATE    |  5.7868e-01 |  5.0000e-01 |  7.8681e-02 |    1.5736e-01 |        1.5736e-01 |
| RDEPLIQREFDEPTH   |  4.6670e+02 |  5.0000e+02 | -3.3305e+01 |   -6.6609e-02 |       -6.6609e-02 |
| RCL_OVERLAPLIQICE |  2.8788e-01 |  6.5000e-01 | -3.6212e-01 |   -5.5711e-01 |       -5.5711e-01 |
| RCL_INHOMOGAUT    |  1.4830e+00 |  1.5000e+00 | -1.7013e-02 |   -1.1342e-02 |       -1.1342e-02 |
| RCL_INHOMOGACC    |  3.4703e+00 |  3.0000e+00 |  4.7034e-01 |    1.5678e-01 |        1.5678e-01 |
| RMINICE           |  7.5094e+01 |  6.0000e+01 |  1.5094e+01 |    2.5156e-01 |        2.5156e-01 |
2026-04-23 12:18:18 | ectuner |     INFO -> Diagnostic maps saved to ../results/tuned_2d_LR/net_TOA/tol_prova_alfa_040/diagnostics_2d_phis_Global_a04.nc
Copia del file YAML inviata a ../results/tuned_2d_LR/net_TOA/tol_prova_yaml_files
