2026-04-23 12:17:19 | ectuner |     INFO -> Loading 2D Data (Sensitivity, Reference, Base)...
   > Loading reference for net_toa from: climate_average_net_toa_CERES EBAF_r180x90_2000-2024.nc
--- Loading cached base maps for phis ---
2026-04-23 12:17:20 | ectuner |     INFO -> Generating spatial weights (Area * Region)...
2026-04-23 12:17:20 | ectuner |     INFO -> Variable net_toa: Initial Spatial RMSE (Weighted) = 11.3965
2026-04-23 12:17:20 | ectuner |     INFO -> Flattening data for fast optimization...
2026-04-23 12:17:20 | ectuner |     INFO -> DEBUG: Global Bias for net_toa in optimizer: 5.6259
2026-04-23 12:17:20 | ectuner |     INFO -> Starting 2D Optimization (dual_annealing)...
2026-04-23 12:19:36 | ectuner |     INFO -> 
==================== GLOBAL MEAN & ZONAL SUMMARY FROM 2D OPTIMIZATION ====================
2026-04-23 12:19:36 | ectuner |     INFO -> Variable     | Metric       |            Initial ->              Final | Status
2026-04-23 12:19:36 | ectuner |     INFO -> ------------------------------------------------------------------------------------------
2026-04-23 12:19:36 | ectuner |     INFO -> net_toa      | Global Bias |             5.6259 ->             0.0003 | IMPROVED
2026-04-23 12:19:36 | ectuner |     INFO ->              | Spatial RMSE  |            11.3965 ->             9.3112 | IMPROVED
2026-04-23 12:19:36 | ectuner |     INFO -> ------------------------------------------------------------------------------------------
2026-04-23 12:19:36 | ectuner |     INFO -> Structured tuning YAML written to ../results/tuned_2d_LR/net_TOA/tol_prova_alfa_020/tuned_phis_a020.yml

| Parameter         |   New Value |   Old Value |      Change |   Rel. Change |   Dist. from Ref. |
|-------------------+-------------+-------------+-------------+---------------+-------------------|
| RPRCON            |  6.1905e-04 |  1.4000e-03 | -7.8095e-04 |   -5.5782e-01 |       -5.5782e-01 |
| ENTRORG           |  1.2480e-03 |  1.7500e-03 | -5.0201e-04 |   -2.8686e-01 |       -2.8686e-01 |
| DETRPEN           |  1.1618e-04 |  7.5000e-05 |  4.1181e-05 |    5.4908e-01 |        5.4908e-01 |
| ENTRDD            |  1.3982e-04 |  3.0000e-04 | -1.6018e-04 |   -5.3395e-01 |       -5.3395e-01 |
| RMFDEPS           |  4.4369e-01 |  3.0000e-01 |  1.4369e-01 |    4.7897e-01 |        4.7897e-01 |
| RVICE             |  2.0795e-01 |  1.3000e-01 |  7.7952e-02 |    5.9963e-01 |        5.9963e-01 |
| RLCRITSNOW        |  8.0001e-06 |  2.0000e-05 | -1.2000e-05 |   -6.0000e-01 |       -6.0000e-01 |
| RSNOWLIN2         |  1.2008e-02 |  3.0000e-02 | -1.7992e-02 |   -5.9973e-01 |       -5.9973e-01 |
| RCLDIFF           |  2.6822e-06 |  6.0000e-06 | -3.3178e-06 |   -5.5296e-01 |       -5.5296e-01 |
| RCLDIFF_CONVI     |  7.3096e+00 |  1.0000e+01 | -2.6904e+00 |   -2.6904e-01 |       -2.6904e-01 |
| RDEPLIQREFRATE    |  5.2524e-01 |  5.0000e-01 |  2.5245e-02 |    5.0490e-02 |        5.0490e-02 |
| RDEPLIQREFDEPTH   |  4.2960e+02 |  5.0000e+02 | -7.0398e+01 |   -1.4080e-01 |       -1.4080e-01 |
| RCL_OVERLAPLIQICE |  2.6012e-01 |  6.5000e-01 | -3.8988e-01 |   -5.9981e-01 |       -5.9981e-01 |
| RCL_INHOMOGAUT    |  1.2612e+00 |  1.5000e+00 | -2.3877e-01 |   -1.5918e-01 |       -1.5918e-01 |
| RCL_INHOMOGACC    |  1.9208e+00 |  3.0000e+00 | -1.0792e+00 |   -3.5975e-01 |       -3.5975e-01 |
| RMINICE           |  9.5996e+01 |  6.0000e+01 |  3.5996e+01 |    5.9993e-01 |        5.9993e-01 |
2026-04-23 12:19:36 | ectuner |     INFO -> Diagnostic maps saved to ../results/tuned_2d_LR/net_TOA/tol_prova_alfa_020/diagnostics_2d_phis_Global_a02.nc
Copia del file YAML inviata a ../results/tuned_2d_LR/net_TOA/tol_prova_yaml_files
