2026-04-23 12:17:34 | ectuner |     INFO -> Loading 2D Data (Sensitivity, Reference, Base)...
   > Loading reference for net_toa from: climate_average_net_toa_CERES EBAF_r180x90_2000-2024.nc
--- Loading cached base maps for phis ---
2026-04-23 12:17:35 | ectuner |     INFO -> Generating spatial weights (Area * Region)...
2026-04-23 12:17:35 | ectuner |     INFO -> Variable net_toa: Initial Spatial RMSE (Weighted) = 11.3965
2026-04-23 12:17:35 | ectuner |     INFO -> Flattening data for fast optimization...
2026-04-23 12:17:35 | ectuner |     INFO -> DEBUG: Global Bias for net_toa in optimizer: 5.6259
2026-04-23 12:17:35 | ectuner |     INFO -> Starting 2D Optimization (dual_annealing)...
2026-04-23 12:18:17 | ectuner |     INFO -> 
==================== GLOBAL MEAN & ZONAL SUMMARY FROM 2D OPTIMIZATION ====================
2026-04-23 12:18:17 | ectuner |     INFO -> Variable     | Metric       |            Initial ->              Final | Status
2026-04-23 12:18:17 | ectuner |     INFO -> ------------------------------------------------------------------------------------------
2026-04-23 12:18:17 | ectuner |     INFO -> net_toa      | Global Bias |             5.6259 ->            -0.0000 | IMPROVED
2026-04-23 12:18:17 | ectuner |     INFO ->              | Spatial RMSE  |            11.3965 ->            10.0250 | IMPROVED
2026-04-23 12:18:17 | ectuner |     INFO -> ------------------------------------------------------------------------------------------
2026-04-23 12:18:17 | ectuner |     INFO -> Structured tuning YAML written to ../results/tuned_2d_LR/net_TOA/tol_prova_alfa_060/tuned_phis_a060.yml

| Parameter         |   New Value |   Old Value |      Change |   Rel. Change |   Dist. from Ref. |
|-------------------+-------------+-------------+-------------+---------------+-------------------|
| RPRCON            |  7.3553e-04 |  1.4000e-03 | -6.6447e-04 |   -4.7462e-01 |       -4.7462e-01 |
| ENTRORG           |  2.1538e-03 |  1.7500e-03 |  4.0376e-04 |    2.3072e-01 |        2.3072e-01 |
| DETRPEN           |  5.7829e-05 |  7.5000e-05 | -1.7171e-05 |   -2.2895e-01 |       -2.2895e-01 |
| ENTRDD            |  3.8683e-04 |  3.0000e-04 |  8.6830e-05 |    2.8943e-01 |        2.8943e-01 |
| RMFDEPS           |  4.6648e-01 |  3.0000e-01 |  1.6648e-01 |    5.5495e-01 |        5.5495e-01 |
| RVICE             |  2.0049e-01 |  1.3000e-01 |  7.0491e-02 |    5.4224e-01 |        5.4224e-01 |
| RLCRITSNOW        |  1.1038e-05 |  2.0000e-05 | -8.9619e-06 |   -4.4809e-01 |       -4.4809e-01 |
| RSNOWLIN2         |  1.6836e-02 |  3.0000e-02 | -1.3164e-02 |   -4.3880e-01 |       -4.3880e-01 |
| RCLDIFF           |  6.3622e-06 |  6.0000e-06 |  3.6218e-07 |    6.0363e-02 |        6.0363e-02 |
| RCLDIFF_CONVI     |  9.0096e+00 |  1.0000e+01 | -9.9041e-01 |   -9.9041e-02 |       -9.9041e-02 |
| RDEPLIQREFRATE    |  6.5195e-01 |  5.0000e-01 |  1.5195e-01 |    3.0390e-01 |        3.0390e-01 |
| RDEPLIQREFDEPTH   |  4.4257e+02 |  5.0000e+02 | -5.7431e+01 |   -1.1486e-01 |       -1.1486e-01 |
| RCL_OVERLAPLIQICE |  3.1737e-01 |  6.5000e-01 | -3.3263e-01 |   -5.1174e-01 |       -5.1174e-01 |
| RCL_INHOMOGAUT    |  1.7781e+00 |  1.5000e+00 |  2.7814e-01 |    1.8543e-01 |        1.8543e-01 |
| RCL_INHOMOGACC    |  2.3248e+00 |  3.0000e+00 | -6.7522e-01 |   -2.2507e-01 |       -2.2507e-01 |
| RMINICE           |  6.6641e+01 |  6.0000e+01 |  6.6414e+00 |    1.1069e-01 |        1.1069e-01 |
2026-04-23 12:18:18 | ectuner |     INFO -> Diagnostic maps saved to ../results/tuned_2d_LR/net_TOA/tol_prova_alfa_060/diagnostics_2d_phis_Global_a06.nc
Copia del file YAML inviata a ../results/tuned_2d_LR/net_TOA/tol_prova_yaml_files
