2026-06-02 19:57:50 | ectuner |     INFO -> Loading 2D Data (Sensitivity, Reference, Base)...
   > Loading reference for lwcf from: climate_average_lwcf_CERES EBAF_r180x90_2000-2024.nc
   > Loading reference for net_toa from: climate_average_net_toa_CERES EBAF_r180x90_2000-2024.nc
   > Loading reference for rlnt from: climate_average_rlnt_CERES EBAF_r180x90_2000-2024.nc
   > Flipping sign for rlnt (Obs is UP, Model is DOWN)
   > Loading reference for rsnt from: climate_average_rsnt_CERES EBAF_r180x90_2000-2024.nc
   > Loading reference for swcf from: climate_average_swcf_CERES EBAF_r180x90_2000-2024.nc
--- Loading cached base maps for phis ---
2026-06-02 19:57:52 | ectuner |     INFO -> Generating spatial weights (Area * Region)...
2026-06-02 19:57:52 | ectuner |     INFO -> Variable lwcf: Initial Spatial Absolute Cost (L1) (Weighted) = 5.9092
2026-06-02 19:57:52 | ectuner |     INFO -> Variable net_toa: Initial Spatial Absolute Cost (L1) (Weighted) = 8.7339
2026-06-02 19:57:52 | ectuner |     INFO -> Variable rlnt: Initial Spatial Absolute Cost (L1) (Weighted) = 9.4438
2026-06-02 19:57:52 | ectuner |     INFO -> Variable rsnt: Initial Spatial Absolute Cost (L1) (Weighted) = 7.8074
2026-06-02 19:57:52 | ectuner |     INFO -> Variable swcf: Initial Spatial Absolute Cost (L1) (Weighted) = 8.2304
2026-06-02 19:57:52 | ectuner |     INFO -> Flattening data for fast optimization...
2026-06-02 19:57:53 | ectuner |     INFO -> DEBUG: Global Bias for lwcf in optimizer: -2.7092
2026-06-02 19:57:53 | ectuner |     INFO -> DEBUG: Global Bias for net_toa in optimizer: 5.6259
2026-06-02 19:57:53 | ectuner |     INFO -> DEBUG: Global Bias for rlnt in optimizer: 6.9311
2026-06-02 19:57:53 | ectuner |     INFO -> DEBUG: Global Bias for rsnt in optimizer: -1.3053
2026-06-02 19:57:53 | ectuner |     INFO -> DEBUG: Global Bias for swcf in optimizer: 0.5056
2026-06-02 19:57:53 | ectuner |     INFO -> Starting 2D Optimization (dual_annealing)...
