2026-04-27 09:28:34 | ectuner |     INFO -> Loading 2D Data (Sensitivity, Reference, Base)...
   > Loading reference for net_toa from: climate_average_net_toa_CERES EBAF_r180x90_2000-2024.nc
   > Loading reference for rlnt from: climate_average_rlnt_CERES EBAF_r180x90_2000-2024.nc
   > Flipping sign for rlnt (Obs is UP, Model is DOWN)
   > Loading reference for rsnt from: climate_average_rsnt_CERES EBAF_r180x90_2000-2024.nc
--- Loading cached base maps for phis ---
2026-04-27 09:28:35 | ectuner |     INFO -> Generating spatial weights (Area * Region)...
2026-04-27 09:28:35 | ectuner |     INFO -> Variable net_toa: Initial Spatial RMSE (Weighted) = 11.3965
2026-04-27 09:28:35 | ectuner |     INFO -> Variable rlnt: Initial Spatial RMSE (Weighted) = 11.5226
2026-04-27 09:28:35 | ectuner |     INFO -> Variable rsnt: Initial Spatial RMSE (Weighted) = 10.4479
2026-04-27 09:28:35 | ectuner |     INFO -> Flattening data for fast optimization...
2026-04-27 09:28:35 | ectuner |     INFO -> DEBUG: Global Bias for net_toa in optimizer: 5.6259
2026-04-27 09:28:36 | ectuner |     INFO -> DEBUG: Global Bias for rlnt in optimizer: 6.9311
2026-04-27 09:28:36 | ectuner |     INFO -> DEBUG: Global Bias for rsnt in optimizer: -1.3053
2026-04-27 09:28:36 | ectuner |     INFO -> Starting 2D Optimization (dual_annealing)...
2026-04-27 09:32:01 | ectuner |     INFO -> 
==================== GLOBAL MEAN & ZONAL SUMMARY FROM 2D OPTIMIZATION ====================
2026-04-27 09:32:01 | ectuner |     INFO -> Variable     | Metric       |            Initial ->              Final | Status
2026-04-27 09:32:01 | ectuner |     INFO -> ------------------------------------------------------------------------------------------
2026-04-27 09:32:01 | ectuner |     INFO -> net_toa      | Global Bias |             5.6259 ->             1.7811 | IMPROVED
2026-04-27 09:32:01 | ectuner |     INFO ->              | Spatial RMSE  |            11.3965 ->             9.4715 | IMPROVED
2026-04-27 09:32:01 | ectuner |     INFO -> ------------------------------------------------------------------------------------------
2026-04-27 09:32:01 | ectuner |     INFO -> rlnt         | Global Bias |             6.9311 ->             1.7811 | IMPROVED
2026-04-27 09:32:01 | ectuner |     INFO ->              | Spatial RMSE  |            11.5226 ->             8.3768 | IMPROVED
2026-04-27 09:32:01 | ectuner |     INFO -> ------------------------------------------------------------------------------------------
2026-04-27 09:32:01 | ectuner |     INFO -> rsnt         | Global Bias |            -1.3053 ->            -0.0000 | IMPROVED
2026-04-27 09:32:01 | ectuner |     INFO ->              | Spatial RMSE  |            10.4479 ->            10.6195 | WORSENED
2026-04-27 09:32:01 | ectuner |     INFO -> ------------------------------------------------------------------------------------------
2026-04-27 09:32:01 | ectuner |     INFO -> Structured tuning YAML written to ../results/tuned_2d_LR/ntoa_rsnt_rlnt/tol_alfa_010/tuned_phis_a010.yml

| Parameter         |   New Value |   Old Value |      Change |   Rel. Change |   Dist. from Ref. |
|-------------------+-------------+-------------+-------------+---------------+-------------------|
| RPRCON            |  1.2076e-03 |  1.4000e-03 | -1.9240e-04 |   -1.3743e-01 |       -1.3743e-01 |
| ENTRORG           |  1.2123e-03 |  1.7500e-03 | -5.3766e-04 |   -3.0724e-01 |       -3.0724e-01 |
| DETRPEN           |  1.1994e-04 |  7.5000e-05 |  4.4937e-05 |    5.9915e-01 |        5.9915e-01 |
| ENTRDD            |  2.1508e-04 |  3.0000e-04 | -8.4920e-05 |   -2.8307e-01 |       -2.8307e-01 |
| RMFDEPS           |  3.7523e-01 |  3.0000e-01 |  7.5230e-02 |    2.5077e-01 |        2.5077e-01 |
| RVICE             |  2.0794e-01 |  1.3000e-01 |  7.7935e-02 |    5.9950e-01 |        5.9950e-01 |
| RLCRITSNOW        |  1.0219e-05 |  2.0000e-05 | -9.7810e-06 |   -4.8905e-01 |       -4.8905e-01 |
| RSNOWLIN2         |  1.3497e-02 |  3.0000e-02 | -1.6503e-02 |   -5.5012e-01 |       -5.5012e-01 |
| RCLDIFF           |  4.5592e-06 |  6.0000e-06 | -1.4408e-06 |   -2.4013e-01 |       -2.4013e-01 |
| RCLDIFF_CONVI     |  1.0722e+01 |  1.0000e+01 |  7.2165e-01 |    7.2165e-02 |        7.2165e-02 |
| RDEPLIQREFRATE    |  6.8982e-01 |  5.0000e-01 |  1.8982e-01 |    3.7963e-01 |        3.7963e-01 |
| RDEPLIQREFDEPTH   |  4.9460e+02 |  5.0000e+02 | -5.4005e+00 |   -1.0801e-02 |       -1.0801e-02 |
| RCL_OVERLAPLIQICE |  5.1501e-01 |  6.5000e-01 | -1.3499e-01 |   -2.0768e-01 |       -2.0768e-01 |
| RCL_INHOMOGAUT    |  1.5834e+00 |  1.5000e+00 |  8.3389e-02 |    5.5593e-02 |        5.5593e-02 |
| RCL_INHOMOGACC    |  1.6447e+00 |  3.0000e+00 | -1.3553e+00 |   -4.5175e-01 |       -4.5175e-01 |
| RMINICE           |  7.7844e+01 |  6.0000e+01 |  1.7844e+01 |    2.9740e-01 |        2.9740e-01 |
2026-04-27 09:32:01 | ectuner |     INFO -> Diagnostic maps saved to ../results/tuned_2d_LR/ntoa_rsnt_rlnt/tol_alfa_010/diagnostics_2d_phis_Global_a01.nc
Copia del file YAML inviata a ../results/tuned_2d_LR/ntoa_rsnt_rlnt/tol_yaml_files
