2026-04-27 09:28:36 | ectuner |     INFO -> Loading 2D Data (Sensitivity, Reference, Base)...
   > Loading reference for net_toa from: climate_average_net_toa_CERES EBAF_r180x90_2000-2024.nc
   > Loading reference for rlnt from: climate_average_rlnt_CERES EBAF_r180x90_2000-2024.nc
   > Flipping sign for rlnt (Obs is UP, Model is DOWN)
   > Loading reference for rsnt from: climate_average_rsnt_CERES EBAF_r180x90_2000-2024.nc
--- Loading cached base maps for phis ---
2026-04-27 09:28:37 | ectuner |     INFO -> Generating spatial weights (Area * Region)...
2026-04-27 09:28:37 | ectuner |     INFO -> Variable net_toa: Initial Spatial RMSE (Weighted) = 11.3965
2026-04-27 09:28:37 | ectuner |     INFO -> Variable rlnt: Initial Spatial RMSE (Weighted) = 11.5226
2026-04-27 09:28:37 | ectuner |     INFO -> Variable rsnt: Initial Spatial RMSE (Weighted) = 10.4479
2026-04-27 09:28:37 | ectuner |     INFO -> Flattening data for fast optimization...
2026-04-27 09:28:37 | ectuner |     INFO -> DEBUG: Global Bias for net_toa in optimizer: 5.6259
2026-04-27 09:28:37 | ectuner |     INFO -> DEBUG: Global Bias for rlnt in optimizer: 6.9311
2026-04-27 09:28:37 | ectuner |     INFO -> DEBUG: Global Bias for rsnt in optimizer: -1.3053
2026-04-27 09:28:37 | ectuner |     INFO -> Starting 2D Optimization (dual_annealing)...
2026-04-27 09:30:32 | ectuner |     INFO -> 
==================== GLOBAL MEAN & ZONAL SUMMARY FROM 2D OPTIMIZATION ====================
2026-04-27 09:30:32 | ectuner |     INFO -> Variable     | Metric       |            Initial ->              Final | Status
2026-04-27 09:30:32 | ectuner |     INFO -> ------------------------------------------------------------------------------------------
2026-04-27 09:30:32 | ectuner |     INFO -> net_toa      | Global Bias |             5.6259 ->             0.0000 | IMPROVED
2026-04-27 09:30:32 | ectuner |     INFO ->              | Spatial RMSE  |            11.3965 ->            11.0301 | IMPROVED
2026-04-27 09:30:32 | ectuner |     INFO -> ------------------------------------------------------------------------------------------
2026-04-27 09:30:32 | ectuner |     INFO -> rlnt         | Global Bias |             6.9311 ->            -0.0000 | IMPROVED
2026-04-27 09:30:32 | ectuner |     INFO ->              | Spatial RMSE  |            11.5226 ->            10.8921 | IMPROVED
2026-04-27 09:30:32 | ectuner |     INFO -> ------------------------------------------------------------------------------------------
2026-04-27 09:30:32 | ectuner |     INFO -> rsnt         | Global Bias |            -1.3053 ->            -0.0000 | IMPROVED
2026-04-27 09:30:32 | ectuner |     INFO ->              | Spatial RMSE  |            10.4479 ->            11.8861 | WORSENED
2026-04-27 09:30:32 | ectuner |     INFO -> ------------------------------------------------------------------------------------------
2026-04-27 09:30:32 | ectuner |     INFO -> Structured tuning YAML written to ../results/tuned_2d_LR/ntoa_rsnt_rlnt/tol_alfa_095/tuned_phis_a095.yml

| Parameter         |   New Value |   Old Value |      Change |   Rel. Change |   Dist. from Ref. |
|-------------------+-------------+-------------+-------------+---------------+-------------------|
| RPRCON            |  1.6274e-03 |  1.4000e-03 |  2.2739e-04 |    1.6242e-01 |        1.6242e-01 |
| ENTRORG           |  2.4838e-03 |  1.7500e-03 |  7.3376e-04 |    4.1929e-01 |        4.1929e-01 |
| DETRPEN           |  9.7266e-05 |  7.5000e-05 |  2.2266e-05 |    2.9689e-01 |        2.9689e-01 |
| ENTRDD            |  3.4406e-04 |  3.0000e-04 |  4.4062e-05 |    1.4687e-01 |        1.4687e-01 |
| RMFDEPS           |  3.4456e-01 |  3.0000e-01 |  4.4562e-02 |    1.4854e-01 |        1.4854e-01 |
| RVICE             |  1.8159e-01 |  1.3000e-01 |  5.1593e-02 |    3.9687e-01 |        3.9687e-01 |
| RLCRITSNOW        |  1.5723e-05 |  2.0000e-05 | -4.2770e-06 |   -2.1385e-01 |       -2.1385e-01 |
| RSNOWLIN2         |  1.4386e-02 |  3.0000e-02 | -1.5614e-02 |   -5.2045e-01 |       -5.2045e-01 |
| RCLDIFF           |  9.5138e-06 |  6.0000e-06 |  3.5138e-06 |    5.8564e-01 |        5.8564e-01 |
| RCLDIFF_CONVI     |  7.4695e+00 |  1.0000e+01 | -2.5305e+00 |   -2.5305e-01 |       -2.5305e-01 |
| RDEPLIQREFRATE    |  6.8005e-01 |  5.0000e-01 |  1.8005e-01 |    3.6010e-01 |        3.6010e-01 |
| RDEPLIQREFDEPTH   |  5.3505e+02 |  5.0000e+02 |  3.5048e+01 |    7.0095e-02 |        7.0095e-02 |
| RCL_OVERLAPLIQICE |  4.5711e-01 |  6.5000e-01 | -1.9289e-01 |   -2.9675e-01 |       -2.9675e-01 |
| RCL_INHOMOGAUT    |  1.4910e+00 |  1.5000e+00 | -8.9733e-03 |   -5.9822e-03 |       -5.9822e-03 |
| RCL_INHOMOGACC    |  2.5115e+00 |  3.0000e+00 | -4.8855e-01 |   -1.6285e-01 |       -1.6285e-01 |
| RMINICE           |  6.5191e+01 |  6.0000e+01 |  5.1909e+00 |    8.6516e-02 |        8.6516e-02 |
2026-04-27 09:30:32 | ectuner |     INFO -> Diagnostic maps saved to ../results/tuned_2d_LR/ntoa_rsnt_rlnt/tol_alfa_095/diagnostics_2d_phis_Global_a095.nc
Copia del file YAML inviata a ../results/tuned_2d_LR/ntoa_rsnt_rlnt/tol_yaml_files
