2026-04-27 09:28:35 | ectuner |     INFO -> Loading 2D Data (Sensitivity, Reference, Base)...
   > Loading reference for net_toa from: climate_average_net_toa_CERES EBAF_r180x90_2000-2024.nc
   > Loading reference for rlnt from: climate_average_rlnt_CERES EBAF_r180x90_2000-2024.nc
   > Flipping sign for rlnt (Obs is UP, Model is DOWN)
   > Loading reference for rsnt from: climate_average_rsnt_CERES EBAF_r180x90_2000-2024.nc
--- Loading cached base maps for phis ---
2026-04-27 09:28:36 | ectuner |     INFO -> Generating spatial weights (Area * Region)...
2026-04-27 09:28:36 | ectuner |     INFO -> Variable net_toa: Initial Spatial RMSE (Weighted) = 11.3965
2026-04-27 09:28:36 | ectuner |     INFO -> Variable rlnt: Initial Spatial RMSE (Weighted) = 11.5226
2026-04-27 09:28:36 | ectuner |     INFO -> Variable rsnt: Initial Spatial RMSE (Weighted) = 10.4479
2026-04-27 09:28:36 | ectuner |     INFO -> Flattening data for fast optimization...
2026-04-27 09:28:36 | ectuner |     INFO -> DEBUG: Global Bias for net_toa in optimizer: 5.6259
2026-04-27 09:28:36 | ectuner |     INFO -> DEBUG: Global Bias for rlnt in optimizer: 6.9311
2026-04-27 09:28:36 | ectuner |     INFO -> DEBUG: Global Bias for rsnt in optimizer: -1.3053
2026-04-27 09:28:36 | ectuner |     INFO -> Starting 2D Optimization (dual_annealing)...
2026-04-27 09:30:59 | ectuner |     INFO -> 
==================== GLOBAL MEAN & ZONAL SUMMARY FROM 2D OPTIMIZATION ====================
2026-04-27 09:30:59 | ectuner |     INFO -> Variable     | Metric       |            Initial ->              Final | Status
2026-04-27 09:30:59 | ectuner |     INFO -> ------------------------------------------------------------------------------------------
2026-04-27 09:30:59 | ectuner |     INFO -> net_toa      | Global Bias |             5.6259 ->             0.0000 | IMPROVED
2026-04-27 09:30:59 | ectuner |     INFO ->              | Spatial RMSE  |            11.3965 ->            10.2927 | IMPROVED
2026-04-27 09:30:59 | ectuner |     INFO -> ------------------------------------------------------------------------------------------
2026-04-27 09:30:59 | ectuner |     INFO -> rlnt         | Global Bias |             6.9311 ->             0.0000 | IMPROVED
2026-04-27 09:30:59 | ectuner |     INFO ->              | Spatial RMSE  |            11.5226 ->             9.5311 | IMPROVED
2026-04-27 09:30:59 | ectuner |     INFO -> ------------------------------------------------------------------------------------------
2026-04-27 09:30:59 | ectuner |     INFO -> rsnt         | Global Bias |            -1.3053 ->            -0.0000 | IMPROVED
2026-04-27 09:30:59 | ectuner |     INFO ->              | Spatial RMSE  |            10.4479 ->            11.1340 | WORSENED
2026-04-27 09:30:59 | ectuner |     INFO -> ------------------------------------------------------------------------------------------
2026-04-27 09:30:59 | ectuner |     INFO -> Structured tuning YAML written to ../results/tuned_2d_LR/ntoa_rsnt_rlnt/tol_alfa_050/tuned_phis_a050.yml

| Parameter         |   New Value |   Old Value |      Change |   Rel. Change |   Dist. from Ref. |
|-------------------+-------------+-------------+-------------+---------------+-------------------|
| RPRCON            |  1.3522e-03 |  1.4000e-03 | -4.7815e-05 |   -3.4154e-02 |       -3.4154e-02 |
| ENTRORG           |  2.0197e-03 |  1.7500e-03 |  2.6969e-04 |    1.5411e-01 |        1.5411e-01 |
| DETRPEN           |  9.9408e-05 |  7.5000e-05 |  2.4408e-05 |    3.2544e-01 |        3.2544e-01 |
| ENTRDD            |  1.2633e-04 |  3.0000e-04 | -1.7367e-04 |   -5.7891e-01 |       -5.7891e-01 |
| RMFDEPS           |  3.5436e-01 |  3.0000e-01 |  5.4358e-02 |    1.8119e-01 |        1.8119e-01 |
| RVICE             |  2.0284e-01 |  1.3000e-01 |  7.2836e-02 |    5.6028e-01 |        5.6028e-01 |
| RLCRITSNOW        |  1.1243e-05 |  2.0000e-05 | -8.7571e-06 |   -4.3785e-01 |       -4.3785e-01 |
| RSNOWLIN2         |  1.7627e-02 |  3.0000e-02 | -1.2373e-02 |   -4.1242e-01 |       -4.1242e-01 |
| RCLDIFF           |  4.3631e-06 |  6.0000e-06 | -1.6369e-06 |   -2.7281e-01 |       -2.7281e-01 |
| RCLDIFF_CONVI     |  7.7505e+00 |  1.0000e+01 | -2.2495e+00 |   -2.2495e-01 |       -2.2495e-01 |
| RDEPLIQREFRATE    |  6.4488e-01 |  5.0000e-01 |  1.4488e-01 |    2.8976e-01 |        2.8976e-01 |
| RDEPLIQREFDEPTH   |  4.3417e+02 |  5.0000e+02 | -6.5833e+01 |   -1.3167e-01 |       -1.3167e-01 |
| RCL_OVERLAPLIQICE |  6.3373e-01 |  6.5000e-01 | -1.6272e-02 |   -2.5033e-02 |       -2.5033e-02 |
| RCL_INHOMOGAUT    |  1.8191e+00 |  1.5000e+00 |  3.1913e-01 |    2.1275e-01 |        2.1275e-01 |
| RCL_INHOMOGACC    |  2.4341e+00 |  3.0000e+00 | -5.6589e-01 |   -1.8863e-01 |       -1.8863e-01 |
| RMINICE           |  8.7813e+01 |  6.0000e+01 |  2.7813e+01 |    4.6355e-01 |        4.6355e-01 |
2026-04-27 09:31:00 | ectuner |     INFO -> Diagnostic maps saved to ../results/tuned_2d_LR/ntoa_rsnt_rlnt/tol_alfa_050/diagnostics_2d_phis_Global_a05.nc
Copia del file YAML inviata a ../results/tuned_2d_LR/ntoa_rsnt_rlnt/tol_yaml_files
