2026-04-27 09:28:34 | ectuner |     INFO -> Loading 2D Data (Sensitivity, Reference, Base)...
   > Loading reference for net_toa from: climate_average_net_toa_CERES EBAF_r180x90_2000-2024.nc
   > Loading reference for rlnt from: climate_average_rlnt_CERES EBAF_r180x90_2000-2024.nc
   > Flipping sign for rlnt (Obs is UP, Model is DOWN)
   > Loading reference for rsnt from: climate_average_rsnt_CERES EBAF_r180x90_2000-2024.nc
--- Loading cached base maps for phis ---
2026-04-27 09:28:35 | ectuner |     INFO -> Generating spatial weights (Area * Region)...
2026-04-27 09:28:35 | ectuner |     INFO -> Variable net_toa: Initial Spatial RMSE (Weighted) = 11.3965
2026-04-27 09:28:35 | ectuner |     INFO -> Variable rlnt: Initial Spatial RMSE (Weighted) = 11.5226
2026-04-27 09:28:35 | ectuner |     INFO -> Variable rsnt: Initial Spatial RMSE (Weighted) = 10.4479
2026-04-27 09:28:35 | ectuner |     INFO -> Flattening data for fast optimization...
2026-04-27 09:28:35 | ectuner |     INFO -> DEBUG: Global Bias for net_toa in optimizer: 5.6259
2026-04-27 09:28:35 | ectuner |     INFO -> DEBUG: Global Bias for rlnt in optimizer: 6.9311
2026-04-27 09:28:36 | ectuner |     INFO -> DEBUG: Global Bias for rsnt in optimizer: -1.3053
2026-04-27 09:28:36 | ectuner |     INFO -> Starting 2D Optimization (dual_annealing)...
2026-04-27 09:30:39 | ectuner |     INFO -> 
==================== GLOBAL MEAN & ZONAL SUMMARY FROM 2D OPTIMIZATION ====================
2026-04-27 09:30:39 | ectuner |     INFO -> Variable     | Metric       |            Initial ->              Final | Status
2026-04-27 09:30:39 | ectuner |     INFO -> ------------------------------------------------------------------------------------------
2026-04-27 09:30:39 | ectuner |     INFO -> net_toa      | Global Bias |             5.6259 ->             0.0000 | IMPROVED
2026-04-27 09:30:39 | ectuner |     INFO ->              | Spatial RMSE  |            11.3965 ->            10.2144 | IMPROVED
2026-04-27 09:30:39 | ectuner |     INFO -> ------------------------------------------------------------------------------------------
2026-04-27 09:30:39 | ectuner |     INFO -> rlnt         | Global Bias |             6.9311 ->             0.0000 | IMPROVED
2026-04-27 09:30:39 | ectuner |     INFO ->              | Spatial RMSE  |            11.5226 ->            10.1591 | IMPROVED
2026-04-27 09:30:39 | ectuner |     INFO -> ------------------------------------------------------------------------------------------
2026-04-27 09:30:39 | ectuner |     INFO -> rsnt         | Global Bias |            -1.3053 ->            -0.0000 | IMPROVED
2026-04-27 09:30:39 | ectuner |     INFO ->              | Spatial RMSE  |            10.4479 ->            11.1272 | WORSENED
2026-04-27 09:30:39 | ectuner |     INFO -> ------------------------------------------------------------------------------------------
2026-04-27 09:30:39 | ectuner |     INFO -> Structured tuning YAML written to ../results/tuned_2d_LR/ntoa_rsnt_rlnt/tol_alfa_060/tuned_phis_a060.yml

| Parameter         |   New Value |   Old Value |      Change |   Rel. Change |   Dist. from Ref. |
|-------------------+-------------+-------------+-------------+---------------+-------------------|
| RPRCON            |  1.5480e-03 |  1.4000e-03 |  1.4802e-04 |    1.0573e-01 |        1.0573e-01 |
| ENTRORG           |  2.2231e-03 |  1.7500e-03 |  4.7313e-04 |    2.7036e-01 |        2.7036e-01 |
| DETRPEN           |  8.8704e-05 |  7.5000e-05 |  1.3704e-05 |    1.8272e-01 |        1.8272e-01 |
| ENTRDD            |  1.6227e-04 |  3.0000e-04 | -1.3773e-04 |   -4.5909e-01 |       -4.5909e-01 |
| RMFDEPS           |  4.7878e-01 |  3.0000e-01 |  1.7878e-01 |    5.9595e-01 |        5.9595e-01 |
| RVICE             |  2.0320e-01 |  1.3000e-01 |  7.3196e-02 |    5.6305e-01 |        5.6305e-01 |
| RLCRITSNOW        |  1.0130e-05 |  2.0000e-05 | -9.8700e-06 |   -4.9350e-01 |       -4.9350e-01 |
| RSNOWLIN2         |  1.2783e-02 |  3.0000e-02 | -1.7217e-02 |   -5.7391e-01 |       -5.7391e-01 |
| RCLDIFF           |  4.8146e-06 |  6.0000e-06 | -1.1854e-06 |   -1.9756e-01 |       -1.9756e-01 |
| RCLDIFF_CONVI     |  6.8020e+00 |  1.0000e+01 | -3.1980e+00 |   -3.1980e-01 |       -3.1980e-01 |
| RDEPLIQREFRATE    |  7.6595e-01 |  5.0000e-01 |  2.6595e-01 |    5.3190e-01 |        5.3190e-01 |
| RDEPLIQREFDEPTH   |  4.6653e+02 |  5.0000e+02 | -3.3466e+01 |   -6.6932e-02 |       -6.6932e-02 |
| RCL_OVERLAPLIQICE |  2.6542e-01 |  6.5000e-01 | -3.8458e-01 |   -5.9167e-01 |       -5.9167e-01 |
| RCL_INHOMOGAUT    |  1.0542e+00 |  1.5000e+00 | -4.4585e-01 |   -2.9723e-01 |       -2.9723e-01 |
| RCL_INHOMOGACC    |  3.4884e+00 |  3.0000e+00 |  4.8835e-01 |    1.6278e-01 |        1.6278e-01 |
| RMINICE           |  6.1180e+01 |  6.0000e+01 |  1.1795e+00 |    1.9659e-02 |        1.9659e-02 |
2026-04-27 09:30:39 | ectuner |     INFO -> Diagnostic maps saved to ../results/tuned_2d_LR/ntoa_rsnt_rlnt/tol_alfa_060/diagnostics_2d_phis_Global_a06.nc
Copia del file YAML inviata a ../results/tuned_2d_LR/ntoa_rsnt_rlnt/tol_yaml_files
