2026-04-27 09:28:35 | ectuner |     INFO -> Loading 2D Data (Sensitivity, Reference, Base)...
   > Loading reference for net_toa from: climate_average_net_toa_CERES EBAF_r180x90_2000-2024.nc
   > Loading reference for rlnt from: climate_average_rlnt_CERES EBAF_r180x90_2000-2024.nc
   > Flipping sign for rlnt (Obs is UP, Model is DOWN)
   > Loading reference for rsnt from: climate_average_rsnt_CERES EBAF_r180x90_2000-2024.nc
--- Loading cached base maps for phis ---
2026-04-27 09:28:36 | ectuner |     INFO -> Generating spatial weights (Area * Region)...
2026-04-27 09:28:36 | ectuner |     INFO -> Variable net_toa: Initial Spatial RMSE (Weighted) = 11.3965
2026-04-27 09:28:36 | ectuner |     INFO -> Variable rlnt: Initial Spatial RMSE (Weighted) = 11.5226
2026-04-27 09:28:36 | ectuner |     INFO -> Variable rsnt: Initial Spatial RMSE (Weighted) = 10.4479
2026-04-27 09:28:36 | ectuner |     INFO -> Flattening data for fast optimization...
2026-04-27 09:28:36 | ectuner |     INFO -> DEBUG: Global Bias for net_toa in optimizer: 5.6259
2026-04-27 09:28:36 | ectuner |     INFO -> DEBUG: Global Bias for rlnt in optimizer: 6.9311
2026-04-27 09:28:36 | ectuner |     INFO -> DEBUG: Global Bias for rsnt in optimizer: -1.3053
2026-04-27 09:28:36 | ectuner |     INFO -> Starting 2D Optimization (dual_annealing)...
2026-04-27 09:29:53 | ectuner |     INFO -> 
==================== GLOBAL MEAN & ZONAL SUMMARY FROM 2D OPTIMIZATION ====================
2026-04-27 09:29:53 | ectuner |     INFO -> Variable     | Metric       |            Initial ->              Final | Status
2026-04-27 09:29:53 | ectuner |     INFO -> ------------------------------------------------------------------------------------------
2026-04-27 09:29:53 | ectuner |     INFO -> net_toa      | Global Bias |             5.6259 ->            -0.0011 | IMPROVED
2026-04-27 09:29:53 | ectuner |     INFO ->              | Spatial RMSE  |            11.3965 ->            10.7386 | IMPROVED
2026-04-27 09:29:53 | ectuner |     INFO -> ------------------------------------------------------------------------------------------
2026-04-27 09:29:53 | ectuner |     INFO -> rlnt         | Global Bias |             6.9311 ->            -0.0005 | IMPROVED
2026-04-27 09:29:53 | ectuner |     INFO ->              | Spatial RMSE  |            11.5226 ->            10.9247 | IMPROVED
2026-04-27 09:29:53 | ectuner |     INFO -> ------------------------------------------------------------------------------------------
2026-04-27 09:29:53 | ectuner |     INFO -> rsnt         | Global Bias |            -1.3053 ->            -0.0006 | IMPROVED
2026-04-27 09:29:53 | ectuner |     INFO ->              | Spatial RMSE  |            10.4479 ->            11.5033 | WORSENED
2026-04-27 09:29:53 | ectuner |     INFO -> ------------------------------------------------------------------------------------------
2026-04-27 09:29:54 | ectuner |     INFO -> Structured tuning YAML written to ../results/tuned_2d_LR/ntoa_rsnt_rlnt/tol_alfa_090/tuned_phis_a090.yml

| Parameter         |   New Value |   Old Value |      Change |   Rel. Change |   Dist. from Ref. |
|-------------------+-------------+-------------+-------------+---------------+-------------------|
| RPRCON            |  1.8021e-03 |  1.4000e-03 |  4.0214e-04 |    2.8724e-01 |        2.8724e-01 |
| ENTRORG           |  2.3629e-03 |  1.7500e-03 |  6.1289e-04 |    3.5022e-01 |        3.5022e-01 |
| DETRPEN           |  1.0134e-04 |  7.5000e-05 |  2.6342e-05 |    3.5123e-01 |        3.5123e-01 |
| ENTRDD            |  1.7922e-04 |  3.0000e-04 | -1.2078e-04 |   -4.0260e-01 |       -4.0260e-01 |
| RMFDEPS           |  4.3992e-01 |  3.0000e-01 |  1.3992e-01 |    4.6640e-01 |        4.6640e-01 |
| RVICE             |  1.8149e-01 |  1.3000e-01 |  5.1494e-02 |    3.9611e-01 |        3.9611e-01 |
| RLCRITSNOW        |  2.4477e-05 |  2.0000e-05 |  4.4769e-06 |    2.2384e-01 |        2.2384e-01 |
| RSNOWLIN2         |  1.4078e-02 |  3.0000e-02 | -1.5922e-02 |   -5.3074e-01 |       -5.3074e-01 |
| RCLDIFF           |  6.7850e-06 |  6.0000e-06 |  7.8497e-07 |    1.3083e-01 |        1.3083e-01 |
| RCLDIFF_CONVI     |  7.5329e+00 |  1.0000e+01 | -2.4671e+00 |   -2.4671e-01 |       -2.4671e-01 |
| RDEPLIQREFRATE    |  5.4206e-01 |  5.0000e-01 |  4.2061e-02 |    8.4121e-02 |        8.4121e-02 |
| RDEPLIQREFDEPTH   |  3.5080e+02 |  5.0000e+02 | -1.4920e+02 |   -2.9839e-01 |       -2.9839e-01 |
| RCL_OVERLAPLIQICE |  3.3041e-01 |  6.5000e-01 | -3.1959e-01 |   -4.9168e-01 |       -4.9168e-01 |
| RCL_INHOMOGAUT    |  6.5366e-01 |  1.5000e+00 | -8.4634e-01 |   -5.6423e-01 |       -5.6423e-01 |
| RCL_INHOMOGACC    |  3.3291e+00 |  3.0000e+00 |  3.2907e-01 |    1.0969e-01 |        1.0969e-01 |
| RMINICE           |  6.7033e+01 |  6.0000e+01 |  7.0332e+00 |    1.1722e-01 |        1.1722e-01 |
2026-04-27 09:29:54 | ectuner |     INFO -> Diagnostic maps saved to ../results/tuned_2d_LR/ntoa_rsnt_rlnt/tol_alfa_090/diagnostics_2d_phis_Global_a09.nc
Copia del file YAML inviata a ../results/tuned_2d_LR/ntoa_rsnt_rlnt/tol_yaml_files
