2026-04-27 09:28:34 | ectuner |     INFO -> Loading 2D Data (Sensitivity, Reference, Base)...
   > Loading reference for net_toa from: climate_average_net_toa_CERES EBAF_r180x90_2000-2024.nc
   > Loading reference for rlnt from: climate_average_rlnt_CERES EBAF_r180x90_2000-2024.nc
   > Flipping sign for rlnt (Obs is UP, Model is DOWN)
   > Loading reference for rsnt from: climate_average_rsnt_CERES EBAF_r180x90_2000-2024.nc
--- Loading cached base maps for phis ---
2026-04-27 09:28:35 | ectuner |     INFO -> Generating spatial weights (Area * Region)...
2026-04-27 09:28:35 | ectuner |     INFO -> Variable net_toa: Initial Spatial RMSE (Weighted) = 11.3965
2026-04-27 09:28:35 | ectuner |     INFO -> Variable rlnt: Initial Spatial RMSE (Weighted) = 11.5226
2026-04-27 09:28:35 | ectuner |     INFO -> Variable rsnt: Initial Spatial RMSE (Weighted) = 10.4479
2026-04-27 09:28:35 | ectuner |     INFO -> Flattening data for fast optimization...
2026-04-27 09:28:35 | ectuner |     INFO -> DEBUG: Global Bias for net_toa in optimizer: 5.6259
2026-04-27 09:28:36 | ectuner |     INFO -> DEBUG: Global Bias for rlnt in optimizer: 6.9311
2026-04-27 09:28:36 | ectuner |     INFO -> DEBUG: Global Bias for rsnt in optimizer: -1.3053
2026-04-27 09:28:36 | ectuner |     INFO -> Starting 2D Optimization (dual_annealing)...
2026-04-27 09:30:01 | ectuner |     INFO -> 
==================== GLOBAL MEAN & ZONAL SUMMARY FROM 2D OPTIMIZATION ====================
2026-04-27 09:30:01 | ectuner |     INFO -> Variable     | Metric       |            Initial ->              Final | Status
2026-04-27 09:30:01 | ectuner |     INFO -> ------------------------------------------------------------------------------------------
2026-04-27 09:30:01 | ectuner |     INFO -> net_toa      | Global Bias |             5.6259 ->            -0.0000 | IMPROVED
2026-04-27 09:30:01 | ectuner |     INFO ->              | Spatial RMSE  |            11.3965 ->            10.7680 | IMPROVED
2026-04-27 09:30:01 | ectuner |     INFO -> ------------------------------------------------------------------------------------------
2026-04-27 09:30:01 | ectuner |     INFO -> rlnt         | Global Bias |             6.9311 ->             0.0011 | IMPROVED
2026-04-27 09:30:01 | ectuner |     INFO ->              | Spatial RMSE  |            11.5226 ->            11.0783 | IMPROVED
2026-04-27 09:30:01 | ectuner |     INFO -> ------------------------------------------------------------------------------------------
2026-04-27 09:30:01 | ectuner |     INFO -> rsnt         | Global Bias |            -1.3053 ->            -0.0012 | IMPROVED
2026-04-27 09:30:01 | ectuner |     INFO ->              | Spatial RMSE  |            10.4479 ->            11.6748 | WORSENED
2026-04-27 09:30:01 | ectuner |     INFO -> ------------------------------------------------------------------------------------------
2026-04-27 09:30:02 | ectuner |     INFO -> Structured tuning YAML written to ../results/tuned_2d_LR/ntoa_rsnt_rlnt/tol_alfa_099/tuned_phis_a099.yml

| Parameter         |   New Value |   Old Value |      Change |   Rel. Change |   Dist. from Ref. |
|-------------------+-------------+-------------+-------------+---------------+-------------------|
| RPRCON            |  1.7845e-03 |  1.4000e-03 |  3.8449e-04 |    2.7464e-01 |        2.7464e-01 |
| ENTRORG           |  2.3199e-03 |  1.7500e-03 |  5.6989e-04 |    3.2565e-01 |        3.2565e-01 |
| DETRPEN           |  5.5959e-05 |  7.5000e-05 | -1.9041e-05 |   -2.5389e-01 |       -2.5389e-01 |
| ENTRDD            |  1.9080e-04 |  3.0000e-04 | -1.0920e-04 |   -3.6400e-01 |       -3.6400e-01 |
| RMFDEPS           |  4.6087e-01 |  3.0000e-01 |  1.6087e-01 |    5.3622e-01 |        5.3622e-01 |
| RVICE             |  1.4831e-01 |  1.3000e-01 |  1.8312e-02 |    1.4086e-01 |        1.4086e-01 |
| RLCRITSNOW        |  2.1901e-05 |  2.0000e-05 |  1.9012e-06 |    9.5060e-02 |        9.5060e-02 |
| RSNOWLIN2         |  1.4192e-02 |  3.0000e-02 | -1.5808e-02 |   -5.2694e-01 |       -5.2694e-01 |
| RCLDIFF           |  4.6532e-06 |  6.0000e-06 | -1.3468e-06 |   -2.2446e-01 |       -2.2446e-01 |
| RCLDIFF_CONVI     |  4.1087e+00 |  1.0000e+01 | -5.8913e+00 |   -5.8913e-01 |       -5.8913e-01 |
| RDEPLIQREFRATE    |  4.5890e-01 |  5.0000e-01 | -4.1103e-02 |   -8.2206e-02 |       -8.2206e-02 |
| RDEPLIQREFDEPTH   |  3.8340e+02 |  5.0000e+02 | -1.1660e+02 |   -2.3320e-01 |       -2.3320e-01 |
| RCL_OVERLAPLIQICE |  4.1355e-01 |  6.5000e-01 | -2.3645e-01 |   -3.6377e-01 |       -3.6377e-01 |
| RCL_INHOMOGAUT    |  1.0493e+00 |  1.5000e+00 | -4.5070e-01 |   -3.0047e-01 |       -3.0047e-01 |
| RCL_INHOMOGACC    |  3.0666e+00 |  3.0000e+00 |  6.6629e-02 |    2.2210e-02 |        2.2210e-02 |
| RMINICE           |  7.5018e+01 |  6.0000e+01 |  1.5018e+01 |    2.5031e-01 |        2.5031e-01 |
2026-04-27 09:30:02 | ectuner |     INFO -> Diagnostic maps saved to ../results/tuned_2d_LR/ntoa_rsnt_rlnt/tol_alfa_099/diagnostics_2d_phis_Global_a099.nc
Copia del file YAML inviata a ../results/tuned_2d_LR/ntoa_rsnt_rlnt/tol_yaml_files
