2026-04-27 09:28:38 | ectuner |     INFO -> Loading 2D Data (Sensitivity, Reference, Base)...
   > Loading reference for net_toa from: climate_average_net_toa_CERES EBAF_r180x90_2000-2024.nc
   > Loading reference for rlnt from: climate_average_rlnt_CERES EBAF_r180x90_2000-2024.nc
   > Flipping sign for rlnt (Obs is UP, Model is DOWN)
   > Loading reference for rsnt from: climate_average_rsnt_CERES EBAF_r180x90_2000-2024.nc
--- Loading cached base maps for phis ---
2026-04-27 09:28:39 | ectuner |     INFO -> Generating spatial weights (Area * Region)...
2026-04-27 09:28:39 | ectuner |     INFO -> Variable net_toa: Initial Spatial RMSE (Weighted) = 11.3965
2026-04-27 09:28:39 | ectuner |     INFO -> Variable rlnt: Initial Spatial RMSE (Weighted) = 11.5226
2026-04-27 09:28:39 | ectuner |     INFO -> Variable rsnt: Initial Spatial RMSE (Weighted) = 10.4479
2026-04-27 09:28:39 | ectuner |     INFO -> Flattening data for fast optimization...
2026-04-27 09:28:39 | ectuner |     INFO -> DEBUG: Global Bias for net_toa in optimizer: 5.6259
2026-04-27 09:28:39 | ectuner |     INFO -> DEBUG: Global Bias for rlnt in optimizer: 6.9311
2026-04-27 09:28:39 | ectuner |     INFO -> DEBUG: Global Bias for rsnt in optimizer: -1.3053
2026-04-27 09:28:39 | ectuner |     INFO -> Starting 2D Optimization (dual_annealing)...
2026-04-27 09:30:16 | ectuner |     INFO -> 
==================== GLOBAL MEAN & ZONAL SUMMARY FROM 2D OPTIMIZATION ====================
2026-04-27 09:30:16 | ectuner |     INFO -> Variable     | Metric       |            Initial ->              Final | Status
2026-04-27 09:30:16 | ectuner |     INFO -> ------------------------------------------------------------------------------------------
2026-04-27 09:30:16 | ectuner |     INFO -> net_toa      | Global Bias |             5.6259 ->            -0.0000 | IMPROVED
2026-04-27 09:30:16 | ectuner |     INFO ->              | Spatial RMSE  |            11.3965 ->            10.6147 | IMPROVED
2026-04-27 09:30:16 | ectuner |     INFO -> ------------------------------------------------------------------------------------------
2026-04-27 09:30:16 | ectuner |     INFO -> rlnt         | Global Bias |             6.9311 ->            -0.0000 | IMPROVED
2026-04-27 09:30:16 | ectuner |     INFO ->              | Spatial RMSE  |            11.5226 ->            10.3872 | IMPROVED
2026-04-27 09:30:16 | ectuner |     INFO -> ------------------------------------------------------------------------------------------
2026-04-27 09:30:16 | ectuner |     INFO -> rsnt         | Global Bias |            -1.3053 ->            -0.0000 | IMPROVED
2026-04-27 09:30:16 | ectuner |     INFO ->              | Spatial RMSE  |            10.4479 ->            11.4873 | WORSENED
2026-04-27 09:30:16 | ectuner |     INFO -> ------------------------------------------------------------------------------------------
2026-04-27 09:30:16 | ectuner |     INFO -> Structured tuning YAML written to ../results/tuned_2d_LR/ntoa_rsnt_rlnt/tol_alfa_080/tuned_phis_a080.yml

| Parameter         |   New Value |   Old Value |      Change |   Rel. Change |   Dist. from Ref. |
|-------------------+-------------+-------------+-------------+---------------+-------------------|
| RPRCON            |  1.8906e-03 |  1.4000e-03 |  4.9056e-04 |    3.5040e-01 |        3.5040e-01 |
| ENTRORG           |  1.9781e-03 |  1.7500e-03 |  2.2810e-04 |    1.3034e-01 |        1.3034e-01 |
| DETRPEN           |  7.5757e-05 |  7.5000e-05 |  7.5668e-07 |    1.0089e-02 |        1.0089e-02 |
| ENTRDD            |  3.5134e-04 |  3.0000e-04 |  5.1342e-05 |    1.7114e-01 |        1.7114e-01 |
| RMFDEPS           |  3.8902e-01 |  3.0000e-01 |  8.9021e-02 |    2.9674e-01 |        2.9674e-01 |
| RVICE             |  1.9041e-01 |  1.3000e-01 |  6.0406e-02 |    4.6466e-01 |        4.6466e-01 |
| RLCRITSNOW        |  1.6338e-05 |  2.0000e-05 | -3.6620e-06 |   -1.8310e-01 |       -1.8310e-01 |
| RSNOWLIN2         |  1.6219e-02 |  3.0000e-02 | -1.3781e-02 |   -4.5937e-01 |       -4.5937e-01 |
| RCLDIFF           |  5.2059e-06 |  6.0000e-06 | -7.9405e-07 |   -1.3234e-01 |       -1.3234e-01 |
| RCLDIFF_CONVI     |  9.2021e+00 |  1.0000e+01 | -7.9789e-01 |   -7.9789e-02 |       -7.9789e-02 |
| RDEPLIQREFRATE    |  5.6908e-01 |  5.0000e-01 |  6.9077e-02 |    1.3815e-01 |        1.3815e-01 |
| RDEPLIQREFDEPTH   |  4.1036e+02 |  5.0000e+02 | -8.9638e+01 |   -1.7928e-01 |       -1.7928e-01 |
| RCL_OVERLAPLIQICE |  4.6188e-01 |  6.5000e-01 | -1.8812e-01 |   -2.8942e-01 |       -2.8942e-01 |
| RCL_INHOMOGAUT    |  1.1009e+00 |  1.5000e+00 | -3.9914e-01 |   -2.6609e-01 |       -2.6609e-01 |
| RCL_INHOMOGACC    |  1.9440e+00 |  3.0000e+00 | -1.0560e+00 |   -3.5200e-01 |       -3.5200e-01 |
| RMINICE           |  6.0122e+01 |  6.0000e+01 |  1.2173e-01 |    2.0288e-03 |        2.0288e-03 |
2026-04-27 09:30:16 | ectuner |     INFO -> Diagnostic maps saved to ../results/tuned_2d_LR/ntoa_rsnt_rlnt/tol_alfa_080/diagnostics_2d_phis_Global_a08.nc
Copia del file YAML inviata a ../results/tuned_2d_LR/ntoa_rsnt_rlnt/tol_yaml_files
