2026-04-27 09:28:39 | ectuner |     INFO -> Loading 2D Data (Sensitivity, Reference, Base)...
   > Loading reference for net_toa from: climate_average_net_toa_CERES EBAF_r180x90_2000-2024.nc
   > Loading reference for rlnt from: climate_average_rlnt_CERES EBAF_r180x90_2000-2024.nc
   > Flipping sign for rlnt (Obs is UP, Model is DOWN)
   > Loading reference for rsnt from: climate_average_rsnt_CERES EBAF_r180x90_2000-2024.nc
--- Loading cached base maps for phis ---
2026-04-27 09:28:39 | ectuner |     INFO -> Generating spatial weights (Area * Region)...
2026-04-27 09:28:39 | ectuner |     INFO -> Variable net_toa: Initial Spatial RMSE (Weighted) = 11.3965
2026-04-27 09:28:39 | ectuner |     INFO -> Variable rlnt: Initial Spatial RMSE (Weighted) = 11.5226
2026-04-27 09:28:39 | ectuner |     INFO -> Variable rsnt: Initial Spatial RMSE (Weighted) = 10.4479
2026-04-27 09:28:39 | ectuner |     INFO -> Flattening data for fast optimization...
2026-04-27 09:28:40 | ectuner |     INFO -> DEBUG: Global Bias for net_toa in optimizer: 5.6259
2026-04-27 09:28:40 | ectuner |     INFO -> DEBUG: Global Bias for rlnt in optimizer: 6.9311
2026-04-27 09:28:40 | ectuner |     INFO -> DEBUG: Global Bias for rsnt in optimizer: -1.3053
2026-04-27 09:28:40 | ectuner |     INFO -> Starting 2D Optimization (dual_annealing)...
2026-04-27 09:30:26 | ectuner |     INFO -> 
==================== GLOBAL MEAN & ZONAL SUMMARY FROM 2D OPTIMIZATION ====================
2026-04-27 09:30:26 | ectuner |     INFO -> Variable     | Metric       |            Initial ->              Final | Status
2026-04-27 09:30:26 | ectuner |     INFO -> ------------------------------------------------------------------------------------------
2026-04-27 09:30:26 | ectuner |     INFO -> net_toa      | Global Bias |             5.6259 ->             0.0000 | IMPROVED
2026-04-27 09:30:26 | ectuner |     INFO ->              | Spatial RMSE  |            11.3965 ->            10.7688 | IMPROVED
2026-04-27 09:30:26 | ectuner |     INFO -> ------------------------------------------------------------------------------------------
2026-04-27 09:30:26 | ectuner |     INFO -> rlnt         | Global Bias |             6.9311 ->            -0.0000 | IMPROVED
2026-04-27 09:30:26 | ectuner |     INFO ->              | Spatial RMSE  |            11.5226 ->            10.2123 | IMPROVED
2026-04-27 09:30:26 | ectuner |     INFO -> ------------------------------------------------------------------------------------------
2026-04-27 09:30:26 | ectuner |     INFO -> rsnt         | Global Bias |            -1.3053 ->            -0.0000 | IMPROVED
2026-04-27 09:30:26 | ectuner |     INFO ->              | Spatial RMSE  |            10.4479 ->            12.0574 | WORSENED
2026-04-27 09:30:26 | ectuner |     INFO -> ------------------------------------------------------------------------------------------
2026-04-27 09:30:26 | ectuner |     INFO -> Structured tuning YAML written to ../results/tuned_2d_LR/ntoa_rsnt_rlnt/tol_alfa_100/tuned_phis_a100.yml

| Parameter         |   New Value |   Old Value |      Change |   Rel. Change |   Dist. from Ref. |
|-------------------+-------------+-------------+-------------+---------------+-------------------|
| RPRCON            |  1.2059e-03 |  1.4000e-03 | -1.9409e-04 |   -1.3863e-01 |       -1.3863e-01 |
| ENTRORG           |  1.9442e-03 |  1.7500e-03 |  1.9418e-04 |    1.1096e-01 |        1.1096e-01 |
| DETRPEN           |  3.3954e-05 |  7.5000e-05 | -4.1046e-05 |   -5.4729e-01 |       -5.4729e-01 |
| ENTRDD            |  1.3441e-04 |  3.0000e-04 | -1.6559e-04 |   -5.5197e-01 |       -5.5197e-01 |
| RMFDEPS           |  3.3224e-01 |  3.0000e-01 |  3.2239e-02 |    1.0746e-01 |        1.0746e-01 |
| RVICE             |  1.9950e-01 |  1.3000e-01 |  6.9498e-02 |    5.3460e-01 |        5.3460e-01 |
| RLCRITSNOW        |  8.6335e-06 |  2.0000e-05 | -1.1367e-05 |   -5.6833e-01 |       -5.6833e-01 |
| RSNOWLIN2         |  1.2743e-02 |  3.0000e-02 | -1.7257e-02 |   -5.7522e-01 |       -5.7522e-01 |
| RCLDIFF           |  6.6207e-06 |  6.0000e-06 |  6.2073e-07 |    1.0346e-01 |        1.0346e-01 |
| RCLDIFF_CONVI     |  1.5852e+01 |  1.0000e+01 |  5.8516e+00 |    5.8516e-01 |        5.8516e-01 |
| RDEPLIQREFRATE    |  2.4880e-01 |  5.0000e-01 | -2.5120e-01 |   -5.0240e-01 |       -5.0240e-01 |
| RDEPLIQREFDEPTH   |  7.7046e+02 |  5.0000e+02 |  2.7046e+02 |    5.4091e-01 |        5.4091e-01 |
| RCL_OVERLAPLIQICE |  9.0926e-01 |  6.5000e-01 |  2.5926e-01 |    3.9886e-01 |        3.9886e-01 |
| RCL_INHOMOGAUT    |  1.1335e+00 |  1.5000e+00 | -3.6649e-01 |   -2.4433e-01 |       -2.4433e-01 |
| RCL_INHOMOGACC    |  1.7843e+00 |  3.0000e+00 | -1.2157e+00 |   -4.0524e-01 |       -4.0524e-01 |
| RMINICE           |  7.8019e+01 |  6.0000e+01 |  1.8019e+01 |    3.0031e-01 |        3.0031e-01 |
2026-04-27 09:30:26 | ectuner |     INFO -> Diagnostic maps saved to ../results/tuned_2d_LR/ntoa_rsnt_rlnt/tol_alfa_100/diagnostics_2d_phis_Global_a10.nc
Copia del file YAML inviata a ../results/tuned_2d_LR/ntoa_rsnt_rlnt/tol_yaml_files
