2026-04-27 09:21:32 | ectuner |     INFO -> Loading 2D Data (Sensitivity, Reference, Base)...
   > Loading reference for net_toa from: climate_average_net_toa_CERES EBAF_r180x90_2000-2024.nc
   > Loading reference for rlnt from: climate_average_rlnt_CERES EBAF_r180x90_2000-2024.nc
   > Flipping sign for rlnt (Obs is UP, Model is DOWN)
   > Loading reference for rsnt from: climate_average_rsnt_CERES EBAF_r180x90_2000-2024.nc
--- Cache not found. Extracting 2D maps for phis (this may take a while...) ---
   > Processing net_toa...
   > Processing rlnt...
   > Processing rsnt...
--- Cache saved: /ec/res4/hpcperm/ecme3038/ecearth/ecearth4/ECtuner/mari/ectuner/ecmean/maps_lres/base_2d_phis_2000_2017.nc ---
2026-04-27 09:21:44 | ectuner |     INFO -> Generating spatial weights (Area * Region)...
2026-04-27 09:21:44 | ectuner |     INFO -> Variable net_toa: Initial Spatial RMSE (Weighted) = 11.3965
2026-04-27 09:21:44 | ectuner |     INFO -> Variable rlnt: Initial Spatial RMSE (Weighted) = 11.5226
2026-04-27 09:21:44 | ectuner |     INFO -> Variable rsnt: Initial Spatial RMSE (Weighted) = 10.4479
2026-04-27 09:21:44 | ectuner |     INFO -> Flattening data for fast optimization...
2026-04-27 09:21:44 | ectuner |     INFO -> DEBUG: Global Bias for net_toa in optimizer: 5.6259
2026-04-27 09:21:44 | ectuner |     INFO -> DEBUG: Global Bias for rlnt in optimizer: 6.9311
2026-04-27 09:21:44 | ectuner |     INFO -> DEBUG: Global Bias for rsnt in optimizer: -1.3053
2026-04-27 09:21:44 | ectuner |     INFO -> Starting 2D Optimization (dual_annealing)...
2026-04-27 09:26:55 | ectuner |     INFO -> 
==================== GLOBAL MEAN & ZONAL SUMMARY FROM 2D OPTIMIZATION ====================
2026-04-27 09:26:55 | ectuner |     INFO -> Variable     | Metric       |            Initial ->              Final | Status
2026-04-27 09:26:55 | ectuner |     INFO -> ------------------------------------------------------------------------------------------
2026-04-27 09:26:55 | ectuner |     INFO -> net_toa      | Global Bias |             5.6259 ->             2.4989 | IMPROVED
2026-04-27 09:26:55 | ectuner |     INFO ->              | Spatial RMSE  |            11.3965 ->             9.4247 | IMPROVED
2026-04-27 09:26:55 | ectuner |     INFO -> ------------------------------------------------------------------------------------------
2026-04-27 09:26:55 | ectuner |     INFO -> rlnt         | Global Bias |             6.9311 ->             2.4592 | IMPROVED
2026-04-27 09:26:55 | ectuner |     INFO ->              | Spatial RMSE  |            11.5226 ->             8.4243 | IMPROVED
2026-04-27 09:26:55 | ectuner |     INFO -> ------------------------------------------------------------------------------------------
2026-04-27 09:26:55 | ectuner |     INFO -> rsnt         | Global Bias |            -1.3053 ->             0.0397 | IMPROVED
2026-04-27 09:26:55 | ectuner |     INFO ->              | Spatial RMSE  |            10.4479 ->            10.4440 | IMPROVED
2026-04-27 09:26:55 | ectuner |     INFO -> ------------------------------------------------------------------------------------------
2026-04-27 09:26:55 | ectuner |     INFO -> Structured tuning YAML written to ../results/tuned_2d_LR/ntoa_rsnt_rlnt/tol_alfa_000/tuned_phis_a000.yml

| Parameter         |   New Value |   Old Value |      Change |   Rel. Change |   Dist. from Ref. |
|-------------------+-------------+-------------+-------------+---------------+-------------------|
| RPRCON            |  1.0533e-03 |  1.4000e-03 | -3.4667e-04 |   -2.4762e-01 |       -2.4762e-01 |
| ENTRORG           |  1.3122e-03 |  1.7500e-03 | -4.3779e-04 |   -2.5017e-01 |       -2.5017e-01 |
| DETRPEN           |  1.1987e-04 |  7.5000e-05 |  4.4874e-05 |    5.9832e-01 |        5.9832e-01 |
| ENTRDD            |  2.3370e-04 |  3.0000e-04 | -6.6296e-05 |   -2.2099e-01 |       -2.2099e-01 |
| RMFDEPS           |  3.9629e-01 |  3.0000e-01 |  9.6293e-02 |    3.2098e-01 |        3.2098e-01 |
| RVICE             |  2.0799e-01 |  1.3000e-01 |  7.7993e-02 |    5.9994e-01 |        5.9994e-01 |
| RLCRITSNOW        |  1.2753e-05 |  2.0000e-05 | -7.2467e-06 |   -3.6234e-01 |       -3.6234e-01 |
| RSNOWLIN2         |  1.2069e-02 |  3.0000e-02 | -1.7931e-02 |   -5.9770e-01 |       -5.9770e-01 |
| RCLDIFF           |  3.6419e-06 |  6.0000e-06 | -2.3581e-06 |   -3.9302e-01 |       -3.9302e-01 |
| RCLDIFF_CONVI     |  1.0346e+01 |  1.0000e+01 |  3.4610e-01 |    3.4610e-02 |        3.4610e-02 |
| RDEPLIQREFRATE    |  7.0394e-01 |  5.0000e-01 |  2.0394e-01 |    4.0789e-01 |        4.0789e-01 |
| RDEPLIQREFDEPTH   |  5.0876e+02 |  5.0000e+02 |  8.7562e+00 |    1.7512e-02 |        1.7512e-02 |
| RCL_OVERLAPLIQICE |  5.2526e-01 |  6.5000e-01 | -1.2474e-01 |   -1.9191e-01 |       -1.9191e-01 |
| RCL_INHOMOGAUT    |  1.5236e+00 |  1.5000e+00 |  2.3601e-02 |    1.5734e-02 |        1.5734e-02 |
| RCL_INHOMOGACC    |  2.3658e+00 |  3.0000e+00 | -6.3421e-01 |   -2.1140e-01 |       -2.1140e-01 |
| RMINICE           |  7.6065e+01 |  6.0000e+01 |  1.6065e+01 |    2.6776e-01 |        2.6776e-01 |
2026-04-27 09:26:55 | ectuner |     INFO -> Diagnostic maps saved to ../results/tuned_2d_LR/ntoa_rsnt_rlnt/tol_alfa_000/diagnostics_2d_phis_Global_a00.nc
Copia del file YAML inviata a ../results/tuned_2d_LR/ntoa_rsnt_rlnt/tol_yaml_files
