2026-04-27 08:15:14 | ectuner |     INFO -> Loading 2D Data (Sensitivity, Reference, Base)...
   > Loading reference for net_toa from: climate_average_net_toa_CERES EBAF_r180x90_2000-2024.nc
   > Loading reference for rlnt from: climate_average_rlnt_CERES EBAF_r180x90_2000-2024.nc
   > Flipping sign for rlnt (Obs is UP, Model is DOWN)
--- Loading cached base maps for phis ---
2026-04-27 08:15:15 | ectuner |     INFO -> Generating spatial weights (Area * Region)...
2026-04-27 08:15:15 | ectuner |     INFO -> Variable net_toa: Initial Spatial RMSE (Weighted) = 11.3247
2026-04-27 08:15:15 | ectuner |     INFO -> Variable rlnt: Initial Spatial RMSE (Weighted) = 11.5415
2026-04-27 08:15:15 | ectuner |     INFO -> Flattening data for fast optimization...
2026-04-27 08:15:16 | ectuner |     INFO -> DEBUG: Global Bias for net_toa in optimizer: 4.6463
2026-04-27 08:15:16 | ectuner |     INFO -> DEBUG: Global Bias for rlnt in optimizer: 5.9022
2026-04-27 08:15:16 | ectuner |     INFO -> Starting 2D Optimization (dual_annealing)...
2026-04-27 08:16:18 | ectuner |     INFO -> 
==================== GLOBAL MEAN & ZONAL SUMMARY FROM 2D OPTIMIZATION ====================
2026-04-27 08:16:18 | ectuner |     INFO -> Variable     | Metric       |            Initial ->              Final | Status
2026-04-27 08:16:18 | ectuner |     INFO -> ------------------------------------------------------------------------------------------
2026-04-27 08:16:18 | ectuner |     INFO -> net_toa      | Global Bias |             4.6463 ->            -0.0000 | IMPROVED
2026-04-27 08:16:18 | ectuner |     INFO ->              | Spatial RMSE  |            11.3247 ->            12.0209 | WORSENED
2026-04-27 08:16:18 | ectuner |     INFO -> ------------------------------------------------------------------------------------------
2026-04-27 08:16:18 | ectuner |     INFO -> rlnt         | Global Bias |             5.9022 ->             0.0000 | IMPROVED
2026-04-27 08:16:18 | ectuner |     INFO ->              | Spatial RMSE  |            11.5415 ->            11.5981 | WORSENED
2026-04-27 08:16:18 | ectuner |     INFO -> ------------------------------------------------------------------------------------------
2026-04-27 08:16:18 | ectuner |     INFO -> Structured tuning YAML written to ../results/tuned_2d_LR/trop_rlnt/tol_alfa_099/tuned_phis_a099.yml

| Parameter         |   New Value |   Old Value |      Change |   Rel. Change |   Dist. from Ref. |
|-------------------+-------------+-------------+-------------+---------------+-------------------|
| RPRCON            |  1.3515e-03 |  1.4000e-03 | -4.8530e-05 |   -3.4664e-02 |       -3.4664e-02 |
| ENTRORG           |  2.3959e-03 |  1.7500e-03 |  6.4594e-04 |    3.6911e-01 |        3.6911e-01 |
| DETRPEN           |  9.2217e-05 |  7.5000e-05 |  1.7217e-05 |    2.2956e-01 |        2.2956e-01 |
| ENTRDD            |  3.8919e-04 |  3.0000e-04 |  8.9194e-05 |    2.9731e-01 |        2.9731e-01 |
| RMFDEPS           |  1.7810e-01 |  3.0000e-01 | -1.2190e-01 |   -4.0632e-01 |       -4.0632e-01 |
| RVICE             |  1.7562e-01 |  1.3000e-01 |  4.5624e-02 |    3.5095e-01 |        3.5095e-01 |
| RLCRITSNOW        |  2.5231e-05 |  2.0000e-05 |  5.2311e-06 |    2.6156e-01 |        2.6156e-01 |
| RSNOWLIN2         |  1.6814e-02 |  3.0000e-02 | -1.3186e-02 |   -4.3953e-01 |       -4.3953e-01 |
| RCLDIFF           |  8.7049e-06 |  6.0000e-06 |  2.7049e-06 |    4.5081e-01 |        4.5081e-01 |
| RCLDIFF_CONVI     |  5.5165e+00 |  1.0000e+01 | -4.4835e+00 |   -4.4835e-01 |       -4.4835e-01 |
| RDEPLIQREFRATE    |  5.1701e-01 |  5.0000e-01 |  1.7009e-02 |    3.4018e-02 |        3.4018e-02 |
| RDEPLIQREFDEPTH   |  5.7706e+02 |  5.0000e+02 |  7.7057e+01 |    1.5411e-01 |        1.5411e-01 |
| RCL_OVERLAPLIQICE |  1.0390e+00 |  6.5000e-01 |  3.8897e-01 |    5.9842e-01 |        5.9842e-01 |
| RCL_INHOMOGAUT    |  1.7970e+00 |  1.5000e+00 |  2.9702e-01 |    1.9802e-01 |        1.9802e-01 |
| RCL_INHOMOGACC    |  2.2946e+00 |  3.0000e+00 | -7.0536e-01 |   -2.3512e-01 |       -2.3512e-01 |
| RMINICE           |  7.2898e+01 |  6.0000e+01 |  1.2898e+01 |    2.1497e-01 |        2.1497e-01 |
2026-04-27 08:16:18 | ectuner |     INFO -> Diagnostic maps saved to ../results/tuned_2d_LR/trop_rlnt/tol_alfa_099/diagnostics_2d_phis_Global-Tropical_a099.nc
Copia del file YAML inviata a ../results/tuned_2d_LR/trop_rlnt/tol_yaml_files
