2026-04-27 08:15:15 | ectuner |     INFO -> Loading 2D Data (Sensitivity, Reference, Base)...
   > Loading reference for net_toa from: climate_average_net_toa_CERES EBAF_r180x90_2000-2024.nc
   > Loading reference for rlnt from: climate_average_rlnt_CERES EBAF_r180x90_2000-2024.nc
   > Flipping sign for rlnt (Obs is UP, Model is DOWN)
--- Loading cached base maps for phis ---
2026-04-27 08:15:16 | ectuner |     INFO -> Generating spatial weights (Area * Region)...
2026-04-27 08:15:16 | ectuner |     INFO -> Variable net_toa: Initial Spatial RMSE (Weighted) = 11.3247
2026-04-27 08:15:16 | ectuner |     INFO -> Variable rlnt: Initial Spatial RMSE (Weighted) = 11.5415
2026-04-27 08:15:16 | ectuner |     INFO -> Flattening data for fast optimization...
2026-04-27 08:15:16 | ectuner |     INFO -> DEBUG: Global Bias for net_toa in optimizer: 4.6463
2026-04-27 08:15:16 | ectuner |     INFO -> DEBUG: Global Bias for rlnt in optimizer: 5.9022
2026-04-27 08:15:16 | ectuner |     INFO -> Starting 2D Optimization (dual_annealing)...
2026-04-27 08:16:15 | ectuner |     INFO -> 
==================== GLOBAL MEAN & ZONAL SUMMARY FROM 2D OPTIMIZATION ====================
2026-04-27 08:16:15 | ectuner |     INFO -> Variable     | Metric       |            Initial ->              Final | Status
2026-04-27 08:16:15 | ectuner |     INFO -> ------------------------------------------------------------------------------------------
2026-04-27 08:16:15 | ectuner |     INFO -> net_toa      | Global Bias |             4.6463 ->            -0.0000 | IMPROVED
2026-04-27 08:16:15 | ectuner |     INFO ->              | Spatial RMSE  |            11.3247 ->            10.2739 | IMPROVED
2026-04-27 08:16:15 | ectuner |     INFO -> ------------------------------------------------------------------------------------------
2026-04-27 08:16:15 | ectuner |     INFO -> rlnt         | Global Bias |             5.9022 ->             0.0000 | IMPROVED
2026-04-27 08:16:15 | ectuner |     INFO ->              | Spatial RMSE  |            11.5415 ->             9.6785 | IMPROVED
2026-04-27 08:16:15 | ectuner |     INFO -> ------------------------------------------------------------------------------------------
2026-04-27 08:16:15 | ectuner |     INFO -> Structured tuning YAML written to ../results/tuned_2d_LR/trop_rlnt/tol_alfa_080/tuned_phis_a080.yml

| Parameter         |   New Value |   Old Value |      Change |   Rel. Change |   Dist. from Ref. |
|-------------------+-------------+-------------+-------------+---------------+-------------------|
| RPRCON            |  1.7566e-03 |  1.4000e-03 |  3.5658e-04 |    2.5470e-01 |        2.5470e-01 |
| ENTRORG           |  1.7888e-03 |  1.7500e-03 |  3.8805e-05 |    2.2174e-02 |        2.2174e-02 |
| DETRPEN           |  9.9905e-05 |  7.5000e-05 |  2.4905e-05 |    3.3207e-01 |        3.3207e-01 |
| ENTRDD            |  2.2025e-04 |  3.0000e-04 | -7.9748e-05 |   -2.6583e-01 |       -2.6583e-01 |
| RMFDEPS           |  3.8749e-01 |  3.0000e-01 |  8.7487e-02 |    2.9162e-01 |        2.9162e-01 |
| RVICE             |  1.6851e-01 |  1.3000e-01 |  3.8509e-02 |    2.9622e-01 |        2.9622e-01 |
| RLCRITSNOW        |  1.7154e-05 |  2.0000e-05 | -2.8465e-06 |   -1.4232e-01 |       -1.4232e-01 |
| RSNOWLIN2         |  2.2281e-02 |  3.0000e-02 | -7.7191e-03 |   -2.5730e-01 |       -2.5730e-01 |
| RCLDIFF           |  5.7690e-06 |  6.0000e-06 | -2.3099e-07 |   -3.8498e-02 |       -3.8498e-02 |
| RCLDIFF_CONVI     |  4.9891e+00 |  1.0000e+01 | -5.0109e+00 |   -5.0109e-01 |       -5.0109e-01 |
| RDEPLIQREFRATE    |  6.8987e-01 |  5.0000e-01 |  1.8987e-01 |    3.7975e-01 |        3.7975e-01 |
| RDEPLIQREFDEPTH   |  3.3519e+02 |  5.0000e+02 | -1.6481e+02 |   -3.2963e-01 |       -3.2963e-01 |
| RCL_OVERLAPLIQICE |  5.6952e-01 |  6.5000e-01 | -8.0483e-02 |   -1.2382e-01 |       -1.2382e-01 |
| RCL_INHOMOGAUT    |  7.9019e-01 |  1.5000e+00 | -7.0981e-01 |   -4.7321e-01 |       -4.7321e-01 |
| RCL_INHOMOGACC    |  2.3955e+00 |  3.0000e+00 | -6.0451e-01 |   -2.0150e-01 |       -2.0150e-01 |
| RMINICE           |  7.4777e+01 |  6.0000e+01 |  1.4777e+01 |    2.4629e-01 |        2.4629e-01 |
2026-04-27 08:16:15 | ectuner |     INFO -> Diagnostic maps saved to ../results/tuned_2d_LR/trop_rlnt/tol_alfa_080/diagnostics_2d_phis_Global-Tropical_a08.nc
Copia del file YAML inviata a ../results/tuned_2d_LR/trop_rlnt/tol_yaml_files
