2026-04-27 08:15:16 | ectuner |     INFO -> Loading 2D Data (Sensitivity, Reference, Base)...
   > Loading reference for net_toa from: climate_average_net_toa_CERES EBAF_r180x90_2000-2024.nc
   > Loading reference for rlnt from: climate_average_rlnt_CERES EBAF_r180x90_2000-2024.nc
   > Flipping sign for rlnt (Obs is UP, Model is DOWN)
--- Loading cached base maps for phis ---
2026-04-27 08:15:17 | ectuner |     INFO -> Generating spatial weights (Area * Region)...
2026-04-27 08:15:17 | ectuner |     INFO -> Variable net_toa: Initial Spatial RMSE (Weighted) = 11.3247
2026-04-27 08:15:17 | ectuner |     INFO -> Variable rlnt: Initial Spatial RMSE (Weighted) = 11.5415
2026-04-27 08:15:17 | ectuner |     INFO -> Flattening data for fast optimization...
2026-04-27 08:15:17 | ectuner |     INFO -> DEBUG: Global Bias for net_toa in optimizer: 4.6463
2026-04-27 08:15:17 | ectuner |     INFO -> DEBUG: Global Bias for rlnt in optimizer: 5.9022
2026-04-27 08:15:17 | ectuner |     INFO -> Starting 2D Optimization (dual_annealing)...
2026-04-27 08:16:15 | ectuner |     INFO -> 
==================== GLOBAL MEAN & ZONAL SUMMARY FROM 2D OPTIMIZATION ====================
2026-04-27 08:16:15 | ectuner |     INFO -> Variable     | Metric       |            Initial ->              Final | Status
2026-04-27 08:16:15 | ectuner |     INFO -> ------------------------------------------------------------------------------------------
2026-04-27 08:16:15 | ectuner |     INFO -> net_toa      | Global Bias |             4.6463 ->            -0.0000 | IMPROVED
2026-04-27 08:16:15 | ectuner |     INFO ->              | Spatial RMSE  |            11.3247 ->            10.7584 | IMPROVED
2026-04-27 08:16:15 | ectuner |     INFO -> ------------------------------------------------------------------------------------------
2026-04-27 08:16:15 | ectuner |     INFO -> rlnt         | Global Bias |             5.9022 ->            -0.0000 | IMPROVED
2026-04-27 08:16:15 | ectuner |     INFO ->              | Spatial RMSE  |            11.5415 ->             9.6407 | IMPROVED
2026-04-27 08:16:15 | ectuner |     INFO -> ------------------------------------------------------------------------------------------
2026-04-27 08:16:15 | ectuner |     INFO -> Structured tuning YAML written to ../results/tuned_2d_LR/trop_rlnt/tol_alfa_090/tuned_phis_a090.yml

| Parameter         |   New Value |   Old Value |      Change |   Rel. Change |   Dist. from Ref. |
|-------------------+-------------+-------------+-------------+---------------+-------------------|
| RPRCON            |  1.4109e-03 |  1.4000e-03 |  1.0933e-05 |    7.8094e-03 |        7.8094e-03 |
| ENTRORG           |  2.0422e-03 |  1.7500e-03 |  2.9219e-04 |    1.6697e-01 |        1.6697e-01 |
| DETRPEN           |  1.0850e-04 |  7.5000e-05 |  3.3502e-05 |    4.4670e-01 |        4.4670e-01 |
| ENTRDD            |  1.7601e-04 |  3.0000e-04 | -1.2399e-04 |   -4.1330e-01 |       -4.1330e-01 |
| RMFDEPS           |  2.9403e-01 |  3.0000e-01 | -5.9735e-03 |   -1.9912e-02 |       -1.9912e-02 |
| RVICE             |  1.8203e-01 |  1.3000e-01 |  5.2026e-02 |    4.0020e-01 |        4.0020e-01 |
| RLCRITSNOW        |  1.7890e-05 |  2.0000e-05 | -2.1097e-06 |   -1.0549e-01 |       -1.0549e-01 |
| RSNOWLIN2         |  1.7692e-02 |  3.0000e-02 | -1.2308e-02 |   -4.1026e-01 |       -4.1026e-01 |
| RCLDIFF           |  2.4094e-06 |  6.0000e-06 | -3.5906e-06 |   -5.9843e-01 |       -5.9843e-01 |
| RCLDIFF_CONVI     |  9.2828e+00 |  1.0000e+01 | -7.1717e-01 |   -7.1717e-02 |       -7.1717e-02 |
| RDEPLIQREFRATE    |  7.4001e-01 |  5.0000e-01 |  2.4001e-01 |    4.8002e-01 |        4.8002e-01 |
| RDEPLIQREFDEPTH   |  3.4312e+02 |  5.0000e+02 | -1.5688e+02 |   -3.1377e-01 |       -3.1377e-01 |
| RCL_OVERLAPLIQICE |  1.0173e+00 |  6.5000e-01 |  3.6734e-01 |    5.6514e-01 |        5.6514e-01 |
| RCL_INHOMOGAUT    |  1.6016e+00 |  1.5000e+00 |  1.0160e-01 |    6.7732e-02 |        6.7732e-02 |
| RCL_INHOMOGACC    |  2.9164e+00 |  3.0000e+00 | -8.3561e-02 |   -2.7854e-02 |       -2.7854e-02 |
| RMINICE           |  7.6467e+01 |  6.0000e+01 |  1.6467e+01 |    2.7446e-01 |        2.7446e-01 |
2026-04-27 08:16:15 | ectuner |     INFO -> Diagnostic maps saved to ../results/tuned_2d_LR/trop_rlnt/tol_alfa_090/diagnostics_2d_phis_Global-Tropical_a09.nc
Copia del file YAML inviata a ../results/tuned_2d_LR/trop_rlnt/tol_yaml_files
