2026-04-27 08:15:16 | ectuner |     INFO -> Loading 2D Data (Sensitivity, Reference, Base)...
   > Loading reference for net_toa from: climate_average_net_toa_CERES EBAF_r180x90_2000-2024.nc
   > Loading reference for rlnt from: climate_average_rlnt_CERES EBAF_r180x90_2000-2024.nc
   > Flipping sign for rlnt (Obs is UP, Model is DOWN)
--- Loading cached base maps for phis ---
2026-04-27 08:15:17 | ectuner |     INFO -> Generating spatial weights (Area * Region)...
2026-04-27 08:15:17 | ectuner |     INFO -> Variable net_toa: Initial Spatial RMSE (Weighted) = 11.3247
2026-04-27 08:15:17 | ectuner |     INFO -> Variable rlnt: Initial Spatial RMSE (Weighted) = 11.5415
2026-04-27 08:15:17 | ectuner |     INFO -> Flattening data for fast optimization...
2026-04-27 08:15:17 | ectuner |     INFO -> DEBUG: Global Bias for net_toa in optimizer: 4.6463
2026-04-27 08:15:17 | ectuner |     INFO -> DEBUG: Global Bias for rlnt in optimizer: 5.9022
2026-04-27 08:15:17 | ectuner |     INFO -> Starting 2D Optimization (dual_annealing)...
2026-04-27 08:18:53 | ectuner |     INFO -> 
==================== GLOBAL MEAN & ZONAL SUMMARY FROM 2D OPTIMIZATION ====================
2026-04-27 08:18:53 | ectuner |     INFO -> Variable     | Metric       |            Initial ->              Final | Status
2026-04-27 08:18:53 | ectuner |     INFO -> ------------------------------------------------------------------------------------------
2026-04-27 08:18:53 | ectuner |     INFO -> net_toa      | Global Bias |             4.6463 ->             0.6626 | IMPROVED
2026-04-27 08:18:53 | ectuner |     INFO ->              | Spatial RMSE  |            11.3247 ->             9.5944 | IMPROVED
2026-04-27 08:18:53 | ectuner |     INFO -> ------------------------------------------------------------------------------------------
2026-04-27 08:18:53 | ectuner |     INFO -> rlnt         | Global Bias |             5.9022 ->             1.3318 | IMPROVED
2026-04-27 08:18:53 | ectuner |     INFO ->              | Spatial RMSE  |            11.5415 ->             8.5040 | IMPROVED
2026-04-27 08:18:53 | ectuner |     INFO -> ------------------------------------------------------------------------------------------
2026-04-27 08:18:53 | ectuner |     INFO -> Structured tuning YAML written to ../results/tuned_2d_LR/trop_rlnt/tol_alfa_010/tuned_phis_a010.yml

| Parameter         |   New Value |   Old Value |      Change |   Rel. Change |   Dist. from Ref. |
|-------------------+-------------+-------------+-------------+---------------+-------------------|
| RPRCON            |  1.1185e-03 |  1.4000e-03 | -2.8153e-04 |   -2.0109e-01 |       -2.0109e-01 |
| ENTRORG           |  1.2737e-03 |  1.7500e-03 | -4.7625e-04 |   -2.7214e-01 |       -2.7214e-01 |
| DETRPEN           |  1.1967e-04 |  7.5000e-05 |  4.4671e-05 |    5.9561e-01 |        5.9561e-01 |
| ENTRDD            |  2.2513e-04 |  3.0000e-04 | -7.4869e-05 |   -2.4956e-01 |       -2.4956e-01 |
| RMFDEPS           |  4.2338e-01 |  3.0000e-01 |  1.2338e-01 |    4.1125e-01 |        4.1125e-01 |
| RVICE             |  2.0770e-01 |  1.3000e-01 |  7.7699e-02 |    5.9768e-01 |        5.9768e-01 |
| RLCRITSNOW        |  1.6574e-05 |  2.0000e-05 | -3.4264e-06 |   -1.7132e-01 |       -1.7132e-01 |
| RSNOWLIN2         |  1.2070e-02 |  3.0000e-02 | -1.7930e-02 |   -5.9766e-01 |       -5.9766e-01 |
| RCLDIFF           |  5.2867e-06 |  6.0000e-06 | -7.1327e-07 |   -1.1888e-01 |       -1.1888e-01 |
| RCLDIFF_CONVI     |  1.1689e+01 |  1.0000e+01 |  1.6892e+00 |    1.6892e-01 |        1.6892e-01 |
| RDEPLIQREFRATE    |  6.5567e-01 |  5.0000e-01 |  1.5567e-01 |    3.1133e-01 |        3.1133e-01 |
| RDEPLIQREFDEPTH   |  5.1209e+02 |  5.0000e+02 |  1.2094e+01 |    2.4187e-02 |        2.4187e-02 |
| RCL_OVERLAPLIQICE |  6.0716e-01 |  6.5000e-01 | -4.2843e-02 |   -6.5913e-02 |       -6.5913e-02 |
| RCL_INHOMOGAUT    |  1.7315e+00 |  1.5000e+00 |  2.3153e-01 |    1.5436e-01 |        1.5436e-01 |
| RCL_INHOMOGACC    |  1.5471e+00 |  3.0000e+00 | -1.4529e+00 |   -4.8430e-01 |       -4.8430e-01 |
| RMINICE           |  7.9976e+01 |  6.0000e+01 |  1.9976e+01 |    3.3293e-01 |        3.3293e-01 |
2026-04-27 08:18:53 | ectuner |     INFO -> Diagnostic maps saved to ../results/tuned_2d_LR/trop_rlnt/tol_alfa_010/diagnostics_2d_phis_Global-Tropical_a01.nc
Copia del file YAML inviata a ../results/tuned_2d_LR/trop_rlnt/tol_yaml_files
