2026-04-27 08:15:17 | ectuner |     INFO -> Loading 2D Data (Sensitivity, Reference, Base)...
   > Loading reference for net_toa from: climate_average_net_toa_CERES EBAF_r180x90_2000-2024.nc
   > Loading reference for rlnt from: climate_average_rlnt_CERES EBAF_r180x90_2000-2024.nc
   > Flipping sign for rlnt (Obs is UP, Model is DOWN)
--- Loading cached base maps for phis ---
2026-04-27 08:15:17 | ectuner |     INFO -> Generating spatial weights (Area * Region)...
2026-04-27 08:15:17 | ectuner |     INFO -> Variable net_toa: Initial Spatial RMSE (Weighted) = 11.3247
2026-04-27 08:15:17 | ectuner |     INFO -> Variable rlnt: Initial Spatial RMSE (Weighted) = 11.5415
2026-04-27 08:15:17 | ectuner |     INFO -> Flattening data for fast optimization...
2026-04-27 08:15:18 | ectuner |     INFO -> DEBUG: Global Bias for net_toa in optimizer: 4.6463
2026-04-27 08:15:18 | ectuner |     INFO -> DEBUG: Global Bias for rlnt in optimizer: 5.9022
2026-04-27 08:15:18 | ectuner |     INFO -> Starting 2D Optimization (dual_annealing)...
2026-04-27 08:16:30 | ectuner |     INFO -> 
==================== GLOBAL MEAN & ZONAL SUMMARY FROM 2D OPTIMIZATION ====================
2026-04-27 08:16:30 | ectuner |     INFO -> Variable     | Metric       |            Initial ->              Final | Status
2026-04-27 08:16:30 | ectuner |     INFO -> ------------------------------------------------------------------------------------------
2026-04-27 08:16:30 | ectuner |     INFO -> net_toa      | Global Bias |             4.6463 ->            -0.0000 | IMPROVED
2026-04-27 08:16:30 | ectuner |     INFO ->              | Spatial RMSE  |            11.3247 ->            10.5191 | IMPROVED
2026-04-27 08:16:30 | ectuner |     INFO -> ------------------------------------------------------------------------------------------
2026-04-27 08:16:30 | ectuner |     INFO -> rlnt         | Global Bias |             5.9022 ->            -0.0000 | IMPROVED
2026-04-27 08:16:30 | ectuner |     INFO ->              | Spatial RMSE  |            11.5415 ->             9.6693 | IMPROVED
2026-04-27 08:16:30 | ectuner |     INFO -> ------------------------------------------------------------------------------------------
2026-04-27 08:16:30 | ectuner |     INFO -> Structured tuning YAML written to ../results/tuned_2d_LR/trop_rlnt/tol_alfa_070/tuned_phis_a070.yml

| Parameter         |   New Value |   Old Value |      Change |   Rel. Change |   Dist. from Ref. |
|-------------------+-------------+-------------+-------------+---------------+-------------------|
| RPRCON            |  1.5316e-03 |  1.4000e-03 |  1.3158e-04 |    9.3987e-02 |        9.3987e-02 |
| ENTRORG           |  1.9174e-03 |  1.7500e-03 |  1.6737e-04 |    9.5640e-02 |        9.5640e-02 |
| DETRPEN           |  7.8865e-05 |  7.5000e-05 |  3.8652e-06 |    5.1536e-02 |        5.1536e-02 |
| ENTRDD            |  2.7516e-04 |  3.0000e-04 | -2.4839e-05 |   -8.2796e-02 |       -8.2796e-02 |
| RMFDEPS           |  3.3767e-01 |  3.0000e-01 |  3.7668e-02 |    1.2556e-01 |        1.2556e-01 |
| RVICE             |  1.7219e-01 |  1.3000e-01 |  4.2190e-02 |    3.2454e-01 |        3.2454e-01 |
| RLCRITSNOW        |  1.0586e-05 |  2.0000e-05 | -9.4145e-06 |   -4.7072e-01 |       -4.7072e-01 |
| RSNOWLIN2         |  1.9664e-02 |  3.0000e-02 | -1.0336e-02 |   -3.4455e-01 |       -3.4455e-01 |
| RCLDIFF           |  6.3299e-06 |  6.0000e-06 |  3.2995e-07 |    5.4991e-02 |        5.4991e-02 |
| RCLDIFF_CONVI     |  1.1654e+01 |  1.0000e+01 |  1.6536e+00 |    1.6536e-01 |        1.6536e-01 |
| RDEPLIQREFRATE    |  7.4406e-01 |  5.0000e-01 |  2.4406e-01 |    4.8812e-01 |        4.8812e-01 |
| RDEPLIQREFDEPTH   |  3.9979e+02 |  5.0000e+02 | -1.0021e+02 |   -2.0043e-01 |       -2.0043e-01 |
| RCL_OVERLAPLIQICE |  5.8609e-01 |  6.5000e-01 | -6.3910e-02 |   -9.8323e-02 |       -9.8323e-02 |
| RCL_INHOMOGAUT    |  1.8752e+00 |  1.5000e+00 |  3.7522e-01 |    2.5015e-01 |        2.5015e-01 |
| RCL_INHOMOGACC    |  1.9026e+00 |  3.0000e+00 | -1.0974e+00 |   -3.6580e-01 |       -3.6580e-01 |
| RMINICE           |  7.1102e+01 |  6.0000e+01 |  1.1102e+01 |    1.8504e-01 |        1.8504e-01 |
2026-04-27 08:16:30 | ectuner |     INFO -> Diagnostic maps saved to ../results/tuned_2d_LR/trop_rlnt/tol_alfa_070/diagnostics_2d_phis_Global-Tropical_a07.nc
Copia del file YAML inviata a ../results/tuned_2d_LR/trop_rlnt/tol_yaml_files
