2026-04-29 13:48:26 | ectuner |     INFO -> Loading 2D Data (Sensitivity, Reference, Base)...
   > Loading reference for lwcf from: climate_average_lwcf_CERES EBAF_r180x90_2000-2024.nc
   > Loading reference for net_toa from: climate_average_net_toa_CERES EBAF_r180x90_2000-2024.nc
   > Loading reference for rlnt from: climate_average_rlnt_CERES EBAF_r180x90_2000-2024.nc
   > Flipping sign for rlnt (Obs is UP, Model is DOWN)
   > Loading reference for rsnt from: climate_average_rsnt_CERES EBAF_r180x90_2000-2024.nc
   > Loading reference for swcf from: climate_average_swcf_CERES EBAF_r180x90_2000-2024.nc
--- Loading cached base maps for phis ---
2026-04-29 13:48:27 | ectuner |     INFO -> Generating spatial weights (Area * Region)...
2026-04-29 13:48:27 | ectuner |     INFO -> Variable lwcf: Initial Spatial Absolute Cost (L1) (Weighted) = 5.9092
2026-04-29 13:48:27 | ectuner |     INFO -> Variable net_toa: Initial Spatial Absolute Cost (L1) (Weighted) = 8.7339
2026-04-29 13:48:27 | ectuner |     INFO -> Variable rlnt: Initial Spatial Absolute Cost (L1) (Weighted) = 9.4438
2026-04-29 13:48:27 | ectuner |     INFO -> Variable rsnt: Initial Spatial Absolute Cost (L1) (Weighted) = 7.8074
2026-04-29 13:48:27 | ectuner |     INFO -> Variable swcf: Initial Spatial Absolute Cost (L1) (Weighted) = 8.2304
2026-04-29 13:48:27 | ectuner |     INFO -> Flattening data for fast optimization...
2026-04-29 13:48:28 | ectuner |     INFO -> DEBUG: Global Bias for lwcf in optimizer: -2.7092
2026-04-29 13:48:28 | ectuner |     INFO -> DEBUG: Global Bias for net_toa in optimizer: 5.6259
2026-04-29 13:48:28 | ectuner |     INFO -> DEBUG: Global Bias for rlnt in optimizer: 6.9311
2026-04-29 13:48:28 | ectuner |     INFO -> DEBUG: Global Bias for rsnt in optimizer: -1.3053
2026-04-29 13:48:28 | ectuner |     INFO -> DEBUG: Global Bias for swcf in optimizer: 0.5056
2026-04-29 13:48:28 | ectuner |     INFO -> Starting 2D Optimization (dual_annealing)...
2026-04-29 13:53:31 | ectuner |     INFO -> Optimization finished. Final Weighted Cost (L1): Spatial=36.9258, Global=14.7063
2026-04-29 13:53:31 | ectuner |     INFO -> 
============================== GLOBAL & SPATIAL COSTS (L1) ===============================
2026-04-29 13:53:31 | ectuner |     INFO -> Variable     | Metric           |            Initial ->              Final | Status
2026-04-29 13:53:31 | ectuner |     INFO -> ------------------------------------------------------------------------------------------
2026-04-29 13:53:31 | ectuner |     INFO -> lwcf         | Global Cost|             2.7092 ->             5.5039 | WORSENED
2026-04-29 13:53:31 | ectuner |     INFO ->              | Spatial Cost  |             5.9092 ->             6.3806 | WORSENED
2026-04-29 13:53:31 | ectuner |     INFO -> ------------------------------------------------------------------------------------------
2026-04-29 13:53:31 | ectuner |     INFO -> net_toa      | Global Cost|             5.6259 ->             2.8719 | IMPROVED
2026-04-29 13:53:31 | ectuner |     INFO ->              | Spatial Cost  |             8.7339 ->             7.2641 | IMPROVED
2026-04-29 13:53:31 | ectuner |     INFO -> ------------------------------------------------------------------------------------------
2026-04-29 13:53:31 | ectuner |     INFO -> rlnt         | Global Cost|             6.9311 ->             4.4049 | IMPROVED
2026-04-29 13:53:31 | ectuner |     INFO ->              | Spatial Cost  |             9.4438 ->             7.4161 | IMPROVED
2026-04-29 13:53:31 | ectuner |     INFO -> ------------------------------------------------------------------------------------------
2026-04-29 13:53:31 | ectuner |     INFO -> rsnt         | Global Cost|             1.3053 ->             1.5330 | WORSENED
2026-04-29 13:53:31 | ectuner |     INFO ->              | Spatial Cost  |             7.8074 ->             7.6986 | IMPROVED
2026-04-29 13:53:31 | ectuner |     INFO -> ------------------------------------------------------------------------------------------
2026-04-29 13:53:31 | ectuner |     INFO -> swcf         | Global Cost|             0.5056 ->             0.3926 | IMPROVED
2026-04-29 13:53:31 | ectuner |     INFO ->              | Spatial Cost  |             8.2304 ->             8.1663 | IMPROVED
2026-04-29 13:53:31 | ectuner |     INFO -> ------------------------------------------------------------------------------------------
2026-04-29 13:53:31 | ectuner |     INFO -> Structured tuning YAML written to ../results/tuned_2d_LR/l1/all_flux_tol/alfa_030/tuned_phis_l1_a030.yml

| Parameter         |   New Value |   Old Value |      Change |   Rel. Change |   Dist. from Ref. |
|-------------------+-------------+-------------+-------------+---------------+-------------------|
| RPRCON            |  1.4209e-03 |  1.4000e-03 |  2.0921e-05 |    1.4943e-02 |        1.4943e-02 |
| ENTRORG           |  1.5457e-03 |  1.7500e-03 | -2.0426e-04 |   -1.1672e-01 |       -1.1672e-01 |
| DETRPEN           |  1.1475e-04 |  7.5000e-05 |  3.9751e-05 |    5.3002e-01 |        5.3002e-01 |
| ENTRDD            |  2.2199e-04 |  3.0000e-04 | -7.8006e-05 |   -2.6002e-01 |       -2.6002e-01 |
| RMFDEPS           |  3.8544e-01 |  3.0000e-01 |  8.5439e-02 |    2.8480e-01 |        2.8480e-01 |
| RVICE             |  2.0790e-01 |  1.3000e-01 |  7.7898e-02 |    5.9922e-01 |        5.9922e-01 |
| RLCRITSNOW        |  1.4922e-05 |  2.0000e-05 | -5.0784e-06 |   -2.5392e-01 |       -2.5392e-01 |
| RSNOWLIN2         |  1.9919e-02 |  3.0000e-02 | -1.0081e-02 |   -3.3604e-01 |       -3.3604e-01 |
| RCLDIFF           |  3.6089e-06 |  6.0000e-06 | -2.3911e-06 |   -3.9851e-01 |       -3.9851e-01 |
| RCLDIFF_CONVI     |  8.6903e+00 |  1.0000e+01 | -1.3097e+00 |   -1.3097e-01 |       -1.3097e-01 |
| RDEPLIQREFRATE    |  6.1132e-01 |  5.0000e-01 |  1.1132e-01 |    2.2265e-01 |        2.2265e-01 |
| RDEPLIQREFDEPTH   |  4.5063e+02 |  5.0000e+02 | -4.9368e+01 |   -9.8736e-02 |       -9.8736e-02 |
| RCL_OVERLAPLIQICE |  4.7661e-01 |  6.5000e-01 | -1.7339e-01 |   -2.6676e-01 |       -2.6676e-01 |
| RCL_INHOMOGAUT    |  1.3785e+00 |  1.5000e+00 | -1.2146e-01 |   -8.0970e-02 |       -8.0970e-02 |
| RCL_INHOMOGACC    |  2.7942e+00 |  3.0000e+00 | -2.0580e-01 |   -6.8599e-02 |       -6.8599e-02 |
| RMINICE           |  4.6383e+01 |  6.0000e+01 | -1.3617e+01 |   -2.2694e-01 |       -2.2694e-01 |
2026-04-29 13:53:32 | ectuner |     INFO -> Diagnostic maps saved to ../results/tuned_2d_LR/l1/all_flux_tol/alfa_030/diagnostics_2d_phis_Global_a03.nc
Copia del file YAML inviata a ../results/tuned_2d_LR/l1/all_flux_tol/yaml_files
