2026-04-29 13:48:25 | ectuner |     INFO -> Loading 2D Data (Sensitivity, Reference, Base)...
   > Loading reference for lwcf from: climate_average_lwcf_CERES EBAF_r180x90_2000-2024.nc
   > Loading reference for net_toa from: climate_average_net_toa_CERES EBAF_r180x90_2000-2024.nc
   > Loading reference for rlnt from: climate_average_rlnt_CERES EBAF_r180x90_2000-2024.nc
   > Flipping sign for rlnt (Obs is UP, Model is DOWN)
   > Loading reference for rsnt from: climate_average_rsnt_CERES EBAF_r180x90_2000-2024.nc
   > Loading reference for swcf from: climate_average_swcf_CERES EBAF_r180x90_2000-2024.nc
--- Loading cached base maps for phis ---
2026-04-29 13:48:27 | ectuner |     INFO -> Generating spatial weights (Area * Region)...
2026-04-29 13:48:27 | ectuner |     INFO -> Variable lwcf: Initial Spatial Absolute Cost (L1) (Weighted) = 5.9092
2026-04-29 13:48:27 | ectuner |     INFO -> Variable net_toa: Initial Spatial Absolute Cost (L1) (Weighted) = 8.7339
2026-04-29 13:48:27 | ectuner |     INFO -> Variable rlnt: Initial Spatial Absolute Cost (L1) (Weighted) = 9.4438
2026-04-29 13:48:27 | ectuner |     INFO -> Variable rsnt: Initial Spatial Absolute Cost (L1) (Weighted) = 7.8074
2026-04-29 13:48:27 | ectuner |     INFO -> Variable swcf: Initial Spatial Absolute Cost (L1) (Weighted) = 8.2304
2026-04-29 13:48:27 | ectuner |     INFO -> Flattening data for fast optimization...
2026-04-29 13:48:28 | ectuner |     INFO -> DEBUG: Global Bias for lwcf in optimizer: -2.7092
2026-04-29 13:48:28 | ectuner |     INFO -> DEBUG: Global Bias for net_toa in optimizer: 5.6259
2026-04-29 13:48:28 | ectuner |     INFO -> DEBUG: Global Bias for rlnt in optimizer: 6.9311
2026-04-29 13:48:28 | ectuner |     INFO -> DEBUG: Global Bias for rsnt in optimizer: -1.3053
2026-04-29 13:48:28 | ectuner |     INFO -> DEBUG: Global Bias for swcf in optimizer: 0.5056
2026-04-29 13:48:28 | ectuner |     INFO -> Starting 2D Optimization (dual_annealing)...
2026-04-29 13:54:08 | ectuner |     INFO -> Optimization finished. Final Weighted Cost (L1): Spatial=48.5950, Global=9.5404
2026-04-29 13:54:08 | ectuner |     INFO -> 
============================== GLOBAL & SPATIAL COSTS (L1) ===============================
2026-04-29 13:54:08 | ectuner |     INFO -> Variable     | Metric           |            Initial ->              Final | Status
2026-04-29 13:54:08 | ectuner |     INFO -> ------------------------------------------------------------------------------------------
2026-04-29 13:54:08 | ectuner |     INFO -> lwcf         | Global Cost|             2.7092 ->             5.8456 | WORSENED
2026-04-29 13:54:08 | ectuner |     INFO ->              | Spatial Cost  |             5.9092 ->             7.8911 | WORSENED
2026-04-29 13:54:08 | ectuner |     INFO -> ------------------------------------------------------------------------------------------
2026-04-29 13:54:08 | ectuner |     INFO -> net_toa      | Global Cost|             5.6259 ->             0.0000 | IMPROVED
2026-04-29 13:54:08 | ectuner |     INFO ->              | Spatial Cost  |             8.7339 ->             9.8266 | WORSENED
2026-04-29 13:54:08 | ectuner |     INFO -> ------------------------------------------------------------------------------------------
2026-04-29 13:54:08 | ectuner |     INFO -> rlnt         | Global Cost|             6.9311 ->             1.8473 | IMPROVED
2026-04-29 13:54:08 | ectuner |     INFO ->              | Spatial Cost  |             9.4438 ->            10.3091 | WORSENED
2026-04-29 13:54:08 | ectuner |     INFO -> ------------------------------------------------------------------------------------------
2026-04-29 13:54:08 | ectuner |     INFO -> rsnt         | Global Cost|             1.3053 ->             1.8473 | WORSENED
2026-04-29 13:54:08 | ectuner |     INFO ->              | Spatial Cost  |             7.8074 ->            10.0483 | WORSENED
2026-04-29 13:54:08 | ectuner |     INFO -> ------------------------------------------------------------------------------------------
2026-04-29 13:54:08 | ectuner |     INFO -> swcf         | Global Cost|             0.5056 ->             0.0002 | IMPROVED
2026-04-29 13:54:08 | ectuner |     INFO ->              | Spatial Cost  |             8.2304 ->            10.5200 | WORSENED
2026-04-29 13:54:08 | ectuner |     INFO -> ------------------------------------------------------------------------------------------
2026-04-29 13:54:08 | ectuner |     INFO -> Structured tuning YAML written to ../results/tuned_2d_LR/l1/all_flux_tol/alfa_099/tuned_phis_l1_a099.yml

| Parameter         |   New Value |   Old Value |      Change |   Rel. Change |   Dist. from Ref. |
|-------------------+-------------+-------------+-------------+---------------+-------------------|
| RPRCON            |  2.2382e-03 |  1.4000e-03 |  8.3824e-04 |    5.9875e-01 |        5.9875e-01 |
| ENTRORG           |  2.6912e-03 |  1.7500e-03 |  9.4115e-04 |    5.3780e-01 |        5.3780e-01 |
| DETRPEN           |  5.1581e-05 |  7.5000e-05 | -2.3419e-05 |   -3.1225e-01 |       -3.1225e-01 |
| ENTRDD            |  3.1634e-04 |  3.0000e-04 |  1.6344e-05 |    5.4479e-02 |        5.4479e-02 |
| RMFDEPS           |  1.2840e-01 |  3.0000e-01 | -1.7160e-01 |   -5.7200e-01 |       -5.7200e-01 |
| RVICE             |  1.3692e-01 |  1.3000e-01 |  6.9243e-03 |    5.3264e-02 |        5.3264e-02 |
| RLCRITSNOW        |  2.0103e-05 |  2.0000e-05 |  1.0311e-07 |    5.1555e-03 |        5.1555e-03 |
| RSNOWLIN2         |  2.3709e-02 |  3.0000e-02 | -6.2914e-03 |   -2.0971e-01 |       -2.0971e-01 |
| RCLDIFF           |  4.6056e-06 |  6.0000e-06 | -1.3944e-06 |   -2.3239e-01 |       -2.3239e-01 |
| RCLDIFF_CONVI     |  5.8756e+00 |  1.0000e+01 | -4.1244e+00 |   -4.1244e-01 |       -4.1244e-01 |
| RDEPLIQREFRATE    |  3.1298e-01 |  5.0000e-01 | -1.8702e-01 |   -3.7404e-01 |       -3.7404e-01 |
| RDEPLIQREFDEPTH   |  2.0278e+02 |  5.0000e+02 | -2.9722e+02 |   -5.9444e-01 |       -5.9444e-01 |
| RCL_OVERLAPLIQICE |  3.8459e-01 |  6.5000e-01 | -2.6541e-01 |   -4.0832e-01 |       -4.0832e-01 |
| RCL_INHOMOGAUT    |  8.4975e-01 |  1.5000e+00 | -6.5025e-01 |   -4.3350e-01 |       -4.3350e-01 |
| RCL_INHOMOGACC    |  2.6323e+00 |  3.0000e+00 | -3.6775e-01 |   -1.2258e-01 |       -1.2258e-01 |
| RMINICE           |  3.7318e+01 |  6.0000e+01 | -2.2682e+01 |   -3.7803e-01 |       -3.7803e-01 |
2026-04-29 13:54:08 | ectuner |     INFO -> Diagnostic maps saved to ../results/tuned_2d_LR/l1/all_flux_tol/alfa_099/diagnostics_2d_phis_Global_a099.nc
Copia del file YAML inviata a ../results/tuned_2d_LR/l1/all_flux_tol/yaml_files
