2026-04-29 13:48:26 | ectuner |     INFO -> Loading 2D Data (Sensitivity, Reference, Base)...
   > Loading reference for lwcf from: climate_average_lwcf_CERES EBAF_r180x90_2000-2024.nc
   > Loading reference for net_toa from: climate_average_net_toa_CERES EBAF_r180x90_2000-2024.nc
   > Loading reference for rlnt from: climate_average_rlnt_CERES EBAF_r180x90_2000-2024.nc
   > Flipping sign for rlnt (Obs is UP, Model is DOWN)
   > Loading reference for rsnt from: climate_average_rsnt_CERES EBAF_r180x90_2000-2024.nc
   > Loading reference for swcf from: climate_average_swcf_CERES EBAF_r180x90_2000-2024.nc
--- Loading cached base maps for phis ---
2026-04-29 13:48:27 | ectuner |     INFO -> Generating spatial weights (Area * Region)...
2026-04-29 13:48:27 | ectuner |     INFO -> Variable lwcf: Initial Spatial Absolute Cost (L1) (Weighted) = 5.9092
2026-04-29 13:48:27 | ectuner |     INFO -> Variable net_toa: Initial Spatial Absolute Cost (L1) (Weighted) = 8.7339
2026-04-29 13:48:27 | ectuner |     INFO -> Variable rlnt: Initial Spatial Absolute Cost (L1) (Weighted) = 9.4438
2026-04-29 13:48:27 | ectuner |     INFO -> Variable rsnt: Initial Spatial Absolute Cost (L1) (Weighted) = 7.8074
2026-04-29 13:48:27 | ectuner |     INFO -> Variable swcf: Initial Spatial Absolute Cost (L1) (Weighted) = 8.2304
2026-04-29 13:48:27 | ectuner |     INFO -> Flattening data for fast optimization...
2026-04-29 13:48:28 | ectuner |     INFO -> DEBUG: Global Bias for lwcf in optimizer: -2.7092
2026-04-29 13:48:28 | ectuner |     INFO -> DEBUG: Global Bias for net_toa in optimizer: 5.6259
2026-04-29 13:48:28 | ectuner |     INFO -> DEBUG: Global Bias for rlnt in optimizer: 6.9311
2026-04-29 13:48:28 | ectuner |     INFO -> DEBUG: Global Bias for rsnt in optimizer: -1.3053
2026-04-29 13:48:28 | ectuner |     INFO -> DEBUG: Global Bias for swcf in optimizer: 0.5056
2026-04-29 13:48:28 | ectuner |     INFO -> Starting 2D Optimization (dual_annealing)...
2026-04-29 13:53:09 | ectuner |     INFO -> Optimization finished. Final Weighted Cost (L1): Spatial=49.1047, Global=9.6012
2026-04-29 13:53:09 | ectuner |     INFO -> 
============================== GLOBAL & SPATIAL COSTS (L1) ===============================
2026-04-29 13:53:09 | ectuner |     INFO -> Variable     | Metric           |            Initial ->              Final | Status
2026-04-29 13:53:09 | ectuner |     INFO -> ------------------------------------------------------------------------------------------
2026-04-29 13:53:09 | ectuner |     INFO -> lwcf         | Global Cost|             2.7092 ->             6.0731 | WORSENED
2026-04-29 13:53:09 | ectuner |     INFO ->              | Spatial Cost  |             5.9092 ->             8.0131 | WORSENED
2026-04-29 13:53:09 | ectuner |     INFO -> ------------------------------------------------------------------------------------------
2026-04-29 13:53:09 | ectuner |     INFO -> net_toa      | Global Cost|             5.6259 ->             0.0000 | IMPROVED
2026-04-29 13:53:09 | ectuner |     INFO ->              | Spatial Cost  |             8.7339 ->             9.8826 | WORSENED
2026-04-29 13:53:09 | ectuner |     INFO -> ------------------------------------------------------------------------------------------
2026-04-29 13:53:09 | ectuner |     INFO -> rlnt         | Global Cost|             6.9311 ->             1.6679 | IMPROVED
2026-04-29 13:53:09 | ectuner |     INFO ->              | Spatial Cost  |             9.4438 ->            10.2258 | WORSENED
2026-04-29 13:53:09 | ectuner |     INFO -> ------------------------------------------------------------------------------------------
2026-04-29 13:53:09 | ectuner |     INFO -> rsnt         | Global Cost|             1.3053 ->             1.6679 | WORSENED
2026-04-29 13:53:09 | ectuner |     INFO ->              | Spatial Cost  |             7.8074 ->            10.2680 | WORSENED
2026-04-29 13:53:09 | ectuner |     INFO -> ------------------------------------------------------------------------------------------
2026-04-29 13:53:09 | ectuner |     INFO -> swcf         | Global Cost|             0.5056 ->             0.1925 | IMPROVED
2026-04-29 13:53:09 | ectuner |     INFO ->              | Spatial Cost  |             8.2304 ->            10.7153 | WORSENED
2026-04-29 13:53:09 | ectuner |     INFO -> ------------------------------------------------------------------------------------------
2026-04-29 13:53:09 | ectuner |     INFO -> Structured tuning YAML written to ../results/tuned_2d_LR/l1/all_flux_tol/alfa_095/tuned_phis_l1_a095.yml

| Parameter         |   New Value |   Old Value |      Change |   Rel. Change |   Dist. from Ref. |
|-------------------+-------------+-------------+-------------+---------------+-------------------|
| RPRCON            |  2.2388e-03 |  1.4000e-03 |  8.3876e-04 |    5.9911e-01 |        5.9911e-01 |
| ENTRORG           |  2.4708e-03 |  1.7500e-03 |  7.2082e-04 |    4.1190e-01 |        4.1190e-01 |
| DETRPEN           |  4.4930e-05 |  7.5000e-05 | -3.0070e-05 |   -4.0094e-01 |       -4.0094e-01 |
| ENTRDD            |  4.0710e-04 |  3.0000e-04 |  1.0710e-04 |    3.5700e-01 |        3.5700e-01 |
| RMFDEPS           |  1.2315e-01 |  3.0000e-01 | -1.7685e-01 |   -5.8949e-01 |       -5.8949e-01 |
| RVICE             |  1.6991e-01 |  1.3000e-01 |  3.9908e-02 |    3.0699e-01 |        3.0699e-01 |
| RLCRITSNOW        |  2.8610e-05 |  2.0000e-05 |  8.6096e-06 |    4.3048e-01 |        4.3048e-01 |
| RSNOWLIN2         |  1.8398e-02 |  3.0000e-02 | -1.1602e-02 |   -3.8672e-01 |       -3.8672e-01 |
| RCLDIFF           |  3.9054e-06 |  6.0000e-06 | -2.0946e-06 |   -3.4910e-01 |       -3.4910e-01 |
| RCLDIFF_CONVI     |  5.9273e+00 |  1.0000e+01 | -4.0727e+00 |   -4.0727e-01 |       -4.0727e-01 |
| RDEPLIQREFRATE    |  2.0786e-01 |  5.0000e-01 | -2.9214e-01 |   -5.8428e-01 |       -5.8428e-01 |
| RDEPLIQREFDEPTH   |  3.1847e+02 |  5.0000e+02 | -1.8153e+02 |   -3.6306e-01 |       -3.6306e-01 |
| RCL_OVERLAPLIQICE |  4.3610e-01 |  6.5000e-01 | -2.1390e-01 |   -3.2908e-01 |       -3.2908e-01 |
| RCL_INHOMOGAUT    |  8.8628e-01 |  1.5000e+00 | -6.1372e-01 |   -4.0914e-01 |       -4.0914e-01 |
| RCL_INHOMOGACC    |  2.1595e+00 |  3.0000e+00 | -8.4049e-01 |   -2.8016e-01 |       -2.8016e-01 |
| RMINICE           |  2.6797e+01 |  6.0000e+01 | -3.3203e+01 |   -5.5338e-01 |       -5.5338e-01 |
2026-04-29 13:53:09 | ectuner |     INFO -> Diagnostic maps saved to ../results/tuned_2d_LR/l1/all_flux_tol/alfa_095/diagnostics_2d_phis_Global_a095.nc
Copia del file YAML inviata a ../results/tuned_2d_LR/l1/all_flux_tol/yaml_files
