2026-04-29 13:48:28 | ectuner |     INFO -> Loading 2D Data (Sensitivity, Reference, Base)...
   > Loading reference for lwcf from: climate_average_lwcf_CERES EBAF_r180x90_2000-2024.nc
   > Loading reference for net_toa from: climate_average_net_toa_CERES EBAF_r180x90_2000-2024.nc
   > Loading reference for rlnt from: climate_average_rlnt_CERES EBAF_r180x90_2000-2024.nc
   > Flipping sign for rlnt (Obs is UP, Model is DOWN)
   > Loading reference for rsnt from: climate_average_rsnt_CERES EBAF_r180x90_2000-2024.nc
   > Loading reference for swcf from: climate_average_swcf_CERES EBAF_r180x90_2000-2024.nc
--- Loading cached base maps for phis ---
2026-04-29 13:48:29 | ectuner |     INFO -> Generating spatial weights (Area * Region)...
2026-04-29 13:48:29 | ectuner |     INFO -> Variable lwcf: Initial Spatial Absolute Cost (L1) (Weighted) = 5.9092
2026-04-29 13:48:29 | ectuner |     INFO -> Variable net_toa: Initial Spatial Absolute Cost (L1) (Weighted) = 8.7339
2026-04-29 13:48:29 | ectuner |     INFO -> Variable rlnt: Initial Spatial Absolute Cost (L1) (Weighted) = 9.4438
2026-04-29 13:48:29 | ectuner |     INFO -> Variable rsnt: Initial Spatial Absolute Cost (L1) (Weighted) = 7.8074
2026-04-29 13:48:29 | ectuner |     INFO -> Variable swcf: Initial Spatial Absolute Cost (L1) (Weighted) = 8.2304
2026-04-29 13:48:29 | ectuner |     INFO -> Flattening data for fast optimization...
2026-04-29 13:48:29 | ectuner |     INFO -> DEBUG: Global Bias for lwcf in optimizer: -2.7092
2026-04-29 13:48:29 | ectuner |     INFO -> DEBUG: Global Bias for net_toa in optimizer: 5.6259
2026-04-29 13:48:29 | ectuner |     INFO -> DEBUG: Global Bias for rlnt in optimizer: 6.9311
2026-04-29 13:48:29 | ectuner |     INFO -> DEBUG: Global Bias for rsnt in optimizer: -1.3053
2026-04-29 13:48:29 | ectuner |     INFO -> DEBUG: Global Bias for swcf in optimizer: 0.5056
2026-04-29 13:48:29 | ectuner |     INFO -> Starting 2D Optimization (dual_annealing)...
2026-04-29 13:52:26 | ectuner |     INFO -> Optimization finished. Final Weighted Cost (L1): Spatial=42.1486, Global=10.8903
2026-04-29 13:52:26 | ectuner |     INFO -> 
============================== GLOBAL & SPATIAL COSTS (L1) ===============================
2026-04-29 13:52:26 | ectuner |     INFO -> Variable     | Metric           |            Initial ->              Final | Status
2026-04-29 13:52:26 | ectuner |     INFO -> ------------------------------------------------------------------------------------------
2026-04-29 13:52:26 | ectuner |     INFO -> lwcf         | Global Cost|             2.7092 ->             6.8982 | WORSENED
2026-04-29 13:52:26 | ectuner |     INFO ->              | Spatial Cost  |             5.9092 ->             7.6619 | WORSENED
2026-04-29 13:52:26 | ectuner |     INFO -> ------------------------------------------------------------------------------------------
2026-04-29 13:52:26 | ectuner |     INFO -> net_toa      | Global Cost|             5.6259 ->             0.0000 | IMPROVED
2026-04-29 13:52:26 | ectuner |     INFO ->              | Spatial Cost  |             8.7339 ->             8.3503 | IMPROVED
2026-04-29 13:52:26 | ectuner |     INFO -> ------------------------------------------------------------------------------------------
2026-04-29 13:52:26 | ectuner |     INFO -> rlnt         | Global Cost|             6.9311 ->             1.9961 | IMPROVED
2026-04-29 13:52:26 | ectuner |     INFO ->              | Spatial Cost  |             9.4438 ->             8.1921 | IMPROVED
2026-04-29 13:52:26 | ectuner |     INFO -> ------------------------------------------------------------------------------------------
2026-04-29 13:52:27 | ectuner |     INFO -> rsnt         | Global Cost|             1.3053 ->             1.9961 | WORSENED
2026-04-29 13:52:27 | ectuner |     INFO ->              | Spatial Cost  |             7.8074 ->             8.7509 | WORSENED
2026-04-29 13:52:27 | ectuner |     INFO -> ------------------------------------------------------------------------------------------
2026-04-29 13:52:27 | ectuner |     INFO -> swcf         | Global Cost|             0.5056 ->             0.0000 | IMPROVED
2026-04-29 13:52:27 | ectuner |     INFO ->              | Spatial Cost  |             8.2304 ->             9.1934 | WORSENED
2026-04-29 13:52:27 | ectuner |     INFO -> ------------------------------------------------------------------------------------------
2026-04-29 13:52:27 | ectuner |     INFO -> Structured tuning YAML written to ../results/tuned_2d_LR/l1/all_flux_tol/alfa_070/tuned_phis_l1_a070.yml

| Parameter         |   New Value |   Old Value |      Change |   Rel. Change |   Dist. from Ref. |
|-------------------+-------------+-------------+-------------+---------------+-------------------|
| RPRCON            |  1.9765e-03 |  1.4000e-03 |  5.7652e-04 |    4.1180e-01 |        4.1180e-01 |
| ENTRORG           |  2.0410e-03 |  1.7500e-03 |  2.9096e-04 |    1.6626e-01 |        1.6626e-01 |
| DETRPEN           |  9.5403e-05 |  7.5000e-05 |  2.0403e-05 |    2.7205e-01 |        2.7205e-01 |
| ENTRDD            |  2.5471e-04 |  3.0000e-04 | -4.5288e-05 |   -1.5096e-01 |       -1.5096e-01 |
| RMFDEPS           |  2.7475e-01 |  3.0000e-01 | -2.5247e-02 |   -8.4157e-02 |       -8.4157e-02 |
| RVICE             |  2.0303e-01 |  1.3000e-01 |  7.3029e-02 |    5.6176e-01 |        5.6176e-01 |
| RLCRITSNOW        |  1.9331e-05 |  2.0000e-05 | -6.6938e-07 |   -3.3469e-02 |       -3.3469e-02 |
| RSNOWLIN2         |  1.7996e-02 |  3.0000e-02 | -1.2004e-02 |   -4.0012e-01 |       -4.0012e-01 |
| RCLDIFF           |  5.4987e-06 |  6.0000e-06 | -5.0129e-07 |   -8.3549e-02 |       -8.3549e-02 |
| RCLDIFF_CONVI     |  6.3763e+00 |  1.0000e+01 | -3.6237e+00 |   -3.6237e-01 |       -3.6237e-01 |
| RDEPLIQREFRATE    |  6.0471e-01 |  5.0000e-01 |  1.0471e-01 |    2.0942e-01 |        2.0942e-01 |
| RDEPLIQREFDEPTH   |  4.2698e+02 |  5.0000e+02 | -7.3021e+01 |   -1.4604e-01 |       -1.4604e-01 |
| RCL_OVERLAPLIQICE |  3.4236e-01 |  6.5000e-01 | -3.0764e-01 |   -4.7329e-01 |       -4.7329e-01 |
| RCL_INHOMOGAUT    |  1.9252e+00 |  1.5000e+00 |  4.2521e-01 |    2.8347e-01 |        2.8347e-01 |
| RCL_INHOMOGACC    |  1.6868e+00 |  3.0000e+00 | -1.3132e+00 |   -4.3774e-01 |       -4.3774e-01 |
| RMINICE           |  3.3378e+01 |  6.0000e+01 | -2.6622e+01 |   -4.4369e-01 |       -4.4369e-01 |
2026-04-29 13:52:27 | ectuner |     INFO -> Diagnostic maps saved to ../results/tuned_2d_LR/l1/all_flux_tol/alfa_070/diagnostics_2d_phis_Global_a07.nc
Copia del file YAML inviata a ../results/tuned_2d_LR/l1/all_flux_tol/yaml_files
