2026-05-15 14:51:26 | ectuner |     INFO -> Loading 2D Data (Sensitivity, Reference, Base)...
   > Loading reference for lwcf from: climate_average_lwcf_CERES EBAF_r180x90_2000-2024.nc
   > Loading reference for net_toa from: climate_average_net_toa_CERES EBAF_r180x90_2000-2024.nc
   > Loading reference for rlnt from: climate_average_rlnt_CERES EBAF_r180x90_2000-2024.nc
   > Flipping sign for rlnt (Obs is UP, Model is DOWN)
   > Loading reference for rsnt from: climate_average_rsnt_CERES EBAF_r180x90_2000-2024.nc
   > Loading reference for swcf from: climate_average_swcf_CERES EBAF_r180x90_2000-2024.nc
--- Loading cached base maps for phis ---
2026-05-15 14:51:27 | ectuner |     INFO -> Generating spatial weights (Area * Region)...
2026-05-15 14:51:27 | ectuner |     INFO -> Variable lwcf: Initial Spatial Absolute Cost (L1) (Weighted) = 5.9092
2026-05-15 14:51:27 | ectuner |     INFO -> Variable net_toa: Initial Spatial Absolute Cost (L1) (Weighted) = 8.7339
2026-05-15 14:51:27 | ectuner |     INFO -> Variable rlnt: Initial Spatial Absolute Cost (L1) (Weighted) = 9.4438
2026-05-15 14:51:27 | ectuner |     INFO -> Variable rsnt: Initial Spatial Absolute Cost (L1) (Weighted) = 7.8074
2026-05-15 14:51:27 | ectuner |     INFO -> Variable swcf: Initial Spatial Absolute Cost (L1) (Weighted) = 8.2304
2026-05-15 14:51:27 | ectuner |     INFO -> Flattening data for fast optimization...
2026-05-15 14:51:27 | ectuner |     INFO -> DEBUG: Global Bias for lwcf in optimizer: -2.7092
2026-05-15 14:51:27 | ectuner |     INFO -> DEBUG: Global Bias for net_toa in optimizer: 5.6259
2026-05-15 14:51:27 | ectuner |     INFO -> DEBUG: Global Bias for rlnt in optimizer: 6.9311
2026-05-15 14:51:27 | ectuner |     INFO -> DEBUG: Global Bias for rsnt in optimizer: -1.3053
2026-05-15 14:51:27 | ectuner |     INFO -> DEBUG: Global Bias for swcf in optimizer: 0.5056
2026-05-15 14:51:27 | ectuner |     INFO -> Starting 2D Optimization (dual_annealing)...
2026-05-15 14:59:46 | ectuner |     INFO -> Optimization finished. Final Weighted Cost (L1): Spatial=36.8491, Global=14.6995
2026-05-15 14:59:46 | ectuner |     INFO -> 
============================== GLOBAL & SPATIAL COSTS (L1) ===============================
2026-05-15 14:59:46 | ectuner |     INFO -> Variable     | Metric           |            Initial ->              Final | Status
2026-05-15 14:59:46 | ectuner |     INFO -> ------------------------------------------------------------------------------------------
2026-05-15 14:59:46 | ectuner |     INFO -> lwcf         | Global Cost|             2.7092 ->             5.5851 | WORSENED
2026-05-15 14:59:46 | ectuner |     INFO ->              | Spatial Cost  |             5.9092 ->             6.4340 | WORSENED
2026-05-15 14:59:46 | ectuner |     INFO -> ------------------------------------------------------------------------------------------
2026-05-15 14:59:46 | ectuner |     INFO -> net_toa      | Global Cost|             5.6259 ->             2.8544 | IMPROVED
2026-05-15 14:59:46 | ectuner |     INFO ->              | Spatial Cost  |             8.7339 ->             7.1989 | IMPROVED
2026-05-15 14:59:46 | ectuner |     INFO -> ------------------------------------------------------------------------------------------
2026-05-15 14:59:46 | ectuner |     INFO -> rlnt         | Global Cost|             6.9311 ->             4.3431 | IMPROVED
2026-05-15 14:59:46 | ectuner |     INFO ->              | Spatial Cost  |             9.4438 ->             7.3806 | IMPROVED
2026-05-15 14:59:46 | ectuner |     INFO -> ------------------------------------------------------------------------------------------
2026-05-15 14:59:46 | ectuner |     INFO -> rsnt         | Global Cost|             1.3053 ->             1.4887 | WORSENED
2026-05-15 14:59:46 | ectuner |     INFO ->              | Spatial Cost  |             7.8074 ->             7.6827 | IMPROVED
2026-05-15 14:59:46 | ectuner |     INFO -> ------------------------------------------------------------------------------------------
2026-05-15 14:59:46 | ectuner |     INFO -> swcf         | Global Cost|             0.5056 ->             0.4282 | IMPROVED
2026-05-15 14:59:46 | ectuner |     INFO ->              | Spatial Cost  |             8.2304 ->             8.1528 | IMPROVED
2026-05-15 14:59:46 | ectuner |     INFO -> ------------------------------------------------------------------------------------------
2026-05-15 14:59:46 | ectuner |     INFO -> Structured tuning YAML written to ../results/tuned_2d_LR/l1/all_flux_tol_nor2/alfa_030/tuned_phis_l1_a030.yml

| Parameter         |   New Value |   Old Value |      Change |   Rel. Change |   Dist. from Ref. |
|-------------------+-------------+-------------+-------------+---------------+-------------------|
| RPRCON            |  1.3934e-03 |  1.4000e-03 | -6.5940e-06 |   -4.7100e-03 |       -4.7100e-03 |
| ENTRORG           |  1.5219e-03 |  1.7500e-03 | -2.2813e-04 |   -1.3036e-01 |       -1.3036e-01 |
| DETRPEN           |  1.1477e-04 |  7.5000e-05 |  3.9766e-05 |    5.3022e-01 |        5.3022e-01 |
| ENTRDD            |  2.1274e-04 |  3.0000e-04 | -8.7258e-05 |   -2.9086e-01 |       -2.9086e-01 |
| RMFDEPS           |  3.7328e-01 |  3.0000e-01 |  7.3278e-02 |    2.4426e-01 |        2.4426e-01 |
| RVICE             |  2.0793e-01 |  1.3000e-01 |  7.7932e-02 |    5.9947e-01 |        5.9947e-01 |
| RLCRITSNOW        |  1.5704e-05 |  2.0000e-05 | -4.2955e-06 |   -2.1478e-01 |       -2.1478e-01 |
| RSNOWLIN2         |  1.8824e-02 |  3.0000e-02 | -1.1176e-02 |   -3.7252e-01 |       -3.7252e-01 |
| RCLDIFF           |  3.4338e-06 |  6.0000e-06 | -2.5662e-06 |   -4.2770e-01 |       -4.2770e-01 |
| RCLDIFF_CONVI     |  8.4488e+00 |  1.0000e+01 | -1.5512e+00 |   -1.5512e-01 |       -1.5512e-01 |
| RDEPLIQREFRATE    |  6.2218e-01 |  5.0000e-01 |  1.2218e-01 |    2.4436e-01 |        2.4436e-01 |
| RDEPLIQREFDEPTH   |  4.4855e+02 |  5.0000e+02 | -5.1454e+01 |   -1.0291e-01 |       -1.0291e-01 |
| RCL_OVERLAPLIQICE |  4.7812e-01 |  6.5000e-01 | -1.7188e-01 |   -2.6443e-01 |       -2.6443e-01 |
| RCL_INHOMOGAUT    |  1.3399e+00 |  1.5000e+00 | -1.6013e-01 |   -1.0675e-01 |       -1.0675e-01 |
| RCL_INHOMOGACC    |  2.7814e+00 |  3.0000e+00 | -2.1855e-01 |   -7.2850e-02 |       -7.2850e-02 |
| RMINICE           |  4.7096e+01 |  6.0000e+01 | -1.2904e+01 |   -2.1507e-01 |       -2.1507e-01 |
2026-05-15 14:59:46 | ectuner |     INFO -> Diagnostic maps saved to ../results/tuned_2d_LR/l1/all_flux_tol_nor2/alfa_030/diagnostics_2d_phis_Global_a03.nc
Copia del file YAML inviata a ../results/tuned_2d_LR/l1/all_flux_tol_nor2/yaml_files
