2026-05-15 14:52:03 | ectuner |     INFO -> Loading 2D Data (Sensitivity, Reference, Base)...
   > Loading reference for lwcf from: climate_average_lwcf_CERES EBAF_r180x90_2000-2024.nc
   > Loading reference for net_toa from: climate_average_net_toa_CERES EBAF_r180x90_2000-2024.nc
   > Loading reference for rlnt from: climate_average_rlnt_CERES EBAF_r180x90_2000-2024.nc
   > Flipping sign for rlnt (Obs is UP, Model is DOWN)
   > Loading reference for rsnt from: climate_average_rsnt_CERES EBAF_r180x90_2000-2024.nc
   > Loading reference for swcf from: climate_average_swcf_CERES EBAF_r180x90_2000-2024.nc
--- Loading cached base maps for phis ---
2026-05-15 14:52:04 | ectuner |     INFO -> Generating spatial weights (Area * Region)...
2026-05-15 14:52:04 | ectuner |     INFO -> Variable lwcf: Initial Spatial Absolute Cost (L1) (Weighted) = 5.9092
2026-05-15 14:52:04 | ectuner |     INFO -> Variable net_toa: Initial Spatial Absolute Cost (L1) (Weighted) = 8.7339
2026-05-15 14:52:04 | ectuner |     INFO -> Variable rlnt: Initial Spatial Absolute Cost (L1) (Weighted) = 9.4438
2026-05-15 14:52:04 | ectuner |     INFO -> Variable rsnt: Initial Spatial Absolute Cost (L1) (Weighted) = 7.8074
2026-05-15 14:52:04 | ectuner |     INFO -> Variable swcf: Initial Spatial Absolute Cost (L1) (Weighted) = 8.2304
2026-05-15 14:52:04 | ectuner |     INFO -> Flattening data for fast optimization...
2026-05-15 14:52:04 | ectuner |     INFO -> DEBUG: Global Bias for lwcf in optimizer: -2.7092
2026-05-15 14:52:04 | ectuner |     INFO -> DEBUG: Global Bias for net_toa in optimizer: 5.6259
2026-05-15 14:52:04 | ectuner |     INFO -> DEBUG: Global Bias for rlnt in optimizer: 6.9311
2026-05-15 14:52:04 | ectuner |     INFO -> DEBUG: Global Bias for rsnt in optimizer: -1.3053
2026-05-15 14:52:04 | ectuner |     INFO -> DEBUG: Global Bias for swcf in optimizer: 0.5056
2026-05-15 14:52:04 | ectuner |     INFO -> Starting 2D Optimization (dual_annealing)...
2026-05-15 14:57:22 | ectuner |     INFO -> Optimization finished. Final Weighted Cost (L1): Spatial=43.7430, Global=10.2763
2026-05-15 14:57:22 | ectuner |     INFO -> 
============================== GLOBAL & SPATIAL COSTS (L1) ===============================
2026-05-15 14:57:22 | ectuner |     INFO -> Variable     | Metric           |            Initial ->              Final | Status
2026-05-15 14:57:22 | ectuner |     INFO -> ------------------------------------------------------------------------------------------
2026-05-15 14:57:22 | ectuner |     INFO -> lwcf         | Global Cost|             2.7092 ->             6.5350 | WORSENED
2026-05-15 14:57:22 | ectuner |     INFO ->              | Spatial Cost  |             5.9092 ->             7.5694 | WORSENED
2026-05-15 14:57:22 | ectuner |     INFO -> ------------------------------------------------------------------------------------------
2026-05-15 14:57:22 | ectuner |     INFO -> net_toa      | Global Cost|             5.6259 ->             0.0000 | IMPROVED
2026-05-15 14:57:22 | ectuner |     INFO ->              | Spatial Cost  |             8.7339 ->             9.0436 | WORSENED
2026-05-15 14:57:22 | ectuner |     INFO -> ------------------------------------------------------------------------------------------
2026-05-15 14:57:22 | ectuner |     INFO -> rlnt         | Global Cost|             6.9311 ->             1.8287 | IMPROVED
2026-05-15 14:57:22 | ectuner |     INFO ->              | Spatial Cost  |             9.4438 ->             8.5203 | IMPROVED
2026-05-15 14:57:22 | ectuner |     INFO -> ------------------------------------------------------------------------------------------
2026-05-15 14:57:22 | ectuner |     INFO -> rsnt         | Global Cost|             1.3053 ->             1.8287 | WORSENED
2026-05-15 14:57:22 | ectuner |     INFO ->              | Spatial Cost  |             7.8074 ->             9.0345 | WORSENED
2026-05-15 14:57:22 | ectuner |     INFO -> ------------------------------------------------------------------------------------------
2026-05-15 14:57:22 | ectuner |     INFO -> swcf         | Global Cost|             0.5056 ->             0.0839 | IMPROVED
2026-05-15 14:57:22 | ectuner |     INFO ->              | Spatial Cost  |             8.2304 ->             9.5752 | WORSENED
2026-05-15 14:57:22 | ectuner |     INFO -> ------------------------------------------------------------------------------------------
2026-05-15 14:57:22 | ectuner |     INFO -> Structured tuning YAML written to ../results/tuned_2d_LR/l1/all_flux_tol_nor2/alfa_095/tuned_phis_l1_a095.yml

| Parameter         |   New Value |   Old Value |      Change |   Rel. Change |   Dist. from Ref. |
|-------------------+-------------+-------------+-------------+---------------+-------------------|
| RPRCON            |  2.2369e-03 |  1.4000e-03 |  8.3694e-04 |    5.9782e-01 |        5.9782e-01 |
| ENTRORG           |  2.0111e-03 |  1.7500e-03 |  2.6112e-04 |    1.4921e-01 |        1.4921e-01 |
| DETRPEN           |  9.4082e-05 |  7.5000e-05 |  1.9082e-05 |    2.5443e-01 |        2.5443e-01 |
| ENTRDD            |  1.2208e-04 |  3.0000e-04 | -1.7792e-04 |   -5.9305e-01 |       -5.9305e-01 |
| RMFDEPS           |  1.2847e-01 |  3.0000e-01 | -1.7153e-01 |   -5.7178e-01 |       -5.7178e-01 |
| RVICE             |  1.9747e-01 |  1.3000e-01 |  6.7467e-02 |    5.1898e-01 |        5.1898e-01 |
| RLCRITSNOW        |  1.8328e-05 |  2.0000e-05 | -1.6716e-06 |   -8.3578e-02 |       -8.3578e-02 |
| RSNOWLIN2         |  2.8169e-02 |  3.0000e-02 | -1.8310e-03 |   -6.1033e-02 |       -6.1033e-02 |
| RCLDIFF           |  4.7083e-06 |  6.0000e-06 | -1.2917e-06 |   -2.1529e-01 |       -2.1529e-01 |
| RCLDIFF_CONVI     |  5.0623e+00 |  1.0000e+01 | -4.9377e+00 |   -4.9377e-01 |       -4.9377e-01 |
| RDEPLIQREFRATE    |  5.0749e-01 |  5.0000e-01 |  7.4872e-03 |    1.4974e-02 |        1.4974e-02 |
| RDEPLIQREFDEPTH   |  3.3456e+02 |  5.0000e+02 | -1.6544e+02 |   -3.3088e-01 |       -3.3088e-01 |
| RCL_OVERLAPLIQICE |  6.4329e-01 |  6.5000e-01 | -6.7102e-03 |   -1.0323e-02 |       -1.0323e-02 |
| RCL_INHOMOGAUT    |  1.3239e+00 |  1.5000e+00 | -1.7614e-01 |   -1.1743e-01 |       -1.1743e-01 |
| RCL_INHOMOGACC    |  1.4838e+00 |  3.0000e+00 | -1.5162e+00 |   -5.0541e-01 |       -5.0541e-01 |
| RMINICE           |  4.0587e+01 |  6.0000e+01 | -1.9413e+01 |   -3.2355e-01 |       -3.2355e-01 |
2026-05-15 14:57:22 | ectuner |     INFO -> Diagnostic maps saved to ../results/tuned_2d_LR/l1/all_flux_tol_nor2/alfa_095/diagnostics_2d_phis_Global_a095.nc
Copia del file YAML inviata a ../results/tuned_2d_LR/l1/all_flux_tol_nor2/yaml_files
