2026-05-15 14:51:50 | ectuner |     INFO -> Loading 2D Data (Sensitivity, Reference, Base)...
   > Loading reference for lwcf from: climate_average_lwcf_CERES EBAF_r180x90_2000-2024.nc
   > Loading reference for net_toa from: climate_average_net_toa_CERES EBAF_r180x90_2000-2024.nc
   > Loading reference for rlnt from: climate_average_rlnt_CERES EBAF_r180x90_2000-2024.nc
   > Flipping sign for rlnt (Obs is UP, Model is DOWN)
   > Loading reference for rsnt from: climate_average_rsnt_CERES EBAF_r180x90_2000-2024.nc
   > Loading reference for swcf from: climate_average_swcf_CERES EBAF_r180x90_2000-2024.nc
--- Loading cached base maps for phis ---
2026-05-15 14:51:51 | ectuner |     INFO -> Generating spatial weights (Area * Region)...
2026-05-15 14:51:51 | ectuner |     INFO -> Variable lwcf: Initial Spatial Absolute Cost (L1) (Weighted) = 5.9092
2026-05-15 14:51:51 | ectuner |     INFO -> Variable net_toa: Initial Spatial Absolute Cost (L1) (Weighted) = 8.7339
2026-05-15 14:51:51 | ectuner |     INFO -> Variable rlnt: Initial Spatial Absolute Cost (L1) (Weighted) = 9.4438
2026-05-15 14:51:51 | ectuner |     INFO -> Variable rsnt: Initial Spatial Absolute Cost (L1) (Weighted) = 7.8074
2026-05-15 14:51:51 | ectuner |     INFO -> Variable swcf: Initial Spatial Absolute Cost (L1) (Weighted) = 8.2304
2026-05-15 14:51:51 | ectuner |     INFO -> Flattening data for fast optimization...
2026-05-15 14:51:51 | ectuner |     INFO -> DEBUG: Global Bias for lwcf in optimizer: -2.7092
2026-05-15 14:51:51 | ectuner |     INFO -> DEBUG: Global Bias for net_toa in optimizer: 5.6259
2026-05-15 14:51:51 | ectuner |     INFO -> DEBUG: Global Bias for rlnt in optimizer: 6.9311
2026-05-15 14:51:51 | ectuner |     INFO -> DEBUG: Global Bias for rsnt in optimizer: -1.3053
2026-05-15 14:51:51 | ectuner |     INFO -> DEBUG: Global Bias for swcf in optimizer: 0.5056
2026-05-15 14:51:51 | ectuner |     INFO -> Starting 2D Optimization (dual_annealing)...
2026-05-15 14:58:57 | ectuner |     INFO -> Optimization finished. Final Weighted Cost (L1): Spatial=45.5117, Global=10.0062
2026-05-15 14:58:57 | ectuner |     INFO -> 
============================== GLOBAL & SPATIAL COSTS (L1) ===============================
2026-05-15 14:58:57 | ectuner |     INFO -> Variable     | Metric           |            Initial ->              Final | Status
2026-05-15 14:58:57 | ectuner |     INFO -> ------------------------------------------------------------------------------------------
2026-05-15 14:58:57 | ectuner |     INFO -> lwcf         | Global Cost|             2.7092 ->             6.3180 | WORSENED
2026-05-15 14:58:57 | ectuner |     INFO ->              | Spatial Cost  |             5.9092 ->             7.8544 | WORSENED
2026-05-15 14:58:57 | ectuner |     INFO -> ------------------------------------------------------------------------------------------
2026-05-15 14:58:57 | ectuner |     INFO -> net_toa      | Global Cost|             5.6259 ->             0.0000 | IMPROVED
2026-05-15 14:58:57 | ectuner |     INFO ->              | Spatial Cost  |             8.7339 ->             9.2165 | WORSENED
2026-05-15 14:58:57 | ectuner |     INFO -> ------------------------------------------------------------------------------------------
2026-05-15 14:58:57 | ectuner |     INFO -> rlnt         | Global Cost|             6.9311 ->             1.7270 | IMPROVED
2026-05-15 14:58:57 | ectuner |     INFO ->              | Spatial Cost  |             9.4438 ->             9.4929 | WORSENED
2026-05-15 14:58:57 | ectuner |     INFO -> ------------------------------------------------------------------------------------------
2026-05-15 14:58:57 | ectuner |     INFO -> rsnt         | Global Cost|             1.3053 ->             1.7271 | WORSENED
2026-05-15 14:58:57 | ectuner |     INFO ->              | Spatial Cost  |             7.8074 ->             9.2242 | WORSENED
2026-05-15 14:58:57 | ectuner |     INFO -> ------------------------------------------------------------------------------------------
2026-05-15 14:58:57 | ectuner |     INFO -> swcf         | Global Cost|             0.5056 ->             0.2341 | IMPROVED
2026-05-15 14:58:57 | ectuner |     INFO ->              | Spatial Cost  |             8.2304 ->             9.7237 | WORSENED
2026-05-15 14:58:57 | ectuner |     INFO -> ------------------------------------------------------------------------------------------
2026-05-15 14:58:58 | ectuner |     INFO -> Structured tuning YAML written to ../results/tuned_2d_LR/l1/all_flux_tol_nor2/alfa_090/tuned_phis_l1_a090.yml

| Parameter         |   New Value |   Old Value |      Change |   Rel. Change |   Dist. from Ref. |
|-------------------+-------------+-------------+-------------+---------------+-------------------|
| RPRCON            |  2.2396e-03 |  1.4000e-03 |  8.3963e-04 |    5.9974e-01 |        5.9974e-01 |
| ENTRORG           |  2.6663e-03 |  1.7500e-03 |  9.1630e-04 |    5.2360e-01 |        5.2360e-01 |
| DETRPEN           |  7.3520e-05 |  7.5000e-05 | -1.4799e-06 |   -1.9731e-02 |       -1.9731e-02 |
| ENTRDD            |  2.5595e-04 |  3.0000e-04 | -4.4048e-05 |   -1.4683e-01 |       -1.4683e-01 |
| RMFDEPS           |  3.0445e-01 |  3.0000e-01 |  4.4525e-03 |    1.4842e-02 |        1.4842e-02 |
| RVICE             |  1.9357e-01 |  1.3000e-01 |  6.3566e-02 |    4.8897e-01 |        4.8897e-01 |
| RLCRITSNOW        |  3.0400e-05 |  2.0000e-05 |  1.0400e-05 |    5.1999e-01 |        5.1999e-01 |
| RSNOWLIN2         |  2.6363e-02 |  3.0000e-02 | -3.6366e-03 |   -1.2122e-01 |       -1.2122e-01 |
| RCLDIFF           |  6.6130e-06 |  6.0000e-06 |  6.1303e-07 |    1.0217e-01 |        1.0217e-01 |
| RCLDIFF_CONVI     |  6.3236e+00 |  1.0000e+01 | -3.6764e+00 |   -3.6764e-01 |       -3.6764e-01 |
| RDEPLIQREFRATE    |  5.1209e-01 |  5.0000e-01 |  1.2089e-02 |    2.4177e-02 |        2.4177e-02 |
| RDEPLIQREFDEPTH   |  3.9145e+02 |  5.0000e+02 | -1.0855e+02 |   -2.1709e-01 |       -2.1709e-01 |
| RCL_OVERLAPLIQICE |  2.8241e-01 |  6.5000e-01 | -3.6759e-01 |   -5.6553e-01 |       -5.6553e-01 |
| RCL_INHOMOGAUT    |  1.5201e+00 |  1.5000e+00 |  2.0140e-02 |    1.3426e-02 |        1.3426e-02 |
| RCL_INHOMOGACC    |  2.7547e+00 |  3.0000e+00 | -2.4526e-01 |   -8.1752e-02 |       -8.1752e-02 |
| RMINICE           |  4.1120e+01 |  6.0000e+01 | -1.8880e+01 |   -3.1467e-01 |       -3.1467e-01 |
2026-05-15 14:58:58 | ectuner |     INFO -> Diagnostic maps saved to ../results/tuned_2d_LR/l1/all_flux_tol_nor2/alfa_090/diagnostics_2d_phis_Global_a09.nc
Copia del file YAML inviata a ../results/tuned_2d_LR/l1/all_flux_tol_nor2/yaml_files
