2026-05-15 14:52:03 | ectuner |     INFO -> Loading 2D Data (Sensitivity, Reference, Base)...
   > Loading reference for lwcf from: climate_average_lwcf_CERES EBAF_r180x90_2000-2024.nc
   > Loading reference for net_toa from: climate_average_net_toa_CERES EBAF_r180x90_2000-2024.nc
   > Loading reference for rlnt from: climate_average_rlnt_CERES EBAF_r180x90_2000-2024.nc
   > Flipping sign for rlnt (Obs is UP, Model is DOWN)
   > Loading reference for rsnt from: climate_average_rsnt_CERES EBAF_r180x90_2000-2024.nc
   > Loading reference for swcf from: climate_average_swcf_CERES EBAF_r180x90_2000-2024.nc
--- Loading cached base maps for phis ---
2026-05-15 14:52:04 | ectuner |     INFO -> Generating spatial weights (Area * Region)...
2026-05-15 14:52:04 | ectuner |     INFO -> Variable lwcf: Initial Spatial Absolute Cost (L1) (Weighted) = 5.9092
2026-05-15 14:52:04 | ectuner |     INFO -> Variable net_toa: Initial Spatial Absolute Cost (L1) (Weighted) = 8.7339
2026-05-15 14:52:04 | ectuner |     INFO -> Variable rlnt: Initial Spatial Absolute Cost (L1) (Weighted) = 9.4438
2026-05-15 14:52:04 | ectuner |     INFO -> Variable rsnt: Initial Spatial Absolute Cost (L1) (Weighted) = 7.8074
2026-05-15 14:52:04 | ectuner |     INFO -> Variable swcf: Initial Spatial Absolute Cost (L1) (Weighted) = 8.2304
2026-05-15 14:52:04 | ectuner |     INFO -> Flattening data for fast optimization...
2026-05-15 14:52:04 | ectuner |     INFO -> DEBUG: Global Bias for lwcf in optimizer: -2.7092
2026-05-15 14:52:04 | ectuner |     INFO -> DEBUG: Global Bias for net_toa in optimizer: 5.6259
2026-05-15 14:52:04 | ectuner |     INFO -> DEBUG: Global Bias for rlnt in optimizer: 6.9311
2026-05-15 14:52:04 | ectuner |     INFO -> DEBUG: Global Bias for rsnt in optimizer: -1.3053
2026-05-15 14:52:04 | ectuner |     INFO -> DEBUG: Global Bias for swcf in optimizer: 0.5056
2026-05-15 14:52:04 | ectuner |     INFO -> Starting 2D Optimization (dual_annealing)...
2026-05-15 14:57:12 | ectuner |     INFO -> Optimization finished. Final Weighted Cost (L1): Spatial=48.6091, Global=9.7023
2026-05-15 14:57:12 | ectuner |     INFO -> 
============================== GLOBAL & SPATIAL COSTS (L1) ===============================
2026-05-15 14:57:12 | ectuner |     INFO -> Variable     | Metric           |            Initial ->              Final | Status
2026-05-15 14:57:12 | ectuner |     INFO -> ------------------------------------------------------------------------------------------
2026-05-15 14:57:12 | ectuner |     INFO -> lwcf         | Global Cost|             2.7092 ->             7.8104 | WORSENED
2026-05-15 14:57:12 | ectuner |     INFO ->              | Spatial Cost  |             5.9092 ->             8.9844 | WORSENED
2026-05-15 14:57:12 | ectuner |     INFO -> ------------------------------------------------------------------------------------------
2026-05-15 14:57:12 | ectuner |     INFO -> net_toa      | Global Cost|             5.6259 ->             0.0000 | IMPROVED
2026-05-15 14:57:12 | ectuner |     INFO ->              | Spatial Cost  |             8.7339 ->             9.3923 | WORSENED
2026-05-15 14:57:12 | ectuner |     INFO -> ------------------------------------------------------------------------------------------
2026-05-15 14:57:12 | ectuner |     INFO -> rlnt         | Global Cost|             6.9311 ->             0.0055 | IMPROVED
2026-05-15 14:57:12 | ectuner |     INFO ->              | Spatial Cost  |             9.4438 ->            10.0316 | WORSENED
2026-05-15 14:57:12 | ectuner |     INFO -> ------------------------------------------------------------------------------------------
2026-05-15 14:57:12 | ectuner |     INFO -> rsnt         | Global Cost|             1.3053 ->             0.0055 | IMPROVED
2026-05-15 14:57:12 | ectuner |     INFO ->              | Spatial Cost  |             7.8074 ->             9.7455 | WORSENED
2026-05-15 14:57:12 | ectuner |     INFO -> ------------------------------------------------------------------------------------------
2026-05-15 14:57:12 | ectuner |     INFO -> swcf         | Global Cost|             0.5056 ->             1.8810 | WORSENED
2026-05-15 14:57:12 | ectuner |     INFO ->              | Spatial Cost  |             8.2304 ->            10.4553 | WORSENED
2026-05-15 14:57:12 | ectuner |     INFO -> ------------------------------------------------------------------------------------------
2026-05-15 14:57:12 | ectuner |     INFO -> Structured tuning YAML written to ../results/tuned_2d_LR/l1/all_flux_tol_nor2/alfa_100/tuned_phis_l1_a100.yml

| Parameter         |   New Value |   Old Value |      Change |   Rel. Change |   Dist. from Ref. |
|-------------------+-------------+-------------+-------------+---------------+-------------------|
| RPRCON            |  2.1412e-03 |  1.4000e-03 |  7.4119e-04 |    5.2942e-01 |        5.2942e-01 |
| ENTRORG           |  2.6810e-03 |  1.7500e-03 |  9.3095e-04 |    5.3197e-01 |        5.3197e-01 |
| DETRPEN           |  9.6090e-05 |  7.5000e-05 |  2.1090e-05 |    2.8121e-01 |        2.8121e-01 |
| ENTRDD            |  2.9915e-04 |  3.0000e-04 | -8.4700e-07 |   -2.8233e-03 |       -2.8233e-03 |
| RMFDEPS           |  1.3314e-01 |  3.0000e-01 | -1.6686e-01 |   -5.5620e-01 |       -5.5620e-01 |
| RVICE             |  1.7646e-01 |  1.3000e-01 |  4.6464e-02 |    3.5741e-01 |        3.5741e-01 |
| RLCRITSNOW        |  2.2890e-05 |  2.0000e-05 |  2.8902e-06 |    1.4451e-01 |        1.4451e-01 |
| RSNOWLIN2         |  2.1408e-02 |  3.0000e-02 | -8.5916e-03 |   -2.8639e-01 |       -2.8639e-01 |
| RCLDIFF           |  6.3009e-06 |  6.0000e-06 |  3.0087e-07 |    5.0144e-02 |        5.0144e-02 |
| RCLDIFF_CONVI     |  4.0002e+00 |  1.0000e+01 | -5.9998e+00 |   -5.9998e-01 |       -5.9998e-01 |
| RDEPLIQREFRATE    |  2.0032e-01 |  5.0000e-01 | -2.9968e-01 |   -5.9936e-01 |       -5.9936e-01 |
| RDEPLIQREFDEPTH   |  2.0017e+02 |  5.0000e+02 | -2.9983e+02 |   -5.9967e-01 |       -5.9967e-01 |
| RCL_OVERLAPLIQICE |  2.6905e-01 |  6.5000e-01 | -3.8095e-01 |   -5.8608e-01 |       -5.8608e-01 |
| RCL_INHOMOGAUT    |  1.3658e+00 |  1.5000e+00 | -1.3421e-01 |   -8.9471e-02 |       -8.9471e-02 |
| RCL_INHOMOGACC    |  2.8867e+00 |  3.0000e+00 | -1.1327e-01 |   -3.7757e-02 |       -3.7757e-02 |
| RMINICE           |  5.1659e+01 |  6.0000e+01 | -8.3415e+00 |   -1.3902e-01 |       -1.3902e-01 |
2026-05-15 14:57:12 | ectuner |     INFO -> Diagnostic maps saved to ../results/tuned_2d_LR/l1/all_flux_tol_nor2/alfa_100/diagnostics_2d_phis_Global_a10.nc
Copia del file YAML inviata a ../results/tuned_2d_LR/l1/all_flux_tol_nor2/yaml_files
