2026-05-15 14:51:27 | ectuner |     INFO -> Loading 2D Data (Sensitivity, Reference, Base)...
   > Loading reference for lwcf from: climate_average_lwcf_CERES EBAF_r180x90_2000-2024.nc
   > Loading reference for net_toa from: climate_average_net_toa_CERES EBAF_r180x90_2000-2024.nc
   > Loading reference for rlnt from: climate_average_rlnt_CERES EBAF_r180x90_2000-2024.nc
   > Flipping sign for rlnt (Obs is UP, Model is DOWN)
   > Loading reference for rsnt from: climate_average_rsnt_CERES EBAF_r180x90_2000-2024.nc
   > Loading reference for swcf from: climate_average_swcf_CERES EBAF_r180x90_2000-2024.nc
--- Loading cached base maps for phis ---
2026-05-15 14:51:28 | ectuner |     INFO -> Generating spatial weights (Area * Region)...
2026-05-15 14:51:28 | ectuner |     INFO -> Variable lwcf: Initial Spatial Absolute Cost (L1) (Weighted) = 5.9092
2026-05-15 14:51:28 | ectuner |     INFO -> Variable net_toa: Initial Spatial Absolute Cost (L1) (Weighted) = 8.7339
2026-05-15 14:51:28 | ectuner |     INFO -> Variable rlnt: Initial Spatial Absolute Cost (L1) (Weighted) = 9.4438
2026-05-15 14:51:28 | ectuner |     INFO -> Variable rsnt: Initial Spatial Absolute Cost (L1) (Weighted) = 7.8074
2026-05-15 14:51:28 | ectuner |     INFO -> Variable swcf: Initial Spatial Absolute Cost (L1) (Weighted) = 8.2304
2026-05-15 14:51:28 | ectuner |     INFO -> Flattening data for fast optimization...
2026-05-15 14:51:28 | ectuner |     INFO -> DEBUG: Global Bias for lwcf in optimizer: -2.7092
2026-05-15 14:51:28 | ectuner |     INFO -> DEBUG: Global Bias for net_toa in optimizer: 5.6259
2026-05-15 14:51:28 | ectuner |     INFO -> DEBUG: Global Bias for rlnt in optimizer: 6.9311
2026-05-15 14:51:28 | ectuner |     INFO -> DEBUG: Global Bias for rsnt in optimizer: -1.3053
2026-05-15 14:51:28 | ectuner |     INFO -> DEBUG: Global Bias for swcf in optimizer: 0.5056
2026-05-15 14:51:28 | ectuner |     INFO -> Starting 2D Optimization (dual_annealing)...
2026-05-15 15:02:00 | ectuner |     INFO -> Optimization finished. Final Weighted Cost (L1): Spatial=37.6885, Global=13.5132
2026-05-15 15:02:00 | ectuner |     INFO -> 
============================== GLOBAL & SPATIAL COSTS (L1) ===============================
2026-05-15 15:02:00 | ectuner |     INFO -> Variable     | Metric           |            Initial ->              Final | Status
2026-05-15 15:02:00 | ectuner |     INFO -> ------------------------------------------------------------------------------------------
2026-05-15 15:02:00 | ectuner |     INFO -> lwcf         | Global Cost|             2.7092 ->             6.2557 | WORSENED
2026-05-15 15:02:00 | ectuner |     INFO ->              | Spatial Cost  |             5.9092 ->             6.9279 | WORSENED
2026-05-15 15:02:00 | ectuner |     INFO -> ------------------------------------------------------------------------------------------
2026-05-15 15:02:00 | ectuner |     INFO -> net_toa      | Global Cost|             5.6259 ->             1.7164 | IMPROVED
2026-05-15 15:02:00 | ectuner |     INFO ->              | Spatial Cost  |             8.7339 ->             7.1562 | IMPROVED
2026-05-15 15:02:00 | ectuner |     INFO -> ------------------------------------------------------------------------------------------
2026-05-15 15:02:00 | ectuner |     INFO -> rlnt         | Global Cost|             6.9311 ->             3.6287 | IMPROVED
2026-05-15 15:02:00 | ectuner |     INFO ->              | Spatial Cost  |             9.4438 ->             7.2645 | IMPROVED
2026-05-15 15:02:00 | ectuner |     INFO -> ------------------------------------------------------------------------------------------
2026-05-15 15:02:00 | ectuner |     INFO -> rsnt         | Global Cost|             1.3053 ->             1.9123 | WORSENED
2026-05-15 15:02:00 | ectuner |     INFO ->              | Spatial Cost  |             7.8074 ->             7.9427 | WORSENED
2026-05-15 15:02:00 | ectuner |     INFO -> ------------------------------------------------------------------------------------------
2026-05-15 15:02:00 | ectuner |     INFO -> swcf         | Global Cost|             0.5056 ->             0.0000 | IMPROVED
2026-05-15 15:02:00 | ectuner |     INFO ->              | Spatial Cost  |             8.2304 ->             8.3972 | WORSENED
2026-05-15 15:02:00 | ectuner |     INFO -> ------------------------------------------------------------------------------------------
2026-05-15 15:02:00 | ectuner |     INFO -> Structured tuning YAML written to ../results/tuned_2d_LR/l1/all_flux_tol_nor2/alfa_050/tuned_phis_l1_a050.yml

| Parameter         |   New Value |   Old Value |      Change |   Rel. Change |   Dist. from Ref. |
|-------------------+-------------+-------------+-------------+---------------+-------------------|
| RPRCON            |  1.4989e-03 |  1.4000e-03 |  9.8880e-05 |    7.0628e-02 |        7.0628e-02 |
| ENTRORG           |  1.4269e-03 |  1.7500e-03 | -3.2305e-04 |   -1.8460e-01 |       -1.8460e-01 |
| DETRPEN           |  1.1980e-04 |  7.5000e-05 |  4.4805e-05 |    5.9740e-01 |        5.9740e-01 |
| ENTRDD            |  1.9442e-04 |  3.0000e-04 | -1.0558e-04 |   -3.5194e-01 |       -3.5194e-01 |
| RMFDEPS           |  3.3780e-01 |  3.0000e-01 |  3.7800e-02 |    1.2600e-01 |        1.2600e-01 |
| RVICE             |  2.0791e-01 |  1.3000e-01 |  7.7909e-02 |    5.9930e-01 |        5.9930e-01 |
| RLCRITSNOW        |  1.1065e-05 |  2.0000e-05 | -8.9351e-06 |   -4.4676e-01 |       -4.4676e-01 |
| RSNOWLIN2         |  1.9860e-02 |  3.0000e-02 | -1.0140e-02 |   -3.3799e-01 |       -3.3799e-01 |
| RCLDIFF           |  2.4001e-06 |  6.0000e-06 | -3.5999e-06 |   -5.9998e-01 |       -5.9998e-01 |
| RCLDIFF_CONVI     |  6.9483e+00 |  1.0000e+01 | -3.0517e+00 |   -3.0517e-01 |       -3.0517e-01 |
| RDEPLIQREFRATE    |  6.1791e-01 |  5.0000e-01 |  1.1791e-01 |    2.3582e-01 |        2.3582e-01 |
| RDEPLIQREFDEPTH   |  4.0886e+02 |  5.0000e+02 | -9.1140e+01 |   -1.8228e-01 |       -1.8228e-01 |
| RCL_OVERLAPLIQICE |  4.0019e-01 |  6.5000e-01 | -2.4981e-01 |   -3.8433e-01 |       -3.8433e-01 |
| RCL_INHOMOGAUT    |  1.1641e+00 |  1.5000e+00 | -3.3591e-01 |   -2.2394e-01 |       -2.2394e-01 |
| RCL_INHOMOGACC    |  2.3061e+00 |  3.0000e+00 | -6.9388e-01 |   -2.3129e-01 |       -2.3129e-01 |
| RMINICE           |  5.0804e+01 |  6.0000e+01 | -9.1963e+00 |   -1.5327e-01 |       -1.5327e-01 |
2026-05-15 15:02:00 | ectuner |     INFO -> Diagnostic maps saved to ../results/tuned_2d_LR/l1/all_flux_tol_nor2/alfa_050/diagnostics_2d_phis_Global_a05.nc
Copia del file YAML inviata a ../results/tuned_2d_LR/l1/all_flux_tol_nor2/yaml_files
