2026-05-15 14:52:03 | ectuner |     INFO -> Loading 2D Data (Sensitivity, Reference, Base)...
   > Loading reference for lwcf from: climate_average_lwcf_CERES EBAF_r180x90_2000-2024.nc
   > Loading reference for net_toa from: climate_average_net_toa_CERES EBAF_r180x90_2000-2024.nc
   > Loading reference for rlnt from: climate_average_rlnt_CERES EBAF_r180x90_2000-2024.nc
   > Flipping sign for rlnt (Obs is UP, Model is DOWN)
   > Loading reference for rsnt from: climate_average_rsnt_CERES EBAF_r180x90_2000-2024.nc
   > Loading reference for swcf from: climate_average_swcf_CERES EBAF_r180x90_2000-2024.nc
--- Loading cached base maps for phis ---
2026-05-15 14:52:04 | ectuner |     INFO -> Generating spatial weights (Area * Region)...
2026-05-15 14:52:04 | ectuner |     INFO -> Variable lwcf: Initial Spatial Absolute Cost (L1) (Weighted) = 5.9092
2026-05-15 14:52:04 | ectuner |     INFO -> Variable net_toa: Initial Spatial Absolute Cost (L1) (Weighted) = 8.7339
2026-05-15 14:52:04 | ectuner |     INFO -> Variable rlnt: Initial Spatial Absolute Cost (L1) (Weighted) = 9.4438
2026-05-15 14:52:04 | ectuner |     INFO -> Variable rsnt: Initial Spatial Absolute Cost (L1) (Weighted) = 7.8074
2026-05-15 14:52:04 | ectuner |     INFO -> Variable swcf: Initial Spatial Absolute Cost (L1) (Weighted) = 8.2304
2026-05-15 14:52:04 | ectuner |     INFO -> Flattening data for fast optimization...
2026-05-15 14:52:04 | ectuner |     INFO -> DEBUG: Global Bias for lwcf in optimizer: -2.7092
2026-05-15 14:52:04 | ectuner |     INFO -> DEBUG: Global Bias for net_toa in optimizer: 5.6259
2026-05-15 14:52:04 | ectuner |     INFO -> DEBUG: Global Bias for rlnt in optimizer: 6.9311
2026-05-15 14:52:04 | ectuner |     INFO -> DEBUG: Global Bias for rsnt in optimizer: -1.3053
2026-05-15 14:52:04 | ectuner |     INFO -> DEBUG: Global Bias for swcf in optimizer: 0.5056
2026-05-15 14:52:04 | ectuner |     INFO -> Starting 2D Optimization (dual_annealing)...
2026-05-15 14:57:34 | ectuner |     INFO -> Optimization finished. Final Weighted Cost (L1): Spatial=47.6508, Global=9.5835
2026-05-15 14:57:35 | ectuner |     INFO -> 
============================== GLOBAL & SPATIAL COSTS (L1) ===============================
2026-05-15 14:57:35 | ectuner |     INFO -> Variable     | Metric           |            Initial ->              Final | Status
2026-05-15 14:57:35 | ectuner |     INFO -> ------------------------------------------------------------------------------------------
2026-05-15 14:57:35 | ectuner |     INFO -> lwcf         | Global Cost|             2.7092 ->             7.4857 | WORSENED
2026-05-15 14:57:35 | ectuner |     INFO ->              | Spatial Cost  |             5.9092 ->             8.7629 | WORSENED
2026-05-15 14:57:35 | ectuner |     INFO -> ------------------------------------------------------------------------------------------
2026-05-15 14:57:35 | ectuner |     INFO -> net_toa      | Global Cost|             5.6259 ->             0.0000 | IMPROVED
2026-05-15 14:57:35 | ectuner |     INFO ->              | Spatial Cost  |             8.7339 ->             9.3745 | WORSENED
2026-05-15 14:57:35 | ectuner |     INFO -> ------------------------------------------------------------------------------------------
2026-05-15 14:57:35 | ectuner |     INFO -> rlnt         | Global Cost|             6.9311 ->             0.2124 | IMPROVED
2026-05-15 14:57:35 | ectuner |     INFO ->              | Spatial Cost  |             9.4438 ->             9.8840 | WORSENED
2026-05-15 14:57:35 | ectuner |     INFO -> ------------------------------------------------------------------------------------------
2026-05-15 14:57:35 | ectuner |     INFO -> rsnt         | Global Cost|             1.3053 ->             0.2124 | IMPROVED
2026-05-15 14:57:35 | ectuner |     INFO ->              | Spatial Cost  |             7.8074 ->             9.5253 | WORSENED
2026-05-15 14:57:35 | ectuner |     INFO -> ------------------------------------------------------------------------------------------
2026-05-15 14:57:35 | ectuner |     INFO -> swcf         | Global Cost|             0.5056 ->             1.6730 | WORSENED
2026-05-15 14:57:35 | ectuner |     INFO ->              | Spatial Cost  |             8.2304 ->            10.1040 | WORSENED
2026-05-15 14:57:35 | ectuner |     INFO -> ------------------------------------------------------------------------------------------
2026-05-15 14:57:35 | ectuner |     INFO -> Structured tuning YAML written to ../results/tuned_2d_LR/l1/all_flux_tol_nor2/alfa_099/tuned_phis_l1_a099.yml

| Parameter         |   New Value |   Old Value |      Change |   Rel. Change |   Dist. from Ref. |
|-------------------+-------------+-------------+-------------+---------------+-------------------|
| RPRCON            |  2.2392e-03 |  1.4000e-03 |  8.3922e-04 |    5.9945e-01 |        5.9945e-01 |
| ENTRORG           |  2.5547e-03 |  1.7500e-03 |  8.0471e-04 |    4.5984e-01 |        4.5984e-01 |
| DETRPEN           |  7.0696e-05 |  7.5000e-05 | -4.3042e-06 |   -5.7390e-02 |       -5.7390e-02 |
| ENTRDD            |  2.9865e-04 |  3.0000e-04 | -1.3545e-06 |   -4.5151e-03 |       -4.5151e-03 |
| RMFDEPS           |  2.3640e-01 |  3.0000e-01 | -6.3604e-02 |   -2.1201e-01 |       -2.1201e-01 |
| RVICE             |  2.0516e-01 |  1.3000e-01 |  7.5155e-02 |    5.7812e-01 |        5.7812e-01 |
| RLCRITSNOW        |  2.9665e-05 |  2.0000e-05 |  9.6650e-06 |    4.8325e-01 |        4.8325e-01 |
| RSNOWLIN2         |  1.3842e-02 |  3.0000e-02 | -1.6158e-02 |   -5.3859e-01 |       -5.3859e-01 |
| RCLDIFF           |  2.5106e-06 |  6.0000e-06 | -3.4894e-06 |   -5.8157e-01 |       -5.8157e-01 |
| RCLDIFF_CONVI     |  4.5460e+00 |  1.0000e+01 | -5.4540e+00 |   -5.4540e-01 |       -5.4540e-01 |
| RDEPLIQREFRATE    |  2.4079e-01 |  5.0000e-01 | -2.5921e-01 |   -5.1843e-01 |       -5.1843e-01 |
| RDEPLIQREFDEPTH   |  2.0230e+02 |  5.0000e+02 | -2.9770e+02 |   -5.9541e-01 |       -5.9541e-01 |
| RCL_OVERLAPLIQICE |  3.7075e-01 |  6.5000e-01 | -2.7925e-01 |   -4.2961e-01 |       -4.2961e-01 |
| RCL_INHOMOGAUT    |  6.0545e-01 |  1.5000e+00 | -8.9455e-01 |   -5.9637e-01 |       -5.9637e-01 |
| RCL_INHOMOGACC    |  3.4795e+00 |  3.0000e+00 |  4.7954e-01 |    1.5985e-01 |        1.5985e-01 |
| RMINICE           |  2.4002e+01 |  6.0000e+01 | -3.5998e+01 |   -5.9997e-01 |       -5.9997e-01 |
2026-05-15 14:57:35 | ectuner |     INFO -> Diagnostic maps saved to ../results/tuned_2d_LR/l1/all_flux_tol_nor2/alfa_099/diagnostics_2d_phis_Global_a099.nc
Copia del file YAML inviata a ../results/tuned_2d_LR/l1/all_flux_tol_nor2/yaml_files
