2026-05-15 14:51:27 | ectuner |     INFO -> Loading 2D Data (Sensitivity, Reference, Base)...
   > Loading reference for lwcf from: climate_average_lwcf_CERES EBAF_r180x90_2000-2024.nc
   > Loading reference for net_toa from: climate_average_net_toa_CERES EBAF_r180x90_2000-2024.nc
   > Loading reference for rlnt from: climate_average_rlnt_CERES EBAF_r180x90_2000-2024.nc
   > Flipping sign for rlnt (Obs is UP, Model is DOWN)
   > Loading reference for rsnt from: climate_average_rsnt_CERES EBAF_r180x90_2000-2024.nc
   > Loading reference for swcf from: climate_average_swcf_CERES EBAF_r180x90_2000-2024.nc
--- Loading cached base maps for phis ---
2026-05-15 14:51:27 | ectuner |     INFO -> Generating spatial weights (Area * Region)...
2026-05-15 14:51:27 | ectuner |     INFO -> Variable lwcf: Initial Spatial Absolute Cost (L1) (Weighted) = 5.9092
2026-05-15 14:51:27 | ectuner |     INFO -> Variable net_toa: Initial Spatial Absolute Cost (L1) (Weighted) = 8.7339
2026-05-15 14:51:28 | ectuner |     INFO -> Variable rlnt: Initial Spatial Absolute Cost (L1) (Weighted) = 9.4438
2026-05-15 14:51:28 | ectuner |     INFO -> Variable rsnt: Initial Spatial Absolute Cost (L1) (Weighted) = 7.8074
2026-05-15 14:51:28 | ectuner |     INFO -> Variable swcf: Initial Spatial Absolute Cost (L1) (Weighted) = 8.2304
2026-05-15 14:51:28 | ectuner |     INFO -> Flattening data for fast optimization...
2026-05-15 14:51:28 | ectuner |     INFO -> DEBUG: Global Bias for lwcf in optimizer: -2.7092
2026-05-15 14:51:28 | ectuner |     INFO -> DEBUG: Global Bias for net_toa in optimizer: 5.6259
2026-05-15 14:51:28 | ectuner |     INFO -> DEBUG: Global Bias for rlnt in optimizer: 6.9311
2026-05-15 14:51:28 | ectuner |     INFO -> DEBUG: Global Bias for rsnt in optimizer: -1.3053
2026-05-15 14:51:28 | ectuner |     INFO -> DEBUG: Global Bias for swcf in optimizer: 0.5056
2026-05-15 14:51:28 | ectuner |     INFO -> Starting 2D Optimization (dual_annealing)...
2026-05-15 14:56:56 | ectuner |     INFO -> Optimization finished. Final Weighted Cost (L1): Spatial=36.6810, Global=15.1985
2026-05-15 14:56:56 | ectuner |     INFO -> 
============================== GLOBAL & SPATIAL COSTS (L1) ===============================
2026-05-15 14:56:56 | ectuner |     INFO -> Variable     | Metric           |            Initial ->              Final | Status
2026-05-15 14:56:56 | ectuner |     INFO -> ------------------------------------------------------------------------------------------
2026-05-15 14:56:56 | ectuner |     INFO -> lwcf         | Global Cost|             2.7092 ->             5.4508 | WORSENED
2026-05-15 14:56:56 | ectuner |     INFO ->              | Spatial Cost  |             5.9092 ->             6.3420 | WORSENED
2026-05-15 14:56:56 | ectuner |     INFO -> ------------------------------------------------------------------------------------------
2026-05-15 14:56:56 | ectuner |     INFO -> net_toa      | Global Cost|             5.6259 ->             3.2986 | IMPROVED
2026-05-15 14:56:56 | ectuner |     INFO ->              | Spatial Cost  |             8.7339 ->             7.2496 | IMPROVED
2026-05-15 14:56:56 | ectuner |     INFO -> ------------------------------------------------------------------------------------------
2026-05-15 14:56:56 | ectuner |     INFO -> rlnt         | Global Cost|             6.9311 ->             4.5313 | IMPROVED
2026-05-15 14:56:56 | ectuner |     INFO ->              | Spatial Cost  |             9.4438 ->             7.4047 | IMPROVED
2026-05-15 14:56:56 | ectuner |     INFO -> ------------------------------------------------------------------------------------------
2026-05-15 14:56:56 | ectuner |     INFO -> rsnt         | Global Cost|             1.3053 ->             1.2328 | IMPROVED
2026-05-15 14:56:56 | ectuner |     INFO ->              | Spatial Cost  |             7.8074 ->             7.5986 | IMPROVED
2026-05-15 14:56:56 | ectuner |     INFO -> ------------------------------------------------------------------------------------------
2026-05-15 14:56:56 | ectuner |     INFO -> swcf         | Global Cost|             0.5056 ->             0.6851 | WORSENED
2026-05-15 14:56:56 | ectuner |     INFO ->              | Spatial Cost  |             8.2304 ->             8.0861 | IMPROVED
2026-05-15 14:56:56 | ectuner |     INFO -> ------------------------------------------------------------------------------------------
2026-05-15 14:56:56 | ectuner |     INFO -> Structured tuning YAML written to ../results/tuned_2d_LR/l1/all_flux_tol_nor2/alfa_020/tuned_phis_l1_a020.yml

| Parameter         |   New Value |   Old Value |      Change |   Rel. Change |   Dist. from Ref. |
|-------------------+-------------+-------------+-------------+---------------+-------------------|
| RPRCON            |  1.3644e-03 |  1.4000e-03 | -3.5585e-05 |   -2.5418e-02 |       -2.5418e-02 |
| ENTRORG           |  1.4931e-03 |  1.7500e-03 | -2.5690e-04 |   -1.4680e-01 |       -1.4680e-01 |
| DETRPEN           |  1.1384e-04 |  7.5000e-05 |  3.8842e-05 |    5.1789e-01 |        5.1789e-01 |
| ENTRDD            |  2.2338e-04 |  3.0000e-04 | -7.6619e-05 |   -2.5540e-01 |       -2.5540e-01 |
| RMFDEPS           |  3.8046e-01 |  3.0000e-01 |  8.0457e-02 |    2.6819e-01 |        2.6819e-01 |
| RVICE             |  2.0784e-01 |  1.3000e-01 |  7.7837e-02 |    5.9875e-01 |        5.9875e-01 |
| RLCRITSNOW        |  1.6310e-05 |  2.0000e-05 | -3.6904e-06 |   -1.8452e-01 |       -1.8452e-01 |
| RSNOWLIN2         |  1.8564e-02 |  3.0000e-02 | -1.1436e-02 |   -3.8121e-01 |       -3.8121e-01 |
| RCLDIFF           |  3.4635e-06 |  6.0000e-06 | -2.5365e-06 |   -4.2275e-01 |       -4.2275e-01 |
| RCLDIFF_CONVI     |  9.0251e+00 |  1.0000e+01 | -9.7491e-01 |   -9.7491e-02 |       -9.7491e-02 |
| RDEPLIQREFRATE    |  6.2381e-01 |  5.0000e-01 |  1.2381e-01 |    2.4763e-01 |        2.4763e-01 |
| RDEPLIQREFDEPTH   |  4.5810e+02 |  5.0000e+02 | -4.1896e+01 |   -8.3792e-02 |       -8.3792e-02 |
| RCL_OVERLAPLIQICE |  5.0768e-01 |  6.5000e-01 | -1.4232e-01 |   -2.1896e-01 |       -2.1896e-01 |
| RCL_INHOMOGAUT    |  1.4327e+00 |  1.5000e+00 | -6.7270e-02 |   -4.4847e-02 |       -4.4847e-02 |
| RCL_INHOMOGACC    |  2.8526e+00 |  3.0000e+00 | -1.4741e-01 |   -4.9136e-02 |       -4.9136e-02 |
| RMINICE           |  4.6430e+01 |  6.0000e+01 | -1.3570e+01 |   -2.2617e-01 |       -2.2617e-01 |
2026-05-15 14:56:57 | ectuner |     INFO -> Diagnostic maps saved to ../results/tuned_2d_LR/l1/all_flux_tol_nor2/alfa_020/diagnostics_2d_phis_Global_a02.nc
Copia del file YAML inviata a ../results/tuned_2d_LR/l1/all_flux_tol_nor2/yaml_files
