2026-05-15 14:51:51 | ectuner |     INFO -> Loading 2D Data (Sensitivity, Reference, Base)...
   > Loading reference for lwcf from: climate_average_lwcf_CERES EBAF_r180x90_2000-2024.nc
   > Loading reference for net_toa from: climate_average_net_toa_CERES EBAF_r180x90_2000-2024.nc
   > Loading reference for rlnt from: climate_average_rlnt_CERES EBAF_r180x90_2000-2024.nc
   > Flipping sign for rlnt (Obs is UP, Model is DOWN)
   > Loading reference for rsnt from: climate_average_rsnt_CERES EBAF_r180x90_2000-2024.nc
   > Loading reference for swcf from: climate_average_swcf_CERES EBAF_r180x90_2000-2024.nc
--- Loading cached base maps for phis ---
2026-05-15 14:51:51 | ectuner |     INFO -> Generating spatial weights (Area * Region)...
2026-05-15 14:51:52 | ectuner |     INFO -> Variable lwcf: Initial Spatial Absolute Cost (L1) (Weighted) = 5.9092
2026-05-15 14:51:52 | ectuner |     INFO -> Variable net_toa: Initial Spatial Absolute Cost (L1) (Weighted) = 8.7339
2026-05-15 14:51:52 | ectuner |     INFO -> Variable rlnt: Initial Spatial Absolute Cost (L1) (Weighted) = 9.4438
2026-05-15 14:51:52 | ectuner |     INFO -> Variable rsnt: Initial Spatial Absolute Cost (L1) (Weighted) = 7.8074
2026-05-15 14:51:52 | ectuner |     INFO -> Variable swcf: Initial Spatial Absolute Cost (L1) (Weighted) = 8.2304
2026-05-15 14:51:52 | ectuner |     INFO -> Flattening data for fast optimization...
2026-05-15 14:51:52 | ectuner |     INFO -> DEBUG: Global Bias for lwcf in optimizer: -2.7092
2026-05-15 14:51:52 | ectuner |     INFO -> DEBUG: Global Bias for net_toa in optimizer: 5.6259
2026-05-15 14:51:52 | ectuner |     INFO -> DEBUG: Global Bias for rlnt in optimizer: 6.9311
2026-05-15 14:51:52 | ectuner |     INFO -> DEBUG: Global Bias for rsnt in optimizer: -1.3053
2026-05-15 14:51:52 | ectuner |     INFO -> DEBUG: Global Bias for swcf in optimizer: 0.5056
2026-05-15 14:51:52 | ectuner |     INFO -> Starting 2D Optimization (dual_annealing)...
2026-05-15 14:55:37 | ectuner |     INFO -> Optimization finished. Final Weighted Cost (L1): Spatial=42.7600, Global=10.8212
2026-05-15 14:55:37 | ectuner |     INFO -> 
============================== GLOBAL & SPATIAL COSTS (L1) ===============================
2026-05-15 14:55:37 | ectuner |     INFO -> Variable     | Metric           |            Initial ->              Final | Status
2026-05-15 14:55:37 | ectuner |     INFO -> ------------------------------------------------------------------------------------------
2026-05-15 14:55:37 | ectuner |     INFO -> lwcf         | Global Cost|             2.7092 ->             6.9056 | WORSENED
2026-05-15 14:55:37 | ectuner |     INFO ->              | Spatial Cost  |             5.9092 ->             7.7755 | WORSENED
2026-05-15 14:55:37 | ectuner |     INFO -> ------------------------------------------------------------------------------------------
2026-05-15 14:55:37 | ectuner |     INFO -> net_toa      | Global Cost|             5.6259 ->             0.0000 | IMPROVED
2026-05-15 14:55:37 | ectuner |     INFO ->              | Spatial Cost  |             8.7339 ->             8.5317 | IMPROVED
2026-05-15 14:55:37 | ectuner |     INFO -> ------------------------------------------------------------------------------------------
2026-05-15 14:55:37 | ectuner |     INFO -> rlnt         | Global Cost|             6.9311 ->             1.9578 | IMPROVED
2026-05-15 14:55:37 | ectuner |     INFO ->              | Spatial Cost  |             9.4438 ->             8.1035 | IMPROVED
2026-05-15 14:55:37 | ectuner |     INFO -> ------------------------------------------------------------------------------------------
2026-05-15 14:55:37 | ectuner |     INFO -> rsnt         | Global Cost|             1.3053 ->             1.9578 | WORSENED
2026-05-15 14:55:37 | ectuner |     INFO ->              | Spatial Cost  |             7.8074 ->             8.9478 | WORSENED
2026-05-15 14:55:37 | ectuner |     INFO -> ------------------------------------------------------------------------------------------
2026-05-15 14:55:37 | ectuner |     INFO -> swcf         | Global Cost|             0.5056 ->             0.0000 | IMPROVED
2026-05-15 14:55:37 | ectuner |     INFO ->              | Spatial Cost  |             8.2304 ->             9.4015 | WORSENED
2026-05-15 14:55:37 | ectuner |     INFO -> ------------------------------------------------------------------------------------------
2026-05-15 14:55:37 | ectuner |     INFO -> Structured tuning YAML written to ../results/tuned_2d_LR/l1/all_flux_tol_nor2/alfa_080/tuned_phis_l1_a080.yml

| Parameter         |   New Value |   Old Value |      Change |   Rel. Change |   Dist. from Ref. |
|-------------------+-------------+-------------+-------------+---------------+-------------------|
| RPRCON            |  2.2346e-03 |  1.4000e-03 |  8.3457e-04 |    5.9612e-01 |        5.9612e-01 |
| ENTRORG           |  1.8024e-03 |  1.7500e-03 |  5.2356e-05 |    2.9918e-02 |        2.9918e-02 |
| DETRPEN           |  6.5800e-05 |  7.5000e-05 | -9.1995e-06 |   -1.2266e-01 |       -1.2266e-01 |
| ENTRDD            |  2.8769e-04 |  3.0000e-04 | -1.2307e-05 |   -4.1023e-02 |       -4.1023e-02 |
| RMFDEPS           |  3.1902e-01 |  3.0000e-01 |  1.9016e-02 |    6.3388e-02 |        6.3388e-02 |
| RVICE             |  2.0427e-01 |  1.3000e-01 |  7.4269e-02 |    5.7130e-01 |        5.7130e-01 |
| RLCRITSNOW        |  1.8453e-05 |  2.0000e-05 | -1.5475e-06 |   -7.7373e-02 |       -7.7373e-02 |
| RSNOWLIN2         |  3.4654e-02 |  3.0000e-02 |  4.6542e-03 |    1.5514e-01 |        1.5514e-01 |
| RCLDIFF           |  4.7205e-06 |  6.0000e-06 | -1.2795e-06 |   -2.1325e-01 |       -2.1325e-01 |
| RCLDIFF_CONVI     |  5.0505e+00 |  1.0000e+01 | -4.9495e+00 |   -4.9495e-01 |       -4.9495e-01 |
| RDEPLIQREFRATE    |  5.7771e-01 |  5.0000e-01 |  7.7707e-02 |    1.5541e-01 |        1.5541e-01 |
| RDEPLIQREFDEPTH   |  4.5367e+02 |  5.0000e+02 | -4.6334e+01 |   -9.2668e-02 |       -9.2668e-02 |
| RCL_OVERLAPLIQICE |  3.7630e-01 |  6.5000e-01 | -2.7370e-01 |   -4.2108e-01 |       -4.2108e-01 |
| RCL_INHOMOGAUT    |  1.0714e+00 |  1.5000e+00 | -4.2862e-01 |   -2.8574e-01 |       -2.8574e-01 |
| RCL_INHOMOGACC    |  1.2315e+00 |  3.0000e+00 | -1.7685e+00 |   -5.8949e-01 |       -5.8949e-01 |
| RMINICE           |  5.8885e+01 |  6.0000e+01 | -1.1150e+00 |   -1.8583e-02 |       -1.8583e-02 |
2026-05-15 14:55:38 | ectuner |     INFO -> Diagnostic maps saved to ../results/tuned_2d_LR/l1/all_flux_tol_nor2/alfa_080/diagnostics_2d_phis_Global_a08.nc
Copia del file YAML inviata a ../results/tuned_2d_LR/l1/all_flux_tol_nor2/yaml_files
