2026-05-15 14:51:28 | ectuner |     INFO -> Loading 2D Data (Sensitivity, Reference, Base)...
   > Loading reference for lwcf from: climate_average_lwcf_CERES EBAF_r180x90_2000-2024.nc
   > Loading reference for net_toa from: climate_average_net_toa_CERES EBAF_r180x90_2000-2024.nc
   > Loading reference for rlnt from: climate_average_rlnt_CERES EBAF_r180x90_2000-2024.nc
   > Flipping sign for rlnt (Obs is UP, Model is DOWN)
   > Loading reference for rsnt from: climate_average_rsnt_CERES EBAF_r180x90_2000-2024.nc
   > Loading reference for swcf from: climate_average_swcf_CERES EBAF_r180x90_2000-2024.nc
--- Loading cached base maps for phis ---
2026-05-15 14:51:29 | ectuner |     INFO -> Generating spatial weights (Area * Region)...
2026-05-15 14:51:29 | ectuner |     INFO -> Variable lwcf: Initial Spatial Absolute Cost (L1) (Weighted) = 5.9092
2026-05-15 14:51:29 | ectuner |     INFO -> Variable net_toa: Initial Spatial Absolute Cost (L1) (Weighted) = 8.7339
2026-05-15 14:51:29 | ectuner |     INFO -> Variable rlnt: Initial Spatial Absolute Cost (L1) (Weighted) = 9.4438
2026-05-15 14:51:29 | ectuner |     INFO -> Variable rsnt: Initial Spatial Absolute Cost (L1) (Weighted) = 7.8074
2026-05-15 14:51:29 | ectuner |     INFO -> Variable swcf: Initial Spatial Absolute Cost (L1) (Weighted) = 8.2304
2026-05-15 14:51:29 | ectuner |     INFO -> Flattening data for fast optimization...
2026-05-15 14:51:29 | ectuner |     INFO -> DEBUG: Global Bias for lwcf in optimizer: -2.7092
2026-05-15 14:51:29 | ectuner |     INFO -> DEBUG: Global Bias for net_toa in optimizer: 5.6259
2026-05-15 14:51:29 | ectuner |     INFO -> DEBUG: Global Bias for rlnt in optimizer: 6.9311
2026-05-15 14:51:29 | ectuner |     INFO -> DEBUG: Global Bias for rsnt in optimizer: -1.3053
2026-05-15 14:51:29 | ectuner |     INFO -> DEBUG: Global Bias for swcf in optimizer: 0.5056
2026-05-15 14:51:29 | ectuner |     INFO -> Starting 2D Optimization (dual_annealing)...
2026-05-15 14:58:48 | ectuner |     INFO -> Optimization finished. Final Weighted Cost (L1): Spatial=37.2770, Global=13.9215
2026-05-15 14:58:48 | ectuner |     INFO -> 
============================== GLOBAL & SPATIAL COSTS (L1) ===============================
2026-05-15 14:58:48 | ectuner |     INFO -> Variable     | Metric           |            Initial ->              Final | Status
2026-05-15 14:58:48 | ectuner |     INFO -> ------------------------------------------------------------------------------------------
2026-05-15 14:58:48 | ectuner |     INFO -> lwcf         | Global Cost|             2.7092 ->             5.7710 | WORSENED
2026-05-15 14:58:48 | ectuner |     INFO ->              | Spatial Cost  |             5.9092 ->             6.5747 | WORSENED
2026-05-15 14:58:48 | ectuner |     INFO -> ------------------------------------------------------------------------------------------
2026-05-15 14:58:48 | ectuner |     INFO -> net_toa      | Global Cost|             5.6259 ->             2.1967 | IMPROVED
2026-05-15 14:58:48 | ectuner |     INFO ->              | Spatial Cost  |             8.7339 ->             7.2059 | IMPROVED
2026-05-15 14:58:48 | ectuner |     INFO -> ------------------------------------------------------------------------------------------
2026-05-15 14:58:48 | ectuner |     INFO -> rlnt         | Global Cost|             6.9311 ->             4.0385 | IMPROVED
2026-05-15 14:58:48 | ectuner |     INFO ->              | Spatial Cost  |             9.4438 ->             7.3868 | IMPROVED
2026-05-15 14:58:48 | ectuner |     INFO -> ------------------------------------------------------------------------------------------
2026-05-15 14:58:48 | ectuner |     INFO -> rsnt         | Global Cost|             1.3053 ->             1.8419 | WORSENED
2026-05-15 14:58:48 | ectuner |     INFO ->              | Spatial Cost  |             7.8074 ->             7.8322 | WORSENED
2026-05-15 14:58:48 | ectuner |     INFO -> ------------------------------------------------------------------------------------------
2026-05-15 14:58:48 | ectuner |     INFO -> swcf         | Global Cost|             0.5056 ->             0.0734 | IMPROVED
2026-05-15 14:58:48 | ectuner |     INFO ->              | Spatial Cost  |             8.2304 ->             8.2775 | WORSENED
2026-05-15 14:58:48 | ectuner |     INFO -> ------------------------------------------------------------------------------------------
2026-05-15 14:58:48 | ectuner |     INFO -> Structured tuning YAML written to ../results/tuned_2d_LR/l1/all_flux_tol_nor2/alfa_040/tuned_phis_l1_a040.yml

| Parameter         |   New Value |   Old Value |      Change |   Rel. Change |   Dist. from Ref. |
|-------------------+-------------+-------------+-------------+---------------+-------------------|
| RPRCON            |  1.4508e-03 |  1.4000e-03 |  5.0846e-05 |    3.6318e-02 |        3.6318e-02 |
| ENTRORG           |  1.5866e-03 |  1.7500e-03 | -1.6337e-04 |   -9.3354e-02 |       -9.3354e-02 |
| DETRPEN           |  1.1566e-04 |  7.5000e-05 |  4.0658e-05 |    5.4210e-01 |        5.4210e-01 |
| ENTRDD            |  1.9350e-04 |  3.0000e-04 | -1.0650e-04 |   -3.5500e-01 |       -3.5500e-01 |
| RMFDEPS           |  3.6242e-01 |  3.0000e-01 |  6.2421e-02 |    2.0807e-01 |        2.0807e-01 |
| RVICE             |  2.0780e-01 |  1.3000e-01 |  7.7797e-02 |    5.9844e-01 |        5.9844e-01 |
| RLCRITSNOW        |  1.4944e-05 |  2.0000e-05 | -5.0558e-06 |   -2.5279e-01 |       -2.5279e-01 |
| RSNOWLIN2         |  1.9544e-02 |  3.0000e-02 | -1.0456e-02 |   -3.4854e-01 |       -3.4854e-01 |
| RCLDIFF           |  3.1657e-06 |  6.0000e-06 | -2.8343e-06 |   -4.7238e-01 |       -4.7238e-01 |
| RCLDIFF_CONVI     |  7.7451e+00 |  1.0000e+01 | -2.2549e+00 |   -2.2549e-01 |       -2.2549e-01 |
| RDEPLIQREFRATE    |  6.1740e-01 |  5.0000e-01 |  1.1740e-01 |    2.3481e-01 |        2.3481e-01 |
| RDEPLIQREFDEPTH   |  4.2672e+02 |  5.0000e+02 | -7.3278e+01 |   -1.4656e-01 |       -1.4656e-01 |
| RCL_OVERLAPLIQICE |  4.4110e-01 |  6.5000e-01 | -2.0890e-01 |   -3.2138e-01 |       -3.2138e-01 |
| RCL_INHOMOGAUT    |  1.2322e+00 |  1.5000e+00 | -2.6780e-01 |   -1.7853e-01 |       -1.7853e-01 |
| RCL_INHOMOGACC    |  2.7229e+00 |  3.0000e+00 | -2.7713e-01 |   -9.2378e-02 |       -9.2378e-02 |
| RMINICE           |  4.8122e+01 |  6.0000e+01 | -1.1878e+01 |   -1.9797e-01 |       -1.9797e-01 |
2026-05-15 14:58:48 | ectuner |     INFO -> Diagnostic maps saved to ../results/tuned_2d_LR/l1/all_flux_tol_nor2/alfa_040/diagnostics_2d_phis_Global_a04.nc
Copia del file YAML inviata a ../results/tuned_2d_LR/l1/all_flux_tol_nor2/yaml_files
