2026-05-15 14:44:06 | ectuner |     INFO -> Loading 2D Data (Sensitivity, Reference, Base)...
   > Loading reference for lwcf from: climate_average_lwcf_CERES EBAF_r180x90_2000-2024.nc
   > Loading reference for net_toa from: climate_average_net_toa_CERES EBAF_r180x90_2000-2024.nc
   > Loading reference for rlnt from: climate_average_rlnt_CERES EBAF_r180x90_2000-2024.nc
   > Flipping sign for rlnt (Obs is UP, Model is DOWN)
   > Loading reference for rsnt from: climate_average_rsnt_CERES EBAF_r180x90_2000-2024.nc
   > Loading reference for swcf from: climate_average_swcf_CERES EBAF_r180x90_2000-2024.nc
--- Cache not found. Extracting 2D maps for phis (this may take a while...) ---
   > Processing lwcf...
   > Processing net_toa...
   > Processing rlnt...
   > Processing rsnt...
   > Processing swcf...
--- Cache saved: /ec/res4/hpcperm/ecme3038/ecearth/ecearth4/ECtuner/mari/ectuner/ecmean/maps_lres/base_2d_phis_2000_2017.nc ---
2026-05-15 14:44:32 | ectuner |     INFO -> Generating spatial weights (Area * Region)...
2026-05-15 14:44:32 | ectuner |     INFO -> Variable lwcf: Initial Spatial Absolute Cost (L1) (Weighted) = 5.9092
2026-05-15 14:44:32 | ectuner |     INFO -> Variable net_toa: Initial Spatial Absolute Cost (L1) (Weighted) = 8.7339
2026-05-15 14:44:32 | ectuner |     INFO -> Variable rlnt: Initial Spatial Absolute Cost (L1) (Weighted) = 9.4438
2026-05-15 14:44:32 | ectuner |     INFO -> Variable rsnt: Initial Spatial Absolute Cost (L1) (Weighted) = 7.8074
2026-05-15 14:44:32 | ectuner |     INFO -> Variable swcf: Initial Spatial Absolute Cost (L1) (Weighted) = 8.2304
2026-05-15 14:44:32 | ectuner |     INFO -> Flattening data for fast optimization...
2026-05-15 14:44:33 | ectuner |     INFO -> DEBUG: Global Bias for lwcf in optimizer: -2.7092
2026-05-15 14:44:33 | ectuner |     INFO -> DEBUG: Global Bias for net_toa in optimizer: 5.6259
2026-05-15 14:44:33 | ectuner |     INFO -> DEBUG: Global Bias for rlnt in optimizer: 6.9311
2026-05-15 14:44:33 | ectuner |     INFO -> DEBUG: Global Bias for rsnt in optimizer: -1.3053
2026-05-15 14:44:33 | ectuner |     INFO -> DEBUG: Global Bias for swcf in optimizer: 0.5056
2026-05-15 14:44:33 | ectuner |     INFO -> Starting 2D Optimization (dual_annealing)...
2026-05-15 14:47:58 | ectuner |     INFO -> Optimization finished. Final Weighted Cost (L1): Spatial=36.5907, Global=15.9314
2026-05-15 14:47:58 | ectuner |     INFO -> 
============================== GLOBAL & SPATIAL COSTS (L1) ===============================
2026-05-15 14:47:58 | ectuner |     INFO -> Variable     | Metric           |            Initial ->              Final | Status
2026-05-15 14:47:58 | ectuner |     INFO -> ------------------------------------------------------------------------------------------
2026-05-15 14:47:58 | ectuner |     INFO -> lwcf         | Global Cost|             2.7092 ->             5.3035 | WORSENED
2026-05-15 14:47:58 | ectuner |     INFO ->              | Spatial Cost  |             5.9092 ->             6.2518 | WORSENED
2026-05-15 14:47:58 | ectuner |     INFO -> ------------------------------------------------------------------------------------------
2026-05-15 14:47:58 | ectuner |     INFO -> net_toa      | Global Cost|             5.6259 ->             3.9139 | IMPROVED
2026-05-15 14:47:58 | ectuner |     INFO ->              | Spatial Cost  |             8.7339 ->             7.3455 | IMPROVED
2026-05-15 14:47:58 | ectuner |     INFO -> ------------------------------------------------------------------------------------------
2026-05-15 14:47:58 | ectuner |     INFO -> rlnt         | Global Cost|             6.9311 ->             4.7933 | IMPROVED
2026-05-15 14:47:58 | ectuner |     INFO ->              | Spatial Cost  |             9.4438 ->             7.4405 | IMPROVED
2026-05-15 14:47:58 | ectuner |     INFO -> ------------------------------------------------------------------------------------------
2026-05-15 14:47:59 | ectuner |     INFO -> rsnt         | Global Cost|             1.3053 ->             0.8794 | IMPROVED
2026-05-15 14:47:59 | ectuner |     INFO ->              | Spatial Cost  |             7.8074 ->             7.5199 | IMPROVED
2026-05-15 14:47:59 | ectuner |     INFO -> ------------------------------------------------------------------------------------------
2026-05-15 14:47:59 | ectuner |     INFO -> swcf         | Global Cost|             0.5056 ->             1.0413 | WORSENED
2026-05-15 14:47:59 | ectuner |     INFO ->              | Spatial Cost  |             8.2304 ->             8.0331 | IMPROVED
2026-05-15 14:47:59 | ectuner |     INFO -> ------------------------------------------------------------------------------------------
2026-05-15 14:47:59 | ectuner |     INFO -> Structured tuning YAML written to ../results/tuned_2d_LR/l1/all_flux_tol_nor2/alfa_000/tuned_phis_l1_a000.yml

| Parameter         |   New Value |   Old Value |      Change |   Rel. Change |   Dist. from Ref. |
|-------------------+-------------+-------------+-------------+---------------+-------------------|
| RPRCON            |  1.3134e-03 |  1.4000e-03 | -8.6579e-05 |   -6.1842e-02 |       -6.1842e-02 |
| ENTRORG           |  1.4265e-03 |  1.7500e-03 | -3.2349e-04 |   -1.8485e-01 |       -1.8485e-01 |
| DETRPEN           |  1.1283e-04 |  7.5000e-05 |  3.7834e-05 |    5.0445e-01 |        5.0445e-01 |
| ENTRDD            |  2.4040e-04 |  3.0000e-04 | -5.9598e-05 |   -1.9866e-01 |       -1.9866e-01 |
| RMFDEPS           |  3.9254e-01 |  3.0000e-01 |  9.2538e-02 |    3.0846e-01 |        3.0846e-01 |
| RVICE             |  2.0793e-01 |  1.3000e-01 |  7.7929e-02 |    5.9945e-01 |        5.9945e-01 |
| RLCRITSNOW        |  1.7366e-05 |  2.0000e-05 | -2.6342e-06 |   -1.3171e-01 |       -1.3171e-01 |
| RSNOWLIN2         |  1.7713e-02 |  3.0000e-02 | -1.2287e-02 |   -4.0958e-01 |       -4.0958e-01 |
| RCLDIFF           |  3.5929e-06 |  6.0000e-06 | -2.4071e-06 |   -4.0118e-01 |       -4.0118e-01 |
| RCLDIFF_CONVI     |  9.6716e+00 |  1.0000e+01 | -3.2839e-01 |   -3.2839e-02 |       -3.2839e-02 |
| RDEPLIQREFRATE    |  6.3585e-01 |  5.0000e-01 |  1.3585e-01 |    2.7169e-01 |        2.7169e-01 |
| RDEPLIQREFDEPTH   |  4.7548e+02 |  5.0000e+02 | -2.4517e+01 |   -4.9034e-02 |       -4.9034e-02 |
| RCL_OVERLAPLIQICE |  5.5076e-01 |  6.5000e-01 | -9.9237e-02 |   -1.5267e-01 |       -1.5267e-01 |
| RCL_INHOMOGAUT    |  1.5510e+00 |  1.5000e+00 |  5.0995e-02 |    3.3997e-02 |        3.3997e-02 |
| RCL_INHOMOGACC    |  2.8989e+00 |  3.0000e+00 | -1.0106e-01 |   -3.3687e-02 |       -3.3687e-02 |
| RMINICE           |  4.5623e+01 |  6.0000e+01 | -1.4377e+01 |   -2.3962e-01 |       -2.3962e-01 |
2026-05-15 14:47:59 | ectuner |     INFO -> Diagnostic maps saved to ../results/tuned_2d_LR/l1/all_flux_tol_nor2/alfa_000/diagnostics_2d_phis_Global_a00.nc
Copia del file YAML inviata a ../results/tuned_2d_LR/l1/all_flux_tol_nor2/yaml_files
