2026-04-11 08:18:14 | ectuner |     INFO -> Loading 2D Data (Sensitivity, Reference, Base)...
   > Loading reference for net_toa from: climate_average_net_toa_CERES EBAF_r180x90_2000-2024.nc
--- Loading cached base maps for phis ---
2026-04-11 08:18:15 | ectuner |     INFO -> Generating spatial weights (Area * Region)...
2026-04-11 08:18:15 | ectuner |     INFO -> Variable net_toa: Initial Spatial RMSE (Weighted) = 11.3965
2026-04-11 08:18:15 | ectuner |     INFO -> Flattening data for fast optimization...
2026-04-11 08:18:15 | ectuner |     INFO -> Starting 2D Optimization (dual_annealing)...
2026-04-11 08:18:21 | ectuner |     INFO -> 
==================== GLOBAL MEAN & ZONAL SUMMARY FROM 2D OPTIMIZATION ====================
2026-04-11 08:18:21 | ectuner |     INFO -> Variable     | Metric       |            Initial ->              Final | Status
2026-04-11 08:18:21 | ectuner |     INFO -> ------------------------------------------------------------------------------------------
2026-04-11 08:18:21 | ectuner |     INFO -> net_toa      | Global Bias |             5.6259 ->            -3.7169 | IMPROVED
2026-04-11 08:18:21 | ectuner |     INFO ->              | Spatial RMSE  |            11.3965 ->            12.5686 | WORSENED
2026-04-11 08:18:21 | ectuner |     INFO -> ------------------------------------------------------------------------------------------
2026-04-11 08:18:22 | ectuner |     INFO -> Structured tuning YAML written to ../results/tuned_2d_LR/alfa_1/tuned_phis_2000_2017_2D_a1.yml

| Parameter         |   New Value |   Old Value |      Change |   Rel. Change |   Dist. from Ref. |
|-------------------+-------------+-------------+-------------+---------------+-------------------|
| RPRCON            |  9.1661e-04 |  1.4000e-03 | -4.8339e-04 |   -3.4528e-01 |       -3.4528e-01 |
| ENTRORG           |  2.6565e-03 |  1.7500e-03 |  9.0652e-04 |    5.1801e-01 |        5.1801e-01 |
| DETRPEN           |  8.0331e-05 |  7.5000e-05 |  5.3306e-06 |    7.1075e-02 |        7.1075e-02 |
| ENTRDD            |  1.5988e-04 |  3.0000e-04 | -1.4012e-04 |   -4.6705e-01 |       -4.6705e-01 |
| RMFDEPS           |  3.6691e-01 |  3.0000e-01 |  6.6908e-02 |    2.2303e-01 |        2.2303e-01 |
| RVICE             |  1.5161e-01 |  1.3000e-01 |  2.1615e-02 |    1.6627e-01 |        1.6627e-01 |
| RLCRITSNOW        |  1.1680e-05 |  2.0000e-05 | -8.3202e-06 |   -4.1601e-01 |       -4.1601e-01 |
| RSNOWLIN2         |  2.6525e-02 |  3.0000e-02 | -3.4747e-03 |   -1.1582e-01 |       -1.1582e-01 |
| RCLDIFF           |  6.7757e-06 |  6.0000e-06 |  7.7566e-07 |    1.2928e-01 |        1.2928e-01 |
| RCLDIFF_CONVI     |  4.2166e+00 |  1.0000e+01 | -5.7834e+00 |   -5.7834e-01 |       -5.7834e-01 |
| RDEPLIQREFRATE    |  4.0398e-01 |  5.0000e-01 | -9.6019e-02 |   -1.9204e-01 |       -1.9204e-01 |
| RDEPLIQREFDEPTH   |  3.6122e+02 |  5.0000e+02 | -1.3878e+02 |   -2.7757e-01 |       -2.7757e-01 |
| RCL_OVERLAPLIQICE |  3.7070e-01 |  6.5000e-01 | -2.7930e-01 |   -4.2970e-01 |       -4.2970e-01 |
| RCL_INHOMOGAUT    |  1.2755e+00 |  1.5000e+00 | -2.2452e-01 |   -1.4968e-01 |       -1.4968e-01 |
| RCL_INHOMOGACC    |  1.6954e+00 |  3.0000e+00 | -1.3046e+00 |   -4.3488e-01 |       -4.3488e-01 |
| RMINICE           |  9.2209e+01 |  6.0000e+01 |  3.2209e+01 |    5.3681e-01 |        5.3681e-01 |
2026-04-11 08:18:22 | ectuner |     INFO -> Diagnostic maps saved to /ec/res4/hpcperm/ecme3038/ecearth/ecearth4/ECtuner/mari/results/tuned_2d_LR/alfa_1/diagnostics_2d_phis_alfa_1.nc
