2026-04-23 12:41:40 | ectuner |     INFO -> Loading 2D Data (Sensitivity, Reference, Base)...
   > Loading reference for net_toa from: climate_average_net_toa_CERES EBAF_r180x90_2000-2024.nc
   > Loading reference for rsnt from: climate_average_rsnt_CERES EBAF_r180x90_2000-2024.nc
--- Loading cached base maps for phis ---
2026-04-23 12:41:41 | ectuner |     INFO -> Generating spatial weights (Area * Region)...
2026-04-23 12:41:41 | ectuner |     INFO -> Variable net_toa: Initial Spatial RMSE (Weighted) = 11.3965
2026-04-23 12:41:41 | ectuner |     INFO -> Variable rsnt: Initial Spatial RMSE (Weighted) = 10.4479
2026-04-23 12:41:41 | ectuner |     INFO -> Flattening data for fast optimization...
2026-04-23 12:41:41 | ectuner |     INFO -> DEBUG: Global Bias for net_toa in optimizer: 5.6259
2026-04-23 12:41:41 | ectuner |     INFO -> DEBUG: Global Bias for rsnt in optimizer: -1.3053
2026-04-23 12:41:41 | ectuner |     INFO -> Starting 2D Optimization (dual_annealing)...
2026-04-23 12:43:26 | ectuner |     INFO -> 
==================== GLOBAL MEAN & ZONAL SUMMARY FROM 2D OPTIMIZATION ====================
2026-04-23 12:43:26 | ectuner |     INFO -> Variable     | Metric       |            Initial ->              Final | Status
2026-04-23 12:43:26 | ectuner |     INFO -> ------------------------------------------------------------------------------------------
2026-04-23 12:43:26 | ectuner |     INFO -> net_toa      | Global Bias |             5.6259 ->             1.6226 | IMPROVED
2026-04-23 12:43:26 | ectuner |     INFO ->              | Spatial RMSE  |            11.3965 ->             9.3134 | IMPROVED
2026-04-23 12:43:26 | ectuner |     INFO -> ------------------------------------------------------------------------------------------
2026-04-23 12:43:26 | ectuner |     INFO -> rsnt         | Global Bias |            -1.3053 ->            -0.0000 | IMPROVED
2026-04-23 12:43:26 | ectuner |     INFO ->              | Spatial RMSE  |            10.4479 ->            10.6126 | WORSENED
2026-04-23 12:43:26 | ectuner |     INFO -> ------------------------------------------------------------------------------------------
2026-04-23 12:43:26 | ectuner |     INFO -> Structured tuning YAML written to ../results/tuned_2d_LR/rsut/tol_alfa_017/tuned_phis_a017.yml

| Parameter         |   New Value |   Old Value |      Change |   Rel. Change |   Dist. from Ref. |
|-------------------+-------------+-------------+-------------+---------------+-------------------|
| RPRCON            |  1.1292e-03 |  1.4000e-03 | -2.7075e-04 |   -1.9339e-01 |       -1.9339e-01 |
| ENTRORG           |  1.6895e-03 |  1.7500e-03 | -6.0484e-05 |   -3.4562e-02 |       -3.4562e-02 |
| DETRPEN           |  1.1348e-04 |  7.5000e-05 |  3.8478e-05 |    5.1304e-01 |        5.1304e-01 |
| ENTRDD            |  2.2003e-04 |  3.0000e-04 | -7.9967e-05 |   -2.6656e-01 |       -2.6656e-01 |
| RMFDEPS           |  4.3226e-01 |  3.0000e-01 |  1.3226e-01 |    4.4087e-01 |        4.4087e-01 |
| RVICE             |  2.0052e-01 |  1.3000e-01 |  7.0517e-02 |    5.4244e-01 |        5.4244e-01 |
| RLCRITSNOW        |  8.5179e-06 |  2.0000e-05 | -1.1482e-05 |   -5.7410e-01 |       -5.7410e-01 |
| RSNOWLIN2         |  1.3001e-02 |  3.0000e-02 | -1.6999e-02 |   -5.6663e-01 |       -5.6663e-01 |
| RCLDIFF           |  3.5454e-06 |  6.0000e-06 | -2.4546e-06 |   -4.0910e-01 |       -4.0910e-01 |
| RCLDIFF_CONVI     |  8.5239e+00 |  1.0000e+01 | -1.4761e+00 |   -1.4761e-01 |       -1.4761e-01 |
| RDEPLIQREFRATE    |  6.5600e-01 |  5.0000e-01 |  1.5600e-01 |    3.1199e-01 |        3.1199e-01 |
| RDEPLIQREFDEPTH   |  4.5442e+02 |  5.0000e+02 | -4.5576e+01 |   -9.1153e-02 |       -9.1153e-02 |
| RCL_OVERLAPLIQICE |  2.6026e-01 |  6.5000e-01 | -3.8974e-01 |   -5.9959e-01 |       -5.9959e-01 |
| RCL_INHOMOGAUT    |  1.0671e+00 |  1.5000e+00 | -4.3294e-01 |   -2.8863e-01 |       -2.8863e-01 |
| RCL_INHOMOGACC    |  3.2451e+00 |  3.0000e+00 |  2.4514e-01 |    8.1714e-02 |        8.1714e-02 |
| RMINICE           |  7.7100e+01 |  6.0000e+01 |  1.7100e+01 |    2.8499e-01 |        2.8499e-01 |
2026-04-23 12:43:26 | ectuner |     INFO -> Diagnostic maps saved to ../results/tuned_2d_LR/rsut/tol_alfa_017/diagnostics_2d_phis_Global_a017.nc
Copia del file YAML inviata a ../results/tuned_2d_LR/rsut/tol_yaml_files
