2026-04-23 12:41:38 | ectuner |     INFO -> Loading 2D Data (Sensitivity, Reference, Base)...
   > Loading reference for net_toa from: climate_average_net_toa_CERES EBAF_r180x90_2000-2024.nc
   > Loading reference for rsnt from: climate_average_rsnt_CERES EBAF_r180x90_2000-2024.nc
--- Loading cached base maps for phis ---
2026-04-23 12:41:40 | ectuner |     INFO -> Generating spatial weights (Area * Region)...
2026-04-23 12:41:40 | ectuner |     INFO -> Variable net_toa: Initial Spatial RMSE (Weighted) = 11.3965
2026-04-23 12:41:40 | ectuner |     INFO -> Variable rsnt: Initial Spatial RMSE (Weighted) = 10.4479
2026-04-23 12:41:40 | ectuner |     INFO -> Flattening data for fast optimization...
2026-04-23 12:41:40 | ectuner |     INFO -> DEBUG: Global Bias for net_toa in optimizer: 5.6259
2026-04-23 12:41:40 | ectuner |     INFO -> DEBUG: Global Bias for rsnt in optimizer: -1.3053
2026-04-23 12:41:40 | ectuner |     INFO -> Starting 2D Optimization (dual_annealing)...
2026-04-23 12:46:53 | ectuner |     INFO -> 
==================== GLOBAL MEAN & ZONAL SUMMARY FROM 2D OPTIMIZATION ====================
2026-04-23 12:46:53 | ectuner |     INFO -> Variable     | Metric       |            Initial ->              Final | Status
2026-04-23 12:46:53 | ectuner |     INFO -> ------------------------------------------------------------------------------------------
2026-04-23 12:46:53 | ectuner |     INFO -> net_toa      | Global Bias |             5.6259 ->             2.1304 | IMPROVED
2026-04-23 12:46:53 | ectuner |     INFO ->              | Spatial RMSE  |            11.3965 ->             9.3345 | IMPROVED
2026-04-23 12:46:53 | ectuner |     INFO -> ------------------------------------------------------------------------------------------
2026-04-23 12:46:53 | ectuner |     INFO -> rsnt         | Global Bias |            -1.3053 ->            -0.0013 | IMPROVED
2026-04-23 12:46:53 | ectuner |     INFO ->              | Spatial RMSE  |            10.4479 ->            10.4710 | WORSENED
2026-04-23 12:46:53 | ectuner |     INFO -> ------------------------------------------------------------------------------------------
2026-04-23 12:46:53 | ectuner |     INFO -> Structured tuning YAML written to ../results/tuned_2d_LR/rsut/tol_alfa_012/tuned_phis_a012.yml

| Parameter         |   New Value |   Old Value |      Change |   Rel. Change |   Dist. from Ref. |
|-------------------+-------------+-------------+-------------+---------------+-------------------|
| RPRCON            |  1.2960e-03 |  1.4000e-03 | -1.0400e-04 |   -7.4284e-02 |       -7.4284e-02 |
| ENTRORG           |  1.4143e-03 |  1.7500e-03 | -3.3566e-04 |   -1.9181e-01 |       -1.9181e-01 |
| DETRPEN           |  1.1698e-04 |  7.5000e-05 |  4.1983e-05 |    5.5977e-01 |        5.5977e-01 |
| ENTRDD            |  2.4398e-04 |  3.0000e-04 | -5.6021e-05 |   -1.8674e-01 |       -1.8674e-01 |
| RMFDEPS           |  4.0301e-01 |  3.0000e-01 |  1.0301e-01 |    3.4336e-01 |        3.4336e-01 |
| RVICE             |  2.0768e-01 |  1.3000e-01 |  7.7684e-02 |    5.9757e-01 |        5.9757e-01 |
| RLCRITSNOW        |  8.0061e-06 |  2.0000e-05 | -1.1994e-05 |   -5.9969e-01 |       -5.9969e-01 |
| RSNOWLIN2         |  2.1207e-02 |  3.0000e-02 | -8.7932e-03 |   -2.9311e-01 |       -2.9311e-01 |
| RCLDIFF           |  2.7024e-06 |  6.0000e-06 | -3.2976e-06 |   -5.4960e-01 |       -5.4960e-01 |
| RCLDIFF_CONVI     |  8.5569e+00 |  1.0000e+01 | -1.4431e+00 |   -1.4431e-01 |       -1.4431e-01 |
| RDEPLIQREFRATE    |  6.6017e-01 |  5.0000e-01 |  1.6017e-01 |    3.2034e-01 |        3.2034e-01 |
| RDEPLIQREFDEPTH   |  4.5802e+02 |  5.0000e+02 | -4.1977e+01 |   -8.3955e-02 |       -8.3955e-02 |
| RCL_OVERLAPLIQICE |  2.6019e-01 |  6.5000e-01 | -3.8981e-01 |   -5.9970e-01 |       -5.9970e-01 |
| RCL_INHOMOGAUT    |  1.3603e+00 |  1.5000e+00 | -1.3966e-01 |   -9.3110e-02 |       -9.3110e-02 |
| RCL_INHOMOGACC    |  2.6217e+00 |  3.0000e+00 | -3.7829e-01 |   -1.2610e-01 |       -1.2610e-01 |
| RMINICE           |  8.1866e+01 |  6.0000e+01 |  2.1866e+01 |    3.6444e-01 |        3.6444e-01 |
2026-04-23 12:46:53 | ectuner |     INFO -> Diagnostic maps saved to ../results/tuned_2d_LR/rsut/tol_alfa_012/diagnostics_2d_phis_Global_a012.nc
Copia del file YAML inviata a ../results/tuned_2d_LR/rsut/tol_yaml_files
