2026-04-23 12:41:38 | ectuner |     INFO -> Loading 2D Data (Sensitivity, Reference, Base)...
   > Loading reference for net_toa from: climate_average_net_toa_CERES EBAF_r180x90_2000-2024.nc
   > Loading reference for rsnt from: climate_average_rsnt_CERES EBAF_r180x90_2000-2024.nc
--- Loading cached base maps for phis ---
2026-04-23 12:41:40 | ectuner |     INFO -> Generating spatial weights (Area * Region)...
2026-04-23 12:41:40 | ectuner |     INFO -> Variable net_toa: Initial Spatial RMSE (Weighted) = 11.3965
2026-04-23 12:41:40 | ectuner |     INFO -> Variable rsnt: Initial Spatial RMSE (Weighted) = 10.4479
2026-04-23 12:41:40 | ectuner |     INFO -> Flattening data for fast optimization...
2026-04-23 12:41:40 | ectuner |     INFO -> DEBUG: Global Bias for net_toa in optimizer: 5.6259
2026-04-23 12:41:40 | ectuner |     INFO -> DEBUG: Global Bias for rsnt in optimizer: -1.3053
2026-04-23 12:41:40 | ectuner |     INFO -> Starting 2D Optimization (dual_annealing)...
2026-04-23 12:44:16 | ectuner |     INFO -> 
==================== GLOBAL MEAN & ZONAL SUMMARY FROM 2D OPTIMIZATION ====================
2026-04-23 12:44:16 | ectuner |     INFO -> Variable     | Metric       |            Initial ->              Final | Status
2026-04-23 12:44:16 | ectuner |     INFO -> ------------------------------------------------------------------------------------------
2026-04-23 12:44:16 | ectuner |     INFO -> net_toa      | Global Bias |             5.6259 ->             1.7369 | IMPROVED
2026-04-23 12:44:16 | ectuner |     INFO ->              | Spatial RMSE  |            11.3965 ->             9.3340 | IMPROVED
2026-04-23 12:44:16 | ectuner |     INFO -> ------------------------------------------------------------------------------------------
2026-04-23 12:44:16 | ectuner |     INFO -> rsnt         | Global Bias |            -1.3053 ->            -0.0000 | IMPROVED
2026-04-23 12:44:16 | ectuner |     INFO ->              | Spatial RMSE  |            10.4479 ->            10.5475 | WORSENED
2026-04-23 12:44:16 | ectuner |     INFO -> ------------------------------------------------------------------------------------------
2026-04-23 12:44:16 | ectuner |     INFO -> Structured tuning YAML written to ../results/tuned_2d_LR/rsut/tol_alfa_015/tuned_phis_a015.yml

| Parameter         |   New Value |   Old Value |      Change |   Rel. Change |   Dist. from Ref. |
|-------------------+-------------+-------------+-------------+---------------+-------------------|
| RPRCON            |  1.3022e-03 |  1.4000e-03 | -9.7788e-05 |   -6.9848e-02 |       -6.9848e-02 |
| ENTRORG           |  1.3788e-03 |  1.7500e-03 | -3.7119e-04 |   -2.1211e-01 |       -2.1211e-01 |
| DETRPEN           |  1.1586e-04 |  7.5000e-05 |  4.0861e-05 |    5.4481e-01 |        5.4481e-01 |
| ENTRDD            |  2.2628e-04 |  3.0000e-04 | -7.3720e-05 |   -2.4573e-01 |       -2.4573e-01 |
| RMFDEPS           |  3.8797e-01 |  3.0000e-01 |  8.7969e-02 |    2.9323e-01 |        2.9323e-01 |
| RVICE             |  2.0260e-01 |  1.3000e-01 |  7.2596e-02 |    5.5843e-01 |        5.5843e-01 |
| RLCRITSNOW        |  8.0594e-06 |  2.0000e-05 | -1.1941e-05 |   -5.9703e-01 |       -5.9703e-01 |
| RSNOWLIN2         |  1.4222e-02 |  3.0000e-02 | -1.5778e-02 |   -5.2592e-01 |       -5.2592e-01 |
| RCLDIFF           |  3.7146e-06 |  6.0000e-06 | -2.2854e-06 |   -3.8089e-01 |       -3.8089e-01 |
| RCLDIFF_CONVI     |  8.8443e+00 |  1.0000e+01 | -1.1557e+00 |   -1.1557e-01 |       -1.1557e-01 |
| RDEPLIQREFRATE    |  6.6520e-01 |  5.0000e-01 |  1.6520e-01 |    3.3040e-01 |        3.3040e-01 |
| RDEPLIQREFDEPTH   |  4.4601e+02 |  5.0000e+02 | -5.3986e+01 |   -1.0797e-01 |       -1.0797e-01 |
| RCL_OVERLAPLIQICE |  2.6013e-01 |  6.5000e-01 | -3.8987e-01 |   -5.9980e-01 |       -5.9980e-01 |
| RCL_INHOMOGAUT    |  1.3417e+00 |  1.5000e+00 | -1.5833e-01 |   -1.0555e-01 |       -1.0555e-01 |
| RCL_INHOMOGACC    |  2.3166e+00 |  3.0000e+00 | -6.8342e-01 |   -2.2781e-01 |       -2.2781e-01 |
| RMINICE           |  7.1657e+01 |  6.0000e+01 |  1.1657e+01 |    1.9428e-01 |        1.9428e-01 |
2026-04-23 12:44:16 | ectuner |     INFO -> Diagnostic maps saved to ../results/tuned_2d_LR/rsut/tol_alfa_015/diagnostics_2d_phis_Global_a015.nc
Copia del file YAML inviata a ../results/tuned_2d_LR/rsut/tol_yaml_files
