2026-04-23 12:41:39 | ectuner |     INFO -> Loading 2D Data (Sensitivity, Reference, Base)...
   > Loading reference for net_toa from: climate_average_net_toa_CERES EBAF_r180x90_2000-2024.nc
   > Loading reference for rsnt from: climate_average_rsnt_CERES EBAF_r180x90_2000-2024.nc
--- Loading cached base maps for phis ---
2026-04-23 12:41:40 | ectuner |     INFO -> Generating spatial weights (Area * Region)...
2026-04-23 12:41:40 | ectuner |     INFO -> Variable net_toa: Initial Spatial RMSE (Weighted) = 11.3965
2026-04-23 12:41:40 | ectuner |     INFO -> Variable rsnt: Initial Spatial RMSE (Weighted) = 10.4479
2026-04-23 12:41:40 | ectuner |     INFO -> Flattening data for fast optimization...
2026-04-23 12:41:40 | ectuner |     INFO -> DEBUG: Global Bias for net_toa in optimizer: 5.6259
2026-04-23 12:41:40 | ectuner |     INFO -> DEBUG: Global Bias for rsnt in optimizer: -1.3053
2026-04-23 12:41:40 | ectuner |     INFO -> Starting 2D Optimization (dual_annealing)...
2026-04-23 12:43:43 | ectuner |     INFO -> 
==================== GLOBAL MEAN & ZONAL SUMMARY FROM 2D OPTIMIZATION ====================
2026-04-23 12:43:43 | ectuner |     INFO -> Variable     | Metric       |            Initial ->              Final | Status
2026-04-23 12:43:43 | ectuner |     INFO -> ------------------------------------------------------------------------------------------
2026-04-23 12:43:43 | ectuner |     INFO -> net_toa      | Global Bias |             5.6259 ->             0.2197 | IMPROVED
2026-04-23 12:43:43 | ectuner |     INFO ->              | Spatial RMSE  |            11.3965 ->            10.3444 | IMPROVED
2026-04-23 12:43:43 | ectuner |     INFO -> ------------------------------------------------------------------------------------------
2026-04-23 12:43:43 | ectuner |     INFO -> rsnt         | Global Bias |            -1.3053 ->            -0.0001 | IMPROVED
2026-04-23 12:43:43 | ectuner |     INFO ->              | Spatial RMSE  |            10.4479 ->            11.1871 | WORSENED
2026-04-23 12:43:43 | ectuner |     INFO -> ------------------------------------------------------------------------------------------
2026-04-23 12:43:43 | ectuner |     INFO -> Structured tuning YAML written to ../results/tuned_2d_LR/rsut/tol_alfa_040/tuned_phis_a040.yml

| Parameter         |   New Value |   Old Value |      Change |   Rel. Change |   Dist. from Ref. |
|-------------------+-------------+-------------+-------------+---------------+-------------------|
| RPRCON            |  2.0766e-03 |  1.4000e-03 |  6.7661e-04 |    4.8330e-01 |        4.8330e-01 |
| ENTRORG           |  1.7517e-03 |  1.7500e-03 |  1.7123e-06 |    9.7847e-04 |        9.7847e-04 |
| DETRPEN           |  1.1158e-04 |  7.5000e-05 |  3.6582e-05 |    4.8776e-01 |        4.8776e-01 |
| ENTRDD            |  2.4788e-04 |  3.0000e-04 | -5.2116e-05 |   -1.7372e-01 |       -1.7372e-01 |
| RMFDEPS           |  4.1478e-01 |  3.0000e-01 |  1.1478e-01 |    3.8259e-01 |        3.8259e-01 |
| RVICE             |  2.0519e-01 |  1.3000e-01 |  7.5193e-02 |    5.7841e-01 |        5.7841e-01 |
| RLCRITSNOW        |  8.1495e-06 |  2.0000e-05 | -1.1851e-05 |   -5.9253e-01 |       -5.9253e-01 |
| RSNOWLIN2         |  1.2178e-02 |  3.0000e-02 | -1.7822e-02 |   -5.9406e-01 |       -5.9406e-01 |
| RCLDIFF           |  6.9128e-06 |  6.0000e-06 |  9.1281e-07 |    1.5213e-01 |        1.5213e-01 |
| RCLDIFF_CONVI     |  9.2953e+00 |  1.0000e+01 | -7.0467e-01 |   -7.0467e-02 |       -7.0467e-02 |
| RDEPLIQREFRATE    |  6.9087e-01 |  5.0000e-01 |  1.9087e-01 |    3.8173e-01 |        3.8173e-01 |
| RDEPLIQREFDEPTH   |  4.3390e+02 |  5.0000e+02 | -6.6102e+01 |   -1.3220e-01 |       -1.3220e-01 |
| RCL_OVERLAPLIQICE |  2.6029e-01 |  6.5000e-01 | -3.8971e-01 |   -5.9956e-01 |       -5.9956e-01 |
| RCL_INHOMOGAUT    |  1.7611e+00 |  1.5000e+00 |  2.6114e-01 |    1.7409e-01 |        1.7409e-01 |
| RCL_INHOMOGACC    |  1.6562e+00 |  3.0000e+00 | -1.3438e+00 |   -4.4794e-01 |       -4.4794e-01 |
| RMINICE           |  3.0864e+01 |  6.0000e+01 | -2.9136e+01 |   -4.8560e-01 |       -4.8560e-01 |
2026-04-23 12:43:43 | ectuner |     INFO -> Diagnostic maps saved to ../results/tuned_2d_LR/rsut/tol_alfa_040/diagnostics_2d_phis_Global_a04.nc
Copia del file YAML inviata a ../results/tuned_2d_LR/rsut/tol_yaml_files
