2026-04-23 12:41:41 | ectuner |     INFO -> Loading 2D Data (Sensitivity, Reference, Base)...
   > Loading reference for net_toa from: climate_average_net_toa_CERES EBAF_r180x90_2000-2024.nc
   > Loading reference for rsnt from: climate_average_rsnt_CERES EBAF_r180x90_2000-2024.nc
--- Loading cached base maps for phis ---
2026-04-23 12:41:42 | ectuner |     INFO -> Generating spatial weights (Area * Region)...
2026-04-23 12:41:42 | ectuner |     INFO -> Variable net_toa: Initial Spatial RMSE (Weighted) = 11.3965
2026-04-23 12:41:42 | ectuner |     INFO -> Variable rsnt: Initial Spatial RMSE (Weighted) = 10.4479
2026-04-23 12:41:42 | ectuner |     INFO -> Flattening data for fast optimization...
2026-04-23 12:41:42 | ectuner |     INFO -> DEBUG: Global Bias for net_toa in optimizer: 5.6259
2026-04-23 12:41:42 | ectuner |     INFO -> DEBUG: Global Bias for rsnt in optimizer: -1.3053
2026-04-23 12:41:42 | ectuner |     INFO -> Starting 2D Optimization (dual_annealing)...
2026-04-23 12:42:29 | ectuner |     INFO -> 
==================== GLOBAL MEAN & ZONAL SUMMARY FROM 2D OPTIMIZATION ====================
2026-04-23 12:42:29 | ectuner |     INFO -> Variable     | Metric       |            Initial ->              Final | Status
2026-04-23 12:42:29 | ectuner |     INFO -> ------------------------------------------------------------------------------------------
2026-04-23 12:42:29 | ectuner |     INFO -> net_toa      | Global Bias |             5.6259 ->            -0.0000 | IMPROVED
2026-04-23 12:42:29 | ectuner |     INFO ->              | Spatial RMSE  |            11.3965 ->            11.6787 | WORSENED
2026-04-23 12:42:29 | ectuner |     INFO -> ------------------------------------------------------------------------------------------
2026-04-23 12:42:29 | ectuner |     INFO -> rsnt         | Global Bias |            -1.3053 ->            -0.0010 | IMPROVED
2026-04-23 12:42:29 | ectuner |     INFO ->              | Spatial RMSE  |            10.4479 ->            12.2042 | WORSENED
2026-04-23 12:42:29 | ectuner |     INFO -> ------------------------------------------------------------------------------------------
2026-04-23 12:42:30 | ectuner |     INFO -> Structured tuning YAML written to ../results/tuned_2d_LR/rsut/tol_alfa_099/tuned_phis_a099.yml

| Parameter         |   New Value |   Old Value |      Change |   Rel. Change |   Dist. from Ref. |
|-------------------+-------------+-------------+-------------+---------------+-------------------|
| RPRCON            |  1.9246e-03 |  1.4000e-03 |  5.2464e-04 |    3.7474e-01 |        3.7474e-01 |
| ENTRORG           |  2.6619e-03 |  1.7500e-03 |  9.1193e-04 |    5.2111e-01 |        5.2111e-01 |
| DETRPEN           |  7.5261e-05 |  7.5000e-05 |  2.6085e-07 |    3.4780e-03 |        3.4780e-03 |
| ENTRDD            |  2.4189e-04 |  3.0000e-04 | -5.8106e-05 |   -1.9369e-01 |       -1.9369e-01 |
| RMFDEPS           |  3.2765e-01 |  3.0000e-01 |  2.7650e-02 |    9.2166e-02 |        9.2166e-02 |
| RVICE             |  1.5367e-01 |  1.3000e-01 |  2.3674e-02 |    1.8210e-01 |        1.8210e-01 |
| RLCRITSNOW        |  9.8941e-06 |  2.0000e-05 | -1.0106e-05 |   -5.0530e-01 |       -5.0530e-01 |
| RSNOWLIN2         |  2.3201e-02 |  3.0000e-02 | -6.7990e-03 |   -2.2663e-01 |       -2.2663e-01 |
| RCLDIFF           |  7.8308e-06 |  6.0000e-06 |  1.8308e-06 |    3.0514e-01 |        3.0514e-01 |
| RCLDIFF_CONVI     |  1.1399e+01 |  1.0000e+01 |  1.3985e+00 |    1.3985e-01 |        1.3985e-01 |
| RDEPLIQREFRATE    |  6.0034e-01 |  5.0000e-01 |  1.0034e-01 |    2.0068e-01 |        2.0068e-01 |
| RDEPLIQREFDEPTH   |  6.6649e+02 |  5.0000e+02 |  1.6649e+02 |    3.3299e-01 |        3.3299e-01 |
| RCL_OVERLAPLIQICE |  6.3158e-01 |  6.5000e-01 | -1.8423e-02 |   -2.8343e-02 |       -2.8343e-02 |
| RCL_INHOMOGAUT    |  1.3380e+00 |  1.5000e+00 | -1.6196e-01 |   -1.0797e-01 |       -1.0797e-01 |
| RCL_INHOMOGACC    |  2.6871e+00 |  3.0000e+00 | -3.1286e-01 |   -1.0429e-01 |       -1.0429e-01 |
| RMINICE           |  6.6965e+01 |  6.0000e+01 |  6.9646e+00 |    1.1608e-01 |        1.1608e-01 |
2026-04-23 12:42:30 | ectuner |     INFO -> Diagnostic maps saved to ../results/tuned_2d_LR/rsut/tol_alfa_099/diagnostics_2d_phis_Global_a099.nc
Copia del file YAML inviata a ../results/tuned_2d_LR/rsut/tol_yaml_files
