2026-04-25 08:08:42 | ectuner |     INFO -> Loading 2D Data (Sensitivity, Reference, Base)...
   > Loading reference for net_toa from: climate_average_net_toa_CERES EBAF_r180x90_2000-2024.nc
--- Cache not found. Extracting 2D maps for phis (this may take a while...) ---
   > Processing net_toa...
--- Cache saved: /ec/res4/hpcperm/ecme3038/ecearth/ecearth4/ECtuner/mari/ectuner/ecmean/maps_lres/base_2d_phis_2000_2017.nc ---
2026-04-25 08:08:53 | ectuner |     INFO -> Generating spatial weights (Area * Region)...
2026-04-25 08:08:53 | ectuner |     INFO -> Variable net_toa: Initial Spatial RMSE (Weighted) = 11.3247
2026-04-25 08:08:53 | ectuner |     INFO -> Flattening data for fast optimization...
2026-04-25 08:08:54 | ectuner |     INFO -> DEBUG: Global Bias for net_toa in optimizer: 4.6463
2026-04-25 08:08:54 | ectuner |     INFO -> Starting 2D Optimization (dual_annealing)...
2026-04-25 08:10:27 | ectuner |     INFO -> 
==================== GLOBAL MEAN & ZONAL SUMMARY FROM 2D OPTIMIZATION ====================
2026-04-25 08:10:27 | ectuner |     INFO -> Variable     | Metric       |            Initial ->              Final | Status
2026-04-25 08:10:27 | ectuner |     INFO -> ------------------------------------------------------------------------------------------
2026-04-25 08:10:27 | ectuner |     INFO -> net_toa      | Global Bias |             4.6463 ->             1.1683 | IMPROVED
2026-04-25 08:10:27 | ectuner |     INFO ->              | Spatial RMSE  |            11.3247 ->             9.2190 | IMPROVED
2026-04-25 08:10:27 | ectuner |     INFO -> ------------------------------------------------------------------------------------------
2026-04-25 08:10:27 | ectuner |     INFO -> Structured tuning YAML written to ../results/tuned_2d_LR/trop/tol_alfa_000/tuned_phis_a000.yml

| Parameter         |   New Value |   Old Value |      Change |   Rel. Change |   Dist. from Ref. |
|-------------------+-------------+-------------+-------------+---------------+-------------------|
| RPRCON            |  6.1210e-04 |  1.4000e-03 | -7.8790e-04 |   -5.6279e-01 |       -5.6279e-01 |
| ENTRORG           |  1.4306e-03 |  1.7500e-03 | -3.1935e-04 |   -1.8249e-01 |       -1.8249e-01 |
| DETRPEN           |  1.0442e-04 |  7.5000e-05 |  2.9419e-05 |    3.9226e-01 |        3.9226e-01 |
| ENTRDD            |  1.6175e-04 |  3.0000e-04 | -1.3825e-04 |   -4.6082e-01 |       -4.6082e-01 |
| RMFDEPS           |  4.7981e-01 |  3.0000e-01 |  1.7981e-01 |    5.9937e-01 |        5.9937e-01 |
| RVICE             |  1.9947e-01 |  1.3000e-01 |  6.9467e-02 |    5.3436e-01 |        5.3436e-01 |
| RLCRITSNOW        |  8.4945e-06 |  2.0000e-05 | -1.1505e-05 |   -5.7527e-01 |       -5.7527e-01 |
| RSNOWLIN2         |  1.3422e-02 |  3.0000e-02 | -1.6578e-02 |   -5.5259e-01 |       -5.5259e-01 |
| RCLDIFF           |  3.1631e-06 |  6.0000e-06 | -2.8369e-06 |   -4.7282e-01 |       -4.7282e-01 |
| RCLDIFF_CONVI     |  8.2887e+00 |  1.0000e+01 | -1.7113e+00 |   -1.7113e-01 |       -1.7113e-01 |
| RDEPLIQREFRATE    |  5.7792e-01 |  5.0000e-01 |  7.7920e-02 |    1.5584e-01 |        1.5584e-01 |
| RDEPLIQREFDEPTH   |  4.0304e+02 |  5.0000e+02 | -9.6961e+01 |   -1.9392e-01 |       -1.9392e-01 |
| RCL_OVERLAPLIQICE |  2.6001e-01 |  6.5000e-01 | -3.8999e-01 |   -5.9998e-01 |       -5.9998e-01 |
| RCL_INHOMOGAUT    |  1.1044e+00 |  1.5000e+00 | -3.9564e-01 |   -2.6376e-01 |       -2.6376e-01 |
| RCL_INHOMOGACC    |  3.0423e+00 |  3.0000e+00 |  4.2317e-02 |    1.4106e-02 |        1.4106e-02 |
| RMINICE           |  8.1594e+01 |  6.0000e+01 |  2.1594e+01 |    3.5990e-01 |        3.5990e-01 |
2026-04-25 08:10:27 | ectuner |     INFO -> Diagnostic maps saved to ../results/tuned_2d_LR/trop/tol_alfa_000/diagnostics_2d_phis_Global-Tropical_a00.nc
Copia del file YAML inviata a ../results/tuned_2d_LR/trop/tol_yaml_files
