2026-04-25 08:09:06 | ectuner |     INFO -> Loading 2D Data (Sensitivity, Reference, Base)...
   > Loading reference for net_toa from: climate_average_net_toa_CERES EBAF_r180x90_2000-2024.nc
--- Loading cached base maps for phis ---
2026-04-25 08:09:07 | ectuner |     INFO -> Generating spatial weights (Area * Region)...
2026-04-25 08:09:07 | ectuner |     INFO -> Variable net_toa: Initial Spatial RMSE (Weighted) = 11.3247
2026-04-25 08:09:07 | ectuner |     INFO -> Flattening data for fast optimization...
2026-04-25 08:09:08 | ectuner |     INFO -> DEBUG: Global Bias for net_toa in optimizer: 4.6463
2026-04-25 08:09:08 | ectuner |     INFO -> Starting 2D Optimization (dual_annealing)...
2026-04-25 08:09:44 | ectuner |     INFO -> 
==================== GLOBAL MEAN & ZONAL SUMMARY FROM 2D OPTIMIZATION ====================
2026-04-25 08:09:44 | ectuner |     INFO -> Variable     | Metric       |            Initial ->              Final | Status
2026-04-25 08:09:44 | ectuner |     INFO -> ------------------------------------------------------------------------------------------
2026-04-25 08:09:44 | ectuner |     INFO -> net_toa      | Global Bias |             4.6463 ->            -0.0000 | IMPROVED
2026-04-25 08:09:44 | ectuner |     INFO ->              | Spatial RMSE  |            11.3247 ->             9.6684 | IMPROVED
2026-04-25 08:09:44 | ectuner |     INFO -> ------------------------------------------------------------------------------------------
2026-04-25 08:09:44 | ectuner |     INFO -> Structured tuning YAML written to ../results/tuned_2d_LR/trop/tol_alfa_070/tuned_phis_a070.yml

| Parameter         |   New Value |   Old Value |      Change |   Rel. Change |   Dist. from Ref. |
|-------------------+-------------+-------------+-------------+---------------+-------------------|
| RPRCON            |  8.3000e-04 |  1.4000e-03 | -5.7000e-04 |   -4.0714e-01 |       -4.0714e-01 |
| ENTRORG           |  1.6482e-03 |  1.7500e-03 | -1.0177e-04 |   -5.8156e-02 |       -5.8156e-02 |
| DETRPEN           |  1.1472e-04 |  7.5000e-05 |  3.9723e-05 |    5.2964e-01 |        5.2964e-01 |
| ENTRDD            |  3.9917e-04 |  3.0000e-04 |  9.9165e-05 |    3.3055e-01 |        3.3055e-01 |
| RMFDEPS           |  4.4007e-01 |  3.0000e-01 |  1.4007e-01 |    4.6691e-01 |        4.6691e-01 |
| RVICE             |  1.9845e-01 |  1.3000e-01 |  6.8452e-02 |    5.2655e-01 |        5.2655e-01 |
| RLCRITSNOW        |  1.3211e-05 |  2.0000e-05 | -6.7888e-06 |   -3.3944e-01 |       -3.3944e-01 |
| RSNOWLIN2         |  1.2408e-02 |  3.0000e-02 | -1.7592e-02 |   -5.8639e-01 |       -5.8639e-01 |
| RCLDIFF           |  4.5906e-06 |  6.0000e-06 | -1.4094e-06 |   -2.3489e-01 |       -2.3489e-01 |
| RCLDIFF_CONVI     |  9.2842e+00 |  1.0000e+01 | -7.1576e-01 |   -7.1576e-02 |       -7.1576e-02 |
| RDEPLIQREFRATE    |  4.3943e-01 |  5.0000e-01 | -6.0569e-02 |   -1.2114e-01 |       -1.2114e-01 |
| RDEPLIQREFDEPTH   |  4.3049e+02 |  5.0000e+02 | -6.9511e+01 |   -1.3902e-01 |       -1.3902e-01 |
| RCL_OVERLAPLIQICE |  4.4841e-01 |  6.5000e-01 | -2.0159e-01 |   -3.1014e-01 |       -3.1014e-01 |
| RCL_INHOMOGAUT    |  1.4921e+00 |  1.5000e+00 | -7.9230e-03 |   -5.2820e-03 |       -5.2820e-03 |
| RCL_INHOMOGACC    |  2.2362e+00 |  3.0000e+00 | -7.6376e-01 |   -2.5459e-01 |       -2.5459e-01 |
| RMINICE           |  8.3522e+01 |  6.0000e+01 |  2.3522e+01 |    3.9203e-01 |        3.9203e-01 |
2026-04-25 08:09:44 | ectuner |     INFO -> Diagnostic maps saved to ../results/tuned_2d_LR/trop/tol_alfa_070/diagnostics_2d_phis_Global-Tropical_a07.nc
Copia del file YAML inviata a ../results/tuned_2d_LR/trop/tol_yaml_files
