2026-04-25 08:09:08 | ectuner |     INFO -> Loading 2D Data (Sensitivity, Reference, Base)...
   > Loading reference for net_toa from: climate_average_net_toa_CERES EBAF_r180x90_2000-2024.nc
--- Loading cached base maps for phis ---
2026-04-25 08:09:09 | ectuner |     INFO -> Generating spatial weights (Area * Region)...
2026-04-25 08:09:09 | ectuner |     INFO -> Variable net_toa: Initial Spatial RMSE (Weighted) = 11.3247
2026-04-25 08:09:09 | ectuner |     INFO -> Flattening data for fast optimization...
2026-04-25 08:09:09 | ectuner |     INFO -> DEBUG: Global Bias for net_toa in optimizer: 4.6463
2026-04-25 08:09:09 | ectuner |     INFO -> Starting 2D Optimization (dual_annealing)...
2026-04-25 08:09:37 | ectuner |     INFO -> 
==================== GLOBAL MEAN & ZONAL SUMMARY FROM 2D OPTIMIZATION ====================
2026-04-25 08:09:37 | ectuner |     INFO -> Variable     | Metric       |            Initial ->              Final | Status
2026-04-25 08:09:37 | ectuner |     INFO -> ------------------------------------------------------------------------------------------
2026-04-25 08:09:37 | ectuner |     INFO -> net_toa      | Global Bias |             4.6463 ->            -0.0000 | IMPROVED
2026-04-25 08:09:37 | ectuner |     INFO ->              | Spatial RMSE  |            11.3247 ->             9.7054 | IMPROVED
2026-04-25 08:09:37 | ectuner |     INFO -> ------------------------------------------------------------------------------------------
2026-04-25 08:09:37 | ectuner |     INFO -> Structured tuning YAML written to ../results/tuned_2d_LR/trop/tol_alfa_060/tuned_phis_a060.yml

| Parameter         |   New Value |   Old Value |      Change |   Rel. Change |   Dist. from Ref. |
|-------------------+-------------+-------------+-------------+---------------+-------------------|
| RPRCON            |  9.1896e-04 |  1.4000e-03 | -4.8104e-04 |   -3.4360e-01 |       -3.4360e-01 |
| ENTRORG           |  1.6617e-03 |  1.7500e-03 | -8.8308e-05 |   -5.0462e-02 |       -5.0462e-02 |
| DETRPEN           |  8.8366e-05 |  7.5000e-05 |  1.3366e-05 |    1.7821e-01 |        1.7821e-01 |
| ENTRDD            |  2.0527e-04 |  3.0000e-04 | -9.4726e-05 |   -3.1575e-01 |       -3.1575e-01 |
| RMFDEPS           |  4.2370e-01 |  3.0000e-01 |  1.2370e-01 |    4.1232e-01 |        4.1232e-01 |
| RVICE             |  1.8179e-01 |  1.3000e-01 |  5.1791e-02 |    3.9839e-01 |        3.9839e-01 |
| RLCRITSNOW        |  1.0963e-05 |  2.0000e-05 | -9.0372e-06 |   -4.5186e-01 |       -4.5186e-01 |
| RSNOWLIN2         |  1.3208e-02 |  3.0000e-02 | -1.6792e-02 |   -5.5972e-01 |       -5.5972e-01 |
| RCLDIFF           |  6.1706e-06 |  6.0000e-06 |  1.7059e-07 |    2.8432e-02 |        2.8432e-02 |
| RCLDIFF_CONVI     |  6.9817e+00 |  1.0000e+01 | -3.0183e+00 |   -3.0183e-01 |       -3.0183e-01 |
| RDEPLIQREFRATE    |  4.7321e-01 |  5.0000e-01 | -2.6794e-02 |   -5.3588e-02 |       -5.3588e-02 |
| RDEPLIQREFDEPTH   |  3.6484e+02 |  5.0000e+02 | -1.3516e+02 |   -2.7032e-01 |       -2.7032e-01 |
| RCL_OVERLAPLIQICE |  2.6656e-01 |  6.5000e-01 | -3.8344e-01 |   -5.8992e-01 |       -5.8992e-01 |
| RCL_INHOMOGAUT    |  1.7368e+00 |  1.5000e+00 |  2.3679e-01 |    1.5786e-01 |        1.5786e-01 |
| RCL_INHOMOGACC    |  1.9848e+00 |  3.0000e+00 | -1.0152e+00 |   -3.3841e-01 |       -3.3841e-01 |
| RMINICE           |  3.5747e+01 |  6.0000e+01 | -2.4253e+01 |   -4.0422e-01 |       -4.0422e-01 |
2026-04-25 08:09:37 | ectuner |     INFO -> Diagnostic maps saved to ../results/tuned_2d_LR/trop/tol_alfa_060/diagnostics_2d_phis_Global-Tropical_a06.nc
Copia del file YAML inviata a ../results/tuned_2d_LR/trop/tol_yaml_files
