2026-04-29 08:27:56 | ectuner |     INFO -> Loading 2D Data (Sensitivity, Reference, Base)...
   > Loading reference for net_toa from: climate_average_net_toa_CERES EBAF_r180x90_2000-2024.nc
--- Loading cached base maps for phis ---
2026-04-29 08:27:56 | ectuner |     INFO -> Generating spatial weights (Area * Region)...
2026-04-29 08:27:56 | ectuner |     INFO -> Variable net_toa: Initial Spatial Absolute Cost (L1) (Weighted) = 8.7339
2026-04-29 08:27:56 | ectuner |     INFO -> Flattening data for fast optimization...
2026-04-29 08:27:56 | ectuner |     INFO -> DEBUG: Global Bias for net_toa in optimizer: 5.6259
2026-04-29 08:27:56 | ectuner |     INFO -> Starting 2D Optimization (dual_annealing)...
2026-04-29 08:28:22 | ectuner |     INFO -> Optimization finished. Final Weighted Cost (L1): Spatial=7.5781, Global=0.0003
2026-04-29 08:28:22 | ectuner |     INFO -> 
============================== GLOBAL & SPATIAL COSTS (L1) ===============================
2026-04-29 08:28:22 | ectuner |     INFO -> Variable     | Metric           |            Initial ->              Final | Status
2026-04-29 08:28:22 | ectuner |     INFO -> ------------------------------------------------------------------------------------------
2026-04-29 08:28:22 | ectuner |     INFO -> net_toa      | Global Cost|             5.6259 ->             0.0003 | IMPROVED
2026-04-29 08:28:22 | ectuner |     INFO ->              | Spatial Cost  |             8.7339 ->             7.5781 | IMPROVED
2026-04-29 08:28:22 | ectuner |     INFO -> ------------------------------------------------------------------------------------------
2026-04-29 08:28:22 | ectuner |     INFO -> Structured tuning YAML written to ../results/tuned_2d_LR/l1/net_toa_tol/alfa_060/tuned_phis_l1_a060.yml

| Parameter         |   New Value |   Old Value |      Change |   Rel. Change |   Dist. from Ref. |
|-------------------+-------------+-------------+-------------+---------------+-------------------|
| RPRCON            |  1.0379e-03 |  1.4000e-03 | -3.6212e-04 |   -2.5866e-01 |       -2.5866e-01 |
| ENTRORG           |  2.2978e-03 |  1.7500e-03 |  5.4785e-04 |    3.1306e-01 |        3.1306e-01 |
| DETRPEN           |  7.7917e-05 |  7.5000e-05 |  2.9173e-06 |    3.8897e-02 |        3.8897e-02 |
| ENTRDD            |  4.0069e-04 |  3.0000e-04 |  1.0069e-04 |    3.3563e-01 |        3.3563e-01 |
| RMFDEPS           |  4.6109e-01 |  3.0000e-01 |  1.6109e-01 |    5.3698e-01 |        5.3698e-01 |
| RVICE             |  1.9213e-01 |  1.3000e-01 |  6.2127e-02 |    4.7790e-01 |        4.7790e-01 |
| RLCRITSNOW        |  1.1039e-05 |  2.0000e-05 | -8.9612e-06 |   -4.4806e-01 |       -4.4806e-01 |
| RSNOWLIN2         |  1.4445e-02 |  3.0000e-02 | -1.5555e-02 |   -5.1850e-01 |       -5.1850e-01 |
| RCLDIFF           |  8.7258e-06 |  6.0000e-06 |  2.7258e-06 |    4.5429e-01 |        4.5429e-01 |
| RCLDIFF_CONVI     |  1.0549e+01 |  1.0000e+01 |  5.4870e-01 |    5.4870e-02 |        5.4870e-02 |
| RDEPLIQREFRATE    |  6.2675e-01 |  5.0000e-01 |  1.2675e-01 |    2.5349e-01 |        2.5349e-01 |
| RDEPLIQREFDEPTH   |  3.9094e+02 |  5.0000e+02 | -1.0906e+02 |   -2.1811e-01 |       -2.1811e-01 |
| RCL_OVERLAPLIQICE |  2.7578e-01 |  6.5000e-01 | -3.7422e-01 |   -5.7572e-01 |       -5.7572e-01 |
| RCL_INHOMOGAUT    |  1.3219e+00 |  1.5000e+00 | -1.7811e-01 |   -1.1874e-01 |       -1.1874e-01 |
| RCL_INHOMOGACC    |  2.6615e+00 |  3.0000e+00 | -3.3847e-01 |   -1.1282e-01 |       -1.1282e-01 |
| RMINICE           |  8.2039e+01 |  6.0000e+01 |  2.2039e+01 |    3.6732e-01 |        3.6732e-01 |
2026-04-29 08:28:22 | ectuner |     INFO -> Diagnostic maps saved to ../results/tuned_2d_LR/l1/net_toa_tol/alfa_060/diagnostics_2d_phis_Global_a06.nc
Copia del file YAML inviata a ../results/tuned_2d_LR/l1/net_toa_tol/yaml_files
