2026-04-29 08:27:55 | ectuner |     INFO -> Loading 2D Data (Sensitivity, Reference, Base)...
   > Loading reference for net_toa from: climate_average_net_toa_CERES EBAF_r180x90_2000-2024.nc
--- Loading cached base maps for phis ---
2026-04-29 08:27:56 | ectuner |     INFO -> Generating spatial weights (Area * Region)...
2026-04-29 08:27:56 | ectuner |     INFO -> Variable net_toa: Initial Spatial Absolute Cost (L1) (Weighted) = 8.7339
2026-04-29 08:27:56 | ectuner |     INFO -> Flattening data for fast optimization...
2026-04-29 08:27:56 | ectuner |     INFO -> DEBUG: Global Bias for net_toa in optimizer: 5.6259
2026-04-29 08:27:56 | ectuner |     INFO -> Starting 2D Optimization (dual_annealing)...
2026-04-29 08:29:45 | ectuner |     INFO -> Optimization finished. Final Weighted Cost (L1): Spatial=6.7722, Global=1.0558
2026-04-29 08:29:45 | ectuner |     INFO -> 
============================== GLOBAL & SPATIAL COSTS (L1) ===============================
2026-04-29 08:29:45 | ectuner |     INFO -> Variable     | Metric           |            Initial ->              Final | Status
2026-04-29 08:29:45 | ectuner |     INFO -> ------------------------------------------------------------------------------------------
2026-04-29 08:29:45 | ectuner |     INFO -> net_toa      | Global Cost|             5.6259 ->             1.0558 | IMPROVED
2026-04-29 08:29:45 | ectuner |     INFO ->              | Spatial Cost  |             8.7339 ->             6.7722 | IMPROVED
2026-04-29 08:29:45 | ectuner |     INFO -> ------------------------------------------------------------------------------------------
2026-04-29 08:29:46 | ectuner |     INFO -> Structured tuning YAML written to ../results/tuned_2d_LR/l1/net_toa_tol/alfa_010/tuned_phis_l1_a010.yml

| Parameter         |   New Value |   Old Value |      Change |   Rel. Change |   Dist. from Ref. |
|-------------------+-------------+-------------+-------------+---------------+-------------------|
| RPRCON            |  6.2013e-04 |  1.4000e-03 | -7.7987e-04 |   -5.5705e-01 |       -5.5705e-01 |
| ENTRORG           |  1.4757e-03 |  1.7500e-03 | -2.7431e-04 |   -1.5675e-01 |       -1.5675e-01 |
| DETRPEN           |  1.0613e-04 |  7.5000e-05 |  3.1130e-05 |    4.1506e-01 |        4.1506e-01 |
| ENTRDD            |  1.4549e-04 |  3.0000e-04 | -1.5451e-04 |   -5.1502e-01 |       -5.1502e-01 |
| RMFDEPS           |  4.7995e-01 |  3.0000e-01 |  1.7995e-01 |    5.9985e-01 |        5.9985e-01 |
| RVICE             |  2.0797e-01 |  1.3000e-01 |  7.7970e-02 |    5.9977e-01 |        5.9977e-01 |
| RLCRITSNOW        |  8.0035e-06 |  2.0000e-05 | -1.1996e-05 |   -5.9982e-01 |       -5.9982e-01 |
| RSNOWLIN2         |  1.2120e-02 |  3.0000e-02 | -1.7880e-02 |   -5.9599e-01 |       -5.9599e-01 |
| RCLDIFF           |  5.4766e-06 |  6.0000e-06 | -5.2344e-07 |   -8.7240e-02 |       -8.7240e-02 |
| RCLDIFF_CONVI     |  5.1510e+00 |  1.0000e+01 | -4.8490e+00 |   -4.8490e-01 |       -4.8490e-01 |
| RDEPLIQREFRATE    |  5.2095e-01 |  5.0000e-01 |  2.0949e-02 |    4.1897e-02 |        4.1897e-02 |
| RDEPLIQREFDEPTH   |  4.1372e+02 |  5.0000e+02 | -8.6276e+01 |   -1.7255e-01 |       -1.7255e-01 |
| RCL_OVERLAPLIQICE |  2.6010e-01 |  6.5000e-01 | -3.8990e-01 |   -5.9984e-01 |       -5.9984e-01 |
| RCL_INHOMOGAUT    |  7.6667e-01 |  1.5000e+00 | -7.3333e-01 |   -4.8889e-01 |       -4.8889e-01 |
| RCL_INHOMOGACC    |  2.8689e+00 |  3.0000e+00 | -1.3106e-01 |   -4.3685e-02 |       -4.3685e-02 |
| RMINICE           |  8.8195e+01 |  6.0000e+01 |  2.8195e+01 |    4.6992e-01 |        4.6992e-01 |
2026-04-29 08:29:46 | ectuner |     INFO -> Diagnostic maps saved to ../results/tuned_2d_LR/l1/net_toa_tol/alfa_010/diagnostics_2d_phis_Global_a01.nc
Copia del file YAML inviata a ../results/tuned_2d_LR/l1/net_toa_tol/yaml_files
