2026-04-29 08:27:56 | ectuner |     INFO -> Loading 2D Data (Sensitivity, Reference, Base)...
   > Loading reference for net_toa from: climate_average_net_toa_CERES EBAF_r180x90_2000-2024.nc
--- Loading cached base maps for phis ---
2026-04-29 08:27:56 | ectuner |     INFO -> Generating spatial weights (Area * Region)...
2026-04-29 08:27:56 | ectuner |     INFO -> Variable net_toa: Initial Spatial Absolute Cost (L1) (Weighted) = 8.7339
2026-04-29 08:27:56 | ectuner |     INFO -> Flattening data for fast optimization...
2026-04-29 08:27:57 | ectuner |     INFO -> DEBUG: Global Bias for net_toa in optimizer: 5.6259
2026-04-29 08:27:57 | ectuner |     INFO -> Starting 2D Optimization (dual_annealing)...
2026-04-29 08:28:24 | ectuner |     INFO -> Optimization finished. Final Weighted Cost (L1): Spatial=7.8800, Global=0.0000
2026-04-29 08:28:24 | ectuner |     INFO -> 
============================== GLOBAL & SPATIAL COSTS (L1) ===============================
2026-04-29 08:28:24 | ectuner |     INFO -> Variable     | Metric           |            Initial ->              Final | Status
2026-04-29 08:28:24 | ectuner |     INFO -> ------------------------------------------------------------------------------------------
2026-04-29 08:28:24 | ectuner |     INFO -> net_toa      | Global Cost|             5.6259 ->             0.0000 | IMPROVED
2026-04-29 08:28:24 | ectuner |     INFO ->              | Spatial Cost  |             8.7339 ->             7.8800 | IMPROVED
2026-04-29 08:28:24 | ectuner |     INFO -> ------------------------------------------------------------------------------------------
2026-04-29 08:28:24 | ectuner |     INFO -> Structured tuning YAML written to ../results/tuned_2d_LR/l1/net_toa_tol/alfa_090/tuned_phis_l1_a090.yml

| Parameter         |   New Value |   Old Value |      Change |   Rel. Change |   Dist. from Ref. |
|-------------------+-------------+-------------+-------------+---------------+-------------------|
| RPRCON            |  1.6124e-03 |  1.4000e-03 |  2.1239e-04 |    1.5171e-01 |        1.5171e-01 |
| ENTRORG           |  1.8196e-03 |  1.7500e-03 |  6.9607e-05 |    3.9776e-02 |        3.9776e-02 |
| DETRPEN           |  1.1628e-04 |  7.5000e-05 |  4.1277e-05 |    5.5036e-01 |        5.5036e-01 |
| ENTRDD            |  2.6085e-04 |  3.0000e-04 | -3.9147e-05 |   -1.3049e-01 |       -1.3049e-01 |
| RMFDEPS           |  3.1527e-01 |  3.0000e-01 |  1.5269e-02 |    5.0896e-02 |        5.0896e-02 |
| RVICE             |  2.0086e-01 |  1.3000e-01 |  7.0858e-02 |    5.4506e-01 |        5.4506e-01 |
| RLCRITSNOW        |  8.7718e-06 |  2.0000e-05 | -1.1228e-05 |   -5.6141e-01 |       -5.6141e-01 |
| RSNOWLIN2         |  2.5998e-02 |  3.0000e-02 | -4.0023e-03 |   -1.3341e-01 |       -1.3341e-01 |
| RCLDIFF           |  2.5185e-06 |  6.0000e-06 | -3.4815e-06 |   -5.8025e-01 |       -5.8025e-01 |
| RCLDIFF_CONVI     |  7.0169e+00 |  1.0000e+01 | -2.9831e+00 |   -2.9831e-01 |       -2.9831e-01 |
| RDEPLIQREFRATE    |  2.8116e-01 |  5.0000e-01 | -2.1884e-01 |   -4.3768e-01 |       -4.3768e-01 |
| RDEPLIQREFDEPTH   |  3.3900e+02 |  5.0000e+02 | -1.6100e+02 |   -3.2199e-01 |       -3.2199e-01 |
| RCL_OVERLAPLIQICE |  2.9581e-01 |  6.5000e-01 | -3.5419e-01 |   -5.4490e-01 |       -5.4490e-01 |
| RCL_INHOMOGAUT    |  1.3809e+00 |  1.5000e+00 | -1.1907e-01 |   -7.9379e-02 |       -7.9379e-02 |
| RCL_INHOMOGACC    |  1.9555e+00 |  3.0000e+00 | -1.0445e+00 |   -3.4816e-01 |       -3.4816e-01 |
| RMINICE           |  2.9845e+01 |  6.0000e+01 | -3.0155e+01 |   -5.0259e-01 |       -5.0259e-01 |
2026-04-29 08:28:24 | ectuner |     INFO -> Diagnostic maps saved to ../results/tuned_2d_LR/l1/net_toa_tol/alfa_090/diagnostics_2d_phis_Global_a09.nc
Copia del file YAML inviata a ../results/tuned_2d_LR/l1/net_toa_tol/yaml_files
