2026-04-24 08:22:23 | ectuner |     INFO -> Loading 2D Data (Sensitivity, Reference, Base)...
   > Loading reference for net_toa from: climate_average_net_toa_CERES EBAF_r180x90_2000-2024.nc
   > Loading reference for swcf from: climate_average_swcf_CERES EBAF_r180x90_2000-2024.nc
--- Loading cached base maps for phis ---
2026-04-24 08:22:25 | ectuner |     INFO -> Generating spatial weights (Area * Region)...
2026-04-24 08:22:25 | ectuner |     INFO -> Variable net_toa: Initial Spatial RMSE (Weighted) = 11.3965
2026-04-24 08:22:25 | ectuner |     INFO -> Variable swcf: Initial Spatial RMSE (Weighted) = 11.0812
2026-04-24 08:22:25 | ectuner |     INFO -> Flattening data for fast optimization...
2026-04-24 08:22:25 | ectuner |     INFO -> DEBUG: Global Bias for net_toa in optimizer: 5.6259
2026-04-24 08:22:25 | ectuner |     INFO -> DEBUG: Global Bias for swcf in optimizer: 0.5056
2026-04-24 08:22:25 | ectuner |     INFO -> Starting 2D Optimization (dual_annealing)...
2026-04-24 08:23:45 | ectuner |     INFO -> 
==================== GLOBAL MEAN & ZONAL SUMMARY FROM 2D OPTIMIZATION ====================
2026-04-24 08:23:45 | ectuner |     INFO -> Variable     | Metric       |            Initial ->              Final | Status
2026-04-24 08:23:45 | ectuner |     INFO -> ------------------------------------------------------------------------------------------
2026-04-24 08:23:45 | ectuner |     INFO -> net_toa      | Global Bias |             5.6259 ->             1.8448 | IMPROVED
2026-04-24 08:23:45 | ectuner |     INFO ->              | Spatial RMSE  |            11.3965 ->             9.3288 | IMPROVED
2026-04-24 08:23:45 | ectuner |     INFO -> ------------------------------------------------------------------------------------------
2026-04-24 08:23:45 | ectuner |     INFO -> swcf         | Global Bias |             0.5056 ->            -0.0000 | IMPROVED
2026-04-24 08:23:45 | ectuner |     INFO ->              | Spatial RMSE  |            11.0812 ->            11.1872 | WORSENED
2026-04-24 08:23:45 | ectuner |     INFO -> ------------------------------------------------------------------------------------------
2026-04-24 08:23:46 | ectuner |     INFO -> Structured tuning YAML written to ../results/tuned_2d_LR/swcf/alfa_017/tuned_phis_a017.yml

| Parameter         |   New Value |   Old Value |      Change |   Rel. Change |   Dist. from Ref. |
|-------------------+-------------+-------------+-------------+---------------+-------------------|
| RPRCON            |  1.3097e-03 |  1.4000e-03 | -9.0272e-05 |   -6.4480e-02 |       -6.4480e-02 |
| ENTRORG           |  1.5055e-03 |  1.7500e-03 | -2.4455e-04 |   -1.3974e-01 |       -1.3974e-01 |
| DETRPEN           |  1.0591e-04 |  7.5000e-05 |  3.0911e-05 |    4.1214e-01 |        4.1214e-01 |
| ENTRDD            |  2.2277e-04 |  3.0000e-04 | -7.7231e-05 |   -2.5744e-01 |       -2.5744e-01 |
| RMFDEPS           |  4.5528e-01 |  3.0000e-01 |  1.5528e-01 |    5.1759e-01 |        5.1759e-01 |
| RVICE             |  2.0350e-01 |  1.3000e-01 |  7.3503e-02 |    5.6541e-01 |        5.6541e-01 |
| RLCRITSNOW        |  1.0160e-05 |  2.0000e-05 | -9.8404e-06 |   -4.9202e-01 |       -4.9202e-01 |
| RSNOWLIN2         |  1.9597e-02 |  3.0000e-02 | -1.0403e-02 |   -3.4677e-01 |       -3.4677e-01 |
| RCLDIFF           |  2.5449e-06 |  6.0000e-06 | -3.4551e-06 |   -5.7585e-01 |       -5.7585e-01 |
| RCLDIFF_CONVI     |  7.9763e+00 |  1.0000e+01 | -2.0237e+00 |   -2.0237e-01 |       -2.0237e-01 |
| RDEPLIQREFRATE    |  6.6653e-01 |  5.0000e-01 |  1.6653e-01 |    3.3307e-01 |        3.3307e-01 |
| RDEPLIQREFDEPTH   |  4.4063e+02 |  5.0000e+02 | -5.9372e+01 |   -1.1874e-01 |       -1.1874e-01 |
| RCL_OVERLAPLIQICE |  2.6007e-01 |  6.5000e-01 | -3.8993e-01 |   -5.9989e-01 |       -5.9989e-01 |
| RCL_INHOMOGAUT    |  9.3363e-01 |  1.5000e+00 | -5.6637e-01 |   -3.7758e-01 |       -3.7758e-01 |
| RCL_INHOMOGACC    |  2.8670e+00 |  3.0000e+00 | -1.3296e-01 |   -4.4319e-02 |       -4.4319e-02 |
| RMINICE           |  6.0839e+01 |  6.0000e+01 |  8.3934e-01 |    1.3989e-02 |        1.3989e-02 |
2026-04-24 08:23:46 | ectuner |     INFO -> Diagnostic maps saved to ../results/tuned_2d_LR/swcf/alfa_017/diagnostics_2d_phis_Global_a017.nc
Copia del file YAML inviata a ../results/tuned_2d_LR/swcf/yaml_files
