2026-04-24 08:22:29 | ectuner |     INFO -> Loading 2D Data (Sensitivity, Reference, Base)...
   > Loading reference for net_toa from: climate_average_net_toa_CERES EBAF_r180x90_2000-2024.nc
   > Loading reference for swcf from: climate_average_swcf_CERES EBAF_r180x90_2000-2024.nc
--- Loading cached base maps for phis ---
2026-04-24 08:22:30 | ectuner |     INFO -> Generating spatial weights (Area * Region)...
2026-04-24 08:22:30 | ectuner |     INFO -> Variable net_toa: Initial Spatial RMSE (Weighted) = 11.3965
2026-04-24 08:22:30 | ectuner |     INFO -> Variable swcf: Initial Spatial RMSE (Weighted) = 11.0812
2026-04-24 08:22:30 | ectuner |     INFO -> Flattening data for fast optimization...
2026-04-24 08:22:30 | ectuner |     INFO -> DEBUG: Global Bias for net_toa in optimizer: 5.6259
2026-04-24 08:22:30 | ectuner |     INFO -> DEBUG: Global Bias for swcf in optimizer: 0.5056
2026-04-24 08:22:30 | ectuner |     INFO -> Starting 2D Optimization (dual_annealing)...
2026-04-24 08:24:11 | ectuner |     INFO -> 
==================== GLOBAL MEAN & ZONAL SUMMARY FROM 2D OPTIMIZATION ====================
2026-04-24 08:24:11 | ectuner |     INFO -> Variable     | Metric       |            Initial ->              Final | Status
2026-04-24 08:24:11 | ectuner |     INFO -> ------------------------------------------------------------------------------------------
2026-04-24 08:24:11 | ectuner |     INFO -> net_toa      | Global Bias |             5.6259 ->             0.9654 | IMPROVED
2026-04-24 08:24:11 | ectuner |     INFO ->              | Spatial RMSE  |            11.3965 ->             9.4066 | IMPROVED
2026-04-24 08:24:11 | ectuner |     INFO -> ------------------------------------------------------------------------------------------
2026-04-24 08:24:11 | ectuner |     INFO -> swcf         | Global Bias |             0.5056 ->            -0.0000 | IMPROVED
2026-04-24 08:24:11 | ectuner |     INFO ->              | Spatial RMSE  |            11.0812 ->            11.4870 | WORSENED
2026-04-24 08:24:11 | ectuner |     INFO -> ------------------------------------------------------------------------------------------
2026-04-24 08:24:11 | ectuner |     INFO -> Structured tuning YAML written to ../results/tuned_2d_LR/swcf/alfa_030/tuned_phis_a030.yml

| Parameter         |   New Value |   Old Value |      Change |   Rel. Change |   Dist. from Ref. |
|-------------------+-------------+-------------+-------------+---------------+-------------------|
| RPRCON            |  1.0114e-03 |  1.4000e-03 | -3.8863e-04 |   -2.7759e-01 |       -2.7759e-01 |
| ENTRORG           |  1.8927e-03 |  1.7500e-03 |  1.4266e-04 |    8.1522e-02 |        8.1522e-02 |
| DETRPEN           |  9.6678e-05 |  7.5000e-05 |  2.1678e-05 |    2.8904e-01 |        2.8904e-01 |
| ENTRDD            |  2.3421e-04 |  3.0000e-04 | -6.5788e-05 |   -2.1929e-01 |       -2.1929e-01 |
| RMFDEPS           |  4.5209e-01 |  3.0000e-01 |  1.5209e-01 |    5.0696e-01 |        5.0696e-01 |
| RVICE             |  1.9268e-01 |  1.3000e-01 |  6.2681e-02 |    4.8216e-01 |        4.8216e-01 |
| RLCRITSNOW        |  8.0000e-06 |  2.0000e-05 | -1.2000e-05 |   -6.0000e-01 |       -6.0000e-01 |
| RSNOWLIN2         |  2.1943e-02 |  3.0000e-02 | -8.0573e-03 |   -2.6858e-01 |       -2.6858e-01 |
| RCLDIFF           |  2.4000e-06 |  6.0000e-06 | -3.6000e-06 |   -6.0000e-01 |       -6.0000e-01 |
| RCLDIFF_CONVI     |  8.2851e+00 |  1.0000e+01 | -1.7149e+00 |   -1.7149e-01 |       -1.7149e-01 |
| RDEPLIQREFRATE    |  6.7148e-01 |  5.0000e-01 |  1.7148e-01 |    3.4296e-01 |        3.4296e-01 |
| RDEPLIQREFDEPTH   |  4.3230e+02 |  5.0000e+02 | -6.7700e+01 |   -1.3540e-01 |       -1.3540e-01 |
| RCL_OVERLAPLIQICE |  2.6145e-01 |  6.5000e-01 | -3.8855e-01 |   -5.9777e-01 |       -5.9777e-01 |
| RCL_INHOMOGAUT    |  1.0844e+00 |  1.5000e+00 | -4.1558e-01 |   -2.7705e-01 |       -2.7705e-01 |
| RCL_INHOMOGACC    |  3.2863e+00 |  3.0000e+00 |  2.8634e-01 |    9.5446e-02 |        9.5446e-02 |
| RMINICE           |  9.0698e+01 |  6.0000e+01 |  3.0698e+01 |    5.1163e-01 |        5.1163e-01 |
2026-04-24 08:24:11 | ectuner |     INFO -> Diagnostic maps saved to ../results/tuned_2d_LR/swcf/alfa_030/diagnostics_2d_phis_Global_a03.nc
Copia del file YAML inviata a ../results/tuned_2d_LR/swcf/yaml_files
