2026-04-24 08:22:26 | ectuner |     INFO -> Loading 2D Data (Sensitivity, Reference, Base)...
   > Loading reference for net_toa from: climate_average_net_toa_CERES EBAF_r180x90_2000-2024.nc
   > Loading reference for swcf from: climate_average_swcf_CERES EBAF_r180x90_2000-2024.nc
--- Loading cached base maps for phis ---
2026-04-24 08:22:27 | ectuner |     INFO -> Generating spatial weights (Area * Region)...
2026-04-24 08:22:27 | ectuner |     INFO -> Variable net_toa: Initial Spatial RMSE (Weighted) = 11.3965
2026-04-24 08:22:27 | ectuner |     INFO -> Variable swcf: Initial Spatial RMSE (Weighted) = 11.0812
2026-04-24 08:22:27 | ectuner |     INFO -> Flattening data for fast optimization...
2026-04-24 08:22:27 | ectuner |     INFO -> DEBUG: Global Bias for net_toa in optimizer: 5.6259
2026-04-24 08:22:27 | ectuner |     INFO -> DEBUG: Global Bias for swcf in optimizer: 0.5056
2026-04-24 08:22:27 | ectuner |     INFO -> Starting 2D Optimization (dual_annealing)...
2026-04-24 08:23:29 | ectuner |     INFO -> 
==================== GLOBAL MEAN & ZONAL SUMMARY FROM 2D OPTIMIZATION ====================
2026-04-24 08:23:29 | ectuner |     INFO -> Variable     | Metric       |            Initial ->              Final | Status
2026-04-24 08:23:29 | ectuner |     INFO -> ------------------------------------------------------------------------------------------
2026-04-24 08:23:29 | ectuner |     INFO -> net_toa      | Global Bias |             5.6259 ->             2.4582 | IMPROVED
2026-04-24 08:23:29 | ectuner |     INFO ->              | Spatial RMSE  |            11.3965 ->             9.2779 | IMPROVED
2026-04-24 08:23:29 | ectuner |     INFO -> ------------------------------------------------------------------------------------------
2026-04-24 08:23:29 | ectuner |     INFO -> swcf         | Global Bias |             0.5056 ->             0.4375 | IMPROVED
2026-04-24 08:23:29 | ectuner |     INFO ->              | Spatial RMSE  |            11.0812 ->            11.0926 | WORSENED
2026-04-24 08:23:29 | ectuner |     INFO -> ------------------------------------------------------------------------------------------
2026-04-24 08:23:29 | ectuner |     INFO -> Structured tuning YAML written to ../results/tuned_2d_LR/swcf/alfa_000/tuned_phis_a000.yml

| Parameter         |   New Value |   Old Value |      Change |   Rel. Change |   Dist. from Ref. |
|-------------------+-------------+-------------+-------------+---------------+-------------------|
| RPRCON            |  1.0111e-03 |  1.4000e-03 | -3.8895e-04 |   -2.7782e-01 |       -2.7782e-01 |
| ENTRORG           |  1.4103e-03 |  1.7500e-03 | -3.3974e-04 |   -1.9414e-01 |       -1.9414e-01 |
| DETRPEN           |  1.0408e-04 |  7.5000e-05 |  2.9081e-05 |    3.8774e-01 |        3.8774e-01 |
| ENTRDD            |  2.3569e-04 |  3.0000e-04 | -6.4307e-05 |   -2.1436e-01 |       -2.1436e-01 |
| RMFDEPS           |  4.2757e-01 |  3.0000e-01 |  1.2757e-01 |    4.2523e-01 |        4.2523e-01 |
| RVICE             |  2.0772e-01 |  1.3000e-01 |  7.7720e-02 |    5.9785e-01 |        5.9785e-01 |
| RLCRITSNOW        |  1.4363e-05 |  2.0000e-05 | -5.6366e-06 |   -2.8183e-01 |       -2.8183e-01 |
| RSNOWLIN2         |  1.4487e-02 |  3.0000e-02 | -1.5513e-02 |   -5.1711e-01 |       -5.1711e-01 |
| RCLDIFF           |  2.4000e-06 |  6.0000e-06 | -3.6000e-06 |   -6.0000e-01 |       -6.0000e-01 |
| RCLDIFF_CONVI     |  9.6527e+00 |  1.0000e+01 | -3.4732e-01 |   -3.4732e-02 |       -3.4732e-02 |
| RDEPLIQREFRATE    |  6.9791e-01 |  5.0000e-01 |  1.9791e-01 |    3.9581e-01 |        3.9581e-01 |
| RDEPLIQREFDEPTH   |  4.6280e+02 |  5.0000e+02 | -3.7201e+01 |   -7.4402e-02 |       -7.4402e-02 |
| RCL_OVERLAPLIQICE |  2.6009e-01 |  6.5000e-01 | -3.8991e-01 |   -5.9987e-01 |       -5.9987e-01 |
| RCL_INHOMOGAUT    |  1.1954e+00 |  1.5000e+00 | -3.0462e-01 |   -2.0308e-01 |       -2.0308e-01 |
| RCL_INHOMOGACC    |  2.8899e+00 |  3.0000e+00 | -1.1009e-01 |   -3.6697e-02 |       -3.6697e-02 |
| RMINICE           |  6.7830e+01 |  6.0000e+01 |  7.8300e+00 |    1.3050e-01 |        1.3050e-01 |
2026-04-24 08:23:29 | ectuner |     INFO -> Diagnostic maps saved to ../results/tuned_2d_LR/swcf/alfa_000/diagnostics_2d_phis_Global_a00.nc
Copia del file YAML inviata a ../results/tuned_2d_LR/swcf/yaml_files
