2026-04-24 08:22:23 | ectuner |     INFO -> Loading 2D Data (Sensitivity, Reference, Base)...
   > Loading reference for net_toa from: climate_average_net_toa_CERES EBAF_r180x90_2000-2024.nc
   > Loading reference for swcf from: climate_average_swcf_CERES EBAF_r180x90_2000-2024.nc
--- Loading cached base maps for phis ---
2026-04-24 08:22:25 | ectuner |     INFO -> Generating spatial weights (Area * Region)...
2026-04-24 08:22:25 | ectuner |     INFO -> Variable net_toa: Initial Spatial RMSE (Weighted) = 11.3965
2026-04-24 08:22:25 | ectuner |     INFO -> Variable swcf: Initial Spatial RMSE (Weighted) = 11.0812
2026-04-24 08:22:25 | ectuner |     INFO -> Flattening data for fast optimization...
2026-04-24 08:22:25 | ectuner |     INFO -> DEBUG: Global Bias for net_toa in optimizer: 5.6259
2026-04-24 08:22:25 | ectuner |     INFO -> DEBUG: Global Bias for swcf in optimizer: 0.5056
2026-04-24 08:22:25 | ectuner |     INFO -> Starting 2D Optimization (dual_annealing)...
2026-04-24 08:23:44 | ectuner |     INFO -> 
==================== GLOBAL MEAN & ZONAL SUMMARY FROM 2D OPTIMIZATION ====================
2026-04-24 08:23:44 | ectuner |     INFO -> Variable     | Metric       |            Initial ->              Final | Status
2026-04-24 08:23:44 | ectuner |     INFO -> ------------------------------------------------------------------------------------------
2026-04-24 08:23:44 | ectuner |     INFO -> net_toa      | Global Bias |             5.6259 ->             1.6049 | IMPROVED
2026-04-24 08:23:44 | ectuner |     INFO ->              | Spatial RMSE  |            11.3965 ->             9.2038 | IMPROVED
2026-04-24 08:23:44 | ectuner |     INFO -> ------------------------------------------------------------------------------------------
2026-04-24 08:23:44 | ectuner |     INFO -> swcf         | Global Bias |             0.5056 ->             0.0000 | IMPROVED
2026-04-24 08:23:44 | ectuner |     INFO ->              | Spatial RMSE  |            11.0812 ->            11.2586 | WORSENED
2026-04-24 08:23:44 | ectuner |     INFO -> ------------------------------------------------------------------------------------------
2026-04-24 08:23:44 | ectuner |     INFO -> Structured tuning YAML written to ../results/tuned_2d_LR/swcf/alfa_012/tuned_phis_a012.yml

| Parameter         |   New Value |   Old Value |      Change |   Rel. Change |   Dist. from Ref. |
|-------------------+-------------+-------------+-------------+---------------+-------------------|
| RPRCON            |  9.9405e-04 |  1.4000e-03 | -4.0595e-04 |   -2.8997e-01 |       -2.8997e-01 |
| ENTRORG           |  1.3387e-03 |  1.7500e-03 | -4.1126e-04 |   -2.3500e-01 |       -2.3500e-01 |
| DETRPEN           |  1.0851e-04 |  7.5000e-05 |  3.3513e-05 |    4.4684e-01 |        4.4684e-01 |
| ENTRDD            |  2.1209e-04 |  3.0000e-04 | -8.7911e-05 |   -2.9304e-01 |       -2.9304e-01 |
| RMFDEPS           |  4.3437e-01 |  3.0000e-01 |  1.3437e-01 |    4.4790e-01 |        4.4790e-01 |
| RVICE             |  2.0681e-01 |  1.3000e-01 |  7.6810e-02 |    5.9084e-01 |        5.9084e-01 |
| RLCRITSNOW        |  1.2606e-05 |  2.0000e-05 | -7.3941e-06 |   -3.6970e-01 |       -3.6970e-01 |
| RSNOWLIN2         |  1.4692e-02 |  3.0000e-02 | -1.5308e-02 |   -5.1026e-01 |       -5.1026e-01 |
| RCLDIFF           |  2.4000e-06 |  6.0000e-06 | -3.6000e-06 |   -6.0000e-01 |       -6.0000e-01 |
| RCLDIFF_CONVI     |  9.6408e+00 |  1.0000e+01 | -3.5922e-01 |   -3.5922e-02 |       -3.5922e-02 |
| RDEPLIQREFRATE    |  6.6410e-01 |  5.0000e-01 |  1.6410e-01 |    3.2820e-01 |        3.2820e-01 |
| RDEPLIQREFDEPTH   |  4.5104e+02 |  5.0000e+02 | -4.8962e+01 |   -9.7923e-02 |       -9.7923e-02 |
| RCL_OVERLAPLIQICE |  2.6010e-01 |  6.5000e-01 | -3.8990e-01 |   -5.9984e-01 |       -5.9984e-01 |
| RCL_INHOMOGAUT    |  1.1782e+00 |  1.5000e+00 | -3.2176e-01 |   -2.1450e-01 |       -2.1450e-01 |
| RCL_INHOMOGACC    |  2.4532e+00 |  3.0000e+00 | -5.4676e-01 |   -1.8225e-01 |       -1.8225e-01 |
| RMINICE           |  7.6143e+01 |  6.0000e+01 |  1.6143e+01 |    2.6905e-01 |        2.6905e-01 |
2026-04-24 08:23:45 | ectuner |     INFO -> Diagnostic maps saved to ../results/tuned_2d_LR/swcf/alfa_012/diagnostics_2d_phis_Global_a012.nc
Copia del file YAML inviata a ../results/tuned_2d_LR/swcf/yaml_files
