2026-04-24 08:22:31 | ectuner |     INFO -> Loading 2D Data (Sensitivity, Reference, Base)...
   > Loading reference for net_toa from: climate_average_net_toa_CERES EBAF_r180x90_2000-2024.nc
   > Loading reference for swcf from: climate_average_swcf_CERES EBAF_r180x90_2000-2024.nc
--- Loading cached base maps for phis ---
2026-04-24 08:22:32 | ectuner |     INFO -> Generating spatial weights (Area * Region)...
2026-04-24 08:22:32 | ectuner |     INFO -> Variable net_toa: Initial Spatial RMSE (Weighted) = 11.3965
2026-04-24 08:22:32 | ectuner |     INFO -> Variable swcf: Initial Spatial RMSE (Weighted) = 11.0812
2026-04-24 08:22:32 | ectuner |     INFO -> Flattening data for fast optimization...
2026-04-24 08:22:32 | ectuner |     INFO -> DEBUG: Global Bias for net_toa in optimizer: 5.6259
2026-04-24 08:22:32 | ectuner |     INFO -> DEBUG: Global Bias for swcf in optimizer: 0.5056
2026-04-24 08:22:32 | ectuner |     INFO -> Starting 2D Optimization (dual_annealing)...
2026-04-24 08:23:46 | ectuner |     INFO -> 
==================== GLOBAL MEAN & ZONAL SUMMARY FROM 2D OPTIMIZATION ====================
2026-04-24 08:23:46 | ectuner |     INFO -> Variable     | Metric       |            Initial ->              Final | Status
2026-04-24 08:23:46 | ectuner |     INFO -> ------------------------------------------------------------------------------------------
2026-04-24 08:23:46 | ectuner |     INFO -> net_toa      | Global Bias |             5.6259 ->             0.0002 | IMPROVED
2026-04-24 08:23:46 | ectuner |     INFO ->              | Spatial RMSE  |            11.3965 ->            10.2018 | IMPROVED
2026-04-24 08:23:46 | ectuner |     INFO -> ------------------------------------------------------------------------------------------
2026-04-24 08:23:46 | ectuner |     INFO -> swcf         | Global Bias |             0.5056 ->            -0.0000 | IMPROVED
2026-04-24 08:23:47 | ectuner |     INFO ->              | Spatial RMSE  |            11.0812 ->            12.0152 | WORSENED
2026-04-24 08:23:47 | ectuner |     INFO -> ------------------------------------------------------------------------------------------
2026-04-24 08:23:47 | ectuner |     INFO -> Structured tuning YAML written to ../results/tuned_2d_LR/swcf/alfa_060/tuned_phis_a060.yml

| Parameter         |   New Value |   Old Value |      Change |   Rel. Change |   Dist. from Ref. |
|-------------------+-------------+-------------+-------------+---------------+-------------------|
| RPRCON            |  1.6678e-03 |  1.4000e-03 |  2.6782e-04 |    1.9130e-01 |        1.9130e-01 |
| ENTRORG           |  1.7449e-03 |  1.7500e-03 | -5.0732e-06 |   -2.8990e-03 |       -2.8990e-03 |
| DETRPEN           |  1.1080e-04 |  7.5000e-05 |  3.5795e-05 |    4.7727e-01 |        4.7727e-01 |
| ENTRDD            |  3.7515e-04 |  3.0000e-04 |  7.5154e-05 |    2.5051e-01 |        2.5051e-01 |
| RMFDEPS           |  4.3818e-01 |  3.0000e-01 |  1.3818e-01 |    4.6060e-01 |        4.6060e-01 |
| RVICE             |  1.7073e-01 |  1.3000e-01 |  4.0725e-02 |    3.1327e-01 |        3.1327e-01 |
| RLCRITSNOW        |  1.4674e-05 |  2.0000e-05 | -5.3257e-06 |   -2.6629e-01 |       -2.6629e-01 |
| RSNOWLIN2         |  2.7383e-02 |  3.0000e-02 | -2.6174e-03 |   -8.7246e-02 |       -8.7246e-02 |
| RCLDIFF           |  6.9080e-06 |  6.0000e-06 |  9.0797e-07 |    1.5133e-01 |        1.5133e-01 |
| RCLDIFF_CONVI     |  8.4885e+00 |  1.0000e+01 | -1.5115e+00 |   -1.5115e-01 |       -1.5115e-01 |
| RDEPLIQREFRATE    |  6.3196e-01 |  5.0000e-01 |  1.3196e-01 |    2.6393e-01 |        2.6393e-01 |
| RDEPLIQREFDEPTH   |  5.9740e+02 |  5.0000e+02 |  9.7405e+01 |    1.9481e-01 |        1.9481e-01 |
| RCL_OVERLAPLIQICE |  2.7584e-01 |  6.5000e-01 | -3.7416e-01 |   -5.7563e-01 |       -5.7563e-01 |
| RCL_INHOMOGAUT    |  1.0477e+00 |  1.5000e+00 | -4.5230e-01 |   -3.0153e-01 |       -3.0153e-01 |
| RCL_INHOMOGACC    |  1.3620e+00 |  3.0000e+00 | -1.6380e+00 |   -5.4599e-01 |       -5.4599e-01 |
| RMINICE           |  9.2307e+01 |  6.0000e+01 |  3.2307e+01 |    5.3845e-01 |        5.3845e-01 |
2026-04-24 08:23:47 | ectuner |     INFO -> Diagnostic maps saved to ../results/tuned_2d_LR/swcf/alfa_060/diagnostics_2d_phis_Global_a06.nc
Copia del file YAML inviata a ../results/tuned_2d_LR/swcf/yaml_files
