2026-04-24 08:22:25 | ectuner |     INFO -> Loading 2D Data (Sensitivity, Reference, Base)...
   > Loading reference for net_toa from: climate_average_net_toa_CERES EBAF_r180x90_2000-2024.nc
   > Loading reference for swcf from: climate_average_swcf_CERES EBAF_r180x90_2000-2024.nc
--- Loading cached base maps for phis ---
2026-04-24 08:22:26 | ectuner |     INFO -> Generating spatial weights (Area * Region)...
2026-04-24 08:22:26 | ectuner |     INFO -> Variable net_toa: Initial Spatial RMSE (Weighted) = 11.3965
2026-04-24 08:22:26 | ectuner |     INFO -> Variable swcf: Initial Spatial RMSE (Weighted) = 11.0812
2026-04-24 08:22:26 | ectuner |     INFO -> Flattening data for fast optimization...
2026-04-24 08:22:26 | ectuner |     INFO -> DEBUG: Global Bias for net_toa in optimizer: 5.6259
2026-04-24 08:22:26 | ectuner |     INFO -> DEBUG: Global Bias for swcf in optimizer: 0.5056
2026-04-24 08:22:26 | ectuner |     INFO -> Starting 2D Optimization (dual_annealing)...
2026-04-24 08:24:17 | ectuner |     INFO -> 
==================== GLOBAL MEAN & ZONAL SUMMARY FROM 2D OPTIMIZATION ====================
2026-04-24 08:24:17 | ectuner |     INFO -> Variable     | Metric       |            Initial ->              Final | Status
2026-04-24 08:24:17 | ectuner |     INFO -> ------------------------------------------------------------------------------------------
2026-04-24 08:24:17 | ectuner |     INFO -> net_toa      | Global Bias |             5.6259 ->             1.8425 | IMPROVED
2026-04-24 08:24:17 | ectuner |     INFO ->              | Spatial RMSE  |            11.3965 ->             9.2814 | IMPROVED
2026-04-24 08:24:17 | ectuner |     INFO -> ------------------------------------------------------------------------------------------
2026-04-24 08:24:17 | ectuner |     INFO -> swcf         | Global Bias |             0.5056 ->             0.0000 | IMPROVED
2026-04-24 08:24:17 | ectuner |     INFO ->              | Spatial RMSE  |            11.0812 ->            11.1605 | WORSENED
2026-04-24 08:24:17 | ectuner |     INFO -> ------------------------------------------------------------------------------------------
2026-04-24 08:24:17 | ectuner |     INFO -> Structured tuning YAML written to ../results/tuned_2d_LR/swcf/alfa_010/tuned_phis_a010.yml

| Parameter         |   New Value |   Old Value |      Change |   Rel. Change |   Dist. from Ref. |
|-------------------+-------------+-------------+-------------+---------------+-------------------|
| RPRCON            |  1.1339e-03 |  1.4000e-03 | -2.6606e-04 |   -1.9004e-01 |       -1.9004e-01 |
| ENTRORG           |  1.3158e-03 |  1.7500e-03 | -4.3424e-04 |   -2.4814e-01 |       -2.4814e-01 |
| DETRPEN           |  1.1368e-04 |  7.5000e-05 |  3.8682e-05 |    5.1576e-01 |        5.1576e-01 |
| ENTRDD            |  2.3199e-04 |  3.0000e-04 | -6.8005e-05 |   -2.2668e-01 |       -2.2668e-01 |
| RMFDEPS           |  4.0578e-01 |  3.0000e-01 |  1.0578e-01 |    3.5262e-01 |        3.5262e-01 |
| RVICE             |  2.0708e-01 |  1.3000e-01 |  7.7075e-02 |    5.9289e-01 |        5.9289e-01 |
| RLCRITSNOW        |  1.2956e-05 |  2.0000e-05 | -7.0435e-06 |   -3.5218e-01 |       -3.5218e-01 |
| RSNOWLIN2         |  1.4178e-02 |  3.0000e-02 | -1.5822e-02 |   -5.2739e-01 |       -5.2739e-01 |
| RCLDIFF           |  2.4000e-06 |  6.0000e-06 | -3.6000e-06 |   -6.0000e-01 |       -6.0000e-01 |
| RCLDIFF_CONVI     |  9.5188e+00 |  1.0000e+01 | -4.8122e-01 |   -4.8122e-02 |       -4.8122e-02 |
| RDEPLIQREFRATE    |  6.8851e-01 |  5.0000e-01 |  1.8851e-01 |    3.7702e-01 |        3.7702e-01 |
| RDEPLIQREFDEPTH   |  4.4165e+02 |  5.0000e+02 | -5.8349e+01 |   -1.1670e-01 |       -1.1670e-01 |
| RCL_OVERLAPLIQICE |  2.6031e-01 |  6.5000e-01 | -3.8969e-01 |   -5.9952e-01 |       -5.9952e-01 |
| RCL_INHOMOGAUT    |  1.2373e+00 |  1.5000e+00 | -2.6267e-01 |   -1.7512e-01 |       -1.7512e-01 |
| RCL_INHOMOGACC    |  2.3568e+00 |  3.0000e+00 | -6.4319e-01 |   -2.1440e-01 |       -2.1440e-01 |
| RMINICE           |  6.3647e+01 |  6.0000e+01 |  3.6470e+00 |    6.0783e-02 |        6.0783e-02 |
2026-04-24 08:24:17 | ectuner |     INFO -> Diagnostic maps saved to ../results/tuned_2d_LR/swcf/alfa_010/diagnostics_2d_phis_Global_a01.nc
Copia del file YAML inviata a ../results/tuned_2d_LR/swcf/yaml_files
