2026-04-24 08:22:30 | ectuner |     INFO -> Loading 2D Data (Sensitivity, Reference, Base)...
   > Loading reference for net_toa from: climate_average_net_toa_CERES EBAF_r180x90_2000-2024.nc
   > Loading reference for swcf from: climate_average_swcf_CERES EBAF_r180x90_2000-2024.nc
--- Loading cached base maps for phis ---
2026-04-24 08:22:31 | ectuner |     INFO -> Generating spatial weights (Area * Region)...
2026-04-24 08:22:31 | ectuner |     INFO -> Variable net_toa: Initial Spatial RMSE (Weighted) = 11.3965
2026-04-24 08:22:31 | ectuner |     INFO -> Variable swcf: Initial Spatial RMSE (Weighted) = 11.0812
2026-04-24 08:22:31 | ectuner |     INFO -> Flattening data for fast optimization...
2026-04-24 08:22:31 | ectuner |     INFO -> DEBUG: Global Bias for net_toa in optimizer: 5.6259
2026-04-24 08:22:31 | ectuner |     INFO -> DEBUG: Global Bias for swcf in optimizer: 0.5056
2026-04-24 08:22:31 | ectuner |     INFO -> Starting 2D Optimization (dual_annealing)...
2026-04-24 08:23:26 | ectuner |     INFO -> 
==================== GLOBAL MEAN & ZONAL SUMMARY FROM 2D OPTIMIZATION ====================
2026-04-24 08:23:26 | ectuner |     INFO -> Variable     | Metric       |            Initial ->              Final | Status
2026-04-24 08:23:26 | ectuner |     INFO -> ------------------------------------------------------------------------------------------
2026-04-24 08:23:26 | ectuner |     INFO -> net_toa      | Global Bias |             5.6259 ->             0.0000 | IMPROVED
2026-04-24 08:23:26 | ectuner |     INFO ->              | Spatial RMSE  |            11.3965 ->            11.5261 | WORSENED
2026-04-24 08:23:26 | ectuner |     INFO -> ------------------------------------------------------------------------------------------
2026-04-24 08:23:26 | ectuner |     INFO -> swcf         | Global Bias |             0.5056 ->            -0.0000 | IMPROVED
2026-04-24 08:23:26 | ectuner |     INFO ->              | Spatial RMSE  |            11.0812 ->            12.6486 | WORSENED
2026-04-24 08:23:26 | ectuner |     INFO -> ------------------------------------------------------------------------------------------
2026-04-24 08:23:26 | ectuner |     INFO -> Structured tuning YAML written to ../results/tuned_2d_LR/swcf/alfa_099/tuned_phis_a099.yml

| Parameter         |   New Value |   Old Value |      Change |   Rel. Change |   Dist. from Ref. |
|-------------------+-------------+-------------+-------------+---------------+-------------------|
| RPRCON            |  1.9691e-03 |  1.4000e-03 |  5.6914e-04 |    4.0653e-01 |        4.0653e-01 |
| ENTRORG           |  2.1414e-03 |  1.7500e-03 |  3.9139e-04 |    2.2365e-01 |        2.2365e-01 |
| DETRPEN           |  7.4772e-05 |  7.5000e-05 | -2.2821e-07 |   -3.0428e-03 |       -3.0428e-03 |
| ENTRDD            |  2.0290e-04 |  3.0000e-04 | -9.7101e-05 |   -3.2367e-01 |       -3.2367e-01 |
| RMFDEPS           |  3.6429e-01 |  3.0000e-01 |  6.4294e-02 |    2.1431e-01 |        2.1431e-01 |
| RVICE             |  9.8868e-02 |  1.3000e-01 | -3.1132e-02 |   -2.3947e-01 |       -2.3947e-01 |
| RLCRITSNOW        |  1.0231e-05 |  2.0000e-05 | -9.7686e-06 |   -4.8843e-01 |       -4.8843e-01 |
| RSNOWLIN2         |  2.4439e-02 |  3.0000e-02 | -5.5608e-03 |   -1.8536e-01 |       -1.8536e-01 |
| RCLDIFF           |  6.1687e-06 |  6.0000e-06 |  1.6873e-07 |    2.8121e-02 |        2.8121e-02 |
| RCLDIFF_CONVI     |  1.4441e+01 |  1.0000e+01 |  4.4414e+00 |    4.4414e-01 |        4.4414e-01 |
| RDEPLIQREFRATE    |  4.4117e-01 |  5.0000e-01 | -5.8829e-02 |   -1.1766e-01 |       -1.1766e-01 |
| RDEPLIQREFDEPTH   |  6.3883e+02 |  5.0000e+02 |  1.3883e+02 |    2.7765e-01 |        2.7765e-01 |
| RCL_OVERLAPLIQICE |  7.1389e-01 |  6.5000e-01 |  6.3890e-02 |    9.8293e-02 |        9.8293e-02 |
| RCL_INHOMOGAUT    |  1.5299e+00 |  1.5000e+00 |  2.9934e-02 |    1.9956e-02 |        1.9956e-02 |
| RCL_INHOMOGACC    |  1.3417e+00 |  3.0000e+00 | -1.6583e+00 |   -5.5277e-01 |       -5.5277e-01 |
| RMINICE           |  7.5027e+01 |  6.0000e+01 |  1.5027e+01 |    2.5045e-01 |        2.5045e-01 |
2026-04-24 08:23:26 | ectuner |     INFO -> Diagnostic maps saved to ../results/tuned_2d_LR/swcf/alfa_099/diagnostics_2d_phis_Global_a099.nc
Copia del file YAML inviata a ../results/tuned_2d_LR/swcf/yaml_files
