2026-04-24 08:22:24 | ectuner |     INFO -> Loading 2D Data (Sensitivity, Reference, Base)...
   > Loading reference for net_toa from: climate_average_net_toa_CERES EBAF_r180x90_2000-2024.nc
   > Loading reference for swcf from: climate_average_swcf_CERES EBAF_r180x90_2000-2024.nc
--- Loading cached base maps for phis ---
2026-04-24 08:22:25 | ectuner |     INFO -> Generating spatial weights (Area * Region)...
2026-04-24 08:22:25 | ectuner |     INFO -> Variable net_toa: Initial Spatial RMSE (Weighted) = 11.3965
2026-04-24 08:22:25 | ectuner |     INFO -> Variable swcf: Initial Spatial RMSE (Weighted) = 11.0812
2026-04-24 08:22:25 | ectuner |     INFO -> Flattening data for fast optimization...
2026-04-24 08:22:25 | ectuner |     INFO -> DEBUG: Global Bias for net_toa in optimizer: 5.6259
2026-04-24 08:22:25 | ectuner |     INFO -> DEBUG: Global Bias for swcf in optimizer: 0.5056
2026-04-24 08:22:25 | ectuner |     INFO -> Starting 2D Optimization (dual_annealing)...
2026-04-24 08:23:46 | ectuner |     INFO -> 
==================== GLOBAL MEAN & ZONAL SUMMARY FROM 2D OPTIMIZATION ====================
2026-04-24 08:23:46 | ectuner |     INFO -> Variable     | Metric       |            Initial ->              Final | Status
2026-04-24 08:23:46 | ectuner |     INFO -> ------------------------------------------------------------------------------------------
2026-04-24 08:23:46 | ectuner |     INFO -> net_toa      | Global Bias |             5.6259 ->             0.0004 | IMPROVED
2026-04-24 08:23:46 | ectuner |     INFO ->              | Spatial RMSE  |            11.3965 ->             9.7470 | IMPROVED
2026-04-24 08:23:46 | ectuner |     INFO -> ------------------------------------------------------------------------------------------
2026-04-24 08:23:46 | ectuner |     INFO -> swcf         | Global Bias |             0.5056 ->            -0.0000 | IMPROVED
2026-04-24 08:23:46 | ectuner |     INFO ->              | Spatial RMSE  |            11.0812 ->            11.6436 | WORSENED
2026-04-24 08:23:46 | ectuner |     INFO -> ------------------------------------------------------------------------------------------
2026-04-24 08:23:46 | ectuner |     INFO -> Structured tuning YAML written to ../results/tuned_2d_LR/swcf/alfa_050/tuned_phis_a050.yml

| Parameter         |   New Value |   Old Value |      Change |   Rel. Change |   Dist. from Ref. |
|-------------------+-------------+-------------+-------------+---------------+-------------------|
| RPRCON            |  1.4080e-03 |  1.4000e-03 |  7.9659e-06 |    5.6899e-03 |        5.6899e-03 |
| ENTRORG           |  1.6477e-03 |  1.7500e-03 | -1.0225e-04 |   -5.8430e-02 |       -5.8430e-02 |
| DETRPEN           |  1.0540e-04 |  7.5000e-05 |  3.0399e-05 |    4.0531e-01 |        4.0531e-01 |
| ENTRDD            |  1.5206e-04 |  3.0000e-04 | -1.4794e-04 |   -4.9312e-01 |       -4.9312e-01 |
| RMFDEPS           |  4.7098e-01 |  3.0000e-01 |  1.7098e-01 |    5.6995e-01 |        5.6995e-01 |
| RVICE             |  1.6466e-01 |  1.3000e-01 |  3.4662e-02 |    2.6663e-01 |        2.6663e-01 |
| RLCRITSNOW        |  8.9037e-06 |  2.0000e-05 | -1.1096e-05 |   -5.5481e-01 |       -5.5481e-01 |
| RSNOWLIN2         |  1.6385e-02 |  3.0000e-02 | -1.3615e-02 |   -4.5382e-01 |       -4.5382e-01 |
| RCLDIFF           |  2.7143e-06 |  6.0000e-06 | -3.2857e-06 |   -5.4761e-01 |       -5.4761e-01 |
| RCLDIFF_CONVI     |  8.3879e+00 |  1.0000e+01 | -1.6121e+00 |   -1.6121e-01 |       -1.6121e-01 |
| RDEPLIQREFRATE    |  5.8300e-01 |  5.0000e-01 |  8.2998e-02 |    1.6600e-01 |        1.6600e-01 |
| RDEPLIQREFDEPTH   |  4.0615e+02 |  5.0000e+02 | -9.3851e+01 |   -1.8770e-01 |       -1.8770e-01 |
| RCL_OVERLAPLIQICE |  2.7089e-01 |  6.5000e-01 | -3.7911e-01 |   -5.8325e-01 |       -5.8325e-01 |
| RCL_INHOMOGAUT    |  1.6224e+00 |  1.5000e+00 |  1.2240e-01 |    8.1602e-02 |        8.1602e-02 |
| RCL_INHOMOGACC    |  2.0797e+00 |  3.0000e+00 | -9.2026e-01 |   -3.0675e-01 |       -3.0675e-01 |
| RMINICE           |  8.1519e+01 |  6.0000e+01 |  2.1519e+01 |    3.5864e-01 |        3.5864e-01 |
2026-04-24 08:23:46 | ectuner |     INFO -> Diagnostic maps saved to ../results/tuned_2d_LR/swcf/alfa_050/diagnostics_2d_phis_Global_a05.nc
Copia del file YAML inviata a ../results/tuned_2d_LR/swcf/yaml_files
