2026-04-24 08:22:30 | ectuner |     INFO -> Loading 2D Data (Sensitivity, Reference, Base)...
   > Loading reference for net_toa from: climate_average_net_toa_CERES EBAF_r180x90_2000-2024.nc
   > Loading reference for swcf from: climate_average_swcf_CERES EBAF_r180x90_2000-2024.nc
--- Loading cached base maps for phis ---
2026-04-24 08:22:31 | ectuner |     INFO -> Generating spatial weights (Area * Region)...
2026-04-24 08:22:31 | ectuner |     INFO -> Variable net_toa: Initial Spatial RMSE (Weighted) = 11.3965
2026-04-24 08:22:31 | ectuner |     INFO -> Variable swcf: Initial Spatial RMSE (Weighted) = 11.0812
2026-04-24 08:22:31 | ectuner |     INFO -> Flattening data for fast optimization...
2026-04-24 08:22:31 | ectuner |     INFO -> DEBUG: Global Bias for net_toa in optimizer: 5.6259
2026-04-24 08:22:31 | ectuner |     INFO -> DEBUG: Global Bias for swcf in optimizer: 0.5056
2026-04-24 08:22:31 | ectuner |     INFO -> Starting 2D Optimization (dual_annealing)...
2026-04-24 08:23:29 | ectuner |     INFO -> 
==================== GLOBAL MEAN & ZONAL SUMMARY FROM 2D OPTIMIZATION ====================
2026-04-24 08:23:29 | ectuner |     INFO -> Variable     | Metric       |            Initial ->              Final | Status
2026-04-24 08:23:29 | ectuner |     INFO -> ------------------------------------------------------------------------------------------
2026-04-24 08:23:29 | ectuner |     INFO -> net_toa      | Global Bias |             5.6259 ->            -0.0000 | IMPROVED
2026-04-24 08:23:29 | ectuner |     INFO ->              | Spatial RMSE  |            11.3965 ->            10.6765 | IMPROVED
2026-04-24 08:23:29 | ectuner |     INFO -> ------------------------------------------------------------------------------------------
2026-04-24 08:23:29 | ectuner |     INFO -> swcf         | Global Bias |             0.5056 ->             0.0000 | IMPROVED
2026-04-24 08:23:29 | ectuner |     INFO ->              | Spatial RMSE  |            11.0812 ->            12.1444 | WORSENED
2026-04-24 08:23:29 | ectuner |     INFO -> ------------------------------------------------------------------------------------------
2026-04-24 08:23:29 | ectuner |     INFO -> Structured tuning YAML written to ../results/tuned_2d_LR/swcf/alfa_100/tuned_phis_a100.yml

| Parameter         |   New Value |   Old Value |      Change |   Rel. Change |   Dist. from Ref. |
|-------------------+-------------+-------------+-------------+---------------+-------------------|
| RPRCON            |  1.1817e-03 |  1.4000e-03 | -2.1828e-04 |   -1.5592e-01 |       -1.5592e-01 |
| ENTRORG           |  2.3297e-03 |  1.7500e-03 |  5.7966e-04 |    3.3123e-01 |        3.3123e-01 |
| DETRPEN           |  7.4553e-05 |  7.5000e-05 | -4.4738e-07 |   -5.9651e-03 |       -5.9651e-03 |
| ENTRDD            |  2.8851e-04 |  3.0000e-04 | -1.1491e-05 |   -3.8303e-02 |       -3.8303e-02 |
| RMFDEPS           |  3.0860e-01 |  3.0000e-01 |  8.6048e-03 |    2.8683e-02 |        2.8683e-02 |
| RVICE             |  1.9888e-01 |  1.3000e-01 |  6.8881e-02 |    5.2985e-01 |        5.2985e-01 |
| RLCRITSNOW        |  1.0759e-05 |  2.0000e-05 | -9.2409e-06 |   -4.6204e-01 |       -4.6204e-01 |
| RSNOWLIN2         |  1.9046e-02 |  3.0000e-02 | -1.0954e-02 |   -3.6513e-01 |       -3.6513e-01 |
| RCLDIFF           |  2.8684e-06 |  6.0000e-06 | -3.1316e-06 |   -5.2193e-01 |       -5.2193e-01 |
| RCLDIFF_CONVI     |  1.3141e+01 |  1.0000e+01 |  3.1407e+00 |    3.1407e-01 |        3.1407e-01 |
| RDEPLIQREFRATE    |  7.9134e-01 |  5.0000e-01 |  2.9134e-01 |    5.8268e-01 |        5.8268e-01 |
| RDEPLIQREFDEPTH   |  4.1797e+02 |  5.0000e+02 | -8.2026e+01 |   -1.6405e-01 |       -1.6405e-01 |
| RCL_OVERLAPLIQICE |  5.8490e-01 |  6.5000e-01 | -6.5100e-02 |   -1.0015e-01 |       -1.0015e-01 |
| RCL_INHOMOGAUT    |  1.3786e+00 |  1.5000e+00 | -1.2142e-01 |   -8.0947e-02 |       -8.0947e-02 |
| RCL_INHOMOGACC    |  2.8202e+00 |  3.0000e+00 | -1.7978e-01 |   -5.9926e-02 |       -5.9926e-02 |
| RMINICE           |  7.2452e+01 |  6.0000e+01 |  1.2452e+01 |    2.0753e-01 |        2.0753e-01 |
2026-04-24 08:23:29 | ectuner |     INFO -> Diagnostic maps saved to ../results/tuned_2d_LR/swcf/alfa_100/diagnostics_2d_phis_Global_a10.nc
Copia del file YAML inviata a ../results/tuned_2d_LR/swcf/yaml_files
