2026-04-27 08:29:54 | ectuner |     INFO -> Loading 2D Data (Sensitivity, Reference, Base)...
   > Loading reference for net_toa from: climate_average_net_toa_CERES EBAF_r180x90_2000-2024.nc
   > Loading reference for rsnt from: climate_average_rsnt_CERES EBAF_r180x90_2000-2024.nc
--- Loading cached base maps for phis ---
2026-04-27 08:29:55 | ectuner |     INFO -> Generating spatial weights (Area * Region)...
2026-04-27 08:29:55 | ectuner |     INFO -> Variable net_toa: Initial Spatial RMSE (Weighted) = 12.4846
2026-04-27 08:29:55 | ectuner |     INFO -> Variable rsnt: Initial Spatial RMSE (Weighted) = 9.9180
2026-04-27 08:29:55 | ectuner |     INFO -> Flattening data for fast optimization...
2026-04-27 08:29:55 | ectuner |     INFO -> DEBUG: Global Bias for net_toa in optimizer: 7.3510
2026-04-27 08:29:55 | ectuner |     INFO -> DEBUG: Global Bias for rsnt in optimizer: -0.7210
2026-04-27 08:29:55 | ectuner |     INFO -> Starting 2D Optimization (dual_annealing)...
2026-04-27 08:30:45 | ectuner |     INFO -> 
==================== GLOBAL MEAN & ZONAL SUMMARY FROM 2D OPTIMIZATION ====================
2026-04-27 08:30:45 | ectuner |     INFO -> Variable     | Metric       |            Initial ->              Final | Status
2026-04-27 08:30:45 | ectuner |     INFO -> ------------------------------------------------------------------------------------------
2026-04-27 08:30:45 | ectuner |     INFO -> net_toa      | Global Bias |             7.3510 ->            -0.0010 | IMPROVED
2026-04-27 08:30:45 | ectuner |     INFO ->              | Spatial RMSE  |            12.4846 ->            12.9405 | WORSENED
2026-04-27 08:30:45 | ectuner |     INFO -> ------------------------------------------------------------------------------------------
2026-04-27 08:30:45 | ectuner |     INFO -> rsnt         | Global Bias |            -0.7210 ->             0.0001 | IMPROVED
2026-04-27 08:30:45 | ectuner |     INFO ->              | Spatial RMSE  |             9.9180 ->            12.5135 | WORSENED
2026-04-27 08:30:45 | ectuner |     INFO -> ------------------------------------------------------------------------------------------
2026-04-27 08:30:45 | ectuner |     INFO -> Structured tuning YAML written to ../results/tuned_2d_LR/so_rsnt/tol_alfa_099/tuned_phis_a099.yml

| Parameter         |   New Value |   Old Value |      Change |   Rel. Change |   Dist. from Ref. |
|-------------------+-------------+-------------+-------------+---------------+-------------------|
| RPRCON            |  2.2287e-03 |  1.4000e-03 |  8.2875e-04 |    5.9196e-01 |        5.9196e-01 |
| ENTRORG           |  2.7937e-03 |  1.7500e-03 |  1.0437e-03 |    5.9637e-01 |        5.9637e-01 |
| DETRPEN           |  7.4479e-05 |  7.5000e-05 | -5.2149e-07 |   -6.9532e-03 |       -6.9532e-03 |
| ENTRDD            |  1.9246e-04 |  3.0000e-04 | -1.0754e-04 |   -3.5847e-01 |       -3.5847e-01 |
| RMFDEPS           |  2.9014e-01 |  3.0000e-01 | -9.8608e-03 |   -3.2869e-02 |       -3.2869e-02 |
| RVICE             |  1.9430e-01 |  1.3000e-01 |  6.4298e-02 |    4.9460e-01 |        4.9460e-01 |
| RLCRITSNOW        |  2.6317e-05 |  2.0000e-05 |  6.3169e-06 |    3.1585e-01 |        3.1585e-01 |
| RSNOWLIN2         |  2.6544e-02 |  3.0000e-02 | -3.4558e-03 |   -1.1519e-01 |       -1.1519e-01 |
| RCLDIFF           |  6.9082e-06 |  6.0000e-06 |  9.0821e-07 |    1.5137e-01 |        1.5137e-01 |
| RCLDIFF_CONVI     |  9.4553e+00 |  1.0000e+01 | -5.4469e-01 |   -5.4469e-02 |       -5.4469e-02 |
| RDEPLIQREFRATE    |  7.0242e-01 |  5.0000e-01 |  2.0242e-01 |    4.0483e-01 |        4.0483e-01 |
| RDEPLIQREFDEPTH   |  5.6857e+02 |  5.0000e+02 |  6.8574e+01 |    1.3715e-01 |        1.3715e-01 |
| RCL_OVERLAPLIQICE |  4.1172e-01 |  6.5000e-01 | -2.3828e-01 |   -3.6658e-01 |       -3.6658e-01 |
| RCL_INHOMOGAUT    |  8.4141e-01 |  1.5000e+00 | -6.5859e-01 |   -4.3906e-01 |       -4.3906e-01 |
| RCL_INHOMOGACC    |  2.1412e+00 |  3.0000e+00 | -8.5880e-01 |   -2.8627e-01 |       -2.8627e-01 |
| RMINICE           |  8.6224e+01 |  6.0000e+01 |  2.6224e+01 |    4.3707e-01 |        4.3707e-01 |
2026-04-27 08:30:45 | ectuner |     INFO -> Diagnostic maps saved to ../results/tuned_2d_LR/so_rsnt/tol_alfa_099/diagnostics_2d_phis_Global-South Midlat-South Pole_a099.nc
Copia del file YAML inviata a ../results/tuned_2d_LR/so_rsnt/tol_yaml_files
