2026-04-27 08:29:52 | ectuner |     INFO -> Loading 2D Data (Sensitivity, Reference, Base)...
   > Loading reference for net_toa from: climate_average_net_toa_CERES EBAF_r180x90_2000-2024.nc
   > Loading reference for rsnt from: climate_average_rsnt_CERES EBAF_r180x90_2000-2024.nc
--- Loading cached base maps for phis ---
2026-04-27 08:29:53 | ectuner |     INFO -> Generating spatial weights (Area * Region)...
2026-04-27 08:29:53 | ectuner |     INFO -> Variable net_toa: Initial Spatial RMSE (Weighted) = 12.4846
2026-04-27 08:29:53 | ectuner |     INFO -> Variable rsnt: Initial Spatial RMSE (Weighted) = 9.9180
2026-04-27 08:29:53 | ectuner |     INFO -> Flattening data for fast optimization...
2026-04-27 08:29:53 | ectuner |     INFO -> DEBUG: Global Bias for net_toa in optimizer: 7.3510
2026-04-27 08:29:53 | ectuner |     INFO -> DEBUG: Global Bias for rsnt in optimizer: -0.7210
2026-04-27 08:29:53 | ectuner |     INFO -> Starting 2D Optimization (dual_annealing)...
2026-04-27 08:31:17 | ectuner |     INFO -> 
==================== GLOBAL MEAN & ZONAL SUMMARY FROM 2D OPTIMIZATION ====================
2026-04-27 08:31:17 | ectuner |     INFO -> Variable     | Metric       |            Initial ->              Final | Status
2026-04-27 08:31:17 | ectuner |     INFO -> ------------------------------------------------------------------------------------------
2026-04-27 08:31:17 | ectuner |     INFO -> net_toa      | Global Bias |             7.3510 ->             1.8788 | IMPROVED
2026-04-27 08:31:17 | ectuner |     INFO ->              | Spatial RMSE  |            12.4846 ->            10.0413 | IMPROVED
2026-04-27 08:31:17 | ectuner |     INFO -> ------------------------------------------------------------------------------------------
2026-04-27 08:31:17 | ectuner |     INFO -> rsnt         | Global Bias |            -0.7210 ->            -0.0000 | IMPROVED
2026-04-27 08:31:17 | ectuner |     INFO ->              | Spatial RMSE  |             9.9180 ->            10.2968 | WORSENED
2026-04-27 08:31:17 | ectuner |     INFO -> ------------------------------------------------------------------------------------------
2026-04-27 08:31:17 | ectuner |     INFO -> Structured tuning YAML written to ../results/tuned_2d_LR/so_rsnt/tol_alfa_020/tuned_phis_a020.yml

| Parameter         |   New Value |   Old Value |      Change |   Rel. Change |   Dist. from Ref. |
|-------------------+-------------+-------------+-------------+---------------+-------------------|
| RPRCON            |  1.4268e-03 |  1.4000e-03 |  2.6753e-05 |    1.9110e-02 |        1.9110e-02 |
| ENTRORG           |  1.6237e-03 |  1.7500e-03 | -1.2635e-04 |   -7.2200e-02 |       -7.2200e-02 |
| DETRPEN           |  1.1150e-04 |  7.5000e-05 |  3.6500e-05 |    4.8667e-01 |        4.8667e-01 |
| ENTRDD            |  1.9074e-04 |  3.0000e-04 | -1.0926e-04 |   -3.6421e-01 |       -3.6421e-01 |
| RMFDEPS           |  4.2255e-01 |  3.0000e-01 |  1.2255e-01 |    4.0850e-01 |        4.0850e-01 |
| RVICE             |  2.0360e-01 |  1.3000e-01 |  7.3597e-02 |    5.6613e-01 |        5.6613e-01 |
| RLCRITSNOW        |  9.1672e-06 |  2.0000e-05 | -1.0833e-05 |   -5.4164e-01 |       -5.4164e-01 |
| RSNOWLIN2         |  1.3320e-02 |  3.0000e-02 | -1.6680e-02 |   -5.5600e-01 |       -5.5600e-01 |
| RCLDIFF           |  2.7863e-06 |  6.0000e-06 | -3.2137e-06 |   -5.3562e-01 |       -5.3562e-01 |
| RCLDIFF_CONVI     |  9.4457e+00 |  1.0000e+01 | -5.5433e-01 |   -5.5433e-02 |       -5.5433e-02 |
| RDEPLIQREFRATE    |  6.3841e-01 |  5.0000e-01 |  1.3841e-01 |    2.7682e-01 |        2.7682e-01 |
| RDEPLIQREFDEPTH   |  3.7640e+02 |  5.0000e+02 | -1.2360e+02 |   -2.4719e-01 |       -2.4719e-01 |
| RCL_OVERLAPLIQICE |  2.6007e-01 |  6.5000e-01 | -3.8993e-01 |   -5.9989e-01 |       -5.9989e-01 |
| RCL_INHOMOGAUT    |  1.0161e+00 |  1.5000e+00 | -4.8390e-01 |   -3.2260e-01 |       -3.2260e-01 |
| RCL_INHOMOGACC    |  2.4000e+00 |  3.0000e+00 | -6.0000e-01 |   -2.0000e-01 |       -2.0000e-01 |
| RMINICE           |  7.4966e+01 |  6.0000e+01 |  1.4966e+01 |    2.4943e-01 |        2.4943e-01 |
2026-04-27 08:31:17 | ectuner |     INFO -> Diagnostic maps saved to ../results/tuned_2d_LR/so_rsnt/tol_alfa_020/diagnostics_2d_phis_Global-South Midlat-South Pole_a02.nc
Copia del file YAML inviata a ../results/tuned_2d_LR/so_rsnt/tol_yaml_files
