2026-04-27 08:29:50 | ectuner |     INFO -> Loading 2D Data (Sensitivity, Reference, Base)...
   > Loading reference for net_toa from: climate_average_net_toa_CERES EBAF_r180x90_2000-2024.nc
   > Loading reference for rsnt from: climate_average_rsnt_CERES EBAF_r180x90_2000-2024.nc
--- Loading cached base maps for phis ---
2026-04-27 08:29:51 | ectuner |     INFO -> Generating spatial weights (Area * Region)...
2026-04-27 08:29:51 | ectuner |     INFO -> Variable net_toa: Initial Spatial RMSE (Weighted) = 12.4846
2026-04-27 08:29:51 | ectuner |     INFO -> Variable rsnt: Initial Spatial RMSE (Weighted) = 9.9180
2026-04-27 08:29:51 | ectuner |     INFO -> Flattening data for fast optimization...
2026-04-27 08:29:51 | ectuner |     INFO -> DEBUG: Global Bias for net_toa in optimizer: 7.3510
2026-04-27 08:29:51 | ectuner |     INFO -> DEBUG: Global Bias for rsnt in optimizer: -0.7210
2026-04-27 08:29:51 | ectuner |     INFO -> Starting 2D Optimization (dual_annealing)...
2026-04-27 08:30:58 | ectuner |     INFO -> 
==================== GLOBAL MEAN & ZONAL SUMMARY FROM 2D OPTIMIZATION ====================
2026-04-27 08:30:58 | ectuner |     INFO -> Variable     | Metric       |            Initial ->              Final | Status
2026-04-27 08:30:58 | ectuner |     INFO -> ------------------------------------------------------------------------------------------
2026-04-27 08:30:58 | ectuner |     INFO -> net_toa      | Global Bias |             7.3510 ->             0.0000 | IMPROVED
2026-04-27 08:30:58 | ectuner |     INFO ->              | Spatial RMSE  |            12.4846 ->            11.9794 | IMPROVED
2026-04-27 08:30:58 | ectuner |     INFO -> ------------------------------------------------------------------------------------------
2026-04-27 08:30:58 | ectuner |     INFO -> rsnt         | Global Bias |            -0.7210 ->            -0.0000 | IMPROVED
2026-04-27 08:30:58 | ectuner |     INFO ->              | Spatial RMSE  |             9.9180 ->            11.9157 | WORSENED
2026-04-27 08:30:58 | ectuner |     INFO -> ------------------------------------------------------------------------------------------
2026-04-27 08:30:58 | ectuner |     INFO -> Structured tuning YAML written to ../results/tuned_2d_LR/so_rsnt/tol_alfa_100/tuned_phis_a100.yml

| Parameter         |   New Value |   Old Value |      Change |   Rel. Change |   Dist. from Ref. |
|-------------------+-------------+-------------+-------------+---------------+-------------------|
| RPRCON            |  1.6735e-03 |  1.4000e-03 |  2.7347e-04 |    1.9534e-01 |        1.9534e-01 |
| ENTRORG           |  2.2994e-03 |  1.7500e-03 |  5.4942e-04 |    3.1396e-01 |        3.1396e-01 |
| DETRPEN           |  8.0660e-05 |  7.5000e-05 |  5.6598e-06 |    7.5464e-02 |        7.5464e-02 |
| ENTRDD            |  1.6379e-04 |  3.0000e-04 | -1.3621e-04 |   -4.5404e-01 |       -4.5404e-01 |
| RMFDEPS           |  2.2086e-01 |  3.0000e-01 | -7.9136e-02 |   -2.6379e-01 |       -2.6379e-01 |
| RVICE             |  1.8103e-01 |  1.3000e-01 |  5.1031e-02 |    3.9255e-01 |        3.9255e-01 |
| RLCRITSNOW        |  1.5078e-05 |  2.0000e-05 | -4.9216e-06 |   -2.4608e-01 |       -2.4608e-01 |
| RSNOWLIN2         |  1.2389e-02 |  3.0000e-02 | -1.7611e-02 |   -5.8703e-01 |       -5.8703e-01 |
| RCLDIFF           |  5.4100e-06 |  6.0000e-06 | -5.8997e-07 |   -9.8328e-02 |       -9.8328e-02 |
| RCLDIFF_CONVI     |  1.1508e+01 |  1.0000e+01 |  1.5082e+00 |    1.5082e-01 |        1.5082e-01 |
| RDEPLIQREFRATE    |  3.4796e-01 |  5.0000e-01 | -1.5204e-01 |   -3.0407e-01 |       -3.0407e-01 |
| RDEPLIQREFDEPTH   |  4.4151e+02 |  5.0000e+02 | -5.8485e+01 |   -1.1697e-01 |       -1.1697e-01 |
| RCL_OVERLAPLIQICE |  3.6321e-01 |  6.5000e-01 | -2.8679e-01 |   -4.4121e-01 |       -4.4121e-01 |
| RCL_INHOMOGAUT    |  2.3264e+00 |  1.5000e+00 |  8.2640e-01 |    5.5093e-01 |        5.5093e-01 |
| RCL_INHOMOGACC    |  1.2341e+00 |  3.0000e+00 | -1.7659e+00 |   -5.8862e-01 |       -5.8862e-01 |
| RMINICE           |  8.5552e+01 |  6.0000e+01 |  2.5552e+01 |    4.2587e-01 |        4.2587e-01 |
2026-04-27 08:30:58 | ectuner |     INFO -> Diagnostic maps saved to ../results/tuned_2d_LR/so_rsnt/tol_alfa_100/diagnostics_2d_phis_Global-South Midlat-South Pole_a10.nc
Copia del file YAML inviata a ../results/tuned_2d_LR/so_rsnt/tol_yaml_files
