2026-04-27 08:29:52 | ectuner |     INFO -> Loading 2D Data (Sensitivity, Reference, Base)...
   > Loading reference for net_toa from: climate_average_net_toa_CERES EBAF_r180x90_2000-2024.nc
   > Loading reference for rsnt from: climate_average_rsnt_CERES EBAF_r180x90_2000-2024.nc
--- Loading cached base maps for phis ---
2026-04-27 08:29:53 | ectuner |     INFO -> Generating spatial weights (Area * Region)...
2026-04-27 08:29:53 | ectuner |     INFO -> Variable net_toa: Initial Spatial RMSE (Weighted) = 12.4846
2026-04-27 08:29:53 | ectuner |     INFO -> Variable rsnt: Initial Spatial RMSE (Weighted) = 9.9180
2026-04-27 08:29:53 | ectuner |     INFO -> Flattening data for fast optimization...
2026-04-27 08:29:53 | ectuner |     INFO -> DEBUG: Global Bias for net_toa in optimizer: 7.3510
2026-04-27 08:29:53 | ectuner |     INFO -> DEBUG: Global Bias for rsnt in optimizer: -0.7210
2026-04-27 08:29:53 | ectuner |     INFO -> Starting 2D Optimization (dual_annealing)...
2026-04-27 08:33:05 | ectuner |     INFO -> 
==================== GLOBAL MEAN & ZONAL SUMMARY FROM 2D OPTIMIZATION ====================
2026-04-27 08:33:05 | ectuner |     INFO -> Variable     | Metric       |            Initial ->              Final | Status
2026-04-27 08:33:05 | ectuner |     INFO -> ------------------------------------------------------------------------------------------
2026-04-27 08:33:05 | ectuner |     INFO -> net_toa      | Global Bias |             7.3510 ->             3.0618 | IMPROVED
2026-04-27 08:33:05 | ectuner |     INFO ->              | Spatial RMSE  |            12.4846 ->             9.6988 | IMPROVED
2026-04-27 08:33:05 | ectuner |     INFO -> ------------------------------------------------------------------------------------------
2026-04-27 08:33:05 | ectuner |     INFO -> rsnt         | Global Bias |            -0.7210 ->            -0.0000 | IMPROVED
2026-04-27 08:33:05 | ectuner |     INFO ->              | Spatial RMSE  |             9.9180 ->            10.0709 | WORSENED
2026-04-27 08:33:05 | ectuner |     INFO -> ------------------------------------------------------------------------------------------
2026-04-27 08:33:05 | ectuner |     INFO -> Structured tuning YAML written to ../results/tuned_2d_LR/so_rsnt/tol_alfa_010/tuned_phis_a010.yml

| Parameter         |   New Value |   Old Value |      Change |   Rel. Change |   Dist. from Ref. |
|-------------------+-------------+-------------+-------------+---------------+-------------------|
| RPRCON            |  8.9586e-04 |  1.4000e-03 | -5.0414e-04 |   -3.6010e-01 |       -3.6010e-01 |
| ENTRORG           |  1.4349e-03 |  1.7500e-03 | -3.1506e-04 |   -1.8004e-01 |       -1.8004e-01 |
| DETRPEN           |  1.1834e-04 |  7.5000e-05 |  4.3344e-05 |    5.7792e-01 |        5.7792e-01 |
| ENTRDD            |  2.1862e-04 |  3.0000e-04 | -8.1376e-05 |   -2.7125e-01 |       -2.7125e-01 |
| RMFDEPS           |  3.7911e-01 |  3.0000e-01 |  7.9113e-02 |    2.6371e-01 |        2.6371e-01 |
| RVICE             |  2.0796e-01 |  1.3000e-01 |  7.7964e-02 |    5.9972e-01 |        5.9972e-01 |
| RLCRITSNOW        |  8.0008e-06 |  2.0000e-05 | -1.1999e-05 |   -5.9996e-01 |       -5.9996e-01 |
| RSNOWLIN2         |  1.2814e-02 |  3.0000e-02 | -1.7186e-02 |   -5.7286e-01 |       -5.7286e-01 |
| RCLDIFF           |  2.4459e-06 |  6.0000e-06 | -3.5541e-06 |   -5.9235e-01 |       -5.9235e-01 |
| RCLDIFF_CONVI     |  8.9213e+00 |  1.0000e+01 | -1.0787e+00 |   -1.0787e-01 |       -1.0787e-01 |
| RDEPLIQREFRATE    |  5.9560e-01 |  5.0000e-01 |  9.5599e-02 |    1.9120e-01 |        1.9120e-01 |
| RDEPLIQREFDEPTH   |  3.9264e+02 |  5.0000e+02 | -1.0736e+02 |   -2.1472e-01 |       -2.1472e-01 |
| RCL_OVERLAPLIQICE |  2.6003e-01 |  6.5000e-01 | -3.8997e-01 |   -5.9996e-01 |       -5.9996e-01 |
| RCL_INHOMOGAUT    |  1.1742e+00 |  1.5000e+00 | -3.2578e-01 |   -2.1719e-01 |       -2.1719e-01 |
| RCL_INHOMOGACC    |  2.7807e+00 |  3.0000e+00 | -2.1925e-01 |   -7.3084e-02 |       -7.3084e-02 |
| RMINICE           |  8.6447e+01 |  6.0000e+01 |  2.6447e+01 |    4.4078e-01 |        4.4078e-01 |
2026-04-27 08:33:05 | ectuner |     INFO -> Diagnostic maps saved to ../results/tuned_2d_LR/so_rsnt/tol_alfa_010/diagnostics_2d_phis_Global-South Midlat-South Pole_a01.nc
Copia del file YAML inviata a ../results/tuned_2d_LR/so_rsnt/tol_yaml_files
