2026-04-27 08:29:54 | ectuner |     INFO -> Loading 2D Data (Sensitivity, Reference, Base)...
   > Loading reference for net_toa from: climate_average_net_toa_CERES EBAF_r180x90_2000-2024.nc
   > Loading reference for rsnt from: climate_average_rsnt_CERES EBAF_r180x90_2000-2024.nc
--- Loading cached base maps for phis ---
2026-04-27 08:29:55 | ectuner |     INFO -> Generating spatial weights (Area * Region)...
2026-04-27 08:29:55 | ectuner |     INFO -> Variable net_toa: Initial Spatial RMSE (Weighted) = 12.4846
2026-04-27 08:29:55 | ectuner |     INFO -> Variable rsnt: Initial Spatial RMSE (Weighted) = 9.9180
2026-04-27 08:29:55 | ectuner |     INFO -> Flattening data for fast optimization...
2026-04-27 08:29:55 | ectuner |     INFO -> DEBUG: Global Bias for net_toa in optimizer: 7.3510
2026-04-27 08:29:55 | ectuner |     INFO -> DEBUG: Global Bias for rsnt in optimizer: -0.7210
2026-04-27 08:29:55 | ectuner |     INFO -> Starting 2D Optimization (dual_annealing)...
2026-04-27 08:31:42 | ectuner |     INFO -> 
==================== GLOBAL MEAN & ZONAL SUMMARY FROM 2D OPTIMIZATION ====================
2026-04-27 08:31:42 | ectuner |     INFO -> Variable     | Metric       |            Initial ->              Final | Status
2026-04-27 08:31:42 | ectuner |     INFO -> ------------------------------------------------------------------------------------------
2026-04-27 08:31:42 | ectuner |     INFO -> net_toa      | Global Bias |             7.3510 ->             0.8202 | IMPROVED
2026-04-27 08:31:42 | ectuner |     INFO ->              | Spatial RMSE  |            12.4846 ->            10.6518 | IMPROVED
2026-04-27 08:31:42 | ectuner |     INFO -> ------------------------------------------------------------------------------------------
2026-04-27 08:31:42 | ectuner |     INFO -> rsnt         | Global Bias |            -0.7210 ->            -0.0001 | IMPROVED
2026-04-27 08:31:42 | ectuner |     INFO ->              | Spatial RMSE  |             9.9180 ->            11.1798 | WORSENED
2026-04-27 08:31:42 | ectuner |     INFO -> ------------------------------------------------------------------------------------------
2026-04-27 08:31:42 | ectuner |     INFO -> Structured tuning YAML written to ../results/tuned_2d_LR/so_rsnt/tol_alfa_060/tuned_phis_a060.yml

| Parameter         |   New Value |   Old Value |      Change |   Rel. Change |   Dist. from Ref. |
|-------------------+-------------+-------------+-------------+---------------+-------------------|
| RPRCON            |  1.4728e-03 |  1.4000e-03 |  7.2816e-05 |    5.2011e-02 |        5.2011e-02 |
| ENTRORG           |  1.9418e-03 |  1.7500e-03 |  1.9179e-04 |    1.0959e-01 |        1.0959e-01 |
| DETRPEN           |  6.5620e-05 |  7.5000e-05 | -9.3797e-06 |   -1.2506e-01 |       -1.2506e-01 |
| ENTRDD            |  2.3141e-04 |  3.0000e-04 | -6.8591e-05 |   -2.2864e-01 |       -2.2864e-01 |
| RMFDEPS           |  4.1751e-01 |  3.0000e-01 |  1.1751e-01 |    3.9169e-01 |        3.9169e-01 |
| RVICE             |  1.9110e-01 |  1.3000e-01 |  6.1103e-02 |    4.7002e-01 |        4.7002e-01 |
| RLCRITSNOW        |  8.6729e-06 |  2.0000e-05 | -1.1327e-05 |   -5.6636e-01 |       -5.6636e-01 |
| RSNOWLIN2         |  1.3445e-02 |  3.0000e-02 | -1.6555e-02 |   -5.5182e-01 |       -5.5182e-01 |
| RCLDIFF           |  8.3134e-06 |  6.0000e-06 |  2.3134e-06 |    3.8556e-01 |        3.8556e-01 |
| RCLDIFF_CONVI     |  7.8791e+00 |  1.0000e+01 | -2.1209e+00 |   -2.1209e-01 |       -2.1209e-01 |
| RDEPLIQREFRATE    |  4.0883e-01 |  5.0000e-01 | -9.1170e-02 |   -1.8234e-01 |       -1.8234e-01 |
| RDEPLIQREFDEPTH   |  3.2601e+02 |  5.0000e+02 | -1.7399e+02 |   -3.4798e-01 |       -3.4798e-01 |
| RCL_OVERLAPLIQICE |  2.6021e-01 |  6.5000e-01 | -3.8979e-01 |   -5.9967e-01 |       -5.9967e-01 |
| RCL_INHOMOGAUT    |  1.2319e+00 |  1.5000e+00 | -2.6809e-01 |   -1.7872e-01 |       -1.7872e-01 |
| RCL_INHOMOGACC    |  1.6362e+00 |  3.0000e+00 | -1.3638e+00 |   -4.5461e-01 |       -4.5461e-01 |
| RMINICE           |  8.1129e+01 |  6.0000e+01 |  2.1129e+01 |    3.5216e-01 |        3.5216e-01 |
2026-04-27 08:31:42 | ectuner |     INFO -> Diagnostic maps saved to ../results/tuned_2d_LR/so_rsnt/tol_alfa_060/diagnostics_2d_phis_Global-South Midlat-South Pole_a06.nc
Copia del file YAML inviata a ../results/tuned_2d_LR/so_rsnt/tol_yaml_files
