2026-04-24 15:07:06 | ectuner |     INFO -> Loading 2D Data (Sensitivity, Reference, Base)...
   > Loading reference for net_toa from: climate_average_net_toa_CERES EBAF_r180x90_2000-2024.nc
   > Loading reference for swcf from: climate_average_swcf_CERES EBAF_r180x90_2000-2024.nc
--- Loading cached base maps for phis ---
2026-04-24 15:07:07 | ectuner |     INFO -> Generating spatial weights (Area * Region)...
2026-04-24 15:07:07 | ectuner |     INFO -> Variable net_toa: Initial Spatial RMSE (Weighted) = 11.3965
2026-04-24 15:07:07 | ectuner |     INFO -> Variable swcf: Initial Spatial RMSE (Weighted) = 11.0812
2026-04-24 15:07:07 | ectuner |     INFO -> Flattening data for fast optimization...
2026-04-24 15:07:07 | ectuner |     INFO -> DEBUG: Global Bias for net_toa in optimizer: 5.6259
2026-04-24 15:07:08 | ectuner |     INFO -> DEBUG: Global Bias for swcf in optimizer: 0.5056
2026-04-24 15:07:08 | ectuner |     INFO -> Starting 2D Optimization (dual_annealing)...
2026-04-24 15:08:35 | ectuner |     INFO -> 
==================== GLOBAL MEAN & ZONAL SUMMARY FROM 2D OPTIMIZATION ====================
2026-04-24 15:08:35 | ectuner |     INFO -> Variable     | Metric       |            Initial ->              Final | Status
2026-04-24 15:08:35 | ectuner |     INFO -> ------------------------------------------------------------------------------------------
2026-04-24 15:08:35 | ectuner |     INFO -> net_toa      | Global Bias |             5.6259 ->             0.0002 | IMPROVED
2026-04-24 15:08:35 | ectuner |     INFO ->              | Spatial RMSE  |            11.3965 ->            10.0300 | IMPROVED
2026-04-24 15:08:35 | ectuner |     INFO -> ------------------------------------------------------------------------------------------
2026-04-24 15:08:35 | ectuner |     INFO -> swcf         | Global Bias |             0.5056 ->            -0.0000 | IMPROVED
2026-04-24 15:08:35 | ectuner |     INFO ->              | Spatial RMSE  |            11.0812 ->            11.9259 | WORSENED
2026-04-24 15:08:35 | ectuner |     INFO -> ------------------------------------------------------------------------------------------
2026-04-24 15:08:35 | ectuner |     INFO -> Structured tuning YAML written to ../results/tuned_2d_LR/swcf/tol_alfa_050/tuned_phis_a050.yml

| Parameter         |   New Value |   Old Value |      Change |   Rel. Change |   Dist. from Ref. |
|-------------------+-------------+-------------+-------------+---------------+-------------------|
| RPRCON            |  1.0820e-03 |  1.4000e-03 | -3.1801e-04 |   -2.2715e-01 |       -2.2715e-01 |
| ENTRORG           |  2.2379e-03 |  1.7500e-03 |  4.8794e-04 |    2.7882e-01 |        2.7882e-01 |
| DETRPEN           |  7.4822e-05 |  7.5000e-05 | -1.7794e-07 |   -2.3725e-03 |       -2.3725e-03 |
| ENTRDD            |  2.7749e-04 |  3.0000e-04 | -2.2512e-05 |   -7.5039e-02 |       -7.5039e-02 |
| RMFDEPS           |  3.9234e-01 |  3.0000e-01 |  9.2342e-02 |    3.0781e-01 |        3.0781e-01 |
| RVICE             |  2.0731e-01 |  1.3000e-01 |  7.7314e-02 |    5.9472e-01 |        5.9472e-01 |
| RLCRITSNOW        |  8.0700e-06 |  2.0000e-05 | -1.1930e-05 |   -5.9650e-01 |       -5.9650e-01 |
| RSNOWLIN2         |  1.2041e-02 |  3.0000e-02 | -1.7959e-02 |   -5.9863e-01 |       -5.9863e-01 |
| RCLDIFF           |  6.1230e-06 |  6.0000e-06 |  1.2300e-07 |    2.0500e-02 |        2.0500e-02 |
| RCLDIFF_CONVI     |  8.9607e+00 |  1.0000e+01 | -1.0393e+00 |   -1.0393e-01 |       -1.0393e-01 |
| RDEPLIQREFRATE    |  7.7050e-01 |  5.0000e-01 |  2.7050e-01 |    5.4099e-01 |        5.4099e-01 |
| RDEPLIQREFDEPTH   |  4.1688e+02 |  5.0000e+02 | -8.3118e+01 |   -1.6624e-01 |       -1.6624e-01 |
| RCL_OVERLAPLIQICE |  3.4231e-01 |  6.5000e-01 | -3.0769e-01 |   -4.7337e-01 |       -4.7337e-01 |
| RCL_INHOMOGAUT    |  1.1604e+00 |  1.5000e+00 | -3.3961e-01 |   -2.2640e-01 |       -2.2640e-01 |
| RCL_INHOMOGACC    |  2.9584e+00 |  3.0000e+00 | -4.1579e-02 |   -1.3860e-02 |       -1.3860e-02 |
| RMINICE           |  5.8412e+01 |  6.0000e+01 | -1.5877e+00 |   -2.6462e-02 |       -2.6462e-02 |
2026-04-24 15:08:36 | ectuner |     INFO -> Diagnostic maps saved to ../results/tuned_2d_LR/swcf/tol_alfa_050/diagnostics_2d_phis_Global_a05.nc
Copia del file YAML inviata a ../results/tuned_2d_LR/swcf/tol_yaml_files
