2026-04-24 15:07:04 | ectuner |     INFO -> Loading 2D Data (Sensitivity, Reference, Base)...
   > Loading reference for net_toa from: climate_average_net_toa_CERES EBAF_r180x90_2000-2024.nc
   > Loading reference for swcf from: climate_average_swcf_CERES EBAF_r180x90_2000-2024.nc
--- Loading cached base maps for phis ---
2026-04-24 15:07:06 | ectuner |     INFO -> Generating spatial weights (Area * Region)...
2026-04-24 15:07:06 | ectuner |     INFO -> Variable net_toa: Initial Spatial RMSE (Weighted) = 11.3965
2026-04-24 15:07:06 | ectuner |     INFO -> Variable swcf: Initial Spatial RMSE (Weighted) = 11.0812
2026-04-24 15:07:06 | ectuner |     INFO -> Flattening data for fast optimization...
2026-04-24 15:07:06 | ectuner |     INFO -> DEBUG: Global Bias for net_toa in optimizer: 5.6259
2026-04-24 15:07:06 | ectuner |     INFO -> DEBUG: Global Bias for swcf in optimizer: 0.5056
2026-04-24 15:07:06 | ectuner |     INFO -> Starting 2D Optimization (dual_annealing)...
2026-04-24 15:08:03 | ectuner |     INFO -> 
==================== GLOBAL MEAN & ZONAL SUMMARY FROM 2D OPTIMIZATION ====================
2026-04-24 15:08:03 | ectuner |     INFO -> Variable     | Metric       |            Initial ->              Final | Status
2026-04-24 15:08:03 | ectuner |     INFO -> ------------------------------------------------------------------------------------------
2026-04-24 15:08:03 | ectuner |     INFO -> net_toa      | Global Bias |             5.6259 ->            -0.0042 | IMPROVED
2026-04-24 15:08:03 | ectuner |     INFO ->              | Spatial RMSE  |            11.3965 ->            11.9397 | WORSENED
2026-04-24 15:08:03 | ectuner |     INFO -> ------------------------------------------------------------------------------------------
2026-04-24 15:08:03 | ectuner |     INFO -> swcf         | Global Bias |             0.5056 ->             0.0002 | IMPROVED
2026-04-24 15:08:03 | ectuner |     INFO ->              | Spatial RMSE  |            11.0812 ->            12.5265 | WORSENED
2026-04-24 15:08:03 | ectuner |     INFO -> ------------------------------------------------------------------------------------------
2026-04-24 15:08:03 | ectuner |     INFO -> Structured tuning YAML written to ../results/tuned_2d_LR/swcf/tol_alfa_095/tuned_phis_a095.yml

| Parameter         |   New Value |   Old Value |      Change |   Rel. Change |   Dist. from Ref. |
|-------------------+-------------+-------------+-------------+---------------+-------------------|
| RPRCON            |  1.9593e-03 |  1.4000e-03 |  5.5935e-04 |    3.9953e-01 |        3.9953e-01 |
| ENTRORG           |  2.7497e-03 |  1.7500e-03 |  9.9974e-04 |    5.7128e-01 |        5.7128e-01 |
| DETRPEN           |  3.5419e-05 |  7.5000e-05 | -3.9581e-05 |   -5.2774e-01 |       -5.2774e-01 |
| ENTRDD            |  2.4640e-04 |  3.0000e-04 | -5.3604e-05 |   -1.7868e-01 |       -1.7868e-01 |
| RMFDEPS           |  4.2350e-01 |  3.0000e-01 |  1.2350e-01 |    4.1167e-01 |        4.1167e-01 |
| RVICE             |  1.3604e-01 |  1.3000e-01 |  6.0377e-03 |    4.6444e-02 |        4.6444e-02 |
| RLCRITSNOW        |  2.6202e-05 |  2.0000e-05 |  6.2019e-06 |    3.1009e-01 |        3.1009e-01 |
| RSNOWLIN2         |  1.5127e-02 |  3.0000e-02 | -1.4873e-02 |   -4.9577e-01 |       -4.9577e-01 |
| RCLDIFF           |  3.4791e-06 |  6.0000e-06 | -2.5209e-06 |   -4.2014e-01 |       -4.2014e-01 |
| RCLDIFF_CONVI     |  7.7492e+00 |  1.0000e+01 | -2.2508e+00 |   -2.2508e-01 |       -2.2508e-01 |
| RDEPLIQREFRATE    |  6.6352e-01 |  5.0000e-01 |  1.6352e-01 |    3.2705e-01 |        3.2705e-01 |
| RDEPLIQREFDEPTH   |  6.1022e+02 |  5.0000e+02 |  1.1022e+02 |    2.2044e-01 |        2.2044e-01 |
| RCL_OVERLAPLIQICE |  4.4656e-01 |  6.5000e-01 | -2.0344e-01 |   -3.1298e-01 |       -3.1298e-01 |
| RCL_INHOMOGAUT    |  2.1887e+00 |  1.5000e+00 |  6.8867e-01 |    4.5912e-01 |        4.5912e-01 |
| RCL_INHOMOGACC    |  2.9655e+00 |  3.0000e+00 | -3.4541e-02 |   -1.1514e-02 |       -1.1514e-02 |
| RMINICE           |  4.3250e+01 |  6.0000e+01 | -1.6750e+01 |   -2.7917e-01 |       -2.7917e-01 |
2026-04-24 15:08:03 | ectuner |     INFO -> Diagnostic maps saved to ../results/tuned_2d_LR/swcf/tol_alfa_095/diagnostics_2d_phis_Global_a095.nc
Copia del file YAML inviata a ../results/tuned_2d_LR/swcf/tol_yaml_files
