2026-04-24 15:07:05 | ectuner |     INFO -> Loading 2D Data (Sensitivity, Reference, Base)...
   > Loading reference for net_toa from: climate_average_net_toa_CERES EBAF_r180x90_2000-2024.nc
   > Loading reference for swcf from: climate_average_swcf_CERES EBAF_r180x90_2000-2024.nc
--- Loading cached base maps for phis ---
2026-04-24 15:07:06 | ectuner |     INFO -> Generating spatial weights (Area * Region)...
2026-04-24 15:07:06 | ectuner |     INFO -> Variable net_toa: Initial Spatial RMSE (Weighted) = 11.3965
2026-04-24 15:07:06 | ectuner |     INFO -> Variable swcf: Initial Spatial RMSE (Weighted) = 11.0812
2026-04-24 15:07:06 | ectuner |     INFO -> Flattening data for fast optimization...
2026-04-24 15:07:06 | ectuner |     INFO -> DEBUG: Global Bias for net_toa in optimizer: 5.6259
2026-04-24 15:07:06 | ectuner |     INFO -> DEBUG: Global Bias for swcf in optimizer: 0.5056
2026-04-24 15:07:06 | ectuner |     INFO -> Starting 2D Optimization (dual_annealing)...
2026-04-24 15:08:05 | ectuner |     INFO -> 
==================== GLOBAL MEAN & ZONAL SUMMARY FROM 2D OPTIMIZATION ====================
2026-04-24 15:08:05 | ectuner |     INFO -> Variable     | Metric       |            Initial ->              Final | Status
2026-04-24 15:08:05 | ectuner |     INFO -> ------------------------------------------------------------------------------------------
2026-04-24 15:08:05 | ectuner |     INFO -> net_toa      | Global Bias |             5.6259 ->             0.6928 | IMPROVED
2026-04-24 15:08:05 | ectuner |     INFO ->              | Spatial RMSE  |            11.3965 ->             9.6823 | IMPROVED
2026-04-24 15:08:05 | ectuner |     INFO -> ------------------------------------------------------------------------------------------
2026-04-24 15:08:05 | ectuner |     INFO -> swcf         | Global Bias |             0.5056 ->            -0.0016 | IMPROVED
2026-04-24 15:08:05 | ectuner |     INFO ->              | Spatial RMSE  |            11.0812 ->            11.4760 | WORSENED
2026-04-24 15:08:05 | ectuner |     INFO -> ------------------------------------------------------------------------------------------
2026-04-24 15:08:05 | ectuner |     INFO -> Structured tuning YAML written to ../results/tuned_2d_LR/swcf/tol_alfa_030/tuned_phis_a030.yml

| Parameter         |   New Value |   Old Value |      Change |   Rel. Change |   Dist. from Ref. |
|-------------------+-------------+-------------+-------------+---------------+-------------------|
| RPRCON            |  1.4759e-03 |  1.4000e-03 |  7.5851e-05 |    5.4180e-02 |        5.4180e-02 |
| ENTRORG           |  1.8529e-03 |  1.7500e-03 |  1.0288e-04 |    5.8791e-02 |        5.8791e-02 |
| DETRPEN           |  9.2139e-05 |  7.5000e-05 |  1.7139e-05 |    2.2852e-01 |        2.2852e-01 |
| ENTRDD            |  1.4534e-04 |  3.0000e-04 | -1.5466e-04 |   -5.1555e-01 |       -5.1555e-01 |
| RMFDEPS           |  4.5187e-01 |  3.0000e-01 |  1.5187e-01 |    5.0624e-01 |        5.0624e-01 |
| RVICE             |  1.8635e-01 |  1.3000e-01 |  5.6347e-02 |    4.3344e-01 |        4.3344e-01 |
| RLCRITSNOW        |  8.3237e-06 |  2.0000e-05 | -1.1676e-05 |   -5.8382e-01 |       -5.8382e-01 |
| RSNOWLIN2         |  1.3746e-02 |  3.0000e-02 | -1.6254e-02 |   -5.4181e-01 |       -5.4181e-01 |
| RCLDIFF           |  4.2173e-06 |  6.0000e-06 | -1.7827e-06 |   -2.9712e-01 |       -2.9712e-01 |
| RCLDIFF_CONVI     |  6.8521e+00 |  1.0000e+01 | -3.1479e+00 |   -3.1479e-01 |       -3.1479e-01 |
| RDEPLIQREFRATE    |  6.1356e-01 |  5.0000e-01 |  1.1356e-01 |    2.2712e-01 |        2.2712e-01 |
| RDEPLIQREFDEPTH   |  4.1632e+02 |  5.0000e+02 | -8.3680e+01 |   -1.6736e-01 |       -1.6736e-01 |
| RCL_OVERLAPLIQICE |  2.6116e-01 |  6.5000e-01 | -3.8884e-01 |   -5.9822e-01 |       -5.9822e-01 |
| RCL_INHOMOGAUT    |  8.0802e-01 |  1.5000e+00 | -6.9198e-01 |   -4.6132e-01 |       -4.6132e-01 |
| RCL_INHOMOGACC    |  3.0226e+00 |  3.0000e+00 |  2.2639e-02 |    7.5463e-03 |        7.5463e-03 |
| RMINICE           |  4.7270e+01 |  6.0000e+01 | -1.2730e+01 |   -2.1217e-01 |       -2.1217e-01 |
2026-04-24 15:08:05 | ectuner |     INFO -> Diagnostic maps saved to ../results/tuned_2d_LR/swcf/tol_alfa_030/diagnostics_2d_phis_Global_a03.nc
Copia del file YAML inviata a ../results/tuned_2d_LR/swcf/tol_yaml_files
