2026-04-24 15:07:06 | ectuner |     INFO -> Loading 2D Data (Sensitivity, Reference, Base)...
   > Loading reference for net_toa from: climate_average_net_toa_CERES EBAF_r180x90_2000-2024.nc
   > Loading reference for swcf from: climate_average_swcf_CERES EBAF_r180x90_2000-2024.nc
--- Loading cached base maps for phis ---
2026-04-24 15:07:07 | ectuner |     INFO -> Generating spatial weights (Area * Region)...
2026-04-24 15:07:07 | ectuner |     INFO -> Variable net_toa: Initial Spatial RMSE (Weighted) = 11.3965
2026-04-24 15:07:07 | ectuner |     INFO -> Variable swcf: Initial Spatial RMSE (Weighted) = 11.0812
2026-04-24 15:07:07 | ectuner |     INFO -> Flattening data for fast optimization...
2026-04-24 15:07:07 | ectuner |     INFO -> DEBUG: Global Bias for net_toa in optimizer: 5.6259
2026-04-24 15:07:07 | ectuner |     INFO -> DEBUG: Global Bias for swcf in optimizer: 0.5056
2026-04-24 15:07:07 | ectuner |     INFO -> Starting 2D Optimization (dual_annealing)...
2026-04-24 15:08:03 | ectuner |     INFO -> 
==================== GLOBAL MEAN & ZONAL SUMMARY FROM 2D OPTIMIZATION ====================
2026-04-24 15:08:03 | ectuner |     INFO -> Variable     | Metric       |            Initial ->              Final | Status
2026-04-24 15:08:03 | ectuner |     INFO -> ------------------------------------------------------------------------------------------
2026-04-24 15:08:03 | ectuner |     INFO -> net_toa      | Global Bias |             5.6259 ->            -0.0020 | IMPROVED
2026-04-24 15:08:03 | ectuner |     INFO ->              | Spatial RMSE  |            11.3965 ->            10.4819 | IMPROVED
2026-04-24 15:08:03 | ectuner |     INFO -> ------------------------------------------------------------------------------------------
2026-04-24 15:08:03 | ectuner |     INFO -> swcf         | Global Bias |             0.5056 ->            -0.0000 | IMPROVED
2026-04-24 15:08:03 | ectuner |     INFO ->              | Spatial RMSE  |            11.0812 ->            12.3514 | WORSENED
2026-04-24 15:08:03 | ectuner |     INFO -> ------------------------------------------------------------------------------------------
2026-04-24 15:08:03 | ectuner |     INFO -> Structured tuning YAML written to ../results/tuned_2d_LR/swcf/tol_alfa_070/tuned_phis_a070.yml

| Parameter         |   New Value |   Old Value |      Change |   Rel. Change |   Dist. from Ref. |
|-------------------+-------------+-------------+-------------+---------------+-------------------|
| RPRCON            |  1.3574e-03 |  1.4000e-03 | -4.2563e-05 |   -3.0402e-02 |       -3.0402e-02 |
| ENTRORG           |  1.9037e-03 |  1.7500e-03 |  1.5366e-04 |    8.7807e-02 |        8.7807e-02 |
| DETRPEN           |  9.7218e-05 |  7.5000e-05 |  2.2218e-05 |    2.9624e-01 |        2.9624e-01 |
| ENTRDD            |  3.7685e-04 |  3.0000e-04 |  7.6847e-05 |    2.5616e-01 |        2.5616e-01 |
| RMFDEPS           |  2.6708e-01 |  3.0000e-01 | -3.2915e-02 |   -1.0972e-01 |       -1.0972e-01 |
| RVICE             |  1.8546e-01 |  1.3000e-01 |  5.5461e-02 |    4.2662e-01 |        4.2662e-01 |
| RLCRITSNOW        |  1.1507e-05 |  2.0000e-05 | -8.4932e-06 |   -4.2466e-01 |       -4.2466e-01 |
| RSNOWLIN2         |  1.3477e-02 |  3.0000e-02 | -1.6523e-02 |   -5.5078e-01 |       -5.5078e-01 |
| RCLDIFF           |  7.6074e-06 |  6.0000e-06 |  1.6074e-06 |    2.6790e-01 |        2.6790e-01 |
| RCLDIFF_CONVI     |  8.0642e+00 |  1.0000e+01 | -1.9358e+00 |   -1.9358e-01 |       -1.9358e-01 |
| RDEPLIQREFRATE    |  2.8540e-01 |  5.0000e-01 | -2.1460e-01 |   -4.2920e-01 |       -4.2920e-01 |
| RDEPLIQREFDEPTH   |  4.2030e+02 |  5.0000e+02 | -7.9701e+01 |   -1.5940e-01 |       -1.5940e-01 |
| RCL_OVERLAPLIQICE |  4.2664e-01 |  6.5000e-01 | -2.2336e-01 |   -3.4363e-01 |       -3.4363e-01 |
| RCL_INHOMOGAUT    |  1.4803e+00 |  1.5000e+00 | -1.9670e-02 |   -1.3114e-02 |       -1.3114e-02 |
| RCL_INHOMOGACC    |  1.4296e+00 |  3.0000e+00 | -1.5704e+00 |   -5.2347e-01 |       -5.2347e-01 |
| RMINICE           |  6.1657e+01 |  6.0000e+01 |  1.6573e+00 |    2.7622e-02 |        2.7622e-02 |
2026-04-24 15:08:04 | ectuner |     INFO -> Diagnostic maps saved to ../results/tuned_2d_LR/swcf/tol_alfa_070/diagnostics_2d_phis_Global_a07.nc
Copia del file YAML inviata a ../results/tuned_2d_LR/swcf/tol_yaml_files
