2026-04-24 15:07:05 | ectuner |     INFO -> Loading 2D Data (Sensitivity, Reference, Base)...
   > Loading reference for net_toa from: climate_average_net_toa_CERES EBAF_r180x90_2000-2024.nc
   > Loading reference for swcf from: climate_average_swcf_CERES EBAF_r180x90_2000-2024.nc
--- Loading cached base maps for phis ---
2026-04-24 15:07:06 | ectuner |     INFO -> Generating spatial weights (Area * Region)...
2026-04-24 15:07:06 | ectuner |     INFO -> Variable net_toa: Initial Spatial RMSE (Weighted) = 11.3965
2026-04-24 15:07:06 | ectuner |     INFO -> Variable swcf: Initial Spatial RMSE (Weighted) = 11.0812
2026-04-24 15:07:06 | ectuner |     INFO -> Flattening data for fast optimization...
2026-04-24 15:07:07 | ectuner |     INFO -> DEBUG: Global Bias for net_toa in optimizer: 5.6259
2026-04-24 15:07:07 | ectuner |     INFO -> DEBUG: Global Bias for swcf in optimizer: 0.5056
2026-04-24 15:07:07 | ectuner |     INFO -> Starting 2D Optimization (dual_annealing)...
2026-04-24 15:08:41 | ectuner |     INFO -> 
==================== GLOBAL MEAN & ZONAL SUMMARY FROM 2D OPTIMIZATION ====================
2026-04-24 15:08:41 | ectuner |     INFO -> Variable     | Metric       |            Initial ->              Final | Status
2026-04-24 15:08:41 | ectuner |     INFO -> ------------------------------------------------------------------------------------------
2026-04-24 15:08:41 | ectuner |     INFO -> net_toa      | Global Bias |             5.6259 ->             0.8265 | IMPROVED
2026-04-24 15:08:41 | ectuner |     INFO ->              | Spatial RMSE  |            11.3965 ->             9.3319 | IMPROVED
2026-04-24 15:08:41 | ectuner |     INFO -> ------------------------------------------------------------------------------------------
2026-04-24 15:08:41 | ectuner |     INFO -> swcf         | Global Bias |             0.5056 ->            -0.0000 | IMPROVED
2026-04-24 15:08:41 | ectuner |     INFO ->              | Spatial RMSE  |            11.0812 ->            11.4809 | WORSENED
2026-04-24 15:08:41 | ectuner |     INFO -> ------------------------------------------------------------------------------------------
2026-04-24 15:08:41 | ectuner |     INFO -> Structured tuning YAML written to ../results/tuned_2d_LR/swcf/tol_alfa_020/tuned_phis_a020.yml

| Parameter         |   New Value |   Old Value |      Change |   Rel. Change |   Dist. from Ref. |
|-------------------+-------------+-------------+-------------+---------------+-------------------|
| RPRCON            |  9.4862e-04 |  1.4000e-03 | -4.5138e-04 |   -3.2241e-01 |       -3.2241e-01 |
| ENTRORG           |  1.1008e-03 |  1.7500e-03 | -6.4923e-04 |   -3.7099e-01 |       -3.7099e-01 |
| DETRPEN           |  1.1584e-04 |  7.5000e-05 |  4.0842e-05 |    5.4456e-01 |        5.4456e-01 |
| ENTRDD            |  2.0104e-04 |  3.0000e-04 | -9.8962e-05 |   -3.2987e-01 |       -3.2987e-01 |
| RMFDEPS           |  3.5600e-01 |  3.0000e-01 |  5.6002e-02 |    1.8667e-01 |        1.8667e-01 |
| RVICE             |  2.0764e-01 |  1.3000e-01 |  7.7642e-02 |    5.9725e-01 |        5.9725e-01 |
| RLCRITSNOW        |  9.2874e-06 |  2.0000e-05 | -1.0713e-05 |   -5.3563e-01 |       -5.3563e-01 |
| RSNOWLIN2         |  1.2402e-02 |  3.0000e-02 | -1.7598e-02 |   -5.8661e-01 |       -5.8661e-01 |
| RCLDIFF           |  3.2539e-06 |  6.0000e-06 | -2.7461e-06 |   -4.5768e-01 |       -4.5768e-01 |
| RCLDIFF_CONVI     |  1.0041e+01 |  1.0000e+01 |  4.1461e-02 |    4.1461e-03 |        4.1461e-03 |
| RDEPLIQREFRATE    |  7.0256e-01 |  5.0000e-01 |  2.0256e-01 |    4.0513e-01 |        4.0513e-01 |
| RDEPLIQREFDEPTH   |  4.1472e+02 |  5.0000e+02 | -8.5278e+01 |   -1.7056e-01 |       -1.7056e-01 |
| RCL_OVERLAPLIQICE |  2.6599e-01 |  6.5000e-01 | -3.8401e-01 |   -5.9078e-01 |       -5.9078e-01 |
| RCL_INHOMOGAUT    |  1.3025e+00 |  1.5000e+00 | -1.9751e-01 |   -1.3167e-01 |       -1.3167e-01 |
| RCL_INHOMOGACC    |  1.4127e+00 |  3.0000e+00 | -1.5873e+00 |   -5.2909e-01 |       -5.2909e-01 |
| RMINICE           |  8.3301e+01 |  6.0000e+01 |  2.3301e+01 |    3.8835e-01 |        3.8835e-01 |
2026-04-24 15:08:41 | ectuner |     INFO -> Diagnostic maps saved to ../results/tuned_2d_LR/swcf/tol_alfa_020/diagnostics_2d_phis_Global_a02.nc
Copia del file YAML inviata a ../results/tuned_2d_LR/swcf/tol_yaml_files
