2026-04-24 07:52:26 | ectuner |     INFO -> Loading 2D Data (Sensitivity, Reference, Base)...
   > Loading reference for net_toa from: climate_average_net_toa_CERES EBAF_r180x90_2000-2024.nc
   > Loading reference for swcf from: climate_average_swcf_CERES EBAF_r180x90_2000-2024.nc
--- Loading cached base maps for phis ---
2026-04-24 07:52:27 | ectuner |     INFO -> Generating spatial weights (Area * Region)...
2026-04-24 07:52:27 | ectuner |     INFO -> Variable net_toa: Initial Spatial RMSE (Weighted) = 11.3965
2026-04-24 07:52:27 | ectuner |     INFO -> Variable swcf: Initial Spatial RMSE (Weighted) = 11.0812
2026-04-24 07:52:27 | ectuner |     INFO -> Flattening data for fast optimization...
2026-04-24 07:52:28 | ectuner |     INFO -> DEBUG: Global Bias for net_toa in optimizer: 5.6259
2026-04-24 07:52:28 | ectuner |     INFO -> DEBUG: Global Bias for swcf in optimizer: 0.5056
2026-04-24 07:52:28 | ectuner |     INFO -> Starting 2D Optimization (dual_annealing)...
2026-04-24 07:53:54 | ectuner |     INFO -> 
==================== GLOBAL MEAN & ZONAL SUMMARY FROM 2D OPTIMIZATION ====================
2026-04-24 07:53:54 | ectuner |     INFO -> Variable     | Metric       |            Initial ->              Final | Status
2026-04-24 07:53:54 | ectuner |     INFO -> ------------------------------------------------------------------------------------------
2026-04-24 07:53:54 | ectuner |     INFO -> net_toa      | Global Bias |             5.6259 ->             1.5360 | IMPROVED
2026-04-24 07:53:54 | ectuner |     INFO ->              | Spatial RMSE  |            11.3965 ->             9.2868 | IMPROVED
2026-04-24 07:53:54 | ectuner |     INFO -> ------------------------------------------------------------------------------------------
2026-04-24 07:53:54 | ectuner |     INFO -> swcf         | Global Bias |             0.5056 ->            -0.0000 | IMPROVED
2026-04-24 07:53:54 | ectuner |     INFO ->              | Spatial RMSE  |            11.0812 ->            11.2338 | WORSENED
2026-04-24 07:53:54 | ectuner |     INFO -> ------------------------------------------------------------------------------------------
2026-04-24 07:53:54 | ectuner |     INFO -> Structured tuning YAML written to ../results/tuned_2d_LR/swcf/tol_alfa_015/tuned_phis_a015.yml

| Parameter         |   New Value |   Old Value |      Change |   Rel. Change |   Dist. from Ref. |
|-------------------+-------------+-------------+-------------+---------------+-------------------|
| RPRCON            |  1.1848e-03 |  1.4000e-03 | -2.1524e-04 |   -1.5374e-01 |       -1.5374e-01 |
| ENTRORG           |  1.5555e-03 |  1.7500e-03 | -1.9446e-04 |   -1.1112e-01 |       -1.1112e-01 |
| DETRPEN           |  1.0417e-04 |  7.5000e-05 |  2.9166e-05 |    3.8889e-01 |        3.8889e-01 |
| ENTRDD            |  2.1418e-04 |  3.0000e-04 | -8.5823e-05 |   -2.8608e-01 |       -2.8608e-01 |
| RMFDEPS           |  4.5428e-01 |  3.0000e-01 |  1.5428e-01 |    5.1425e-01 |        5.1425e-01 |
| RVICE             |  2.0638e-01 |  1.3000e-01 |  7.6384e-02 |    5.8757e-01 |        5.8757e-01 |
| RLCRITSNOW        |  1.0902e-05 |  2.0000e-05 | -9.0981e-06 |   -4.5491e-01 |       -4.5491e-01 |
| RSNOWLIN2         |  1.9331e-02 |  3.0000e-02 | -1.0669e-02 |   -3.5563e-01 |       -3.5563e-01 |
| RCLDIFF           |  2.4335e-06 |  6.0000e-06 | -3.5665e-06 |   -5.9442e-01 |       -5.9442e-01 |
| RCLDIFF_CONVI     |  8.9387e+00 |  1.0000e+01 | -1.0613e+00 |   -1.0613e-01 |       -1.0613e-01 |
| RDEPLIQREFRATE    |  6.4710e-01 |  5.0000e-01 |  1.4710e-01 |    2.9419e-01 |        2.9419e-01 |
| RDEPLIQREFDEPTH   |  4.4659e+02 |  5.0000e+02 | -5.3408e+01 |   -1.0682e-01 |       -1.0682e-01 |
| RCL_OVERLAPLIQICE |  2.6008e-01 |  6.5000e-01 | -3.8992e-01 |   -5.9988e-01 |       -5.9988e-01 |
| RCL_INHOMOGAUT    |  1.1267e+00 |  1.5000e+00 | -3.7335e-01 |   -2.4890e-01 |       -2.4890e-01 |
| RCL_INHOMOGACC    |  2.8259e+00 |  3.0000e+00 | -1.7407e-01 |   -5.8024e-02 |       -5.8024e-02 |
| RMINICE           |  7.0813e+01 |  6.0000e+01 |  1.0813e+01 |    1.8022e-01 |        1.8022e-01 |
2026-04-24 07:53:55 | ectuner |     INFO -> Diagnostic maps saved to ../results/tuned_2d_LR/swcf/tol_alfa_015/diagnostics_2d_phis_Global_a015.nc
Copia del file YAML inviata a ../results/tuned_2d_LR/swcf/tol_yaml_files
