2026-04-24 15:07:05 | ectuner |     INFO -> Loading 2D Data (Sensitivity, Reference, Base)...
   > Loading reference for net_toa from: climate_average_net_toa_CERES EBAF_r180x90_2000-2024.nc
   > Loading reference for swcf from: climate_average_swcf_CERES EBAF_r180x90_2000-2024.nc
--- Loading cached base maps for phis ---
2026-04-24 15:07:06 | ectuner |     INFO -> Generating spatial weights (Area * Region)...
2026-04-24 15:07:06 | ectuner |     INFO -> Variable net_toa: Initial Spatial RMSE (Weighted) = 11.3965
2026-04-24 15:07:06 | ectuner |     INFO -> Variable swcf: Initial Spatial RMSE (Weighted) = 11.0812
2026-04-24 15:07:06 | ectuner |     INFO -> Flattening data for fast optimization...
2026-04-24 15:07:07 | ectuner |     INFO -> DEBUG: Global Bias for net_toa in optimizer: 5.6259
2026-04-24 15:07:07 | ectuner |     INFO -> DEBUG: Global Bias for swcf in optimizer: 0.5056
2026-04-24 15:07:07 | ectuner |     INFO -> Starting 2D Optimization (dual_annealing)...
2026-04-24 15:09:06 | ectuner |     INFO -> 
==================== GLOBAL MEAN & ZONAL SUMMARY FROM 2D OPTIMIZATION ====================
2026-04-24 15:09:06 | ectuner |     INFO -> Variable     | Metric       |            Initial ->              Final | Status
2026-04-24 15:09:06 | ectuner |     INFO -> ------------------------------------------------------------------------------------------
2026-04-24 15:09:06 | ectuner |     INFO -> net_toa      | Global Bias |             5.6259 ->             0.0699 | IMPROVED
2026-04-24 15:09:06 | ectuner |     INFO ->              | Spatial RMSE  |            11.3965 ->             9.9187 | IMPROVED
2026-04-24 15:09:06 | ectuner |     INFO -> ------------------------------------------------------------------------------------------
2026-04-24 15:09:06 | ectuner |     INFO -> swcf         | Global Bias |             0.5056 ->            -0.0001 | IMPROVED
2026-04-24 15:09:06 | ectuner |     INFO ->              | Spatial RMSE  |            11.0812 ->            11.6487 | WORSENED
2026-04-24 15:09:06 | ectuner |     INFO -> ------------------------------------------------------------------------------------------
2026-04-24 15:09:06 | ectuner |     INFO -> Structured tuning YAML written to ../results/tuned_2d_LR/swcf/tol_alfa_040/tuned_phis_a040.yml

| Parameter         |   New Value |   Old Value |      Change |   Rel. Change |   Dist. from Ref. |
|-------------------+-------------+-------------+-------------+---------------+-------------------|
| RPRCON            |  1.7950e-03 |  1.4000e-03 |  3.9503e-04 |    2.8216e-01 |        2.8216e-01 |
| ENTRORG           |  1.4389e-03 |  1.7500e-03 | -3.1108e-04 |   -1.7776e-01 |       -1.7776e-01 |
| DETRPEN           |  1.0544e-04 |  7.5000e-05 |  3.0435e-05 |    4.0581e-01 |        4.0581e-01 |
| ENTRDD            |  1.3637e-04 |  3.0000e-04 | -1.6363e-04 |   -5.4543e-01 |       -5.4543e-01 |
| RMFDEPS           |  3.6887e-01 |  3.0000e-01 |  6.8869e-02 |    2.2956e-01 |        2.2956e-01 |
| RVICE             |  1.8930e-01 |  1.3000e-01 |  5.9296e-02 |    4.5612e-01 |        4.5612e-01 |
| RLCRITSNOW        |  8.7057e-06 |  2.0000e-05 | -1.1294e-05 |   -5.6471e-01 |       -5.6471e-01 |
| RSNOWLIN2         |  2.2648e-02 |  3.0000e-02 | -7.3523e-03 |   -2.4508e-01 |       -2.4508e-01 |
| RCLDIFF           |  4.1971e-06 |  6.0000e-06 | -1.8029e-06 |   -3.0048e-01 |       -3.0048e-01 |
| RCLDIFF_CONVI     |  6.2872e+00 |  1.0000e+01 | -3.7128e+00 |   -3.7128e-01 |       -3.7128e-01 |
| RDEPLIQREFRATE    |  6.6373e-01 |  5.0000e-01 |  1.6373e-01 |    3.2746e-01 |        3.2746e-01 |
| RDEPLIQREFDEPTH   |  3.9880e+02 |  5.0000e+02 | -1.0120e+02 |   -2.0240e-01 |       -2.0240e-01 |
| RCL_OVERLAPLIQICE |  2.7651e-01 |  6.5000e-01 | -3.7349e-01 |   -5.7460e-01 |       -5.7460e-01 |
| RCL_INHOMOGAUT    |  1.0309e+00 |  1.5000e+00 | -4.6913e-01 |   -3.1275e-01 |       -3.1275e-01 |
| RCL_INHOMOGACC    |  1.4361e+00 |  3.0000e+00 | -1.5639e+00 |   -5.2130e-01 |       -5.2130e-01 |
| RMINICE           |  6.3636e+01 |  6.0000e+01 |  3.6360e+00 |    6.0600e-02 |        6.0600e-02 |
2026-04-24 15:09:06 | ectuner |     INFO -> Diagnostic maps saved to ../results/tuned_2d_LR/swcf/tol_alfa_040/diagnostics_2d_phis_Global_a04.nc
Copia del file YAML inviata a ../results/tuned_2d_LR/swcf/tol_yaml_files
