2026-04-24 15:07:05 | ectuner |     INFO -> Loading 2D Data (Sensitivity, Reference, Base)...
   > Loading reference for net_toa from: climate_average_net_toa_CERES EBAF_r180x90_2000-2024.nc
   > Loading reference for swcf from: climate_average_swcf_CERES EBAF_r180x90_2000-2024.nc
--- Loading cached base maps for phis ---
2026-04-24 15:07:07 | ectuner |     INFO -> Generating spatial weights (Area * Region)...
2026-04-24 15:07:07 | ectuner |     INFO -> Variable net_toa: Initial Spatial RMSE (Weighted) = 11.3965
2026-04-24 15:07:07 | ectuner |     INFO -> Variable swcf: Initial Spatial RMSE (Weighted) = 11.0812
2026-04-24 15:07:07 | ectuner |     INFO -> Flattening data for fast optimization...
2026-04-24 15:07:07 | ectuner |     INFO -> DEBUG: Global Bias for net_toa in optimizer: 5.6259
2026-04-24 15:07:07 | ectuner |     INFO -> DEBUG: Global Bias for swcf in optimizer: 0.5056
2026-04-24 15:07:07 | ectuner |     INFO -> Starting 2D Optimization (dual_annealing)...
2026-04-24 15:08:39 | ectuner |     INFO -> 
==================== GLOBAL MEAN & ZONAL SUMMARY FROM 2D OPTIMIZATION ====================
2026-04-24 15:08:39 | ectuner |     INFO -> Variable     | Metric       |            Initial ->              Final | Status
2026-04-24 15:08:39 | ectuner |     INFO -> ------------------------------------------------------------------------------------------
2026-04-24 15:08:40 | ectuner |     INFO -> net_toa      | Global Bias |             5.6259 ->             0.0000 | IMPROVED
2026-04-24 15:08:40 | ectuner |     INFO ->              | Spatial RMSE  |            11.3965 ->            10.4640 | IMPROVED
2026-04-24 15:08:40 | ectuner |     INFO -> ------------------------------------------------------------------------------------------
2026-04-24 15:08:40 | ectuner |     INFO -> swcf         | Global Bias |             0.5056 ->            -0.0000 | IMPROVED
2026-04-24 15:08:40 | ectuner |     INFO ->              | Spatial RMSE  |            11.0812 ->            11.8153 | WORSENED
2026-04-24 15:08:40 | ectuner |     INFO -> ------------------------------------------------------------------------------------------
2026-04-24 15:08:40 | ectuner |     INFO -> Structured tuning YAML written to ../results/tuned_2d_LR/swcf/tol_alfa_080/tuned_phis_a080.yml

| Parameter         |   New Value |   Old Value |      Change |   Rel. Change |   Dist. from Ref. |
|-------------------+-------------+-------------+-------------+---------------+-------------------|
| RPRCON            |  1.3756e-03 |  1.4000e-03 | -2.4447e-05 |   -1.7462e-02 |       -1.7462e-02 |
| ENTRORG           |  1.8978e-03 |  1.7500e-03 |  1.4775e-04 |    8.4431e-02 |        8.4431e-02 |
| DETRPEN           |  8.3091e-05 |  7.5000e-05 |  8.0910e-06 |    1.0788e-01 |        1.0788e-01 |
| ENTRDD            |  3.5070e-04 |  3.0000e-04 |  5.0703e-05 |    1.6901e-01 |        1.6901e-01 |
| RMFDEPS           |  4.6268e-01 |  3.0000e-01 |  1.6268e-01 |    5.4228e-01 |        5.4228e-01 |
| RVICE             |  2.0645e-01 |  1.3000e-01 |  7.6453e-02 |    5.8810e-01 |        5.8810e-01 |
| RLCRITSNOW        |  2.0959e-05 |  2.0000e-05 |  9.5858e-07 |    4.7929e-02 |        4.7929e-02 |
| RSNOWLIN2         |  1.6831e-02 |  3.0000e-02 | -1.3169e-02 |   -4.3897e-01 |       -4.3897e-01 |
| RCLDIFF           |  2.6388e-06 |  6.0000e-06 | -3.3612e-06 |   -5.6020e-01 |       -5.6020e-01 |
| RCLDIFF_CONVI     |  1.1829e+01 |  1.0000e+01 |  1.8288e+00 |    1.8288e-01 |        1.8288e-01 |
| RDEPLIQREFRATE    |  6.9294e-01 |  5.0000e-01 |  1.9294e-01 |    3.8588e-01 |        3.8588e-01 |
| RDEPLIQREFDEPTH   |  4.4105e+02 |  5.0000e+02 | -5.8949e+01 |   -1.1790e-01 |       -1.1790e-01 |
| RCL_OVERLAPLIQICE |  7.7726e-01 |  6.5000e-01 |  1.2726e-01 |    1.9579e-01 |        1.9579e-01 |
| RCL_INHOMOGAUT    |  1.3260e+00 |  1.5000e+00 | -1.7398e-01 |   -1.1599e-01 |       -1.1599e-01 |
| RCL_INHOMOGACC    |  2.0177e+00 |  3.0000e+00 | -9.8230e-01 |   -3.2743e-01 |       -3.2743e-01 |
| RMINICE           |  7.3053e+01 |  6.0000e+01 |  1.3053e+01 |    2.1756e-01 |        2.1756e-01 |
2026-04-24 15:08:40 | ectuner |     INFO -> Diagnostic maps saved to ../results/tuned_2d_LR/swcf/tol_alfa_080/diagnostics_2d_phis_Global_a08.nc
Copia del file YAML inviata a ../results/tuned_2d_LR/swcf/tol_yaml_files
