2026-04-24 15:07:05 | ectuner |     INFO -> Loading 2D Data (Sensitivity, Reference, Base)...
   > Loading reference for net_toa from: climate_average_net_toa_CERES EBAF_r180x90_2000-2024.nc
   > Loading reference for swcf from: climate_average_swcf_CERES EBAF_r180x90_2000-2024.nc
--- Loading cached base maps for phis ---
2026-04-24 15:07:06 | ectuner |     INFO -> Generating spatial weights (Area * Region)...
2026-04-24 15:07:06 | ectuner |     INFO -> Variable net_toa: Initial Spatial RMSE (Weighted) = 11.3965
2026-04-24 15:07:06 | ectuner |     INFO -> Variable swcf: Initial Spatial RMSE (Weighted) = 11.0812
2026-04-24 15:07:06 | ectuner |     INFO -> Flattening data for fast optimization...
2026-04-24 15:07:07 | ectuner |     INFO -> DEBUG: Global Bias for net_toa in optimizer: 5.6259
2026-04-24 15:07:07 | ectuner |     INFO -> DEBUG: Global Bias for swcf in optimizer: 0.5056
2026-04-24 15:07:07 | ectuner |     INFO -> Starting 2D Optimization (dual_annealing)...
2026-04-24 15:08:16 | ectuner |     INFO -> 
==================== GLOBAL MEAN & ZONAL SUMMARY FROM 2D OPTIMIZATION ====================
2026-04-24 15:08:16 | ectuner |     INFO -> Variable     | Metric       |            Initial ->              Final | Status
2026-04-24 15:08:16 | ectuner |     INFO -> ------------------------------------------------------------------------------------------
2026-04-24 15:08:16 | ectuner |     INFO -> net_toa      | Global Bias |             5.6259 ->             0.0000 | IMPROVED
2026-04-24 15:08:16 | ectuner |     INFO ->              | Spatial RMSE  |            11.3965 ->            10.1681 | IMPROVED
2026-04-24 15:08:16 | ectuner |     INFO -> ------------------------------------------------------------------------------------------
2026-04-24 15:08:16 | ectuner |     INFO -> swcf         | Global Bias |             0.5056 ->            -0.0000 | IMPROVED
2026-04-24 15:08:16 | ectuner |     INFO ->              | Spatial RMSE  |            11.0812 ->            12.1020 | WORSENED
2026-04-24 15:08:16 | ectuner |     INFO -> ------------------------------------------------------------------------------------------
2026-04-24 15:08:16 | ectuner |     INFO -> Structured tuning YAML written to ../results/tuned_2d_LR/swcf/tol_alfa_060/tuned_phis_a060.yml

| Parameter         |   New Value |   Old Value |      Change |   Rel. Change |   Dist. from Ref. |
|-------------------+-------------+-------------+-------------+---------------+-------------------|
| RPRCON            |  1.3184e-03 |  1.4000e-03 | -8.1626e-05 |   -5.8305e-02 |       -5.8305e-02 |
| ENTRORG           |  1.7972e-03 |  1.7500e-03 |  4.7243e-05 |    2.6996e-02 |        2.6996e-02 |
| DETRPEN           |  4.4304e-05 |  7.5000e-05 | -3.0696e-05 |   -4.0928e-01 |       -4.0928e-01 |
| ENTRDD            |  2.9399e-04 |  3.0000e-04 | -6.0132e-06 |   -2.0044e-02 |       -2.0044e-02 |
| RMFDEPS           |  4.1319e-01 |  3.0000e-01 |  1.1319e-01 |    3.7729e-01 |        3.7729e-01 |
| RVICE             |  1.4709e-01 |  1.3000e-01 |  1.7091e-02 |    1.3147e-01 |        1.3147e-01 |
| RLCRITSNOW        |  9.4392e-06 |  2.0000e-05 | -1.0561e-05 |   -5.2804e-01 |       -5.2804e-01 |
| RSNOWLIN2         |  1.5339e-02 |  3.0000e-02 | -1.4661e-02 |   -4.8869e-01 |       -4.8869e-01 |
| RCLDIFF           |  5.3067e-06 |  6.0000e-06 | -6.9331e-07 |   -1.1555e-01 |       -1.1555e-01 |
| RCLDIFF_CONVI     |  5.2038e+00 |  1.0000e+01 | -4.7962e+00 |   -4.7962e-01 |       -4.7962e-01 |
| RDEPLIQREFRATE    |  4.4678e-01 |  5.0000e-01 | -5.3216e-02 |   -1.0643e-01 |       -1.0643e-01 |
| RDEPLIQREFDEPTH   |  3.9906e+02 |  5.0000e+02 | -1.0094e+02 |   -2.0188e-01 |       -2.0188e-01 |
| RCL_OVERLAPLIQICE |  2.9064e-01 |  6.5000e-01 | -3.5936e-01 |   -5.5287e-01 |       -5.5287e-01 |
| RCL_INHOMOGAUT    |  1.7790e+00 |  1.5000e+00 |  2.7898e-01 |    1.8599e-01 |        1.8599e-01 |
| RCL_INHOMOGACC    |  1.4927e+00 |  3.0000e+00 | -1.5073e+00 |   -5.0243e-01 |       -5.0243e-01 |
| RMINICE           |  8.0887e+01 |  6.0000e+01 |  2.0887e+01 |    3.4812e-01 |        3.4812e-01 |
2026-04-24 15:08:17 | ectuner |     INFO -> Diagnostic maps saved to ../results/tuned_2d_LR/swcf/tol_alfa_060/diagnostics_2d_phis_Global_a06.nc
Copia del file YAML inviata a ../results/tuned_2d_LR/swcf/tol_yaml_files
