2026-04-24 15:07:05 | ectuner |     INFO -> Loading 2D Data (Sensitivity, Reference, Base)...
   > Loading reference for net_toa from: climate_average_net_toa_CERES EBAF_r180x90_2000-2024.nc
   > Loading reference for swcf from: climate_average_swcf_CERES EBAF_r180x90_2000-2024.nc
--- Loading cached base maps for phis ---
2026-04-24 15:07:06 | ectuner |     INFO -> Generating spatial weights (Area * Region)...
2026-04-24 15:07:06 | ectuner |     INFO -> Variable net_toa: Initial Spatial RMSE (Weighted) = 11.3965
2026-04-24 15:07:06 | ectuner |     INFO -> Variable swcf: Initial Spatial RMSE (Weighted) = 11.0812
2026-04-24 15:07:06 | ectuner |     INFO -> Flattening data for fast optimization...
2026-04-24 15:07:06 | ectuner |     INFO -> DEBUG: Global Bias for net_toa in optimizer: 5.6259
2026-04-24 15:07:06 | ectuner |     INFO -> DEBUG: Global Bias for swcf in optimizer: 0.5056
2026-04-24 15:07:06 | ectuner |     INFO -> Starting 2D Optimization (dual_annealing)...
2026-04-24 15:08:14 | ectuner |     INFO -> 
==================== GLOBAL MEAN & ZONAL SUMMARY FROM 2D OPTIMIZATION ====================
2026-04-24 15:08:14 | ectuner |     INFO -> Variable     | Metric       |            Initial ->              Final | Status
2026-04-24 15:08:14 | ectuner |     INFO -> ------------------------------------------------------------------------------------------
2026-04-24 15:08:14 | ectuner |     INFO -> net_toa      | Global Bias |             5.6259 ->             0.0000 | IMPROVED
2026-04-24 15:08:14 | ectuner |     INFO ->              | Spatial RMSE  |            11.3965 ->            12.0190 | WORSENED
2026-04-24 15:08:14 | ectuner |     INFO -> ------------------------------------------------------------------------------------------
2026-04-24 15:08:14 | ectuner |     INFO -> swcf         | Global Bias |             0.5056 ->            -0.0000 | IMPROVED
2026-04-24 15:08:14 | ectuner |     INFO ->              | Spatial RMSE  |            11.0812 ->            12.6787 | WORSENED
2026-04-24 15:08:14 | ectuner |     INFO -> ------------------------------------------------------------------------------------------
2026-04-24 15:08:14 | ectuner |     INFO -> Structured tuning YAML written to ../results/tuned_2d_LR/swcf/tol_alfa_100/tuned_phis_a100.yml

| Parameter         |   New Value |   Old Value |      Change |   Rel. Change |   Dist. from Ref. |
|-------------------+-------------+-------------+-------------+---------------+-------------------|
| RPRCON            |  2.2111e-03 |  1.4000e-03 |  8.1110e-04 |    5.7936e-01 |        5.7936e-01 |
| ENTRORG           |  2.6348e-03 |  1.7500e-03 |  8.8479e-04 |    5.0560e-01 |        5.0560e-01 |
| DETRPEN           |  7.2849e-05 |  7.5000e-05 | -2.1513e-06 |   -2.8685e-02 |       -2.8685e-02 |
| ENTRDD            |  3.5809e-04 |  3.0000e-04 |  5.8092e-05 |    1.9364e-01 |        1.9364e-01 |
| RMFDEPS           |  4.5528e-01 |  3.0000e-01 |  1.5528e-01 |    5.1761e-01 |        5.1761e-01 |
| RVICE             |  1.7465e-01 |  1.3000e-01 |  4.4651e-02 |    3.4347e-01 |        3.4347e-01 |
| RLCRITSNOW        |  2.1006e-05 |  2.0000e-05 |  1.0065e-06 |    5.0324e-02 |        5.0324e-02 |
| RSNOWLIN2         |  2.9540e-02 |  3.0000e-02 | -4.5968e-04 |   -1.5323e-02 |       -1.5323e-02 |
| RCLDIFF           |  4.0684e-06 |  6.0000e-06 | -1.9316e-06 |   -3.2194e-01 |       -3.2194e-01 |
| RCLDIFF_CONVI     |  9.3889e+00 |  1.0000e+01 | -6.1112e-01 |   -6.1112e-02 |       -6.1112e-02 |
| RDEPLIQREFRATE    |  2.1802e-01 |  5.0000e-01 | -2.8198e-01 |   -5.6395e-01 |       -5.6395e-01 |
| RDEPLIQREFDEPTH   |  6.8095e+02 |  5.0000e+02 |  1.8095e+02 |    3.6190e-01 |        3.6190e-01 |
| RCL_OVERLAPLIQICE |  6.8158e-01 |  6.5000e-01 |  3.1580e-02 |    4.8584e-02 |        4.8584e-02 |
| RCL_INHOMOGAUT    |  1.9357e+00 |  1.5000e+00 |  4.3571e-01 |    2.9047e-01 |        2.9047e-01 |
| RCL_INHOMOGACC    |  2.6633e+00 |  3.0000e+00 | -3.3674e-01 |   -1.1225e-01 |       -1.1225e-01 |
| RMINICE           |  4.9201e+01 |  6.0000e+01 | -1.0799e+01 |   -1.7998e-01 |       -1.7998e-01 |
2026-04-24 15:08:14 | ectuner |     INFO -> Diagnostic maps saved to ../results/tuned_2d_LR/swcf/tol_alfa_100/diagnostics_2d_phis_Global_a10.nc
Copia del file YAML inviata a ../results/tuned_2d_LR/swcf/tol_yaml_files
