2026-04-23 15:11:37 | ectuner |     INFO -> Loading 2D Data (Sensitivity, Reference, Base)...
   > Loading reference for net_toa from: climate_average_net_toa_CERES EBAF_r180x90_2000-2024.nc
   > Loading reference for rlnt from: climate_average_rlnt_CERES EBAF_r180x90_2000-2024.nc
   > Flipping sign for rlnt (Obs is UP, Model is DOWN)
--- Loading cached base maps for phis ---
2026-04-23 15:11:37 | ectuner |     INFO -> Generating spatial weights (Area * Region)...
2026-04-23 15:11:37 | ectuner |     INFO -> Variable net_toa: Initial Spatial RMSE (Weighted) = 11.3965
2026-04-23 15:11:38 | ectuner |     INFO -> Variable rlnt: Initial Spatial RMSE (Weighted) = 11.5226
2026-04-23 15:11:38 | ectuner |     INFO -> Flattening data for fast optimization...
2026-04-23 15:11:38 | ectuner |     INFO -> DEBUG: Global Bias for net_toa in optimizer: 5.6259
2026-04-23 15:11:38 | ectuner |     INFO -> DEBUG: Global Bias for rlnt in optimizer: 6.9311
2026-04-23 15:11:38 | ectuner |     INFO -> Starting 2D Optimization (dual_annealing)...
2026-04-23 15:19:01 | ectuner |     INFO -> 
==================== GLOBAL MEAN & ZONAL SUMMARY FROM 2D OPTIMIZATION ====================
2026-04-23 15:19:01 | ectuner |     INFO -> Variable     | Metric       |            Initial ->              Final | Status
2026-04-23 15:19:01 | ectuner |     INFO -> ------------------------------------------------------------------------------------------
2026-04-23 15:19:01 | ectuner |     INFO -> net_toa      | Global Bias |             5.6259 ->             0.7853 | IMPROVED
2026-04-23 15:19:01 | ectuner |     INFO ->              | Spatial RMSE  |            11.3965 ->             9.4008 | IMPROVED
2026-04-23 15:19:01 | ectuner |     INFO -> ------------------------------------------------------------------------------------------
2026-04-23 15:19:01 | ectuner |     INFO -> rlnt         | Global Bias |             6.9311 ->             1.3513 | IMPROVED
2026-04-23 15:19:01 | ectuner |     INFO ->              | Spatial RMSE  |            11.5226 ->             8.5146 | IMPROVED
2026-04-23 15:19:01 | ectuner |     INFO -> ------------------------------------------------------------------------------------------
2026-04-23 15:19:01 | ectuner |     INFO -> Structured tuning YAML written to ../results/tuned_2d_LR/rlut/tol_alfa_015/tuned_phis_a015.yml

| Parameter         |   New Value |   Old Value |      Change |   Rel. Change |   Dist. from Ref. |
|-------------------+-------------+-------------+-------------+---------------+-------------------|
| RPRCON            |  9.8601e-04 |  1.4000e-03 | -4.1399e-04 |   -2.9571e-01 |       -2.9571e-01 |
| ENTRORG           |  1.2453e-03 |  1.7500e-03 | -5.0472e-04 |   -2.8841e-01 |       -2.8841e-01 |
| DETRPEN           |  1.2000e-04 |  7.5000e-05 |  4.4999e-05 |    5.9999e-01 |        5.9999e-01 |
| ENTRDD            |  1.8762e-04 |  3.0000e-04 | -1.1238e-04 |   -3.7461e-01 |       -3.7461e-01 |
| RMFDEPS           |  4.0366e-01 |  3.0000e-01 |  1.0366e-01 |    3.4552e-01 |        3.4552e-01 |
| RVICE             |  2.0776e-01 |  1.3000e-01 |  7.7764e-02 |    5.9819e-01 |        5.9819e-01 |
| RLCRITSNOW        |  8.4725e-06 |  2.0000e-05 | -1.1527e-05 |   -5.7637e-01 |       -5.7637e-01 |
| RSNOWLIN2         |  1.2001e-02 |  3.0000e-02 | -1.7999e-02 |   -5.9996e-01 |       -5.9996e-01 |
| RCLDIFF           |  5.2358e-06 |  6.0000e-06 | -7.6424e-07 |   -1.2737e-01 |       -1.2737e-01 |
| RCLDIFF_CONVI     |  1.0906e+01 |  1.0000e+01 |  9.0605e-01 |    9.0605e-02 |        9.0605e-02 |
| RDEPLIQREFRATE    |  6.7655e-01 |  5.0000e-01 |  1.7655e-01 |    3.5310e-01 |        3.5310e-01 |
| RDEPLIQREFDEPTH   |  5.2705e+02 |  5.0000e+02 |  2.7053e+01 |    5.4106e-02 |        5.4106e-02 |
| RCL_OVERLAPLIQICE |  4.6137e-01 |  6.5000e-01 | -1.8863e-01 |   -2.9021e-01 |       -2.9021e-01 |
| RCL_INHOMOGAUT    |  1.3411e+00 |  1.5000e+00 | -1.5886e-01 |   -1.0591e-01 |       -1.0591e-01 |
| RCL_INHOMOGACC    |  1.5425e+00 |  3.0000e+00 | -1.4575e+00 |   -4.8582e-01 |       -4.8582e-01 |
| RMINICE           |  9.3185e+01 |  6.0000e+01 |  3.3185e+01 |    5.5308e-01 |        5.5308e-01 |
2026-04-23 15:19:02 | ectuner |     INFO -> Diagnostic maps saved to ../results/tuned_2d_LR/rlut/tol_alfa_015/diagnostics_2d_phis_Global_a015.nc
Copia del file YAML inviata a ../results/tuned_2d_LR/rlut/tol_yaml_files
