2026-04-24 18:52:21 | ectuner |     INFO -> Loading 2D Data (Sensitivity, Reference, Base)...
   > Loading reference for net_toa from: climate_average_net_toa_CERES EBAF_r180x90_2000-2024.nc
   > Loading reference for rlnt from: climate_average_rlnt_CERES EBAF_r180x90_2000-2024.nc
   > Flipping sign for rlnt (Obs is UP, Model is DOWN)
--- Loading cached base maps for phis ---
2026-04-24 18:52:22 | ectuner |     INFO -> Generating spatial weights (Area * Region)...
2026-04-24 18:52:22 | ectuner |     INFO -> Variable net_toa: Initial Spatial RMSE (Weighted) = 11.3965
2026-04-24 18:52:22 | ectuner |     INFO -> Variable rlnt: Initial Spatial RMSE (Weighted) = 11.5226
2026-04-24 18:52:22 | ectuner |     INFO -> Flattening data for fast optimization...
2026-04-24 18:52:23 | ectuner |     INFO -> DEBUG: Global Bias for net_toa in optimizer: 5.6259
2026-04-24 18:52:23 | ectuner |     INFO -> DEBUG: Global Bias for rlnt in optimizer: 6.9311
2026-04-24 18:52:23 | ectuner |     INFO -> Starting 2D Optimization (dual_annealing)...
2026-04-24 18:54:50 | ectuner |     INFO -> 
==================== GLOBAL MEAN & ZONAL SUMMARY FROM 2D OPTIMIZATION ====================
2026-04-24 18:54:50 | ectuner |     INFO -> Variable     | Metric       |            Initial ->              Final | Status
2026-04-24 18:54:50 | ectuner |     INFO -> ------------------------------------------------------------------------------------------
2026-04-24 18:54:50 | ectuner |     INFO -> net_toa      | Global Bias |             5.6259 ->            -0.0000 | IMPROVED
2026-04-24 18:54:50 | ectuner |     INFO ->              | Spatial RMSE  |            11.3965 ->             9.5772 | IMPROVED
2026-04-24 18:54:50 | ectuner |     INFO -> ------------------------------------------------------------------------------------------
2026-04-24 18:54:50 | ectuner |     INFO -> rlnt         | Global Bias |             6.9311 ->             0.2474 | IMPROVED
2026-04-24 18:54:50 | ectuner |     INFO ->              | Spatial RMSE  |            11.5226 ->             8.9227 | IMPROVED
2026-04-24 18:54:50 | ectuner |     INFO -> ------------------------------------------------------------------------------------------
2026-04-24 18:54:50 | ectuner |     INFO -> Structured tuning YAML written to ../results/tuned_2d_LR/rlnt/tol_alfa_030/tuned_phis_a030.yml

| Parameter         |   New Value |   Old Value |      Change |   Rel. Change |   Dist. from Ref. |
|-------------------+-------------+-------------+-------------+---------------+-------------------|
| RPRCON            |  1.1453e-03 |  1.4000e-03 | -2.5473e-04 |   -1.8195e-01 |       -1.8195e-01 |
| ENTRORG           |  1.3778e-03 |  1.7500e-03 | -3.7217e-04 |   -2.1267e-01 |       -2.1267e-01 |
| DETRPEN           |  1.1147e-04 |  7.5000e-05 |  3.6472e-05 |    4.8629e-01 |        4.8629e-01 |
| ENTRDD            |  1.8816e-04 |  3.0000e-04 | -1.1184e-04 |   -3.7279e-01 |       -3.7279e-01 |
| RMFDEPS           |  4.1913e-01 |  3.0000e-01 |  1.1913e-01 |    3.9709e-01 |        3.9709e-01 |
| RVICE             |  2.0753e-01 |  1.3000e-01 |  7.7534e-02 |    5.9642e-01 |        5.9642e-01 |
| RLCRITSNOW        |  8.1718e-06 |  2.0000e-05 | -1.1828e-05 |   -5.9141e-01 |       -5.9141e-01 |
| RSNOWLIN2         |  1.2607e-02 |  3.0000e-02 | -1.7393e-02 |   -5.7976e-01 |       -5.7976e-01 |
| RCLDIFF           |  5.6018e-06 |  6.0000e-06 | -3.9825e-07 |   -6.6374e-02 |       -6.6374e-02 |
| RCLDIFF_CONVI     |  1.2046e+01 |  1.0000e+01 |  2.0459e+00 |    2.0459e-01 |        2.0459e-01 |
| RDEPLIQREFRATE    |  7.4920e-01 |  5.0000e-01 |  2.4920e-01 |    4.9839e-01 |        4.9839e-01 |
| RDEPLIQREFDEPTH   |  5.3653e+02 |  5.0000e+02 |  3.6534e+01 |    7.3069e-02 |        7.3069e-02 |
| RCL_OVERLAPLIQICE |  3.6901e-01 |  6.5000e-01 | -2.8099e-01 |   -4.3230e-01 |       -4.3230e-01 |
| RCL_INHOMOGAUT    |  1.1570e+00 |  1.5000e+00 | -3.4301e-01 |   -2.2867e-01 |       -2.2867e-01 |
| RCL_INHOMOGACC    |  1.4841e+00 |  3.0000e+00 | -1.5159e+00 |   -5.0532e-01 |       -5.0532e-01 |
| RMINICE           |  9.5991e+01 |  6.0000e+01 |  3.5991e+01 |    5.9986e-01 |        5.9986e-01 |
2026-04-24 18:54:51 | ectuner |     INFO -> Diagnostic maps saved to ../results/tuned_2d_LR/rlnt/tol_alfa_030/diagnostics_2d_phis_Global_a03.nc
Copia del file YAML inviata a ../results/tuned_2d_LR/rlnt/tol_yaml_files
