2026-04-24 18:52:14 | ectuner |     INFO -> Loading 2D Data (Sensitivity, Reference, Base)...
   > Loading reference for net_toa from: climate_average_net_toa_CERES EBAF_r180x90_2000-2024.nc
   > Loading reference for rlnt from: climate_average_rlnt_CERES EBAF_r180x90_2000-2024.nc
   > Flipping sign for rlnt (Obs is UP, Model is DOWN)
--- Loading cached base maps for phis ---
2026-04-24 18:52:15 | ectuner |     INFO -> Generating spatial weights (Area * Region)...
2026-04-24 18:52:15 | ectuner |     INFO -> Variable net_toa: Initial Spatial RMSE (Weighted) = 11.3965
2026-04-24 18:52:15 | ectuner |     INFO -> Variable rlnt: Initial Spatial RMSE (Weighted) = 11.5226
2026-04-24 18:52:15 | ectuner |     INFO -> Flattening data for fast optimization...
2026-04-24 18:52:15 | ectuner |     INFO -> DEBUG: Global Bias for net_toa in optimizer: 5.6259
2026-04-24 18:52:15 | ectuner |     INFO -> DEBUG: Global Bias for rlnt in optimizer: 6.9311
2026-04-24 18:52:15 | ectuner |     INFO -> Starting 2D Optimization (dual_annealing)...
2026-04-24 18:53:01 | ectuner |     INFO -> 
==================== GLOBAL MEAN & ZONAL SUMMARY FROM 2D OPTIMIZATION ====================
2026-04-24 18:53:01 | ectuner |     INFO -> Variable     | Metric       |            Initial ->              Final | Status
2026-04-24 18:53:01 | ectuner |     INFO -> ------------------------------------------------------------------------------------------
2026-04-24 18:53:01 | ectuner |     INFO -> net_toa      | Global Bias |             5.6259 ->            -0.0002 | IMPROVED
2026-04-24 18:53:01 | ectuner |     INFO ->              | Spatial RMSE  |            11.3965 ->            11.1297 | IMPROVED
2026-04-24 18:53:01 | ectuner |     INFO -> ------------------------------------------------------------------------------------------
2026-04-24 18:53:01 | ectuner |     INFO -> rlnt         | Global Bias |             6.9311 ->            -0.0028 | IMPROVED
2026-04-24 18:53:01 | ectuner |     INFO ->              | Spatial RMSE  |            11.5226 ->            11.0766 | IMPROVED
2026-04-24 18:53:01 | ectuner |     INFO -> ------------------------------------------------------------------------------------------
2026-04-24 18:53:01 | ectuner |     INFO -> Structured tuning YAML written to ../results/tuned_2d_LR/rlnt/tol_alfa_095/tuned_phis_a095.yml

| Parameter         |   New Value |   Old Value |      Change |   Rel. Change |   Dist. from Ref. |
|-------------------+-------------+-------------+-------------+---------------+-------------------|
| RPRCON            |  1.7263e-03 |  1.4000e-03 |  3.2626e-04 |    2.3304e-01 |        2.3304e-01 |
| ENTRORG           |  2.5932e-03 |  1.7500e-03 |  8.4319e-04 |    4.8182e-01 |        4.8182e-01 |
| DETRPEN           |  6.3925e-05 |  7.5000e-05 | -1.1075e-05 |   -1.4767e-01 |       -1.4767e-01 |
| ENTRDD            |  3.2293e-04 |  3.0000e-04 |  2.2928e-05 |    7.6425e-02 |        7.6425e-02 |
| RMFDEPS           |  4.7991e-01 |  3.0000e-01 |  1.7991e-01 |    5.9969e-01 |        5.9969e-01 |
| RVICE             |  1.6429e-01 |  1.3000e-01 |  3.4292e-02 |    2.6379e-01 |        2.6379e-01 |
| RLCRITSNOW        |  1.5153e-05 |  2.0000e-05 | -4.8472e-06 |   -2.4236e-01 |       -2.4236e-01 |
| RSNOWLIN2         |  1.8197e-02 |  3.0000e-02 | -1.1803e-02 |   -3.9344e-01 |       -3.9344e-01 |
| RCLDIFF           |  3.8409e-06 |  6.0000e-06 | -2.1591e-06 |   -3.5985e-01 |       -3.5985e-01 |
| RCLDIFF_CONVI     |  6.5355e+00 |  1.0000e+01 | -3.4645e+00 |   -3.4645e-01 |       -3.4645e-01 |
| RDEPLIQREFRATE    |  4.8094e-01 |  5.0000e-01 | -1.9058e-02 |   -3.8116e-02 |       -3.8116e-02 |
| RDEPLIQREFDEPTH   |  5.6353e+02 |  5.0000e+02 |  6.3529e+01 |    1.2706e-01 |        1.2706e-01 |
| RCL_OVERLAPLIQICE |  6.3230e-01 |  6.5000e-01 | -1.7701e-02 |   -2.7232e-02 |       -2.7232e-02 |
| RCL_INHOMOGAUT    |  1.1861e+00 |  1.5000e+00 | -3.1386e-01 |   -2.0924e-01 |       -2.0924e-01 |
| RCL_INHOMOGACC    |  3.4800e+00 |  3.0000e+00 |  4.8003e-01 |    1.6001e-01 |        1.6001e-01 |
| RMINICE           |  7.2785e+01 |  6.0000e+01 |  1.2785e+01 |    2.1309e-01 |        2.1309e-01 |
2026-04-24 18:53:01 | ectuner |     INFO -> Diagnostic maps saved to ../results/tuned_2d_LR/rlnt/tol_alfa_095/diagnostics_2d_phis_Global_a095.nc
Copia del file YAML inviata a ../results/tuned_2d_LR/rlnt/tol_yaml_files
