2026-04-24 18:52:08 | ectuner |     INFO -> Loading 2D Data (Sensitivity, Reference, Base)...
   > Loading reference for net_toa from: climate_average_net_toa_CERES EBAF_r180x90_2000-2024.nc
   > Loading reference for rlnt from: climate_average_rlnt_CERES EBAF_r180x90_2000-2024.nc
   > Flipping sign for rlnt (Obs is UP, Model is DOWN)
--- Loading cached base maps for phis ---
2026-04-24 18:52:10 | ectuner |     INFO -> Generating spatial weights (Area * Region)...
2026-04-24 18:52:10 | ectuner |     INFO -> Variable net_toa: Initial Spatial RMSE (Weighted) = 11.3965
2026-04-24 18:52:10 | ectuner |     INFO -> Variable rlnt: Initial Spatial RMSE (Weighted) = 11.5226
2026-04-24 18:52:10 | ectuner |     INFO -> Flattening data for fast optimization...
2026-04-24 18:52:10 | ectuner |     INFO -> DEBUG: Global Bias for net_toa in optimizer: 5.6259
2026-04-24 18:52:10 | ectuner |     INFO -> DEBUG: Global Bias for rlnt in optimizer: 6.9311
2026-04-24 18:52:10 | ectuner |     INFO -> Starting 2D Optimization (dual_annealing)...
2026-04-24 18:53:05 | ectuner |     INFO -> 
==================== GLOBAL MEAN & ZONAL SUMMARY FROM 2D OPTIMIZATION ====================
2026-04-24 18:53:05 | ectuner |     INFO -> Variable     | Metric       |            Initial ->              Final | Status
2026-04-24 18:53:05 | ectuner |     INFO -> ------------------------------------------------------------------------------------------
2026-04-24 18:53:05 | ectuner |     INFO -> net_toa      | Global Bias |             5.6259 ->            -0.0000 | IMPROVED
2026-04-24 18:53:05 | ectuner |     INFO ->              | Spatial RMSE  |            11.3965 ->            10.1271 | IMPROVED
2026-04-24 18:53:05 | ectuner |     INFO -> ------------------------------------------------------------------------------------------
2026-04-24 18:53:05 | ectuner |     INFO -> rlnt         | Global Bias |             6.9311 ->            -0.0013 | IMPROVED
2026-04-24 18:53:05 | ectuner |     INFO ->              | Spatial RMSE  |            11.5226 ->             9.9441 | IMPROVED
2026-04-24 18:53:05 | ectuner |     INFO -> ------------------------------------------------------------------------------------------
2026-04-24 18:53:05 | ectuner |     INFO -> Structured tuning YAML written to ../results/tuned_2d_LR/rlnt/tol_alfa_070/tuned_phis_a070.yml

| Parameter         |   New Value |   Old Value |      Change |   Rel. Change |   Dist. from Ref. |
|-------------------+-------------+-------------+-------------+---------------+-------------------|
| RPRCON            |  1.5656e-03 |  1.4000e-03 |  1.6563e-04 |    1.1830e-01 |        1.1830e-01 |
| ENTRORG           |  1.9969e-03 |  1.7500e-03 |  2.4692e-04 |    1.4110e-01 |        1.4110e-01 |
| DETRPEN           |  1.0147e-04 |  7.5000e-05 |  2.6475e-05 |    3.5300e-01 |        3.5300e-01 |
| ENTRDD            |  1.5998e-04 |  3.0000e-04 | -1.4002e-04 |   -4.6674e-01 |       -4.6674e-01 |
| RMFDEPS           |  4.7854e-01 |  3.0000e-01 |  1.7854e-01 |    5.9515e-01 |        5.9515e-01 |
| RVICE             |  1.9616e-01 |  1.3000e-01 |  6.6164e-02 |    5.0896e-01 |        5.0896e-01 |
| RLCRITSNOW        |  1.5875e-05 |  2.0000e-05 | -4.1247e-06 |   -2.0624e-01 |       -2.0624e-01 |
| RSNOWLIN2         |  1.3334e-02 |  3.0000e-02 | -1.6666e-02 |   -5.5554e-01 |       -5.5554e-01 |
| RCLDIFF           |  3.5392e-06 |  6.0000e-06 | -2.4608e-06 |   -4.1014e-01 |       -4.1014e-01 |
| RCLDIFF_CONVI     |  1.2705e+01 |  1.0000e+01 |  2.7054e+00 |    2.7054e-01 |        2.7054e-01 |
| RDEPLIQREFRATE    |  6.1086e-01 |  5.0000e-01 |  1.1086e-01 |    2.2171e-01 |        2.2171e-01 |
| RDEPLIQREFDEPTH   |  6.1966e+02 |  5.0000e+02 |  1.1966e+02 |    2.3932e-01 |        2.3932e-01 |
| RCL_OVERLAPLIQICE |  3.4186e-01 |  6.5000e-01 | -3.0814e-01 |   -4.7406e-01 |       -4.7406e-01 |
| RCL_INHOMOGAUT    |  1.1166e+00 |  1.5000e+00 | -3.8339e-01 |   -2.5559e-01 |       -2.5559e-01 |
| RCL_INHOMOGACC    |  2.9231e+00 |  3.0000e+00 | -7.6871e-02 |   -2.5624e-02 |       -2.5624e-02 |
| RMINICE           |  7.5953e+01 |  6.0000e+01 |  1.5953e+01 |    2.6589e-01 |        2.6589e-01 |
2026-04-24 18:53:05 | ectuner |     INFO -> Diagnostic maps saved to ../results/tuned_2d_LR/rlnt/tol_alfa_070/diagnostics_2d_phis_Global_a07.nc
Copia del file YAML inviata a ../results/tuned_2d_LR/rlnt/tol_yaml_files
