2026-04-24 18:52:14 | ectuner |     INFO -> Loading 2D Data (Sensitivity, Reference, Base)...
   > Loading reference for net_toa from: climate_average_net_toa_CERES EBAF_r180x90_2000-2024.nc
   > Loading reference for rlnt from: climate_average_rlnt_CERES EBAF_r180x90_2000-2024.nc
   > Flipping sign for rlnt (Obs is UP, Model is DOWN)
--- Loading cached base maps for phis ---
2026-04-24 18:52:15 | ectuner |     INFO -> Generating spatial weights (Area * Region)...
2026-04-24 18:52:15 | ectuner |     INFO -> Variable net_toa: Initial Spatial RMSE (Weighted) = 11.3965
2026-04-24 18:52:15 | ectuner |     INFO -> Variable rlnt: Initial Spatial RMSE (Weighted) = 11.5226
2026-04-24 18:52:15 | ectuner |     INFO -> Flattening data for fast optimization...
2026-04-24 18:52:15 | ectuner |     INFO -> DEBUG: Global Bias for net_toa in optimizer: 5.6259
2026-04-24 18:52:15 | ectuner |     INFO -> DEBUG: Global Bias for rlnt in optimizer: 6.9311
2026-04-24 18:52:15 | ectuner |     INFO -> Starting 2D Optimization (dual_annealing)...
2026-04-24 18:59:38 | ectuner |     INFO -> 
==================== GLOBAL MEAN & ZONAL SUMMARY FROM 2D OPTIMIZATION ====================
2026-04-24 18:59:38 | ectuner |     INFO -> Variable     | Metric       |            Initial ->              Final | Status
2026-04-24 18:59:38 | ectuner |     INFO -> ------------------------------------------------------------------------------------------
2026-04-24 18:59:38 | ectuner |     INFO -> net_toa      | Global Bias |             5.6259 ->             0.3386 | IMPROVED
2026-04-24 18:59:38 | ectuner |     INFO ->              | Spatial RMSE  |            11.3965 ->             9.4788 | IMPROVED
2026-04-24 18:59:38 | ectuner |     INFO -> ------------------------------------------------------------------------------------------
2026-04-24 18:59:38 | ectuner |     INFO -> rlnt         | Global Bias |             6.9311 ->             1.0069 | IMPROVED
2026-04-24 18:59:38 | ectuner |     INFO ->              | Spatial RMSE  |            11.5226 ->             8.6027 | IMPROVED
2026-04-24 18:59:38 | ectuner |     INFO -> ------------------------------------------------------------------------------------------
2026-04-24 18:59:38 | ectuner |     INFO -> Structured tuning YAML written to ../results/tuned_2d_LR/rlnt/tol_alfa_020/tuned_phis_a020.yml

| Parameter         |   New Value |   Old Value |      Change |   Rel. Change |   Dist. from Ref. |
|-------------------+-------------+-------------+-------------+---------------+-------------------|
| RPRCON            |  1.0174e-03 |  1.4000e-03 | -3.8258e-04 |   -2.7327e-01 |       -2.7327e-01 |
| ENTRORG           |  1.2284e-03 |  1.7500e-03 | -5.2163e-04 |   -2.9807e-01 |       -2.9807e-01 |
| DETRPEN           |  1.2000e-04 |  7.5000e-05 |  4.4999e-05 |    5.9998e-01 |        5.9998e-01 |
| ENTRDD            |  1.7729e-04 |  3.0000e-04 | -1.2271e-04 |   -4.0903e-01 |       -4.0903e-01 |
| RMFDEPS           |  3.9663e-01 |  3.0000e-01 |  9.6630e-02 |    3.2210e-01 |        3.2210e-01 |
| RVICE             |  2.0799e-01 |  1.3000e-01 |  7.7989e-02 |    5.9992e-01 |        5.9992e-01 |
| RLCRITSNOW        |  8.0241e-06 |  2.0000e-05 | -1.1976e-05 |   -5.9880e-01 |       -5.9880e-01 |
| RSNOWLIN2         |  1.2048e-02 |  3.0000e-02 | -1.7952e-02 |   -5.9840e-01 |       -5.9840e-01 |
| RCLDIFF           |  5.1248e-06 |  6.0000e-06 | -8.7522e-07 |   -1.4587e-01 |       -1.4587e-01 |
| RCLDIFF_CONVI     |  1.0938e+01 |  1.0000e+01 |  9.3776e-01 |    9.3776e-02 |        9.3776e-02 |
| RDEPLIQREFRATE    |  6.7786e-01 |  5.0000e-01 |  1.7786e-01 |    3.5572e-01 |        3.5572e-01 |
| RDEPLIQREFDEPTH   |  5.2169e+02 |  5.0000e+02 |  2.1685e+01 |    4.3371e-02 |        4.3371e-02 |
| RCL_OVERLAPLIQICE |  4.4307e-01 |  6.5000e-01 | -2.0693e-01 |   -3.1835e-01 |       -3.1835e-01 |
| RCL_INHOMOGAUT    |  1.3049e+00 |  1.5000e+00 | -1.9507e-01 |   -1.3005e-01 |       -1.3005e-01 |
| RCL_INHOMOGACC    |  1.3419e+00 |  3.0000e+00 | -1.6581e+00 |   -5.5270e-01 |       -5.5270e-01 |
| RMINICE           |  9.5899e+01 |  6.0000e+01 |  3.5899e+01 |    5.9832e-01 |        5.9832e-01 |
2026-04-24 18:59:38 | ectuner |     INFO -> Diagnostic maps saved to ../results/tuned_2d_LR/rlnt/tol_alfa_020/diagnostics_2d_phis_Global_a02.nc
Copia del file YAML inviata a ../results/tuned_2d_LR/rlnt/tol_yaml_files
