2026-04-23 15:11:35 | ectuner |     INFO -> Loading 2D Data (Sensitivity, Reference, Base)...
   > Loading reference for net_toa from: climate_average_net_toa_CERES EBAF_r180x90_2000-2024.nc
   > Loading reference for rlnt from: climate_average_rlnt_CERES EBAF_r180x90_2000-2024.nc
   > Flipping sign for rlnt (Obs is UP, Model is DOWN)
--- Loading cached base maps for phis ---
2026-04-23 15:11:36 | ectuner |     INFO -> Generating spatial weights (Area * Region)...
2026-04-23 15:11:36 | ectuner |     INFO -> Variable net_toa: Initial Spatial RMSE (Weighted) = 11.3965
2026-04-23 15:11:36 | ectuner |     INFO -> Variable rlnt: Initial Spatial RMSE (Weighted) = 11.5226
2026-04-23 15:11:36 | ectuner |     INFO -> Flattening data for fast optimization...
2026-04-23 15:11:37 | ectuner |     INFO -> DEBUG: Global Bias for net_toa in optimizer: 5.6259
2026-04-23 15:11:37 | ectuner |     INFO -> DEBUG: Global Bias for rlnt in optimizer: 6.9311
2026-04-23 15:11:37 | ectuner |     INFO -> Starting 2D Optimization (dual_annealing)...
2026-04-23 15:17:00 | ectuner |     INFO -> 
==================== GLOBAL MEAN & ZONAL SUMMARY FROM 2D OPTIMIZATION ====================
2026-04-23 15:17:00 | ectuner |     INFO -> Variable     | Metric       |            Initial ->              Final | Status
2026-04-23 15:17:00 | ectuner |     INFO -> ------------------------------------------------------------------------------------------
2026-04-23 15:17:01 | ectuner |     INFO -> net_toa      | Global Bias |             5.6259 ->             1.0390 | IMPROVED
2026-04-23 15:17:01 | ectuner |     INFO ->              | Spatial RMSE  |            11.3965 ->             9.3800 | IMPROVED
2026-04-23 15:17:01 | ectuner |     INFO -> ------------------------------------------------------------------------------------------
2026-04-23 15:17:01 | ectuner |     INFO -> rlnt         | Global Bias |             6.9311 ->             1.5545 | IMPROVED
2026-04-23 15:17:01 | ectuner |     INFO ->              | Spatial RMSE  |            11.5226 ->             8.4634 | IMPROVED
2026-04-23 15:17:01 | ectuner |     INFO -> ------------------------------------------------------------------------------------------
2026-04-23 15:17:01 | ectuner |     INFO -> Structured tuning YAML written to ../results/tuned_2d_LR/rlut/tol_alfa_012/tuned_phis_a012.yml

| Parameter         |   New Value |   Old Value |      Change |   Rel. Change |   Dist. from Ref. |
|-------------------+-------------+-------------+-------------+---------------+-------------------|
| RPRCON            |  9.9906e-04 |  1.4000e-03 | -4.0094e-04 |   -2.8638e-01 |       -2.8638e-01 |
| ENTRORG           |  1.2314e-03 |  1.7500e-03 | -5.1856e-04 |   -2.9632e-01 |       -2.9632e-01 |
| DETRPEN           |  1.1982e-04 |  7.5000e-05 |  4.4822e-05 |    5.9762e-01 |        5.9762e-01 |
| ENTRDD            |  1.9287e-04 |  3.0000e-04 | -1.0713e-04 |   -3.5709e-01 |       -3.5709e-01 |
| RMFDEPS           |  4.0635e-01 |  3.0000e-01 |  1.0635e-01 |    3.5451e-01 |        3.5451e-01 |
| RVICE             |  2.0794e-01 |  1.3000e-01 |  7.7935e-02 |    5.9950e-01 |        5.9950e-01 |
| RLCRITSNOW        |  9.2402e-06 |  2.0000e-05 | -1.0760e-05 |   -5.3799e-01 |       -5.3799e-01 |
| RSNOWLIN2         |  1.2003e-02 |  3.0000e-02 | -1.7997e-02 |   -5.9991e-01 |       -5.9991e-01 |
| RCLDIFF           |  5.1799e-06 |  6.0000e-06 | -8.2008e-07 |   -1.3668e-01 |       -1.3668e-01 |
| RCLDIFF_CONVI     |  1.1022e+01 |  1.0000e+01 |  1.0223e+00 |    1.0223e-01 |        1.0223e-01 |
| RDEPLIQREFRATE    |  6.7777e-01 |  5.0000e-01 |  1.7777e-01 |    3.5554e-01 |        3.5554e-01 |
| RDEPLIQREFDEPTH   |  5.3023e+02 |  5.0000e+02 |  3.0228e+01 |    6.0456e-02 |        6.0456e-02 |
| RCL_OVERLAPLIQICE |  4.6877e-01 |  6.5000e-01 | -1.8123e-01 |   -2.7882e-01 |       -2.7882e-01 |
| RCL_INHOMOGAUT    |  1.3746e+00 |  1.5000e+00 | -1.2540e-01 |   -8.3597e-02 |       -8.3597e-02 |
| RCL_INHOMOGACC    |  1.5926e+00 |  3.0000e+00 | -1.4074e+00 |   -4.6913e-01 |       -4.6913e-01 |
| RMINICE           |  9.0549e+01 |  6.0000e+01 |  3.0549e+01 |    5.0916e-01 |        5.0916e-01 |
2026-04-23 15:17:01 | ectuner |     INFO -> Diagnostic maps saved to ../results/tuned_2d_LR/rlut/tol_alfa_012/diagnostics_2d_phis_Global_a012.nc
Copia del file YAML inviata a ../results/tuned_2d_LR/rlut/tol_yaml_files
