2026-04-11 12:36:49 | ectuner |     INFO -> Loading 2D Data (Sensitivity, Reference, Base)...
   > Loading reference for net_toa from: climate_average_net_toa_CERES EBAF_r180x90_2000-2024.nc
--- Loading cached base maps for phis ---
2026-04-11 12:36:49 | ectuner |     INFO -> Generating spatial weights (Area * Region)...
2026-04-11 12:36:49 | ectuner |     INFO -> Variable net_toa: Initial Spatial RMSE (Weighted) = 11.3965
2026-04-11 12:36:49 | ectuner |     INFO -> Flattening data for fast optimization...
2026-04-11 12:36:50 | ectuner |     INFO -> Starting 2D Optimization (dual_annealing)...
2026-04-11 12:36:57 | ectuner |     INFO -> 
==================== GLOBAL MEAN & ZONAL SUMMARY FROM 2D OPTIMIZATION ====================
2026-04-11 12:36:57 | ectuner |     INFO -> Variable     | Metric       |            Initial ->              Final | Status
2026-04-11 12:36:57 | ectuner |     INFO -> ------------------------------------------------------------------------------------------
2026-04-11 12:36:57 | ectuner |     INFO -> net_toa      | Global Bias |             5.6259 ->            -0.3043 | IMPROVED
2026-04-11 12:36:57 | ectuner |     INFO ->              | Spatial RMSE  |            11.3965 ->             9.4380 | IMPROVED
2026-04-11 12:36:57 | ectuner |     INFO -> ------------------------------------------------------------------------------------------
2026-04-11 12:36:57 | ectuner |     INFO -> Structured tuning YAML written to ../results/tuned_2d_LR/alfa_05/tuned_phis_2000_2017_2D_a05.yml

| Parameter         |   New Value |   Old Value |      Change |   Rel. Change |   Dist. from Ref. |
|-------------------+-------------+-------------+-------------+---------------+-------------------|
| RPRCON            |  5.6000e-04 |  1.4000e-03 | -8.4000e-04 |   -6.0000e-01 |       -6.0000e-01 |
| ENTRORG           |  1.5358e-03 |  1.7500e-03 | -2.1424e-04 |   -1.2243e-01 |       -1.2243e-01 |
| DETRPEN           |  1.1737e-04 |  7.5000e-05 |  4.2373e-05 |    5.6498e-01 |        5.6498e-01 |
| ENTRDD            |  1.3497e-04 |  3.0000e-04 | -1.6503e-04 |   -5.5009e-01 |       -5.5009e-01 |
| RMFDEPS           |  4.4589e-01 |  3.0000e-01 |  1.4589e-01 |    4.8629e-01 |        4.8629e-01 |
| RVICE             |  2.0800e-01 |  1.3000e-01 |  7.8000e-02 |    6.0000e-01 |        6.0000e-01 |
| RLCRITSNOW        |  8.0000e-06 |  2.0000e-05 | -1.2000e-05 |   -6.0000e-01 |       -6.0000e-01 |
| RSNOWLIN2         |  1.2000e-02 |  3.0000e-02 | -1.8000e-02 |   -6.0000e-01 |       -6.0000e-01 |
| RCLDIFF           |  2.4000e-06 |  6.0000e-06 | -3.6000e-06 |   -6.0000e-01 |       -6.0000e-01 |
| RCLDIFF_CONVI     |  4.0001e+00 |  1.0000e+01 | -5.9999e+00 |   -5.9999e-01 |       -5.9999e-01 |
| RDEPLIQREFRATE    |  7.1895e-01 |  5.0000e-01 |  2.1895e-01 |    4.3790e-01 |        4.3790e-01 |
| RDEPLIQREFDEPTH   |  3.9230e+02 |  5.0000e+02 | -1.0770e+02 |   -2.1540e-01 |       -2.1540e-01 |
| RCL_OVERLAPLIQICE |  2.6000e-01 |  6.5000e-01 | -3.9000e-01 |   -6.0000e-01 |       -6.0000e-01 |
| RCL_INHOMOGAUT    |  6.0012e-01 |  1.5000e+00 | -8.9988e-01 |   -5.9992e-01 |       -5.9992e-01 |
| RCL_INHOMOGACC    |  2.6708e+00 |  3.0000e+00 | -3.2915e-01 |   -1.0972e-01 |       -1.0972e-01 |
| RMINICE           |  9.0795e+01 |  6.0000e+01 |  3.0795e+01 |    5.1325e-01 |        5.1325e-01 |
2026-04-11 12:36:57 | ectuner |     INFO -> Diagnostic maps saved to /ec/res4/hpcperm/ecme3038/ecearth/ecearth4/ECtuner/mari/results/tuned_2d_LR/alfa_05/diagnostics_2d_phis_alfa_05.nc
