2026-04-25 08:09:07 | ectuner |     INFO -> Loading 2D Data (Sensitivity, Reference, Base)...
   > Loading reference for net_toa from: climate_average_net_toa_CERES EBAF_r180x90_2000-2024.nc
--- Loading cached base maps for phis ---
2026-04-25 08:09:08 | ectuner |     INFO -> Generating spatial weights (Area * Region)...
2026-04-25 08:09:08 | ectuner |     INFO -> Variable net_toa: Initial Spatial RMSE (Weighted) = 11.3247
2026-04-25 08:09:08 | ectuner |     INFO -> Flattening data for fast optimization...
2026-04-25 08:09:08 | ectuner |     INFO -> DEBUG: Global Bias for net_toa in optimizer: 4.6463
2026-04-25 08:09:08 | ectuner |     INFO -> Starting 2D Optimization (dual_annealing)...
2026-04-25 08:09:42 | ectuner |     INFO -> 
==================== GLOBAL MEAN & ZONAL SUMMARY FROM 2D OPTIMIZATION ====================
2026-04-25 08:09:42 | ectuner |     INFO -> Variable     | Metric       |            Initial ->              Final | Status
2026-04-25 08:09:42 | ectuner |     INFO -> ------------------------------------------------------------------------------------------
2026-04-25 08:09:42 | ectuner |     INFO -> net_toa      | Global Bias |             4.6463 ->            -0.0000 | IMPROVED
2026-04-25 08:09:42 | ectuner |     INFO ->              | Spatial RMSE  |            11.3247 ->             9.7796 | IMPROVED
2026-04-25 08:09:42 | ectuner |     INFO -> ------------------------------------------------------------------------------------------
2026-04-25 08:09:42 | ectuner |     INFO -> Structured tuning YAML written to ../results/tuned_2d_LR/trop/tol_alfa_050/tuned_phis_a050.yml

| Parameter         |   New Value |   Old Value |      Change |   Rel. Change |   Dist. from Ref. |
|-------------------+-------------+-------------+-------------+---------------+-------------------|
| RPRCON            |  1.1042e-03 |  1.4000e-03 | -2.9578e-04 |   -2.1127e-01 |       -2.1127e-01 |
| ENTRORG           |  1.4488e-03 |  1.7500e-03 | -3.0119e-04 |   -1.7211e-01 |       -1.7211e-01 |
| DETRPEN           |  9.4275e-05 |  7.5000e-05 |  1.9275e-05 |    2.5700e-01 |        2.5700e-01 |
| ENTRDD            |  1.3307e-04 |  3.0000e-04 | -1.6693e-04 |   -5.5642e-01 |       -5.5642e-01 |
| RMFDEPS           |  4.3148e-01 |  3.0000e-01 |  1.3148e-01 |    4.3828e-01 |        4.3828e-01 |
| RVICE             |  1.3822e-01 |  1.3000e-01 |  8.2211e-03 |    6.3239e-02 |        6.3239e-02 |
| RLCRITSNOW        |  1.1655e-05 |  2.0000e-05 | -8.3453e-06 |   -4.1726e-01 |       -4.1726e-01 |
| RSNOWLIN2         |  2.1733e-02 |  3.0000e-02 | -8.2665e-03 |   -2.7555e-01 |       -2.7555e-01 |
| RCLDIFF           |  2.5144e-06 |  6.0000e-06 | -3.4856e-06 |   -5.8094e-01 |       -5.8094e-01 |
| RCLDIFF_CONVI     |  9.3701e+00 |  1.0000e+01 | -6.2993e-01 |   -6.2993e-02 |       -6.2993e-02 |
| RDEPLIQREFRATE    |  5.2475e-01 |  5.0000e-01 |  2.4755e-02 |    4.9510e-02 |        4.9510e-02 |
| RDEPLIQREFDEPTH   |  3.9215e+02 |  5.0000e+02 | -1.0785e+02 |   -2.1570e-01 |       -2.1570e-01 |
| RCL_OVERLAPLIQICE |  3.3028e-01 |  6.5000e-01 | -3.1972e-01 |   -4.9187e-01 |       -4.9187e-01 |
| RCL_INHOMOGAUT    |  2.2670e+00 |  1.5000e+00 |  7.6696e-01 |    5.1131e-01 |        5.1131e-01 |
| RCL_INHOMOGACC    |  1.4855e+00 |  3.0000e+00 | -1.5145e+00 |   -5.0484e-01 |       -5.0484e-01 |
| RMINICE           |  8.1147e+01 |  6.0000e+01 |  2.1147e+01 |    3.5245e-01 |        3.5245e-01 |
2026-04-25 08:09:42 | ectuner |     INFO -> Diagnostic maps saved to ../results/tuned_2d_LR/trop/tol_alfa_050/diagnostics_2d_phis_Global-Tropical_a05.nc
Copia del file YAML inviata a ../results/tuned_2d_LR/trop/tol_yaml_files
