2026-04-25 08:09:08 | ectuner |     INFO -> Loading 2D Data (Sensitivity, Reference, Base)...
   > Loading reference for net_toa from: climate_average_net_toa_CERES EBAF_r180x90_2000-2024.nc
--- Loading cached base maps for phis ---
2026-04-25 08:09:09 | ectuner |     INFO -> Generating spatial weights (Area * Region)...
2026-04-25 08:09:09 | ectuner |     INFO -> Variable net_toa: Initial Spatial RMSE (Weighted) = 11.3247
2026-04-25 08:09:09 | ectuner |     INFO -> Flattening data for fast optimization...
2026-04-25 08:09:09 | ectuner |     INFO -> DEBUG: Global Bias for net_toa in optimizer: 4.6463
2026-04-25 08:09:09 | ectuner |     INFO -> Starting 2D Optimization (dual_annealing)...
2026-04-25 08:10:03 | ectuner |     INFO -> 
==================== GLOBAL MEAN & ZONAL SUMMARY FROM 2D OPTIMIZATION ====================
2026-04-25 08:10:03 | ectuner |     INFO -> Variable     | Metric       |            Initial ->              Final | Status
2026-04-25 08:10:03 | ectuner |     INFO -> ------------------------------------------------------------------------------------------
2026-04-25 08:10:03 | ectuner |     INFO -> net_toa      | Global Bias |             4.6463 ->             0.0000 | IMPROVED
2026-04-25 08:10:03 | ectuner |     INFO ->              | Spatial RMSE  |            11.3247 ->             9.3595 | IMPROVED
2026-04-25 08:10:03 | ectuner |     INFO -> ------------------------------------------------------------------------------------------
2026-04-25 08:10:03 | ectuner |     INFO -> Structured tuning YAML written to ../results/tuned_2d_LR/trop/tol_alfa_020/tuned_phis_a020.yml

| Parameter         |   New Value |   Old Value |      Change |   Rel. Change |   Dist. from Ref. |
|-------------------+-------------+-------------+-------------+---------------+-------------------|
| RPRCON            |  7.9244e-04 |  1.4000e-03 | -6.0756e-04 |   -4.3397e-01 |       -4.3397e-01 |
| ENTRORG           |  1.3473e-03 |  1.7500e-03 | -4.0272e-04 |   -2.3012e-01 |       -2.3012e-01 |
| DETRPEN           |  1.1310e-04 |  7.5000e-05 |  3.8103e-05 |    5.0803e-01 |        5.0803e-01 |
| ENTRDD            |  1.8281e-04 |  3.0000e-04 | -1.1719e-04 |   -3.9064e-01 |       -3.9064e-01 |
| RMFDEPS           |  4.6366e-01 |  3.0000e-01 |  1.6366e-01 |    5.4554e-01 |        5.4554e-01 |
| RVICE             |  2.0236e-01 |  1.3000e-01 |  7.2360e-02 |    5.5662e-01 |        5.5662e-01 |
| RLCRITSNOW        |  1.2787e-05 |  2.0000e-05 | -7.2134e-06 |   -3.6067e-01 |       -3.6067e-01 |
| RSNOWLIN2         |  1.6490e-02 |  3.0000e-02 | -1.3510e-02 |   -4.5035e-01 |       -4.5035e-01 |
| RCLDIFF           |  3.0057e-06 |  6.0000e-06 | -2.9943e-06 |   -4.9904e-01 |       -4.9904e-01 |
| RCLDIFF_CONVI     |  1.0000e+01 |  1.0000e+01 |  4.4379e-04 |    4.4379e-05 |        4.4379e-05 |
| RDEPLIQREFRATE    |  6.1608e-01 |  5.0000e-01 |  1.1608e-01 |    2.3216e-01 |        2.3216e-01 |
| RDEPLIQREFDEPTH   |  3.9492e+02 |  5.0000e+02 | -1.0508e+02 |   -2.1017e-01 |       -2.1017e-01 |
| RCL_OVERLAPLIQICE |  2.6046e-01 |  6.5000e-01 | -3.8954e-01 |   -5.9929e-01 |       -5.9929e-01 |
| RCL_INHOMOGAUT    |  1.1008e+00 |  1.5000e+00 | -3.9915e-01 |   -2.6610e-01 |       -2.6610e-01 |
| RCL_INHOMOGACC    |  2.1916e+00 |  3.0000e+00 | -8.0843e-01 |   -2.6948e-01 |       -2.6948e-01 |
| RMINICE           |  8.7273e+01 |  6.0000e+01 |  2.7273e+01 |    4.5455e-01 |        4.5455e-01 |
2026-04-25 08:10:03 | ectuner |     INFO -> Diagnostic maps saved to ../results/tuned_2d_LR/trop/tol_alfa_020/diagnostics_2d_phis_Global-Tropical_a02.nc
Copia del file YAML inviata a ../results/tuned_2d_LR/trop/tol_yaml_files
