2026-04-25 08:09:07 | ectuner |     INFO -> Loading 2D Data (Sensitivity, Reference, Base)...
   > Loading reference for net_toa from: climate_average_net_toa_CERES EBAF_r180x90_2000-2024.nc
--- Loading cached base maps for phis ---
2026-04-25 08:09:08 | ectuner |     INFO -> Generating spatial weights (Area * Region)...
2026-04-25 08:09:08 | ectuner |     INFO -> Variable net_toa: Initial Spatial RMSE (Weighted) = 11.3247
2026-04-25 08:09:08 | ectuner |     INFO -> Flattening data for fast optimization...
2026-04-25 08:09:08 | ectuner |     INFO -> DEBUG: Global Bias for net_toa in optimizer: 4.6463
2026-04-25 08:09:08 | ectuner |     INFO -> Starting 2D Optimization (dual_annealing)...
2026-04-25 08:09:32 | ectuner |     INFO -> 
==================== GLOBAL MEAN & ZONAL SUMMARY FROM 2D OPTIMIZATION ====================
2026-04-25 08:09:32 | ectuner |     INFO -> Variable     | Metric       |            Initial ->              Final | Status
2026-04-25 08:09:32 | ectuner |     INFO -> ------------------------------------------------------------------------------------------
2026-04-25 08:09:32 | ectuner |     INFO -> net_toa      | Global Bias |             4.6463 ->            -0.0002 | IMPROVED
2026-04-25 08:09:32 | ectuner |     INFO ->              | Spatial RMSE  |            11.3247 ->             9.7866 | IMPROVED
2026-04-25 08:09:32 | ectuner |     INFO -> ------------------------------------------------------------------------------------------
2026-04-25 08:09:35 | ectuner |     INFO -> Structured tuning YAML written to ../results/tuned_2d_LR/trop/tol_alfa_040/tuned_phis_a040.yml

| Parameter         |   New Value |   Old Value |      Change |   Rel. Change |   Dist. from Ref. |
|-------------------+-------------+-------------+-------------+---------------+-------------------|
| RPRCON            |  7.4011e-04 |  1.4000e-03 | -6.5989e-04 |   -4.7135e-01 |       -4.7135e-01 |
| ENTRORG           |  2.0058e-03 |  1.7500e-03 |  2.5584e-04 |    1.4620e-01 |        1.4620e-01 |
| DETRPEN           |  1.0718e-04 |  7.5000e-05 |  3.2182e-05 |    4.2909e-01 |        4.2909e-01 |
| ENTRDD            |  1.6392e-04 |  3.0000e-04 | -1.3608e-04 |   -4.5360e-01 |       -4.5360e-01 |
| RMFDEPS           |  4.0057e-01 |  3.0000e-01 |  1.0057e-01 |    3.3524e-01 |        3.3524e-01 |
| RVICE             |  1.8415e-01 |  1.3000e-01 |  5.4152e-02 |    4.1655e-01 |        4.1655e-01 |
| RLCRITSNOW        |  1.0337e-05 |  2.0000e-05 | -9.6631e-06 |   -4.8315e-01 |       -4.8315e-01 |
| RSNOWLIN2         |  2.6953e-02 |  3.0000e-02 | -3.0467e-03 |   -1.0156e-01 |       -1.0156e-01 |
| RCLDIFF           |  3.9221e-06 |  6.0000e-06 | -2.0779e-06 |   -3.4631e-01 |       -3.4631e-01 |
| RCLDIFF_CONVI     |  1.2096e+01 |  1.0000e+01 |  2.0965e+00 |    2.0965e-01 |        2.0965e-01 |
| RDEPLIQREFRATE    |  6.1944e-01 |  5.0000e-01 |  1.1944e-01 |    2.3889e-01 |        2.3889e-01 |
| RDEPLIQREFDEPTH   |  4.6932e+02 |  5.0000e+02 | -3.0679e+01 |   -6.1357e-02 |       -6.1357e-02 |
| RCL_OVERLAPLIQICE |  2.6258e-01 |  6.5000e-01 | -3.8742e-01 |   -5.9603e-01 |       -5.9603e-01 |
| RCL_INHOMOGAUT    |  1.7324e+00 |  1.5000e+00 |  2.3243e-01 |    1.5496e-01 |        1.5496e-01 |
| RCL_INHOMOGACC    |  2.9678e+00 |  3.0000e+00 | -3.2245e-02 |   -1.0748e-02 |       -1.0748e-02 |
| RMINICE           |  8.9595e+01 |  6.0000e+01 |  2.9595e+01 |    4.9325e-01 |        4.9325e-01 |
2026-04-25 08:09:35 | ectuner |     INFO -> Diagnostic maps saved to ../results/tuned_2d_LR/trop/tol_alfa_040/diagnostics_2d_phis_Global-Tropical_a04.nc
Copia del file YAML inviata a ../results/tuned_2d_LR/trop/tol_yaml_files
