2026-04-25 08:09:09 | ectuner |     INFO -> Loading 2D Data (Sensitivity, Reference, Base)...
   > Loading reference for net_toa from: climate_average_net_toa_CERES EBAF_r180x90_2000-2024.nc
--- Loading cached base maps for phis ---
2026-04-25 08:09:09 | ectuner |     INFO -> Generating spatial weights (Area * Region)...
2026-04-25 08:09:09 | ectuner |     INFO -> Variable net_toa: Initial Spatial RMSE (Weighted) = 11.3247
2026-04-25 08:09:09 | ectuner |     INFO -> Flattening data for fast optimization...
2026-04-25 08:09:10 | ectuner |     INFO -> DEBUG: Global Bias for net_toa in optimizer: 4.6463
2026-04-25 08:09:10 | ectuner |     INFO -> Starting 2D Optimization (dual_annealing)...
2026-04-25 08:09:50 | ectuner |     INFO -> 
==================== GLOBAL MEAN & ZONAL SUMMARY FROM 2D OPTIMIZATION ====================
2026-04-25 08:09:50 | ectuner |     INFO -> Variable     | Metric       |            Initial ->              Final | Status
2026-04-25 08:09:50 | ectuner |     INFO -> ------------------------------------------------------------------------------------------
2026-04-25 08:09:50 | ectuner |     INFO -> net_toa      | Global Bias |             4.6463 ->            -0.0000 | IMPROVED
2026-04-25 08:09:50 | ectuner |     INFO ->              | Spatial RMSE  |            11.3247 ->             9.5802 | IMPROVED
2026-04-25 08:09:50 | ectuner |     INFO -> ------------------------------------------------------------------------------------------
2026-04-25 08:09:50 | ectuner |     INFO -> Structured tuning YAML written to ../results/tuned_2d_LR/trop/tol_alfa_030/tuned_phis_a030.yml

| Parameter         |   New Value |   Old Value |      Change |   Rel. Change |   Dist. from Ref. |
|-------------------+-------------+-------------+-------------+---------------+-------------------|
| RPRCON            |  6.4765e-04 |  1.4000e-03 | -7.5235e-04 |   -5.3739e-01 |       -5.3739e-01 |
| ENTRORG           |  2.0097e-03 |  1.7500e-03 |  2.5974e-04 |    1.4842e-01 |        1.4842e-01 |
| DETRPEN           |  8.8315e-05 |  7.5000e-05 |  1.3315e-05 |    1.7753e-01 |        1.7753e-01 |
| ENTRDD            |  1.5869e-04 |  3.0000e-04 | -1.4131e-04 |   -4.7104e-01 |       -4.7104e-01 |
| RMFDEPS           |  4.6900e-01 |  3.0000e-01 |  1.6900e-01 |    5.6333e-01 |        5.6333e-01 |
| RVICE             |  2.0644e-01 |  1.3000e-01 |  7.6440e-02 |    5.8800e-01 |        5.8800e-01 |
| RLCRITSNOW        |  8.1353e-06 |  2.0000e-05 | -1.1865e-05 |   -5.9323e-01 |       -5.9323e-01 |
| RSNOWLIN2         |  2.6011e-02 |  3.0000e-02 | -3.9895e-03 |   -1.3298e-01 |       -1.3298e-01 |
| RCLDIFF           |  4.7998e-06 |  6.0000e-06 | -1.2002e-06 |   -2.0003e-01 |       -2.0003e-01 |
| RCLDIFF_CONVI     |  1.0319e+01 |  1.0000e+01 |  3.1901e-01 |    3.1901e-02 |        3.1901e-02 |
| RDEPLIQREFRATE    |  5.7958e-01 |  5.0000e-01 |  7.9578e-02 |    1.5916e-01 |        1.5916e-01 |
| RDEPLIQREFDEPTH   |  4.9419e+02 |  5.0000e+02 | -5.8058e+00 |   -1.1612e-02 |       -1.1612e-02 |
| RCL_OVERLAPLIQICE |  2.6064e-01 |  6.5000e-01 | -3.8936e-01 |   -5.9902e-01 |       -5.9902e-01 |
| RCL_INHOMOGAUT    |  1.1059e+00 |  1.5000e+00 | -3.9408e-01 |   -2.6272e-01 |       -2.6272e-01 |
| RCL_INHOMOGACC    |  3.4140e+00 |  3.0000e+00 |  4.1404e-01 |    1.3801e-01 |        1.3801e-01 |
| RMINICE           |  9.4116e+01 |  6.0000e+01 |  3.4116e+01 |    5.6861e-01 |        5.6861e-01 |
2026-04-25 08:09:50 | ectuner |     INFO -> Diagnostic maps saved to ../results/tuned_2d_LR/trop/tol_alfa_030/diagnostics_2d_phis_Global-Tropical_a03.nc
Copia del file YAML inviata a ../results/tuned_2d_LR/trop/tol_yaml_files
