2026-04-25 08:09:06 | ectuner |     INFO -> Loading 2D Data (Sensitivity, Reference, Base)...
   > Loading reference for net_toa from: climate_average_net_toa_CERES EBAF_r180x90_2000-2024.nc
--- Loading cached base maps for phis ---
2026-04-25 08:09:07 | ectuner |     INFO -> Generating spatial weights (Area * Region)...
2026-04-25 08:09:07 | ectuner |     INFO -> Variable net_toa: Initial Spatial RMSE (Weighted) = 11.3247
2026-04-25 08:09:07 | ectuner |     INFO -> Flattening data for fast optimization...
2026-04-25 08:09:07 | ectuner |     INFO -> DEBUG: Global Bias for net_toa in optimizer: 4.6463
2026-04-25 08:09:07 | ectuner |     INFO -> Starting 2D Optimization (dual_annealing)...
2026-04-25 08:09:30 | ectuner |     INFO -> 
==================== GLOBAL MEAN & ZONAL SUMMARY FROM 2D OPTIMIZATION ====================
2026-04-25 08:09:30 | ectuner |     INFO -> Variable     | Metric       |            Initial ->              Final | Status
2026-04-25 08:09:30 | ectuner |     INFO -> ------------------------------------------------------------------------------------------
2026-04-25 08:09:30 | ectuner |     INFO -> net_toa      | Global Bias |             4.6463 ->            -0.0000 | IMPROVED
2026-04-25 08:09:30 | ectuner |     INFO ->              | Spatial RMSE  |            11.3247 ->            10.0988 | IMPROVED
2026-04-25 08:09:30 | ectuner |     INFO -> ------------------------------------------------------------------------------------------
2026-04-25 08:09:30 | ectuner |     INFO -> Structured tuning YAML written to ../results/tuned_2d_LR/trop/tol_alfa_080/tuned_phis_a080.yml

| Parameter         |   New Value |   Old Value |      Change |   Rel. Change |   Dist. from Ref. |
|-------------------+-------------+-------------+-------------+---------------+-------------------|
| RPRCON            |  9.2575e-04 |  1.4000e-03 | -4.7425e-04 |   -3.3875e-01 |       -3.3875e-01 |
| ENTRORG           |  2.1068e-03 |  1.7500e-03 |  3.5676e-04 |    2.0387e-01 |        2.0387e-01 |
| DETRPEN           |  1.0927e-04 |  7.5000e-05 |  3.4273e-05 |    4.5698e-01 |        4.5698e-01 |
| ENTRDD            |  1.2869e-04 |  3.0000e-04 | -1.7131e-04 |   -5.7102e-01 |       -5.7102e-01 |
| RMFDEPS           |  3.9789e-01 |  3.0000e-01 |  9.7890e-02 |    3.2630e-01 |        3.2630e-01 |
| RVICE             |  9.2515e-02 |  1.3000e-01 | -3.7485e-02 |   -2.8834e-01 |       -2.8834e-01 |
| RLCRITSNOW        |  1.4574e-05 |  2.0000e-05 | -5.4259e-06 |   -2.7130e-01 |       -2.7130e-01 |
| RSNOWLIN2         |  1.2055e-02 |  3.0000e-02 | -1.7945e-02 |   -5.9816e-01 |       -5.9816e-01 |
| RCLDIFF           |  5.3058e-06 |  6.0000e-06 | -6.9419e-07 |   -1.1570e-01 |       -1.1570e-01 |
| RCLDIFF_CONVI     |  1.4970e+01 |  1.0000e+01 |  4.9697e+00 |    4.9697e-01 |        4.9697e-01 |
| RDEPLIQREFRATE    |  4.1480e-01 |  5.0000e-01 | -8.5204e-02 |   -1.7041e-01 |       -1.7041e-01 |
| RDEPLIQREFDEPTH   |  6.9156e+02 |  5.0000e+02 |  1.9156e+02 |    3.8313e-01 |        3.8313e-01 |
| RCL_OVERLAPLIQICE |  3.2819e-01 |  6.5000e-01 | -3.2181e-01 |   -4.9510e-01 |       -4.9510e-01 |
| RCL_INHOMOGAUT    |  1.3976e+00 |  1.5000e+00 | -1.0242e-01 |   -6.8282e-02 |       -6.8282e-02 |
| RCL_INHOMOGACC    |  2.9138e+00 |  3.0000e+00 | -8.6201e-02 |   -2.8734e-02 |       -2.8734e-02 |
| RMINICE           |  8.4720e+01 |  6.0000e+01 |  2.4720e+01 |    4.1201e-01 |        4.1201e-01 |
2026-04-25 08:09:30 | ectuner |     INFO -> Diagnostic maps saved to ../results/tuned_2d_LR/trop/tol_alfa_080/diagnostics_2d_phis_Global-Tropical_a08.nc
Copia del file YAML inviata a ../results/tuned_2d_LR/trop/tol_yaml_files
