2026-04-25 08:09:08 | ectuner |     INFO -> Loading 2D Data (Sensitivity, Reference, Base)...
   > Loading reference for net_toa from: climate_average_net_toa_CERES EBAF_r180x90_2000-2024.nc
--- Loading cached base maps for phis ---
2026-04-25 08:09:09 | ectuner |     INFO -> Generating spatial weights (Area * Region)...
2026-04-25 08:09:09 | ectuner |     INFO -> Variable net_toa: Initial Spatial RMSE (Weighted) = 11.3247
2026-04-25 08:09:09 | ectuner |     INFO -> Flattening data for fast optimization...
2026-04-25 08:09:09 | ectuner |     INFO -> DEBUG: Global Bias for net_toa in optimizer: 4.6463
2026-04-25 08:09:09 | ectuner |     INFO -> Starting 2D Optimization (dual_annealing)...
2026-04-25 08:09:39 | ectuner |     INFO -> 
==================== GLOBAL MEAN & ZONAL SUMMARY FROM 2D OPTIMIZATION ====================
2026-04-25 08:09:39 | ectuner |     INFO -> Variable     | Metric       |            Initial ->              Final | Status
2026-04-25 08:09:39 | ectuner |     INFO -> ------------------------------------------------------------------------------------------
2026-04-25 08:09:39 | ectuner |     INFO -> net_toa      | Global Bias |             4.6463 ->            -0.0000 | IMPROVED
2026-04-25 08:09:39 | ectuner |     INFO ->              | Spatial RMSE  |            11.3247 ->             9.9606 | IMPROVED
2026-04-25 08:09:39 | ectuner |     INFO -> ------------------------------------------------------------------------------------------
2026-04-25 08:09:39 | ectuner |     INFO -> Structured tuning YAML written to ../results/tuned_2d_LR/trop/tol_alfa_090/tuned_phis_a090.yml

| Parameter         |   New Value |   Old Value |      Change |   Rel. Change |   Dist. from Ref. |
|-------------------+-------------+-------------+-------------+---------------+-------------------|
| RPRCON            |  1.2380e-03 |  1.4000e-03 | -1.6201e-04 |   -1.1572e-01 |       -1.1572e-01 |
| ENTRORG           |  1.5749e-03 |  1.7500e-03 | -1.7505e-04 |   -1.0003e-01 |       -1.0003e-01 |
| DETRPEN           |  5.3118e-05 |  7.5000e-05 | -2.1882e-05 |   -2.9176e-01 |       -2.9176e-01 |
| ENTRDD            |  2.5186e-04 |  3.0000e-04 | -4.8143e-05 |   -1.6048e-01 |       -1.6048e-01 |
| RMFDEPS           |  4.6059e-01 |  3.0000e-01 |  1.6059e-01 |    5.3530e-01 |        5.3530e-01 |
| RVICE             |  2.0332e-01 |  1.3000e-01 |  7.3316e-02 |    5.6397e-01 |        5.6397e-01 |
| RLCRITSNOW        |  2.1378e-05 |  2.0000e-05 |  1.3780e-06 |    6.8900e-02 |        6.8900e-02 |
| RSNOWLIN2         |  1.7558e-02 |  3.0000e-02 | -1.2442e-02 |   -4.1474e-01 |       -4.1474e-01 |
| RCLDIFF           |  8.4966e-06 |  6.0000e-06 |  2.4966e-06 |    4.1609e-01 |        4.1609e-01 |
| RCLDIFF_CONVI     |  8.9371e+00 |  1.0000e+01 | -1.0629e+00 |   -1.0629e-01 |       -1.0629e-01 |
| RDEPLIQREFRATE    |  6.9595e-01 |  5.0000e-01 |  1.9595e-01 |    3.9190e-01 |        3.9190e-01 |
| RDEPLIQREFDEPTH   |  2.0814e+02 |  5.0000e+02 | -2.9186e+02 |   -5.8372e-01 |       -5.8372e-01 |
| RCL_OVERLAPLIQICE |  3.5113e-01 |  6.5000e-01 | -2.9887e-01 |   -4.5980e-01 |       -4.5980e-01 |
| RCL_INHOMOGAUT    |  9.4205e-01 |  1.5000e+00 | -5.5795e-01 |   -3.7196e-01 |       -3.7196e-01 |
| RCL_INHOMOGACC    |  1.6542e+00 |  3.0000e+00 | -1.3458e+00 |   -4.4859e-01 |       -4.4859e-01 |
| RMINICE           |  8.3012e+01 |  6.0000e+01 |  2.3012e+01 |    3.8353e-01 |        3.8353e-01 |
2026-04-25 08:09:39 | ectuner |     INFO -> Diagnostic maps saved to ../results/tuned_2d_LR/trop/tol_alfa_090/diagnostics_2d_phis_Global-Tropical_a09.nc
Copia del file YAML inviata a ../results/tuned_2d_LR/trop/tol_yaml_files
