2026-04-11 12:21:47 | ectuner |     INFO -> Loading 2D Data (Sensitivity, Reference, Base)...
   > Loading reference for net_toa from: climate_average_net_toa_CERES EBAF_r180x90_2000-2024.nc
--- Loading cached base maps for phis ---
2026-04-11 12:21:48 | ectuner |     INFO -> Generating spatial weights (Area * Region)...
2026-04-11 12:21:48 | ectuner |     INFO -> Variable net_toa: Initial Spatial RMSE (Weighted) = 11.3965
2026-04-11 12:21:48 | ectuner |     INFO -> Flattening data for fast optimization...
2026-04-11 12:21:49 | ectuner |     INFO -> Starting 2D Optimization (dual_annealing)...
2026-04-11 12:21:57 | ectuner |     INFO -> 
==================== GLOBAL MEAN & ZONAL SUMMARY FROM 2D OPTIMIZATION ====================
2026-04-11 12:21:57 | ectuner |     INFO -> Variable     | Metric       |            Initial ->              Final | Status
2026-04-11 12:21:57 | ectuner |     INFO -> ------------------------------------------------------------------------------------------
2026-04-11 12:21:57 | ectuner |     INFO -> net_toa      | Global Bias |             5.6259 ->             1.3171 | IMPROVED
2026-04-11 12:21:57 | ectuner |     INFO ->              | Spatial RMSE  |            11.3965 ->             9.1323 | IMPROVED
2026-04-11 12:21:57 | ectuner |     INFO -> ------------------------------------------------------------------------------------------
2026-04-11 12:21:57 | ectuner |     INFO -> Structured tuning YAML written to ../results/tuned_2d_LR/alfa_0/tuned_phis_2000_2017_2D_a0.yml

| Parameter         |   New Value |   Old Value |      Change |   Rel. Change |   Dist. from Ref. |
|-------------------+-------------+-------------+-------------+---------------+-------------------|
| RPRCON            |  5.6000e-04 |  1.4000e-03 | -8.4000e-04 |   -6.0000e-01 |       -6.0000e-01 |
| ENTRORG           |  1.5232e-03 |  1.7500e-03 | -2.2676e-04 |   -1.2958e-01 |       -1.2958e-01 |
| DETRPEN           |  1.1425e-04 |  7.5000e-05 |  3.9246e-05 |    5.2328e-01 |        5.2328e-01 |
| ENTRDD            |  1.7832e-04 |  3.0000e-04 | -1.2168e-04 |   -4.0559e-01 |       -4.0559e-01 |
| RMFDEPS           |  4.6885e-01 |  3.0000e-01 |  1.6885e-01 |    5.6282e-01 |        5.6282e-01 |
| RVICE             |  2.0800e-01 |  1.3000e-01 |  7.8000e-02 |    6.0000e-01 |        6.0000e-01 |
| RLCRITSNOW        |  8.0000e-06 |  2.0000e-05 | -1.2000e-05 |   -6.0000e-01 |       -6.0000e-01 |
| RSNOWLIN2         |  1.2778e-02 |  3.0000e-02 | -1.7222e-02 |   -5.7408e-01 |       -5.7408e-01 |
| RCLDIFF           |  2.4000e-06 |  6.0000e-06 | -3.6000e-06 |   -6.0000e-01 |       -6.0000e-01 |
| RCLDIFF_CONVI     |  4.1168e+00 |  1.0000e+01 | -5.8832e+00 |   -5.8832e-01 |       -5.8832e-01 |
| RDEPLIQREFRATE    |  7.2157e-01 |  5.0000e-01 |  2.2157e-01 |    4.4313e-01 |        4.4313e-01 |
| RDEPLIQREFDEPTH   |  4.0615e+02 |  5.0000e+02 | -9.3853e+01 |   -1.8771e-01 |       -1.8771e-01 |
| RCL_OVERLAPLIQICE |  2.6000e-01 |  6.5000e-01 | -3.9000e-01 |   -6.0000e-01 |       -6.0000e-01 |
| RCL_INHOMOGAUT    |  6.0001e-01 |  1.5000e+00 | -8.9999e-01 |   -5.9999e-01 |       -5.9999e-01 |
| RCL_INHOMOGACC    |  3.3449e+00 |  3.0000e+00 |  3.4487e-01 |    1.1496e-01 |        1.1496e-01 |
| RMINICE           |  8.3009e+01 |  6.0000e+01 |  2.3009e+01 |    3.8349e-01 |        3.8349e-01 |
2026-04-11 12:21:57 | ectuner |     INFO -> Diagnostic maps saved to /ec/res4/hpcperm/ecme3038/ecearth/ecearth4/ECtuner/mari/results/tuned_2d_LR/alfa_0/diagnostics_2d_phis_alfa_0.nc
