2026-04-15 14:06:47 | ectuner |     INFO -> Loading 2D Data (Sensitivity, Reference, Base)...
   > Loading reference for net_toa from: climate_average_net_toa_CERES EBAF_r180x90_2000-2024.nc
--- Loading cached base maps for phis ---
2026-04-15 14:06:48 | ectuner |     INFO -> Generating spatial weights (Area * Region)...
2026-04-15 14:06:48 | ectuner |     INFO -> Variable net_toa: Initial Spatial RMSE (Weighted) = 11.3965
2026-04-15 14:06:48 | ectuner |     INFO -> Flattening data for fast optimization...
2026-04-15 14:06:48 | ectuner |     INFO -> DEBUG: Global Bias for net_toa in optimizer: 5.6259
2026-04-15 14:06:48 | ectuner |     INFO -> Starting 2D Optimization (dual_annealing)...
2026-04-15 14:07:21 | ectuner |     INFO -> 
==================== GLOBAL MEAN & ZONAL SUMMARY FROM 2D OPTIMIZATION ====================
2026-04-15 14:07:21 | ectuner |     INFO -> Variable     | Metric       |            Initial ->              Final | Status
2026-04-15 14:07:21 | ectuner |     INFO -> ------------------------------------------------------------------------------------------
2026-04-15 14:07:21 | ectuner |     INFO -> net_toa      | Global Bias |             5.6259 ->             1.3611 | IMPROVED
2026-04-15 14:07:21 | ectuner |     INFO ->              | Spatial RMSE  |            11.3965 ->             9.0849 | IMPROVED
2026-04-15 14:07:21 | ectuner |     INFO -> ------------------------------------------------------------------------------------------
2026-04-15 14:07:21 | ectuner |     INFO -> Structured tuning YAML written to ../results/tuned_2d_LR/net_TOA/alfa_02/tuned_phis_2000_2017_2D_a02.yml

| Parameter         |   New Value |   Old Value |      Change |   Rel. Change |   Dist. from Ref. |
|-------------------+-------------+-------------+-------------+---------------+-------------------|
| RPRCON            |  5.6000e-04 |  1.4000e-03 | -8.4000e-04 |   -6.0000e-01 |       -6.0000e-01 |
| ENTRORG           |  1.4526e-03 |  1.7500e-03 | -2.9739e-04 |   -1.6994e-01 |       -1.6994e-01 |
| DETRPEN           |  1.0327e-04 |  7.5000e-05 |  2.8274e-05 |    3.7698e-01 |        3.7698e-01 |
| ENTRDD            |  1.7107e-04 |  3.0000e-04 | -1.2893e-04 |   -4.2976e-01 |       -4.2976e-01 |
| RMFDEPS           |  4.7731e-01 |  3.0000e-01 |  1.7731e-01 |    5.9103e-01 |        5.9103e-01 |
| RVICE             |  2.0800e-01 |  1.3000e-01 |  7.8000e-02 |    6.0000e-01 |        6.0000e-01 |
| RLCRITSNOW        |  8.0000e-06 |  2.0000e-05 | -1.2000e-05 |   -6.0000e-01 |       -6.0000e-01 |
| RSNOWLIN2         |  1.2091e-02 |  3.0000e-02 | -1.7909e-02 |   -5.9697e-01 |       -5.9697e-01 |
| RCLDIFF           |  3.0560e-06 |  6.0000e-06 | -2.9440e-06 |   -4.9066e-01 |       -4.9066e-01 |
| RCLDIFF_CONVI     |  7.5823e+00 |  1.0000e+01 | -2.4177e+00 |   -2.4177e-01 |       -2.4177e-01 |
| RDEPLIQREFRATE    |  5.8225e-01 |  5.0000e-01 |  8.2252e-02 |    1.6450e-01 |        1.6450e-01 |
| RDEPLIQREFDEPTH   |  4.5735e+02 |  5.0000e+02 | -4.2646e+01 |   -8.5293e-02 |       -8.5293e-02 |
| RCL_OVERLAPLIQICE |  2.6000e-01 |  6.5000e-01 | -3.9000e-01 |   -6.0000e-01 |       -6.0000e-01 |
| RCL_INHOMOGAUT    |  8.3505e-01 |  1.5000e+00 | -6.6495e-01 |   -4.4330e-01 |       -4.4330e-01 |
| RCL_INHOMOGACC    |  3.0893e+00 |  3.0000e+00 |  8.9258e-02 |    2.9753e-02 |        2.9753e-02 |
| RMINICE           |  8.8013e+01 |  6.0000e+01 |  2.8013e+01 |    4.6688e-01 |        4.6688e-01 |
2026-04-15 14:07:21 | ectuner |     INFO -> Diagnostic maps saved to /ec/res4/hpcperm/ecme3038/ecearth/ecearth4/ECtuner/mari/results/tuned_2d_LR/net_TOA/alfa_02/diagnostics_2d_phis_Global_a02.nc
