2026-02-25 15:25:39 | ectuner |     INFO -> ==== ECtuner configuration ====
2026-02-25 15:25:39 | ectuner |     INFO -> 
files:
  reference: /ec/res4/hpcperm/ecme3038/ecearth/ecearth4/ECtuner/ectuner/ecmean/reference/gm_reference_EC26-PDAY.yml
  sensitivity: /ec/res4/hpcperm/ecme3038/ecearth/ecearth4/ECtuner/ectuner/sensitivities/sensitivity_TL255_415_1991-2000_v2.yaml
  slope_file: /ec/res4/hpcperm/ecme3038/ecearth/ecearth4/ECtuner/ectuner/utils/slopes.yaml
  base: global_mean_ftv9_EC-Earth4_r1i1p1f1_{year1}_{year2}.yml
  params: tuning_{exp}.yml
  ecmean: /ec/res4/hpcperm/ecme3038/ecearth/ecearth4/ECtuner/mari/ectuner/ecmean/gm_sres
  exps: /ec/res4/hpcperm/ecme3038/ecearth/ecearth4/ECtuner/mari/ectuner/perturb_exps/exps_sres
args:
  year1: 1991
  year2: 2000
  penalty: 10
  inc: 0.6
  method: dual_annealing
  deltaT: 0.6
frozen_parameters:
- RCL_OVERLAPLIQICE
reference_parameters:
  RPRCON: 0.0014
  ENTRORG: 0.00175
  DETRPEN: 7.5e-05
  ENTRDD: 0.0003
  RMFDEPS: 0.3
  RVICE: 0.13
  RLCRITSNOW: 2.0e-05
  RSNOWLIN2: 0.03
  RCLDIFF: 3.0e-06
  RCLDIFF_CONVI: 10.0
  RDEPLIQREFRATE: 0.5
  RDEPLIQREFDEPTH: 500.0
  RCL_OVERLAPLIQICE: 0.65
  RCL_INHOMOGAUT: 1.5
  RCL_INHOMOGACC: 3
  RMINICE: 60
parameter_group:
  namcumf:
  - RPRCON
  - ENTRORG
  - DETRPEN
  - ENTRDD
  - RMFDEPS
  namcldp:
  - RVICE
  - RLCRITSNOW
  - RSNOWLIN2
  - RCLDIFF
  - RCLDIFF_CONVI
  - RDEPLIQREFRATE
  - RDEPLIQREFDEPTH
  - RCL_OVERLAPLIQICE
  - RCL_INHOMOGAUT
  - RCL_INHOMOGACC
  naerad:
  - RMINICE
weights_season:
  ALL: 1.0
  DJF: 0.0
  JJA: 0.0
weights_region:
  Global: 1.0
  Tropical: 0.0
  North Midlat: 0.0
  South Midlat: 0.0
  NH: 0.0
  SH: 0.0
  Equatorial: 0.0
  North Pole: 0.0
  South Pole: 0.0
weights:
  net_toa: 3.0
  rsnt: 2.5
  rlnt: 2.5
  swcf: 0.0
  lwcf: 0.0
  rsns: 0.0
  rlns: 0.0
  hfss: 0.0
  hfls: 0.0
  net_sfc: 0.0
  toamsfc: 0.0

2026-02-25 15:25:40 | ectuner |     INFO -> 
---------------- PHYSICS-BASED REFERENCE ADJUSTMENTS (Target Shifts) ----------------
2026-02-25 15:25:40 | ectuner |     INFO -> Variable     | Region       |   Original |  Corrected |  Total Shift
2026-02-25 15:25:40 | ectuner |     INFO -> -------------------------------------------------------------------------------------
2026-02-25 15:25:40 | ectuner |     INFO -> net_toa      | Global       |     1.0160 |     1.4630 |      +0.4470 W/m2
2026-02-25 15:25:40 | ectuner |     INFO -> rsnt         | Global       |   241.5560 |   241.0012 |      -0.5548 W/m2
2026-02-25 15:25:40 | ectuner |     INFO -> rlnt         | Global       |  -240.5400 |  -239.5378 |      +1.0022 W/m2
2026-02-25 15:25:40 | ectuner |     INFO -> -------------------------------------------------------------------------------------
2026-02-25 15:25:40 | ectuner |     INFO ->  * Applied Temperature Correction: 0.6 K
2026-02-25 15:25:40 | ectuner |     INFO -> -------------------------------------------------------------------------------------

2026-02-25 15:25:40 | ectuner |     INFO -> Frozen parameters detected: RCL_OVERLAPLIQICE=0.1
2026-02-25 15:25:40 | ectuner |     INFO -> Optimizing parameters using dual_annealing ...
2026-02-25 15:27:15 | ectuner |     INFO -> 
2026-02-25 15:27:15 | ectuner |     INFO -> 
===================== OPTIMIZATION SUMMARY (Biases: Model - Target) ======================
2026-02-25 15:27:15 | ectuner |     INFO -> Goal: Bring Biases to 0.0
2026-02-25 15:27:15 | ectuner |     INFO -> 
--------------------------------- PRIMARY TUNING TARGETS ---------------------------------
2026-02-25 15:27:15 | ectuner |     INFO -> Variable     | Season | Region       | Weight |  Bias Init -> Bias Final | Status
2026-02-25 15:27:15 | ectuner |     INFO -> ---------------------------------------------------------------------------------
2026-02-25 15:27:15 | ectuner |     INFO -> net_toa      | ALL    | Global       | 3.0    |     -1.256 -> [92m    -0.036[0m | IMPROVED
2026-02-25 15:27:15 | ectuner |     INFO -> net_toa      | ALL    | Tropical     | 3.0    |     -2.494 -> [92m    -0.749[0m | IMPROVED
2026-02-25 15:27:15 | ectuner |     INFO -> net_toa      | ALL    | North Midlat | 3.0    |     -0.378 -> [92m     0.152[0m | IMPROVED
2026-02-25 15:27:15 | ectuner |     INFO -> net_toa      | ALL    | South Midlat | 3.0    |      1.218 -> [91m     2.067[0m | WORSENED
2026-02-25 15:27:15 | ectuner |     INFO -> net_toa      | ALL    | NH           | 3.0    |     -1.478 -> [92m    -0.813[0m | IMPROVED
2026-02-25 15:27:15 | ectuner |     INFO -> net_toa      | ALL    | SH           | 3.0    |      0.212 -> [91m     1.167[0m | WORSENED
2026-02-25 15:27:15 | ectuner |     INFO -> net_toa      | ALL    | Equatorial   | 3.0    |     -2.528 -> [92m    -0.539[0m | IMPROVED
2026-02-25 15:27:15 | ectuner |     INFO -> net_toa      | ALL    | North Pole   | 3.0    |     -1.443 -> [92m    -1.205[0m | IMPROVED
2026-02-25 15:27:15 | ectuner |     INFO -> net_toa      | ALL    | South Pole   | 3.0    |      4.182 -> [91m     4.700[0m | WORSENED
2026-02-25 15:27:15 | ectuner |     INFO -> net_toa      | DJF    | Global       | 3.0    |     -0.511 -> [91m     0.752[0m | WORSENED
2026-02-25 15:27:15 | ectuner |     INFO -> net_toa      | DJF    | Tropical     | 3.0    |     -3.674 -> [92m    -1.890[0m | IMPROVED
2026-02-25 15:27:15 | ectuner |     INFO -> net_toa      | DJF    | North Midlat | 3.0    |      2.330 -> [91m     2.635[0m | WORSENED
2026-02-25 15:27:15 | ectuner |     INFO -> net_toa      | DJF    | South Midlat | 3.0    |      2.128 -> [91m     3.300[0m | WORSENED
2026-02-25 15:27:15 | ectuner |     INFO -> net_toa      | DJF    | NH           | 3.0    |     -0.067 -> [91m     0.409[0m | WORSENED
2026-02-25 15:27:15 | ectuner |     INFO -> net_toa      | DJF    | SH           | 3.0    |      1.362 -> [91m     2.688[0m | WORSENED
2026-02-25 15:27:15 | ectuner |     INFO -> net_toa      | DJF    | Equatorial   | 3.0    |     -4.012 -> [92m    -2.068[0m | IMPROVED
2026-02-25 15:27:15 | ectuner |     INFO -> net_toa      | DJF    | North Pole   | 3.0    |      5.551 -> [91m     5.638[0m | WORSENED
2026-02-25 15:27:15 | ectuner |     INFO -> net_toa      | DJF    | South Pole   | 3.0    |      9.611 -> [91m    10.495[0m | WORSENED
2026-02-25 15:27:15 | ectuner |     INFO -> net_toa      | JJA    | Global       | 3.0    |     -0.929 -> [92m     0.087[0m | IMPROVED
2026-02-25 15:27:15 | ectuner |     INFO -> net_toa      | JJA    | Tropical     | 3.0    |     -1.795 -> [92m    -0.292[0m | IMPROVED
2026-02-25 15:27:15 | ectuner |     INFO -> net_toa      | JJA    | North Midlat | 3.0    |     -1.102 -> [92m    -0.543[0m | IMPROVED
2026-02-25 15:27:15 | ectuner |     INFO -> net_toa      | JJA    | South Midlat | 3.0    |      0.235 -> [91m     0.726[0m | WORSENED
2026-02-25 15:27:15 | ectuner |     INFO -> net_toa      | JJA    | NH           | 3.0    |     -0.925 -> [92m    -0.209[0m | IMPROVED
2026-02-25 15:27:15 | ectuner |     INFO -> net_toa      | JJA    | SH           | 3.0    |     -1.103 -> [92m    -0.599[0m | IMPROVED
2026-02-25 15:27:15 | ectuner |     INFO -> net_toa      | JJA    | Equatorial   | 3.0    |     -1.911 -> [92m    -0.133[0m | IMPROVED
2026-02-25 15:27:15 | ectuner |     INFO -> net_toa      | JJA    | North Pole   | 3.0    |    -12.429 -> [92m   -12.023[0m | IMPROVED
2026-02-25 15:27:15 | ectuner |     INFO -> net_toa      | JJA    | South Pole   | 3.0    |     -0.057 -> [91m     0.197[0m | WORSENED
2026-02-25 15:27:15 | ectuner |     INFO -> rsnt         | ALL    | Global       | 2.5    |     -0.611 -> [92m    -0.012[0m | IMPROVED
2026-02-25 15:27:15 | ectuner |     INFO -> rsnt         | ALL    | Tropical     | 2.5    |      1.147 -> [91m     1.863[0m | WORSENED
2026-02-25 15:27:15 | ectuner |     INFO -> rsnt         | ALL    | North Midlat | 2.5    |     -7.361 -> [92m    -7.000[0m | IMPROVED
2026-02-25 15:27:15 | ectuner |     INFO -> rsnt         | ALL    | South Midlat | 2.5    |     -1.023 -> [92m    -0.423[0m | IMPROVED
2026-02-25 15:27:15 | ectuner |     INFO -> rsnt         | ALL    | NH           | 2.5    |     -6.397 -> [92m    -6.014[0m | IMPROVED
2026-02-25 15:27:15 | ectuner |     INFO -> rsnt         | ALL    | SH           | 2.5    |     -1.517 -> [92m    -0.803[0m | IMPROVED
2026-02-25 15:27:15 | ectuner |     INFO -> rsnt         | ALL    | Equatorial   | 2.5    |      2.254 -> [91m     2.949[0m | WORSENED
2026-02-25 15:27:15 | ectuner |     INFO -> rsnt         | ALL    | North Pole   | 2.5    |    -10.518 -> [92m   -10.410[0m | IMPROVED
2026-02-25 15:27:15 | ectuner |     INFO -> rsnt         | ALL    | South Pole   | 2.5    |      2.578 -> [91m     2.699[0m | WORSENED
2026-02-25 15:27:15 | ectuner |     INFO -> rsnt         | DJF    | Global       | 2.5    |     -0.315 -> [91m     0.362[0m | WORSENED
2026-02-25 15:27:15 | ectuner |     INFO -> rsnt         | DJF    | Tropical     | 2.5    |      0.241 -> [91m     1.034[0m | WORSENED
2026-02-25 15:27:15 | ectuner |     INFO -> rsnt         | DJF    | North Midlat | 2.5    |     -2.806 -> [92m    -2.662[0m | IMPROVED
2026-02-25 15:27:15 | ectuner |     INFO -> rsnt         | DJF    | South Midlat | 2.5    |     -0.315 -> [91m     0.662[0m | WORSENED
2026-02-25 15:27:15 | ectuner |     INFO -> rsnt         | DJF    | NH           | 2.5    |     -4.040 -> [92m    -3.752[0m | IMPROVED
2026-02-25 15:27:15 | ectuner |     INFO -> rsnt         | DJF    | SH           | 2.5    |     -0.416 -> [91m     0.549[0m | WORSENED
2026-02-25 15:27:15 | ectuner |     INFO -> rsnt         | DJF    | Equatorial   | 2.5    |      1.481 -> [91m     2.252[0m | WORSENED
2026-02-25 15:27:15 | ectuner |     INFO -> rsnt         | DJF    | North Pole   | 2.5    |      0.149 -> [92m     0.131[0m | IMPROVED
2026-02-25 15:27:15 | ectuner |     INFO -> rsnt         | DJF    | South Pole   | 2.5    |      5.213 -> [91m     5.704[0m | WORSENED
2026-02-25 15:27:15 | ectuner |     INFO -> rsnt         | JJA    | Global       | 2.5    |     -2.147 -> [92m    -1.707[0m | IMPROVED
2026-02-25 15:27:15 | ectuner |     INFO -> rsnt         | JJA    | Tropical     | 2.5    |      1.154 -> [91m     1.633[0m | WORSENED
2026-02-25 15:27:15 | ectuner |     INFO -> rsnt         | JJA    | North Midlat | 2.5    |     -9.937 -> [92m    -9.427[0m | IMPROVED
2026-02-25 15:27:15 | ectuner |     INFO -> rsnt         | JJA    | South Midlat | 2.5    |     -2.165 -> [92m    -1.875[0m | IMPROVED
2026-02-25 15:27:15 | ectuner |     INFO -> rsnt         | JJA    | NH           | 2.5    |     -6.754 -> [92m    -6.381[0m | IMPROVED
2026-02-25 15:27:15 | ectuner |     INFO -> rsnt         | JJA    | SH           | 2.5    |     -3.497 -> [92m    -3.036[0m | IMPROVED
2026-02-25 15:27:15 | ectuner |     INFO -> rsnt         | JJA    | Equatorial   | 2.5    |      1.935 -> [91m     2.417[0m | WORSENED
2026-02-25 15:27:15 | ectuner |     INFO -> rsnt         | JJA    | North Pole   | 2.5    |    -26.090 -> [92m   -25.726[0m | IMPROVED
2026-02-25 15:27:15 | ectuner |     INFO -> rsnt         | JJA    | South Pole   | 2.5    |      0.378 -> [92m     0.369[0m | IMPROVED
2026-02-25 15:27:15 | ectuner |     INFO -> rlnt         | ALL    | Global       | 2.5    |     -0.646 -> [92m    -0.025[0m | IMPROVED
2026-02-25 15:27:15 | ectuner |     INFO -> rlnt         | ALL    | Tropical     | 2.5    |     -3.640 -> [92m    -2.612[0m | IMPROVED
2026-02-25 15:27:15 | ectuner |     INFO -> rlnt         | ALL    | North Midlat | 2.5    |      6.982 -> [91m     7.151[0m | WORSENED
2026-02-25 15:27:15 | ectuner |     INFO -> rlnt         | ALL    | South Midlat | 2.5    |      2.241 -> [91m     2.489[0m | WORSENED
2026-02-25 15:27:15 | ectuner |     INFO -> rlnt         | ALL    | NH           | 2.5    |      4.919 -> [91m     5.201[0m | WORSENED
2026-02-25 15:27:15 | ectuner |     INFO -> rlnt         | ALL    | SH           | 2.5    |      1.730 -> [91m     1.970[0m | WORSENED
2026-02-25 15:27:15 | ectuner |     INFO -> rlnt         | ALL    | Equatorial   | 2.5    |     -4.782 -> [92m    -3.488[0m | IMPROVED
2026-02-25 15:27:15 | ectuner |     INFO -> rlnt         | ALL    | North Pole   | 2.5    |      9.075 -> [91m     9.205[0m | WORSENED
2026-02-25 15:27:15 | ectuner |     INFO -> rlnt         | ALL    | South Pole   | 2.5    |      1.604 -> [91m     2.000[0m | WORSENED
2026-02-25 15:27:15 | ectuner |     INFO -> rlnt         | DJF    | Global       | 2.5    |     -0.197 -> [91m     0.390[0m | WORSENED
2026-02-25 15:27:15 | ectuner |     INFO -> rlnt         | DJF    | Tropical     | 2.5    |     -3.914 -> [92m    -2.923[0m | IMPROVED
2026-02-25 15:27:15 | ectuner |     INFO -> rlnt         | DJF    | North Midlat | 2.5    |      5.136 -> [91m     5.297[0m | WORSENED
2026-02-25 15:27:15 | ectuner |     INFO -> rlnt         | DJF    | South Midlat | 2.5    |      2.443 -> [91m     2.638[0m | WORSENED
2026-02-25 15:27:15 | ectuner |     INFO -> rlnt         | DJF    | NH           | 2.5    |      3.972 -> [91m     4.160[0m | WORSENED
2026-02-25 15:27:15 | ectuner |     INFO -> rlnt         | DJF    | SH           | 2.5    |      1.778 -> [91m     2.138[0m | WORSENED
2026-02-25 15:27:15 | ectuner |     INFO -> rlnt         | DJF    | Equatorial   | 2.5    |     -5.493 -> [92m    -4.320[0m | IMPROVED
2026-02-25 15:27:15 | ectuner |     INFO -> rlnt         | DJF    | North Pole   | 2.5    |      5.401 -> [91m     5.506[0m | WORSENED
2026-02-25 15:27:15 | ectuner |     INFO -> rlnt         | DJF    | South Pole   | 2.5    |      4.397 -> [91m     4.790[0m | WORSENED
2026-02-25 15:27:15 | ectuner |     INFO -> rlnt         | JJA    | Global       | 2.5    |      1.217 -> [91m     1.794[0m | WORSENED
2026-02-25 15:27:15 | ectuner |     INFO -> rlnt         | JJA    | Tropical     | 2.5    |     -2.949 -> [92m    -1.925[0m | IMPROVED
2026-02-25 15:27:15 | ectuner |     INFO -> rlnt         | JJA    | North Midlat | 2.5    |      8.836 -> [91m     8.885[0m | WORSENED
2026-02-25 15:27:15 | ectuner |     INFO -> rlnt         | JJA    | South Midlat | 2.5    |      2.401 -> [91m     2.602[0m | WORSENED
2026-02-25 15:27:15 | ectuner |     INFO -> rlnt         | JJA    | NH           | 2.5    |      5.829 -> [91m     6.173[0m | WORSENED
2026-02-25 15:27:15 | ectuner |     INFO -> rlnt         | JJA    | SH           | 2.5    |      2.392 -> [91m     2.436[0m | WORSENED
2026-02-25 15:27:15 | ectuner |     INFO -> rlnt         | JJA    | Equatorial   | 2.5    |     -3.847 -> [92m    -2.551[0m | IMPROVED
2026-02-25 15:27:15 | ectuner |     INFO -> rlnt         | JJA    | North Pole   | 2.5    |     13.661 -> [91m    13.703[0m | WORSENED
2026-02-25 15:27:15 | ectuner |     INFO -> rlnt         | JJA    | South Pole   | 2.5    |     -0.435 -> [92m    -0.172[0m | IMPROVED
2026-02-25 15:27:15 | ectuner |     INFO -> 
-------------------------------- DIAGNOSTIC SIDE-EFFECTS ---------------------------------
2026-02-25 15:27:15 | ectuner |     INFO -> Variable     | Season | Region       | Weight |  Bias Init -> Bias Final | Status
2026-02-25 15:27:15 | ectuner |     INFO -> ---------------------------------------------------------------------------------
2026-02-25 15:27:15 | ectuner |     INFO -> swcf         | ALL    | Global       | 0.0    |     -0.882 -> [92m    -0.326[0m | IMPROVED
2026-02-25 15:27:15 | ectuner |     INFO -> swcf         | ALL    | Tropical     | 0.0    |      1.477 -> [91m     2.167[0m | WORSENED
2026-02-25 15:27:15 | ectuner |     INFO -> swcf         | ALL    | North Midlat | 0.0    |     -3.589 -> [92m    -3.337[0m | IMPROVED
2026-02-25 15:27:15 | ectuner |     INFO -> swcf         | ALL    | South Midlat | 0.0    |     -3.003 -> [92m    -2.411[0m | IMPROVED
2026-02-25 15:27:15 | ectuner |     INFO -> swcf         | ALL    | NH           | 0.0    |     -2.356 -> [92m    -2.066[0m | IMPROVED
2026-02-25 15:27:15 | ectuner |     INFO -> swcf         | ALL    | SH           | 0.0    |     -2.771 -> [92m    -2.070[0m | IMPROVED
2026-02-25 15:27:15 | ectuner |     INFO -> swcf         | ALL    | Equatorial   | 0.0    |      2.256 -> [91m     2.927[0m | WORSENED
2026-02-25 15:27:15 | ectuner |     INFO -> swcf         | ALL    | North Pole   | 0.0    |     -8.295 -> [92m    -8.278[0m | IMPROVED
2026-02-25 15:27:15 | ectuner |     INFO -> swcf         | ALL    | South Pole   | 0.0    |     -3.598 -> [92m    -3.459[0m | IMPROVED
2026-02-25 15:27:15 | ectuner |     INFO -> swcf         | DJF    | Global       | 0.0    |     -0.770 -> [92m    -0.120[0m | IMPROVED
2026-02-25 15:27:15 | ectuner |     INFO -> swcf         | DJF    | Tropical     | 0.0    |      0.627 -> [91m     1.394[0m | WORSENED
2026-02-25 15:27:15 | ectuner |     INFO -> swcf         | DJF    | North Midlat | 0.0    |     -0.594 -> [92m    -0.503[0m | IMPROVED
2026-02-25 15:27:15 | ectuner |     INFO -> swcf         | DJF    | South Midlat | 0.0    |     -3.877 -> [92m    -2.904[0m | IMPROVED
2026-02-25 15:27:15 | ectuner |     INFO -> swcf         | DJF    | NH           | 0.0    |     -0.794 -> [92m    -0.551[0m | IMPROVED
2026-02-25 15:27:15 | ectuner |     INFO -> swcf         | DJF    | SH           | 0.0    |     -3.347 -> [92m    -2.393[0m | IMPROVED
2026-02-25 15:27:15 | ectuner |     INFO -> swcf         | DJF    | Equatorial   | 0.0    |      1.592 -> [91m     2.339[0m | WORSENED
2026-02-25 15:27:15 | ectuner |     INFO -> swcf         | DJF    | North Pole   | 0.0    |     -0.036 -> [91m    -0.052[0m | WORSENED
2026-02-25 15:27:15 | ectuner |     INFO -> swcf         | DJF    | South Pole   | 0.0    |     -7.875 -> [92m    -7.351[0m | IMPROVED
2026-02-25 15:27:15 | ectuner |     INFO -> swcf         | JJA    | Global       | 0.0    |     -1.481 -> [92m    -1.090[0m | IMPROVED
2026-02-25 15:27:15 | ectuner |     INFO -> swcf         | JJA    | Tropical     | 0.0    |      2.087 -> [91m     2.535[0m | WORSENED
2026-02-25 15:27:15 | ectuner |     INFO -> swcf         | JJA    | North Midlat | 0.0    |     -8.382 -> [92m    -7.997[0m | IMPROVED
2026-02-25 15:27:15 | ectuner |     INFO -> swcf         | JJA    | South Midlat | 0.0    |     -1.827 -> [92m    -1.547[0m | IMPROVED
2026-02-25 15:27:15 | ectuner |     INFO -> swcf         | JJA    | NH           | 0.0    |     -5.065 -> [92m    -4.803[0m | IMPROVED
2026-02-25 15:27:15 | ectuner |     INFO -> swcf         | JJA    | SH           | 0.0    |     -2.236 -> [92m    -1.787[0m | IMPROVED
2026-02-25 15:27:15 | ectuner |     INFO -> swcf         | JJA    | Equatorial   | 0.0    |      2.612 -> [91m     3.067[0m | WORSENED
2026-02-25 15:27:15 | ectuner |     INFO -> swcf         | JJA    | North Pole   | 0.0    |    -22.684 -> [92m   -22.488[0m | IMPROVED
2026-02-25 15:27:15 | ectuner |     INFO -> swcf         | JJA    | South Pole   | 0.0    |     -0.973 -> [91m    -0.983[0m | WORSENED
2026-02-25 15:27:15 | ectuner |     INFO -> lwcf         | ALL    | Global       | 0.0    |     -3.771 -> [92m    -3.185[0m | IMPROVED
2026-02-25 15:27:15 | ectuner |     INFO -> lwcf         | ALL    | Tropical     | 0.0    |     -7.269 -> [92m    -6.445[0m | IMPROVED
2026-02-25 15:27:15 | ectuner |     INFO -> lwcf         | ALL    | North Midlat | 0.0    |     -0.135 -> [91m     0.250[0m | WORSENED
2026-02-25 15:27:15 | ectuner |     INFO -> lwcf         | ALL    | South Midlat | 0.0    |     -0.380 -> [92m    -0.074[0m | IMPROVED
2026-02-25 15:27:15 | ectuner |     INFO -> lwcf         | ALL    | NH           | 0.0    |     -1.723 -> [92m    -1.294[0m | IMPROVED
2026-02-25 15:27:15 | ectuner |     INFO -> lwcf         | ALL    | SH           | 0.0    |     -1.782 -> [92m    -1.489[0m | IMPROVED
2026-02-25 15:27:15 | ectuner |     INFO -> lwcf         | ALL    | Equatorial   | 0.0    |     -7.688 -> [92m    -6.678[0m | IMPROVED
2026-02-25 15:27:15 | ectuner |     INFO -> lwcf         | ALL    | North Pole   | 0.0    |      4.974 -> [91m     5.338[0m | WORSENED
2026-02-25 15:27:15 | ectuner |     INFO -> lwcf         | ALL    | South Pole   | 0.0    |      5.359 -> [91m     5.756[0m | WORSENED
2026-02-25 15:27:15 | ectuner |     INFO -> lwcf         | DJF    | Global       | 0.0    |     -4.293 -> [92m    -3.725[0m | IMPROVED
2026-02-25 15:27:15 | ectuner |     INFO -> lwcf         | DJF    | Tropical     | 0.0    |     -7.788 -> [92m    -6.975[0m | IMPROVED
2026-02-25 15:27:15 | ectuner |     INFO -> lwcf         | DJF    | North Midlat | 0.0    |     -0.301 -> [92m     0.118[0m | IMPROVED
2026-02-25 15:27:15 | ectuner |     INFO -> lwcf         | DJF    | South Midlat | 0.0    |     -1.292 -> [92m    -1.070[0m | IMPROVED
2026-02-25 15:27:15 | ectuner |     INFO -> lwcf         | DJF    | NH           | 0.0    |     -1.610 -> [92m    -1.242[0m | IMPROVED
2026-02-25 15:27:15 | ectuner |     INFO -> lwcf         | DJF    | SH           | 0.0    |     -2.632 -> [92m    -2.309[0m | IMPROVED
2026-02-25 15:27:15 | ectuner |     INFO -> lwcf         | DJF    | Equatorial   | 0.0    |     -8.534 -> [92m    -7.549[0m | IMPROVED
2026-02-25 15:27:15 | ectuner |     INFO -> lwcf         | DJF    | North Pole   | 0.0    |      3.289 -> [91m     3.817[0m | WORSENED
2026-02-25 15:27:15 | ectuner |     INFO -> lwcf         | DJF    | South Pole   | 0.0    |      3.881 -> [91m     4.182[0m | WORSENED
2026-02-25 15:27:15 | ectuner |     INFO -> lwcf         | JJA    | Global       | 0.0    |     -3.303 -> [92m    -2.727[0m | IMPROVED
2026-02-25 15:27:15 | ectuner |     INFO -> lwcf         | JJA    | Tropical     | 0.0    |     -6.545 -> [92m    -5.728[0m | IMPROVED
2026-02-25 15:27:15 | ectuner |     INFO -> lwcf         | JJA    | North Midlat | 0.0    |     -0.592 -> [92m    -0.277[0m | IMPROVED
2026-02-25 15:27:15 | ectuner |     INFO -> lwcf         | JJA    | South Midlat | 0.0    |      0.513 -> [91m     0.862[0m | WORSENED
2026-02-25 15:27:15 | ectuner |     INFO -> lwcf         | JJA    | NH           | 0.0    |     -2.331 -> [92m    -1.846[0m | IMPROVED
2026-02-25 15:27:15 | ectuner |     INFO -> lwcf         | JJA    | SH           | 0.0    |     -0.683 -> [92m    -0.448[0m | IMPROVED
2026-02-25 15:27:15 | ectuner |     INFO -> lwcf         | JJA    | Equatorial   | 0.0    |     -6.772 -> [92m    -5.791[0m | IMPROVED
2026-02-25 15:27:15 | ectuner |     INFO -> lwcf         | JJA    | North Pole   | 0.0    |      4.496 -> [91m     4.766[0m | WORSENED
2026-02-25 15:27:15 | ectuner |     INFO -> lwcf         | JJA    | South Pole   | 0.0    |      6.548 -> [91m     6.992[0m | WORSENED
2026-02-25 15:27:15 | ectuner |     INFO -> rsns         | ALL    | Global       | 0.0    |      2.043 -> [91m     2.660[0m | WORSENED
2026-02-25 15:27:15 | ectuner |     INFO -> rlns         | ALL    | Global       | 0.0    |     -1.637 -> [91m    -1.733[0m | WORSENED
2026-02-25 15:27:15 | ectuner |     INFO -> hfss         | ALL    | Global       | 0.0    |      2.856 -> [91m     2.986[0m | WORSENED
2026-02-25 15:27:15 | ectuner |     INFO -> hfls         | ALL    | Global       | 0.0    |     -2.913 -> [92m    -2.305[0m | IMPROVED
2026-02-25 15:27:15 | ectuner |     INFO -> net_sfc      | ALL    | Global       | 0.0    |     -0.104 -> [91m     1.157[0m | WORSENED
2026-02-25 15:27:15 | ectuner |     INFO -> toamsfc      | ALL    | Global       | 0.0    |     -0.290 -> [91m    -0.330[0m | WORSENED
2026-02-25 15:27:15 | ectuner |     INFO -> ==========================================================================================

2026-02-25 15:27:15 | ectuner |     INFO -> Total score before optimization: 13.871368564261847
2026-02-25 15:27:15 | ectuner |     INFO -> Total score after optimization: 7.353082262460505
2026-02-25 15:27:15 | ectuner |     INFO -> Structured tuning YAML written to /home/ecme3038/hpcperm/ecearth/ecearth4/ECtuner/mari/results/tuned_ftv9_test.yaml

Parameters:
-----------
RPRCON : 0.0013874232904822034
ENTRORG : 0.0015704078007439072
DETRPEN : 7.416241320040839e-05
ENTRDD : 0.00030570771328843906
RMFDEPS : 0.29624124945781927
RVICE : 0.12504685267164414
RLCRITSNOW : 2.020820736697996e-05
RSNOWLIN2 : 0.031221882787672607
RCLDIFF : 3.0356345099207256e-06
RCLDIFF_CONVI : 10.151805077352732
RDEPLIQREFRATE : 0.5018151653907339
RDEPLIQREFDEPTH : 499.19794459643055
RCL_OVERLAPLIQICE : 0.1
RCL_INHOMOGAUT : 1.5221758286201486
RCL_INHOMOGACC : 3.1623929348015367
RMINICE : 58.37958166514426

|     Parameter     |     New value |   Old value |       Change |   Relative change |   Min change |   Max change |   Rel. dist. from ref. |
|-------------------+---------------+-------------+--------------+-------------------+--------------+--------------+------------------------|
|      RPRCON       |   0.00138742  |     0.0014  | -1.25767e-05 |       -0.00898336 |     -0.00084 |      0.00084 |            -0.00898336 |
|      ENTRORG      |   0.00157041  |     0.00175 | -0.000179592 |       -0.102624   |     -0.00105 |      0.00105 |            -0.102624   |
|      DETRPEN      |   7.41624e-05 |     7.5e-05 | -8.37587e-07 |       -0.0111678  |     -4.5e-05 |      4.5e-05 |            -0.0111678  |
|      ENTRDD       |   0.000305708 |     0.0003  |  5.70771e-06 |        0.0190257  |     -0.00018 |      0.00018 |             0.0190257  |
|      RMFDEPS      |   0.296241    |     0.3     | -0.00375875  |       -0.0125292  |     -0.18    |      0.18    |            -0.0125292  |
|       RVICE       |   0.125047    |     0.13    | -0.00495315  |       -0.0381011  |     -0.078   |      0.078   |            -0.0381011  |
|    RLCRITSNOW     |   2.02082e-05 |     2e-05   |  2.08207e-07 |        0.0104104  |     -1.2e-05 |      1.2e-05 |             0.0104104  |
|     RSNOWLIN2     |   0.0312219   |     0.03    |  0.00122188  |        0.0407294  |     -0.018   |      0.018   |             0.0407294  |
|      RCLDIFF      |   3.03563e-06 |     3e-06   |  3.56345e-08 |        0.0118782  |     -1.8e-06 |      1.8e-06 |             0.0118782  |
|   RCLDIFF_CONVI   |  10.1518      |    10       |  0.151805    |        0.0151805  |     -6       |      6       |             0.0151805  |
|  RDEPLIQREFRATE   |   0.501815    |     0.5     |  0.00181517  |        0.00363033 |     -0.3     |      0.3     |             0.00363033 |
|  RDEPLIQREFDEPTH  | 499.198       |   500       | -0.802055    |       -0.00160411 |   -300       |    300       |            -0.00160411 |
| RCL_OVERLAPLIQICE |   0.1         |     0.1     |  0           |        0          |      0.1     |      0.1     |            -0.846154   |
|  RCL_INHOMOGAUT   |   1.52218     |     1.5     |  0.0221758   |        0.0147839  |     -0.9     |      0.9     |             0.0147839  |
|  RCL_INHOMOGACC   |   3.16239     |     3       |  0.162393    |        0.054131   |     -1.8     |      1.8     |             0.054131   |
|      RMINICE      |  58.3796      |    60       | -1.62042     |       -0.027007   |    -36       |     36       |            -0.027007   |
