2026-06-05 08:18:34 | ectuner |     INFO -> Loading 2D Data (Sensitivity, Reference, Base)...
   > Loading reference for rlnt from: climate_average_rlnt_CERES EBAF_r180x90_2000-2024.nc
   > Flipping sign for rlnt (Obs is UP, Model is DOWN)
   > Loading reference for rsnt from: climate_average_rsnt_CERES EBAF_r180x90_2000-2024.nc
--- Loading cached base maps for phis ---
2026-06-05 08:18:34 | ectuner |     INFO -> Generating spatial weights (Area * Region)...
2026-06-05 08:18:34 | ectuner |     INFO -> Variable rlnt: Initial Spatial Absolute Cost (L1) (Weighted) = 9.4438
2026-06-05 08:18:34 | ectuner |     INFO -> Variable rsnt: Initial Spatial Absolute Cost (L1) (Weighted) = 7.8074
2026-06-05 08:18:34 | ectuner |     INFO -> Flattening data for fast optimization...
2026-06-05 08:18:35 | ectuner |     INFO -> DEBUG: Global Bias for rlnt in optimizer: 6.9311
2026-06-05 08:18:35 | ectuner |     INFO -> DEBUG: Global Bias for rsnt in optimizer: -1.3053
2026-06-05 08:18:35 | ectuner |     INFO -> Starting 2D Optimization (dual_annealing)...
2026-06-05 08:20:41 | ectuner |     INFO -> Optimization finished. Final Weighted Cost (L1): Spatial=16.2899, Global=1.9515
2026-06-05 08:20:41 | ectuner |     INFO -> 
============================== GLOBAL & SPATIAL COSTS (L1) ===============================
2026-06-05 08:20:41 | ectuner |     INFO -> Variable     | Metric           |            Initial ->              Final | Status
2026-06-05 08:20:41 | ectuner |     INFO -> ------------------------------------------------------------------------------------------
2026-06-05 08:20:41 | ectuner |     INFO -> rlnt         | Global Cost|             6.9311 ->             1.9515 | IMPROVED
2026-06-05 08:20:41 | ectuner |     INFO ->              | Spatial Cost  |             9.4438 ->             7.9662 | IMPROVED
2026-06-05 08:20:41 | ectuner |     INFO -> ------------------------------------------------------------------------------------------
2026-06-05 08:20:41 | ectuner |     INFO -> rsnt         | Global Cost|             1.3053 ->             0.0000 | IMPROVED
2026-06-05 08:20:41 | ectuner |     INFO ->              | Spatial Cost  |             7.8074 ->             8.3237 | WORSENED
2026-06-05 08:20:41 | ectuner |     INFO -> ------------------------------------------------------------------------------------------
2026-06-05 08:20:42 | ectuner |     INFO -> Structured tuning YAML written to ../results/tuned_2d_LR/l1/rsnt_l/alfa_100/tuned_phis_l1_a100.yml

| Parameter         |   New Value |   Old Value |      Change |   Rel. Change |   Dist. from Ref. |
|-------------------+-------------+-------------+-------------+---------------+-------------------|
| RPRCON            |  1.6785e-03 |  1.4000e-03 |  2.7853e-04 |    1.9895e-01 |        1.9895e-01 |
| ENTRORG           |  2.0410e-03 |  1.7500e-03 |  2.9099e-04 |    1.6628e-01 |        1.6628e-01 |
| DETRPEN           |  6.0306e-05 |  7.5000e-05 | -1.4694e-05 |   -1.9592e-01 |       -1.9592e-01 |
| ENTRDD            |  2.4012e-04 |  3.0000e-04 | -5.9880e-05 |   -1.9960e-01 |       -1.9960e-01 |
| RMFDEPS           |  2.6453e-01 |  3.0000e-01 | -3.5469e-02 |   -1.1823e-01 |       -1.1823e-01 |
| RVICE             |  1.5591e-01 |  1.3000e-01 |  2.5911e-02 |    1.9931e-01 |        1.9931e-01 |
| RLCRITSNOW        |  1.6010e-05 |  2.0000e-05 | -3.9902e-06 |   -1.9951e-01 |       -1.9951e-01 |
| RSNOWLIN2         |  2.4022e-02 |  3.0000e-02 | -5.9784e-03 |   -1.9928e-01 |       -1.9928e-01 |
| RCLDIFF           |  4.9430e-06 |  6.0000e-06 | -1.0570e-06 |   -1.7616e-01 |       -1.7616e-01 |
| RCLDIFF_CONVI     |  8.1027e+00 |  1.0000e+01 | -1.8973e+00 |   -1.8973e-01 |       -1.8973e-01 |
| RDEPLIQREFRATE    |  4.0952e-01 |  5.0000e-01 | -9.0484e-02 |   -1.8097e-01 |       -1.8097e-01 |
| RDEPLIQREFDEPTH   |  4.0013e+02 |  5.0000e+02 | -9.9872e+01 |   -1.9974e-01 |       -1.9974e-01 |
| RCL_OVERLAPLIQICE |  5.8829e-01 |  6.5000e-01 | -6.1707e-02 |   -9.4934e-02 |       -9.4934e-02 |
| RCL_INHOMOGAUT    |  1.2125e+00 |  1.5000e+00 | -2.8750e-01 |   -1.9166e-01 |       -1.9166e-01 |
| RCL_INHOMOGACC    |  2.5502e+00 |  3.0000e+00 | -4.4982e-01 |   -1.4994e-01 |       -1.4994e-01 |
| RMINICE           |  7.2000e+01 |  6.0000e+01 |  1.2000e+01 |    2.0000e-01 |        2.0000e-01 |
2026-06-05 08:20:42 | ectuner |     INFO -> Diagnostic maps saved to ../results/tuned_2d_LR/l1/rsnt_l/alfa_100/diagnostics_2d_phis_Global_a10.nc
Copia del file YAML inviata a ../results/tuned_2d_LR/l1/rsnt_l/yaml_files
