2026-06-05 08:18:13 | ectuner |     INFO -> Loading 2D Data (Sensitivity, Reference, Base)...
   > Loading reference for rlnt from: climate_average_rlnt_CERES EBAF_r180x90_2000-2024.nc
   > Flipping sign for rlnt (Obs is UP, Model is DOWN)
   > Loading reference for rsnt from: climate_average_rsnt_CERES EBAF_r180x90_2000-2024.nc
--- Loading cached base maps for phis ---
2026-06-05 08:18:14 | ectuner |     INFO -> Generating spatial weights (Area * Region)...
2026-06-05 08:18:14 | ectuner |     INFO -> Variable rlnt: Initial Spatial Absolute Cost (L1) (Weighted) = 9.4438
2026-06-05 08:18:14 | ectuner |     INFO -> Variable rsnt: Initial Spatial Absolute Cost (L1) (Weighted) = 7.8074
2026-06-05 08:18:14 | ectuner |     INFO -> Flattening data for fast optimization...
2026-06-05 08:18:14 | ectuner |     INFO -> DEBUG: Global Bias for rlnt in optimizer: 6.9311
2026-06-05 08:18:14 | ectuner |     INFO -> DEBUG: Global Bias for rsnt in optimizer: -1.3053
2026-06-05 08:18:14 | ectuner |     INFO -> Starting 2D Optimization (dual_annealing)...
2026-06-05 08:22:21 | ectuner |     INFO -> Optimization finished. Final Weighted Cost (L1): Spatial=15.1025, Global=2.7378
2026-06-05 08:22:21 | ectuner |     INFO -> 
============================== GLOBAL & SPATIAL COSTS (L1) ===============================
2026-06-05 08:22:21 | ectuner |     INFO -> Variable     | Metric           |            Initial ->              Final | Status
2026-06-05 08:22:21 | ectuner |     INFO -> ------------------------------------------------------------------------------------------
2026-06-05 08:22:22 | ectuner |     INFO -> rlnt         | Global Cost|             6.9311 ->             2.7378 | IMPROVED
2026-06-05 08:22:22 | ectuner |     INFO ->              | Spatial Cost  |             9.4438 ->             7.2797 | IMPROVED
2026-06-05 08:22:22 | ectuner |     INFO -> ------------------------------------------------------------------------------------------
2026-06-05 08:22:22 | ectuner |     INFO -> rsnt         | Global Cost|             1.3053 ->             0.0000 | IMPROVED
2026-06-05 08:22:22 | ectuner |     INFO ->              | Spatial Cost  |             7.8074 ->             7.8228 | WORSENED
2026-06-05 08:22:22 | ectuner |     INFO -> ------------------------------------------------------------------------------------------
2026-06-05 08:22:22 | ectuner |     INFO -> Structured tuning YAML written to ../results/tuned_2d_LR/l1/rsnt_l/alfa_030/tuned_phis_l1_a030.yml

| Parameter         |   New Value |   Old Value |      Change |   Rel. Change |   Dist. from Ref. |
|-------------------+-------------+-------------+-------------+---------------+-------------------|
| RPRCON            |  1.6771e-03 |  1.4000e-03 |  2.7709e-04 |    1.9792e-01 |        1.9792e-01 |
| ENTRORG           |  1.7098e-03 |  1.7500e-03 | -4.0217e-05 |   -2.2981e-02 |       -2.2981e-02 |
| DETRPEN           |  8.9952e-05 |  7.5000e-05 |  1.4952e-05 |    1.9936e-01 |        1.9936e-01 |
| ENTRDD            |  2.4074e-04 |  3.0000e-04 | -5.9260e-05 |   -1.9753e-01 |       -1.9753e-01 |
| RMFDEPS           |  3.5990e-01 |  3.0000e-01 |  5.9900e-02 |    1.9967e-01 |        1.9967e-01 |
| RVICE             |  1.5600e-01 |  1.3000e-01 |  2.5995e-02 |    1.9997e-01 |        1.9997e-01 |
| RLCRITSNOW        |  1.6002e-05 |  2.0000e-05 | -3.9983e-06 |   -1.9991e-01 |       -1.9991e-01 |
| RSNOWLIN2         |  2.4005e-02 |  3.0000e-02 | -5.9954e-03 |   -1.9985e-01 |       -1.9985e-01 |
| RCLDIFF           |  4.8000e-06 |  6.0000e-06 | -1.2000e-06 |   -2.0000e-01 |       -2.0000e-01 |
| RCLDIFF_CONVI     |  8.1358e+00 |  1.0000e+01 | -1.8642e+00 |   -1.8642e-01 |       -1.8642e-01 |
| RDEPLIQREFRATE    |  5.9957e-01 |  5.0000e-01 |  9.9574e-02 |    1.9915e-01 |        1.9915e-01 |
| RDEPLIQREFDEPTH   |  4.5704e+02 |  5.0000e+02 | -4.2955e+01 |   -8.5910e-02 |       -8.5910e-02 |
| RCL_OVERLAPLIQICE |  7.0619e-01 |  6.5000e-01 |  5.6187e-02 |    8.6441e-02 |        8.6441e-02 |
| RCL_INHOMOGAUT    |  1.2005e+00 |  1.5000e+00 | -2.9953e-01 |   -1.9969e-01 |       -1.9969e-01 |
| RCL_INHOMOGACC    |  2.4083e+00 |  3.0000e+00 | -5.9166e-01 |   -1.9722e-01 |       -1.9722e-01 |
| RMINICE           |  7.1997e+01 |  6.0000e+01 |  1.1997e+01 |    1.9995e-01 |        1.9995e-01 |
2026-06-05 08:22:22 | ectuner |     INFO -> Diagnostic maps saved to ../results/tuned_2d_LR/l1/rsnt_l/alfa_030/diagnostics_2d_phis_Global_a03.nc
Copia del file YAML inviata a ../results/tuned_2d_LR/l1/rsnt_l/yaml_files
