2026-06-05 08:18:12 | ectuner |     INFO -> Loading 2D Data (Sensitivity, Reference, Base)...
   > Loading reference for rlnt from: climate_average_rlnt_CERES EBAF_r180x90_2000-2024.nc
   > Flipping sign for rlnt (Obs is UP, Model is DOWN)
   > Loading reference for rsnt from: climate_average_rsnt_CERES EBAF_r180x90_2000-2024.nc
--- Loading cached base maps for phis ---
2026-06-05 08:18:13 | ectuner |     INFO -> Generating spatial weights (Area * Region)...
2026-06-05 08:18:13 | ectuner |     INFO -> Variable rlnt: Initial Spatial Absolute Cost (L1) (Weighted) = 9.4438
2026-06-05 08:18:13 | ectuner |     INFO -> Variable rsnt: Initial Spatial Absolute Cost (L1) (Weighted) = 7.8074
2026-06-05 08:18:13 | ectuner |     INFO -> Flattening data for fast optimization...
2026-06-05 08:18:14 | ectuner |     INFO -> DEBUG: Global Bias for rlnt in optimizer: 6.9311
2026-06-05 08:18:14 | ectuner |     INFO -> DEBUG: Global Bias for rsnt in optimizer: -1.3053
2026-06-05 08:18:14 | ectuner |     INFO -> Starting 2D Optimization (dual_annealing)...
2026-06-05 08:20:28 | ectuner |     INFO -> Optimization finished. Final Weighted Cost (L1): Spatial=15.3991, Global=2.3941
2026-06-05 08:20:28 | ectuner |     INFO -> 
============================== GLOBAL & SPATIAL COSTS (L1) ===============================
2026-06-05 08:20:28 | ectuner |     INFO -> Variable     | Metric           |            Initial ->              Final | Status
2026-06-05 08:20:28 | ectuner |     INFO -> ------------------------------------------------------------------------------------------
2026-06-05 08:20:28 | ectuner |     INFO -> rlnt         | Global Cost|             6.9311 ->             2.3941 | IMPROVED
2026-06-05 08:20:28 | ectuner |     INFO ->              | Spatial Cost  |             9.4438 ->             7.4564 | IMPROVED
2026-06-05 08:20:28 | ectuner |     INFO -> ------------------------------------------------------------------------------------------
2026-06-05 08:20:28 | ectuner |     INFO -> rsnt         | Global Cost|             1.3053 ->             0.0000 | IMPROVED
2026-06-05 08:20:28 | ectuner |     INFO ->              | Spatial Cost  |             7.8074 ->             7.9427 | WORSENED
2026-06-05 08:20:28 | ectuner |     INFO -> ------------------------------------------------------------------------------------------
2026-06-05 08:20:28 | ectuner |     INFO -> Structured tuning YAML written to ../results/tuned_2d_LR/l1/rsnt_l/alfa_040/tuned_phis_l1_a040.yml

| Parameter         |   New Value |   Old Value |      Change |   Rel. Change |   Dist. from Ref. |
|-------------------+-------------+-------------+-------------+---------------+-------------------|
| RPRCON            |  1.6795e-03 |  1.4000e-03 |  2.7953e-04 |    1.9966e-01 |        1.9966e-01 |
| ENTRORG           |  1.9394e-03 |  1.7500e-03 |  1.8939e-04 |    1.0822e-01 |        1.0822e-01 |
| DETRPEN           |  8.9959e-05 |  7.5000e-05 |  1.4959e-05 |    1.9946e-01 |        1.9946e-01 |
| ENTRDD            |  2.4008e-04 |  3.0000e-04 | -5.9920e-05 |   -1.9973e-01 |       -1.9973e-01 |
| RMFDEPS           |  3.4659e-01 |  3.0000e-01 |  4.6594e-02 |    1.5531e-01 |        1.5531e-01 |
| RVICE             |  1.5595e-01 |  1.3000e-01 |  2.5947e-02 |    1.9959e-01 |        1.9959e-01 |
| RLCRITSNOW        |  1.6009e-05 |  2.0000e-05 | -3.9907e-06 |   -1.9954e-01 |       -1.9954e-01 |
| RSNOWLIN2         |  2.4003e-02 |  3.0000e-02 | -5.9970e-03 |   -1.9990e-01 |       -1.9990e-01 |
| RCLDIFF           |  4.8003e-06 |  6.0000e-06 | -1.1997e-06 |   -1.9995e-01 |       -1.9995e-01 |
| RCLDIFF_CONVI     |  8.1586e+00 |  1.0000e+01 | -1.8414e+00 |   -1.8414e-01 |       -1.8414e-01 |
| RDEPLIQREFRATE    |  5.9934e-01 |  5.0000e-01 |  9.9343e-02 |    1.9869e-01 |        1.9869e-01 |
| RDEPLIQREFDEPTH   |  4.6036e+02 |  5.0000e+02 | -3.9643e+01 |   -7.9286e-02 |       -7.9286e-02 |
| RCL_OVERLAPLIQICE |  7.3294e-01 |  6.5000e-01 |  8.2939e-02 |    1.2760e-01 |        1.2760e-01 |
| RCL_INHOMOGAUT    |  1.2770e+00 |  1.5000e+00 | -2.2298e-01 |   -1.4865e-01 |       -1.4865e-01 |
| RCL_INHOMOGACC    |  2.6849e+00 |  3.0000e+00 | -3.1505e-01 |   -1.0502e-01 |       -1.0502e-01 |
| RMINICE           |  7.2000e+01 |  6.0000e+01 |  1.2000e+01 |    2.0000e-01 |        2.0000e-01 |
2026-06-05 08:20:29 | ectuner |     INFO -> Diagnostic maps saved to ../results/tuned_2d_LR/l1/rsnt_l/alfa_040/diagnostics_2d_phis_Global_a04.nc
Copia del file YAML inviata a ../results/tuned_2d_LR/l1/rsnt_l/yaml_files
