2026-06-05 08:18:13 | ectuner |     INFO -> Loading 2D Data (Sensitivity, Reference, Base)...
   > Loading reference for rlnt from: climate_average_rlnt_CERES EBAF_r180x90_2000-2024.nc
   > Flipping sign for rlnt (Obs is UP, Model is DOWN)
   > Loading reference for rsnt from: climate_average_rsnt_CERES EBAF_r180x90_2000-2024.nc
--- Loading cached base maps for phis ---
2026-06-05 08:18:13 | ectuner |     INFO -> Generating spatial weights (Area * Region)...
2026-06-05 08:18:13 | ectuner |     INFO -> Variable rlnt: Initial Spatial Absolute Cost (L1) (Weighted) = 9.4438
2026-06-05 08:18:13 | ectuner |     INFO -> Variable rsnt: Initial Spatial Absolute Cost (L1) (Weighted) = 7.8074
2026-06-05 08:18:13 | ectuner |     INFO -> Flattening data for fast optimization...
2026-06-05 08:18:14 | ectuner |     INFO -> DEBUG: Global Bias for rlnt in optimizer: 6.9311
2026-06-05 08:18:14 | ectuner |     INFO -> DEBUG: Global Bias for rsnt in optimizer: -1.3053
2026-06-05 08:18:14 | ectuner |     INFO -> Starting 2D Optimization (dual_annealing)...
2026-06-05 08:20:42 | ectuner |     INFO -> Optimization finished. Final Weighted Cost (L1): Spatial=15.6141, Global=2.2271
2026-06-05 08:20:42 | ectuner |     INFO -> 
============================== GLOBAL & SPATIAL COSTS (L1) ===============================
2026-06-05 08:20:42 | ectuner |     INFO -> Variable     | Metric           |            Initial ->              Final | Status
2026-06-05 08:20:42 | ectuner |     INFO -> ------------------------------------------------------------------------------------------
2026-06-05 08:20:42 | ectuner |     INFO -> rlnt         | Global Cost|             6.9311 ->             2.2271 | IMPROVED
2026-06-05 08:20:42 | ectuner |     INFO ->              | Spatial Cost  |             9.4438 ->             7.6311 | IMPROVED
2026-06-05 08:20:42 | ectuner |     INFO -> ------------------------------------------------------------------------------------------
2026-06-05 08:20:42 | ectuner |     INFO -> rsnt         | Global Cost|             1.3053 ->             0.0000 | IMPROVED
2026-06-05 08:20:42 | ectuner |     INFO ->              | Spatial Cost  |             7.8074 ->             7.9830 | WORSENED
2026-06-05 08:20:42 | ectuner |     INFO -> ------------------------------------------------------------------------------------------
2026-06-05 08:20:42 | ectuner |     INFO -> Structured tuning YAML written to ../results/tuned_2d_LR/l1/rsnt_l/alfa_050/tuned_phis_l1_a050.yml

| Parameter         |   New Value |   Old Value |      Change |   Rel. Change |   Dist. from Ref. |
|-------------------+-------------+-------------+-------------+---------------+-------------------|
| RPRCON            |  1.6786e-03 |  1.4000e-03 |  2.7855e-04 |    1.9897e-01 |        1.9897e-01 |
| ENTRORG           |  2.0547e-03 |  1.7500e-03 |  3.0474e-04 |    1.7414e-01 |        1.7414e-01 |
| DETRPEN           |  8.5270e-05 |  7.5000e-05 |  1.0270e-05 |    1.3694e-01 |        1.3694e-01 |
| ENTRDD            |  2.4056e-04 |  3.0000e-04 | -5.9442e-05 |   -1.9814e-01 |       -1.9814e-01 |
| RMFDEPS           |  3.4907e-01 |  3.0000e-01 |  4.9066e-02 |    1.6355e-01 |        1.6355e-01 |
| RVICE             |  1.5597e-01 |  1.3000e-01 |  2.5970e-02 |    1.9977e-01 |        1.9977e-01 |
| RLCRITSNOW        |  1.6000e-05 |  2.0000e-05 | -4.0000e-06 |   -2.0000e-01 |       -2.0000e-01 |
| RSNOWLIN2         |  2.4003e-02 |  3.0000e-02 | -5.9971e-03 |   -1.9990e-01 |       -1.9990e-01 |
| RCLDIFF           |  5.2228e-06 |  6.0000e-06 | -7.7719e-07 |   -1.2953e-01 |       -1.2953e-01 |
| RCLDIFF_CONVI     |  8.3283e+00 |  1.0000e+01 | -1.6717e+00 |   -1.6717e-01 |       -1.6717e-01 |
| RDEPLIQREFRATE    |  5.9090e-01 |  5.0000e-01 |  9.0899e-02 |    1.8180e-01 |        1.8180e-01 |
| RDEPLIQREFDEPTH   |  4.6235e+02 |  5.0000e+02 | -3.7655e+01 |   -7.5309e-02 |       -7.5309e-02 |
| RCL_OVERLAPLIQICE |  6.1330e-01 |  6.5000e-01 | -3.6699e-02 |   -5.6460e-02 |       -5.6460e-02 |
| RCL_INHOMOGAUT    |  1.2168e+00 |  1.5000e+00 | -2.8320e-01 |   -1.8880e-01 |       -1.8880e-01 |
| RCL_INHOMOGACC    |  2.8914e+00 |  3.0000e+00 | -1.0857e-01 |   -3.6191e-02 |       -3.6191e-02 |
| RMINICE           |  7.1997e+01 |  6.0000e+01 |  1.1997e+01 |    1.9995e-01 |        1.9995e-01 |
2026-06-05 08:20:42 | ectuner |     INFO -> Diagnostic maps saved to ../results/tuned_2d_LR/l1/rsnt_l/alfa_050/diagnostics_2d_phis_Global_a05.nc
Copia del file YAML inviata a ../results/tuned_2d_LR/l1/rsnt_l/yaml_files
