2026-06-05 08:18:13 | ectuner |     INFO -> Loading 2D Data (Sensitivity, Reference, Base)...
   > Loading reference for rlnt from: climate_average_rlnt_CERES EBAF_r180x90_2000-2024.nc
   > Flipping sign for rlnt (Obs is UP, Model is DOWN)
   > Loading reference for rsnt from: climate_average_rsnt_CERES EBAF_r180x90_2000-2024.nc
--- Loading cached base maps for phis ---
2026-06-05 08:18:14 | ectuner |     INFO -> Generating spatial weights (Area * Region)...
2026-06-05 08:18:14 | ectuner |     INFO -> Variable rlnt: Initial Spatial Absolute Cost (L1) (Weighted) = 9.4438
2026-06-05 08:18:14 | ectuner |     INFO -> Variable rsnt: Initial Spatial Absolute Cost (L1) (Weighted) = 7.8074
2026-06-05 08:18:14 | ectuner |     INFO -> Flattening data for fast optimization...
2026-06-05 08:18:14 | ectuner |     INFO -> DEBUG: Global Bias for rlnt in optimizer: 6.9311
2026-06-05 08:18:14 | ectuner |     INFO -> DEBUG: Global Bias for rsnt in optimizer: -1.3053
2026-06-05 08:18:14 | ectuner |     INFO -> Starting 2D Optimization (dual_annealing)...
2026-06-05 08:25:31 | ectuner |     INFO -> Optimization finished. Final Weighted Cost (L1): Spatial=14.9187, Global=3.3134
2026-06-05 08:25:31 | ectuner |     INFO -> 
============================== GLOBAL & SPATIAL COSTS (L1) ===============================
2026-06-05 08:25:31 | ectuner |     INFO -> Variable     | Metric           |            Initial ->              Final | Status
2026-06-05 08:25:31 | ectuner |     INFO -> ------------------------------------------------------------------------------------------
2026-06-05 08:25:31 | ectuner |     INFO -> rlnt         | Global Cost|             6.9311 ->             2.9119 | IMPROVED
2026-06-05 08:25:31 | ectuner |     INFO ->              | Spatial Cost  |             9.4438 ->             7.2248 | IMPROVED
2026-06-05 08:25:31 | ectuner |     INFO -> ------------------------------------------------------------------------------------------
2026-06-05 08:25:32 | ectuner |     INFO -> rsnt         | Global Cost|             1.3053 ->             0.4016 | IMPROVED
2026-06-05 08:25:32 | ectuner |     INFO ->              | Spatial Cost  |             7.8074 ->             7.6939 | IMPROVED
2026-06-05 08:25:32 | ectuner |     INFO -> ------------------------------------------------------------------------------------------
2026-06-05 08:25:32 | ectuner |     INFO -> Structured tuning YAML written to ../results/tuned_2d_LR/l1/rsnt_l/alfa_020/tuned_phis_l1_a020.yml

| Parameter         |   New Value |   Old Value |      Change |   Rel. Change |   Dist. from Ref. |
|-------------------+-------------+-------------+-------------+---------------+-------------------|
| RPRCON            |  1.6672e-03 |  1.4000e-03 |  2.6722e-04 |    1.9087e-01 |        1.9087e-01 |
| ENTRORG           |  1.5803e-03 |  1.7500e-03 | -1.6970e-04 |   -9.6973e-02 |       -9.6973e-02 |
| DETRPEN           |  8.9989e-05 |  7.5000e-05 |  1.4989e-05 |    1.9985e-01 |        1.9985e-01 |
| ENTRDD            |  2.4007e-04 |  3.0000e-04 | -5.9934e-05 |   -1.9978e-01 |       -1.9978e-01 |
| RMFDEPS           |  3.5994e-01 |  3.0000e-01 |  5.9938e-02 |    1.9979e-01 |        1.9979e-01 |
| RVICE             |  1.5595e-01 |  1.3000e-01 |  2.5952e-02 |    1.9963e-01 |        1.9963e-01 |
| RLCRITSNOW        |  1.6018e-05 |  2.0000e-05 | -3.9821e-06 |   -1.9911e-01 |       -1.9911e-01 |
| RSNOWLIN2         |  2.4011e-02 |  3.0000e-02 | -5.9885e-03 |   -1.9962e-01 |       -1.9962e-01 |
| RCLDIFF           |  4.8018e-06 |  6.0000e-06 | -1.1982e-06 |   -1.9970e-01 |       -1.9970e-01 |
| RCLDIFF_CONVI     |  8.8426e+00 |  1.0000e+01 | -1.1574e+00 |   -1.1574e-01 |       -1.1574e-01 |
| RDEPLIQREFRATE    |  5.9947e-01 |  5.0000e-01 |  9.9467e-02 |    1.9893e-01 |        1.9893e-01 |
| RDEPLIQREFDEPTH   |  4.7088e+02 |  5.0000e+02 | -2.9121e+01 |   -5.8242e-02 |       -5.8242e-02 |
| RCL_OVERLAPLIQICE |  6.7160e-01 |  6.5000e-01 |  2.1603e-02 |    3.3236e-02 |        3.3236e-02 |
| RCL_INHOMOGAUT    |  1.2002e+00 |  1.5000e+00 | -2.9983e-01 |   -1.9988e-01 |       -1.9988e-01 |
| RCL_INHOMOGACC    |  2.4002e+00 |  3.0000e+00 | -5.9984e-01 |   -1.9995e-01 |       -1.9995e-01 |
| RMINICE           |  7.1998e+01 |  6.0000e+01 |  1.1998e+01 |    1.9997e-01 |        1.9997e-01 |
2026-06-05 08:25:32 | ectuner |     INFO -> Diagnostic maps saved to ../results/tuned_2d_LR/l1/rsnt_l/alfa_020/diagnostics_2d_phis_Global_a02.nc
Copia del file YAML inviata a ../results/tuned_2d_LR/l1/rsnt_l/yaml_files
