2026-06-05 08:18:29 | ectuner |     INFO -> Loading 2D Data (Sensitivity, Reference, Base)...
   > Loading reference for rlnt from: climate_average_rlnt_CERES EBAF_r180x90_2000-2024.nc
   > Flipping sign for rlnt (Obs is UP, Model is DOWN)
   > Loading reference for rsnt from: climate_average_rsnt_CERES EBAF_r180x90_2000-2024.nc
--- Loading cached base maps for phis ---
2026-06-05 08:18:30 | ectuner |     INFO -> Generating spatial weights (Area * Region)...
2026-06-05 08:18:30 | ectuner |     INFO -> Variable rlnt: Initial Spatial Absolute Cost (L1) (Weighted) = 9.4438
2026-06-05 08:18:30 | ectuner |     INFO -> Variable rsnt: Initial Spatial Absolute Cost (L1) (Weighted) = 7.8074
2026-06-05 08:18:30 | ectuner |     INFO -> Flattening data for fast optimization...
2026-06-05 08:18:30 | ectuner |     INFO -> DEBUG: Global Bias for rlnt in optimizer: 6.9311
2026-06-05 08:18:30 | ectuner |     INFO -> DEBUG: Global Bias for rsnt in optimizer: -1.3053
2026-06-05 08:18:30 | ectuner |     INFO -> Starting 2D Optimization (dual_annealing)...
2026-06-05 08:20:36 | ectuner |     INFO -> Optimization finished. Final Weighted Cost (L1): Spatial=16.0817, Global=2.0581
2026-06-05 08:20:36 | ectuner |     INFO -> 
============================== GLOBAL & SPATIAL COSTS (L1) ===============================
2026-06-05 08:20:36 | ectuner |     INFO -> Variable     | Metric           |            Initial ->              Final | Status
2026-06-05 08:20:36 | ectuner |     INFO -> ------------------------------------------------------------------------------------------
2026-06-05 08:20:36 | ectuner |     INFO -> rlnt         | Global Cost|             6.9311 ->             2.0581 | IMPROVED
2026-06-05 08:20:36 | ectuner |     INFO ->              | Spatial Cost  |             9.4438 ->             7.8870 | IMPROVED
2026-06-05 08:20:36 | ectuner |     INFO -> ------------------------------------------------------------------------------------------
2026-06-05 08:20:36 | ectuner |     INFO -> rsnt         | Global Cost|             1.3053 ->             0.0000 | IMPROVED
2026-06-05 08:20:36 | ectuner |     INFO ->              | Spatial Cost  |             7.8074 ->             8.1947 | WORSENED
2026-06-05 08:20:36 | ectuner |     INFO -> ------------------------------------------------------------------------------------------
2026-06-05 08:20:36 | ectuner |     INFO -> Structured tuning YAML written to ../results/tuned_2d_LR/l1/rsnt_l/alfa_095/tuned_phis_l1_a095.yml

| Parameter         |   New Value |   Old Value |      Change |   Rel. Change |   Dist. from Ref. |
|-------------------+-------------+-------------+-------------+---------------+-------------------|
| RPRCON            |  1.6793e-03 |  1.4000e-03 |  2.7925e-04 |    1.9947e-01 |        1.9947e-01 |
| ENTRORG           |  2.0554e-03 |  1.7500e-03 |  3.0540e-04 |    1.7451e-01 |        1.7451e-01 |
| DETRPEN           |  7.0919e-05 |  7.5000e-05 | -4.0811e-06 |   -5.4414e-02 |       -5.4414e-02 |
| ENTRDD            |  2.5711e-04 |  3.0000e-04 | -4.2888e-05 |   -1.4296e-01 |       -1.4296e-01 |
| RMFDEPS           |  2.8986e-01 |  3.0000e-01 | -1.0140e-02 |   -3.3799e-02 |       -3.3799e-02 |
| RVICE             |  1.5599e-01 |  1.3000e-01 |  2.5987e-02 |    1.9990e-01 |        1.9990e-01 |
| RLCRITSNOW        |  1.6021e-05 |  2.0000e-05 | -3.9791e-06 |   -1.9896e-01 |       -1.9896e-01 |
| RSNOWLIN2         |  2.4001e-02 |  3.0000e-02 | -5.9995e-03 |   -1.9998e-01 |       -1.9998e-01 |
| RCLDIFF           |  4.8000e-06 |  6.0000e-06 | -1.2000e-06 |   -2.0000e-01 |       -2.0000e-01 |
| RCLDIFF_CONVI     |  8.0155e+00 |  1.0000e+01 | -1.9845e+00 |   -1.9845e-01 |       -1.9845e-01 |
| RDEPLIQREFRATE    |  4.3476e-01 |  5.0000e-01 | -6.5241e-02 |   -1.3048e-01 |       -1.3048e-01 |
| RDEPLIQREFDEPTH   |  4.0013e+02 |  5.0000e+02 | -9.9874e+01 |   -1.9975e-01 |       -1.9975e-01 |
| RCL_OVERLAPLIQICE |  5.5364e-01 |  6.5000e-01 | -9.6358e-02 |   -1.4824e-01 |       -1.4824e-01 |
| RCL_INHOMOGAUT    |  1.4047e+00 |  1.5000e+00 | -9.5275e-02 |   -6.3517e-02 |       -6.3517e-02 |
| RCL_INHOMOGACC    |  2.6569e+00 |  3.0000e+00 | -3.4311e-01 |   -1.1437e-01 |       -1.1437e-01 |
| RMINICE           |  7.2000e+01 |  6.0000e+01 |  1.2000e+01 |    1.9999e-01 |        1.9999e-01 |
2026-06-05 08:20:36 | ectuner |     INFO -> Diagnostic maps saved to ../results/tuned_2d_LR/l1/rsnt_l/alfa_095/diagnostics_2d_phis_Global_a095.nc
Copia del file YAML inviata a ../results/tuned_2d_LR/l1/rsnt_l/yaml_files
