2026-06-05 08:18:30 | ectuner |     INFO -> Loading 2D Data (Sensitivity, Reference, Base)...
   > Loading reference for rlnt from: climate_average_rlnt_CERES EBAF_r180x90_2000-2024.nc
   > Flipping sign for rlnt (Obs is UP, Model is DOWN)
   > Loading reference for rsnt from: climate_average_rsnt_CERES EBAF_r180x90_2000-2024.nc
--- Loading cached base maps for phis ---
2026-06-05 08:18:31 | ectuner |     INFO -> Generating spatial weights (Area * Region)...
2026-06-05 08:18:31 | ectuner |     INFO -> Variable rlnt: Initial Spatial Absolute Cost (L1) (Weighted) = 9.4438
2026-06-05 08:18:31 | ectuner |     INFO -> Variable rsnt: Initial Spatial Absolute Cost (L1) (Weighted) = 7.8074
2026-06-05 08:18:31 | ectuner |     INFO -> Flattening data for fast optimization...
2026-06-05 08:18:31 | ectuner |     INFO -> DEBUG: Global Bias for rlnt in optimizer: 6.9311
2026-06-05 08:18:31 | ectuner |     INFO -> DEBUG: Global Bias for rsnt in optimizer: -1.3053
2026-06-05 08:18:31 | ectuner |     INFO -> Starting 2D Optimization (dual_annealing)...
2026-06-05 08:20:29 | ectuner |     INFO -> Optimization finished. Final Weighted Cost (L1): Spatial=16.1382, Global=1.9628
2026-06-05 08:20:29 | ectuner |     INFO -> 
============================== GLOBAL & SPATIAL COSTS (L1) ===============================
2026-06-05 08:20:29 | ectuner |     INFO -> Variable     | Metric           |            Initial ->              Final | Status
2026-06-05 08:20:29 | ectuner |     INFO -> ------------------------------------------------------------------------------------------
2026-06-05 08:20:29 | ectuner |     INFO -> rlnt         | Global Cost|             6.9311 ->             1.9628 | IMPROVED
2026-06-05 08:20:29 | ectuner |     INFO ->              | Spatial Cost  |             9.4438 ->             7.9051 | IMPROVED
2026-06-05 08:20:29 | ectuner |     INFO -> ------------------------------------------------------------------------------------------
2026-06-05 08:20:29 | ectuner |     INFO -> rsnt         | Global Cost|             1.3053 ->             0.0000 | IMPROVED
2026-06-05 08:20:29 | ectuner |     INFO ->              | Spatial Cost  |             7.8074 ->             8.2331 | WORSENED
2026-06-05 08:20:29 | ectuner |     INFO -> ------------------------------------------------------------------------------------------
2026-06-05 08:20:30 | ectuner |     INFO -> Structured tuning YAML written to ../results/tuned_2d_LR/l1/rsnt_l/alfa_099/tuned_phis_l1_a099.yml

| Parameter         |   New Value |   Old Value |      Change |   Rel. Change |   Dist. from Ref. |
|-------------------+-------------+-------------+-------------+---------------+-------------------|
| RPRCON            |  1.6793e-03 |  1.4000e-03 |  2.7930e-04 |    1.9950e-01 |        1.9950e-01 |
| ENTRORG           |  2.0984e-03 |  1.7500e-03 |  3.4836e-04 |    1.9906e-01 |        1.9906e-01 |
| DETRPEN           |  6.1348e-05 |  7.5000e-05 | -1.3652e-05 |   -1.8203e-01 |       -1.8203e-01 |
| ENTRDD            |  2.4456e-04 |  3.0000e-04 | -5.5441e-05 |   -1.8480e-01 |       -1.8480e-01 |
| RMFDEPS           |  3.1533e-01 |  3.0000e-01 |  1.5326e-02 |    5.1085e-02 |        5.1085e-02 |
| RVICE             |  1.5590e-01 |  1.3000e-01 |  2.5900e-02 |    1.9923e-01 |        1.9923e-01 |
| RLCRITSNOW        |  1.6007e-05 |  2.0000e-05 | -3.9932e-06 |   -1.9966e-01 |       -1.9966e-01 |
| RSNOWLIN2         |  2.4001e-02 |  3.0000e-02 | -5.9992e-03 |   -1.9997e-01 |       -1.9997e-01 |
| RCLDIFF           |  4.8009e-06 |  6.0000e-06 | -1.1991e-06 |   -1.9985e-01 |       -1.9985e-01 |
| RCLDIFF_CONVI     |  8.1155e+00 |  1.0000e+01 | -1.8845e+00 |   -1.8845e-01 |       -1.8845e-01 |
| RDEPLIQREFRATE    |  4.3304e-01 |  5.0000e-01 | -6.6959e-02 |   -1.3392e-01 |       -1.3392e-01 |
| RDEPLIQREFDEPTH   |  4.0004e+02 |  5.0000e+02 | -9.9956e+01 |   -1.9991e-01 |       -1.9991e-01 |
| RCL_OVERLAPLIQICE |  5.6783e-01 |  6.5000e-01 | -8.2169e-02 |   -1.2641e-01 |       -1.2641e-01 |
| RCL_INHOMOGAUT    |  1.2484e+00 |  1.5000e+00 | -2.5160e-01 |   -1.6773e-01 |       -1.6773e-01 |
| RCL_INHOMOGACC    |  2.7927e+00 |  3.0000e+00 | -2.0733e-01 |   -6.9109e-02 |       -6.9109e-02 |
| RMINICE           |  7.2000e+01 |  6.0000e+01 |  1.2000e+01 |    2.0000e-01 |        2.0000e-01 |
2026-06-05 08:20:30 | ectuner |     INFO -> Diagnostic maps saved to ../results/tuned_2d_LR/l1/rsnt_l/alfa_099/diagnostics_2d_phis_Global_a099.nc
Copia del file YAML inviata a ../results/tuned_2d_LR/l1/rsnt_l/yaml_files
