2026-06-05 08:18:13 | ectuner |     INFO -> Loading 2D Data (Sensitivity, Reference, Base)...
   > Loading reference for rlnt from: climate_average_rlnt_CERES EBAF_r180x90_2000-2024.nc
   > Flipping sign for rlnt (Obs is UP, Model is DOWN)
   > Loading reference for rsnt from: climate_average_rsnt_CERES EBAF_r180x90_2000-2024.nc
--- Loading cached base maps for phis ---
2026-06-05 08:18:14 | ectuner |     INFO -> Generating spatial weights (Area * Region)...
2026-06-05 08:18:14 | ectuner |     INFO -> Variable rlnt: Initial Spatial Absolute Cost (L1) (Weighted) = 9.4438
2026-06-05 08:18:14 | ectuner |     INFO -> Variable rsnt: Initial Spatial Absolute Cost (L1) (Weighted) = 7.8074
2026-06-05 08:18:14 | ectuner |     INFO -> Flattening data for fast optimization...
2026-06-05 08:18:14 | ectuner |     INFO -> DEBUG: Global Bias for rlnt in optimizer: 6.9311
2026-06-05 08:18:14 | ectuner |     INFO -> DEBUG: Global Bias for rsnt in optimizer: -1.3053
2026-06-05 08:18:14 | ectuner |     INFO -> Starting 2D Optimization (dual_annealing)...
2026-06-05 08:23:33 | ectuner |     INFO -> Optimization finished. Final Weighted Cost (L1): Spatial=14.7978, Global=3.9775
2026-06-05 08:23:33 | ectuner |     INFO -> 
============================== GLOBAL & SPATIAL COSTS (L1) ===============================
2026-06-05 08:23:33 | ectuner |     INFO -> Variable     | Metric           |            Initial ->              Final | Status
2026-06-05 08:23:33 | ectuner |     INFO -> ------------------------------------------------------------------------------------------
2026-06-05 08:23:33 | ectuner |     INFO -> rlnt         | Global Cost|             6.9311 ->             3.0835 | IMPROVED
2026-06-05 08:23:33 | ectuner |     INFO ->              | Spatial Cost  |             9.4438 ->             7.1662 | IMPROVED
2026-06-05 08:23:33 | ectuner |     INFO -> ------------------------------------------------------------------------------------------
2026-06-05 08:23:33 | ectuner |     INFO -> rsnt         | Global Cost|             1.3053 ->             0.8940 | IMPROVED
2026-06-05 08:23:33 | ectuner |     INFO ->              | Spatial Cost  |             7.8074 ->             7.6316 | IMPROVED
2026-06-05 08:23:33 | ectuner |     INFO -> ------------------------------------------------------------------------------------------
2026-06-05 08:23:33 | ectuner |     INFO -> Structured tuning YAML written to ../results/tuned_2d_LR/l1/rsnt_l/alfa_010/tuned_phis_l1_a010.yml

| Parameter         |   New Value |   Old Value |      Change |   Rel. Change |   Dist. from Ref. |
|-------------------+-------------+-------------+-------------+---------------+-------------------|
| RPRCON            |  1.6463e-03 |  1.4000e-03 |  2.4627e-04 |    1.7591e-01 |        1.7591e-01 |
| ENTRORG           |  1.4607e-03 |  1.7500e-03 | -2.8934e-04 |   -1.6534e-01 |       -1.6534e-01 |
| DETRPEN           |  8.9951e-05 |  7.5000e-05 |  1.4951e-05 |    1.9934e-01 |        1.9934e-01 |
| ENTRDD            |  2.4025e-04 |  3.0000e-04 | -5.9748e-05 |   -1.9916e-01 |       -1.9916e-01 |
| RMFDEPS           |  3.5972e-01 |  3.0000e-01 |  5.9718e-02 |    1.9906e-01 |        1.9906e-01 |
| RVICE             |  1.5598e-01 |  1.3000e-01 |  2.5981e-02 |    1.9985e-01 |        1.9985e-01 |
| RLCRITSNOW        |  1.6022e-05 |  2.0000e-05 | -3.9780e-06 |   -1.9890e-01 |       -1.9890e-01 |
| RSNOWLIN2         |  2.4026e-02 |  3.0000e-02 | -5.9738e-03 |   -1.9913e-01 |       -1.9913e-01 |
| RCLDIFF           |  4.8080e-06 |  6.0000e-06 | -1.1920e-06 |   -1.9867e-01 |       -1.9867e-01 |
| RCLDIFF_CONVI     |  9.3499e+00 |  1.0000e+01 | -6.5009e-01 |   -6.5009e-02 |       -6.5009e-02 |
| RDEPLIQREFRATE    |  5.9975e-01 |  5.0000e-01 |  9.9749e-02 |    1.9950e-01 |        1.9950e-01 |
| RDEPLIQREFDEPTH   |  4.8172e+02 |  5.0000e+02 | -1.8276e+01 |   -3.6552e-02 |       -3.6552e-02 |
| RCL_OVERLAPLIQICE |  7.3985e-01 |  6.5000e-01 |  8.9850e-02 |    1.3823e-01 |        1.3823e-01 |
| RCL_INHOMOGAUT    |  1.2053e+00 |  1.5000e+00 | -2.9469e-01 |   -1.9646e-01 |       -1.9646e-01 |
| RCL_INHOMOGACC    |  2.4010e+00 |  3.0000e+00 | -5.9899e-01 |   -1.9966e-01 |       -1.9966e-01 |
| RMINICE           |  7.1995e+01 |  6.0000e+01 |  1.1995e+01 |    1.9991e-01 |        1.9991e-01 |
2026-06-05 08:23:34 | ectuner |     INFO -> Diagnostic maps saved to ../results/tuned_2d_LR/l1/rsnt_l/alfa_010/diagnostics_2d_phis_Global_a01.nc
Copia del file YAML inviata a ../results/tuned_2d_LR/l1/rsnt_l/yaml_files
