2026-04-23 12:41:39 | ectuner |     INFO -> Loading 2D Data (Sensitivity, Reference, Base)...
   > Loading reference for net_toa from: climate_average_net_toa_CERES EBAF_r180x90_2000-2024.nc
   > Loading reference for rsnt from: climate_average_rsnt_CERES EBAF_r180x90_2000-2024.nc
--- Loading cached base maps for phis ---
2026-04-23 12:41:40 | ectuner |     INFO -> Generating spatial weights (Area * Region)...
2026-04-23 12:41:40 | ectuner |     INFO -> Variable net_toa: Initial Spatial RMSE (Weighted) = 11.3965
2026-04-23 12:41:40 | ectuner |     INFO -> Variable rsnt: Initial Spatial RMSE (Weighted) = 10.4479
2026-04-23 12:41:40 | ectuner |     INFO -> Flattening data for fast optimization...
2026-04-23 12:41:40 | ectuner |     INFO -> DEBUG: Global Bias for net_toa in optimizer: 5.6259
2026-04-23 12:41:40 | ectuner |     INFO -> DEBUG: Global Bias for rsnt in optimizer: -1.3053
2026-04-23 12:41:40 | ectuner |     INFO -> Starting 2D Optimization (dual_annealing)...
2026-04-23 12:44:43 | ectuner |     INFO -> 
==================== GLOBAL MEAN & ZONAL SUMMARY FROM 2D OPTIMIZATION ====================
2026-04-23 12:44:43 | ectuner |     INFO -> Variable     | Metric       |            Initial ->              Final | Status
2026-04-23 12:44:43 | ectuner |     INFO -> ------------------------------------------------------------------------------------------
2026-04-23 12:44:43 | ectuner |     INFO -> net_toa      | Global Bias |             5.6259 ->             1.3052 | IMPROVED
2026-04-23 12:44:43 | ectuner |     INFO ->              | Spatial RMSE  |            11.3965 ->             9.4671 | IMPROVED
2026-04-23 12:44:43 | ectuner |     INFO -> ------------------------------------------------------------------------------------------
2026-04-23 12:44:43 | ectuner |     INFO -> rsnt         | Global Bias |            -1.3053 ->            -0.0000 | IMPROVED
2026-04-23 12:44:43 | ectuner |     INFO ->              | Spatial RMSE  |            10.4479 ->            10.6368 | WORSENED
2026-04-23 12:44:43 | ectuner |     INFO -> ------------------------------------------------------------------------------------------
2026-04-23 12:44:44 | ectuner |     INFO -> Structured tuning YAML written to ../results/tuned_2d_LR/rsut/tol_alfa_030/tuned_phis_a030.yml

| Parameter         |   New Value |   Old Value |      Change |   Rel. Change |   Dist. from Ref. |
|-------------------+-------------+-------------+-------------+---------------+-------------------|
| RPRCON            |  1.2976e-03 |  1.4000e-03 | -1.0235e-04 |   -7.3110e-02 |       -7.3110e-02 |
| ENTRORG           |  1.6655e-03 |  1.7500e-03 | -8.4518e-05 |   -4.8296e-02 |       -4.8296e-02 |
| DETRPEN           |  9.7662e-05 |  7.5000e-05 |  2.2662e-05 |    3.0216e-01 |        3.0216e-01 |
| ENTRDD            |  1.6094e-04 |  3.0000e-04 | -1.3906e-04 |   -4.6353e-01 |       -4.6353e-01 |
| RMFDEPS           |  3.5438e-01 |  3.0000e-01 |  5.4377e-02 |    1.8126e-01 |        1.8126e-01 |
| RVICE             |  2.0744e-01 |  1.3000e-01 |  7.7439e-02 |    5.9569e-01 |        5.9569e-01 |
| RLCRITSNOW        |  8.0003e-06 |  2.0000e-05 | -1.2000e-05 |   -5.9999e-01 |       -5.9999e-01 |
| RSNOWLIN2         |  1.2735e-02 |  3.0000e-02 | -1.7265e-02 |   -5.7549e-01 |       -5.7549e-01 |
| RCLDIFF           |  4.6401e-06 |  6.0000e-06 | -1.3599e-06 |   -2.2664e-01 |       -2.2664e-01 |
| RCLDIFF_CONVI     |  8.5769e+00 |  1.0000e+01 | -1.4231e+00 |   -1.4231e-01 |       -1.4231e-01 |
| RDEPLIQREFRATE    |  6.6914e-01 |  5.0000e-01 |  1.6914e-01 |    3.3828e-01 |        3.3828e-01 |
| RDEPLIQREFDEPTH   |  4.2955e+02 |  5.0000e+02 | -7.0453e+01 |   -1.4091e-01 |       -1.4091e-01 |
| RCL_OVERLAPLIQICE |  2.6228e-01 |  6.5000e-01 | -3.8772e-01 |   -5.9649e-01 |       -5.9649e-01 |
| RCL_INHOMOGAUT    |  1.2387e+00 |  1.5000e+00 | -2.6125e-01 |   -1.7417e-01 |       -1.7417e-01 |
| RCL_INHOMOGACC    |  2.6853e+00 |  3.0000e+00 | -3.1471e-01 |   -1.0490e-01 |       -1.0490e-01 |
| RMINICE           |  6.4149e+01 |  6.0000e+01 |  4.1491e+00 |    6.9152e-02 |        6.9152e-02 |
2026-04-23 12:44:44 | ectuner |     INFO -> Diagnostic maps saved to ../results/tuned_2d_LR/rsut/tol_alfa_030/diagnostics_2d_phis_Global_a03.nc
Copia del file YAML inviata a ../results/tuned_2d_LR/rsut/tol_yaml_files
