2026-04-23 12:41:37 | ectuner |     INFO -> Loading 2D Data (Sensitivity, Reference, Base)...
   > Loading reference for net_toa from: climate_average_net_toa_CERES EBAF_r180x90_2000-2024.nc
   > Loading reference for rsnt from: climate_average_rsnt_CERES EBAF_r180x90_2000-2024.nc
--- Loading cached base maps for phis ---
2026-04-23 12:41:39 | ectuner |     INFO -> Generating spatial weights (Area * Region)...
2026-04-23 12:41:39 | ectuner |     INFO -> Variable net_toa: Initial Spatial RMSE (Weighted) = 11.3965
2026-04-23 12:41:39 | ectuner |     INFO -> Variable rsnt: Initial Spatial RMSE (Weighted) = 10.4479
2026-04-23 12:41:39 | ectuner |     INFO -> Flattening data for fast optimization...
2026-04-23 12:41:39 | ectuner |     INFO -> DEBUG: Global Bias for net_toa in optimizer: 5.6259
2026-04-23 12:41:39 | ectuner |     INFO -> DEBUG: Global Bias for rsnt in optimizer: -1.3053
2026-04-23 12:41:39 | ectuner |     INFO -> Starting 2D Optimization (dual_annealing)...
2026-04-23 12:43:25 | ectuner |     INFO -> 
==================== GLOBAL MEAN & ZONAL SUMMARY FROM 2D OPTIMIZATION ====================
2026-04-23 12:43:25 | ectuner |     INFO -> Variable     | Metric       |            Initial ->              Final | Status
2026-04-23 12:43:25 | ectuner |     INFO -> ------------------------------------------------------------------------------------------
2026-04-23 12:43:25 | ectuner |     INFO -> net_toa      | Global Bias |             5.6259 ->             1.3617 | IMPROVED
2026-04-23 12:43:25 | ectuner |     INFO ->              | Spatial RMSE  |            11.3965 ->             9.2610 | IMPROVED
2026-04-23 12:43:25 | ectuner |     INFO -> ------------------------------------------------------------------------------------------
2026-04-23 12:43:25 | ectuner |     INFO -> rsnt         | Global Bias |            -1.3053 ->            -0.0000 | IMPROVED
2026-04-23 12:43:25 | ectuner |     INFO ->              | Spatial RMSE  |            10.4479 ->            10.6734 | WORSENED
2026-04-23 12:43:25 | ectuner |     INFO -> ------------------------------------------------------------------------------------------
2026-04-23 12:43:25 | ectuner |     INFO -> Structured tuning YAML written to ../results/tuned_2d_LR/rsut/tol_alfa_020/tuned_phis_a020.yml

| Parameter         |   New Value |   Old Value |      Change |   Rel. Change |   Dist. from Ref. |
|-------------------+-------------+-------------+-------------+---------------+-------------------|
| RPRCON            |  1.1041e-03 |  1.4000e-03 | -2.9589e-04 |   -2.1135e-01 |       -2.1135e-01 |
| ENTRORG           |  1.3459e-03 |  1.7500e-03 | -4.0407e-04 |   -2.3089e-01 |       -2.3089e-01 |
| DETRPEN           |  1.1485e-04 |  7.5000e-05 |  3.9848e-05 |    5.3131e-01 |        5.3131e-01 |
| ENTRDD            |  1.8108e-04 |  3.0000e-04 | -1.1892e-04 |   -3.9641e-01 |       -3.9641e-01 |
| RMFDEPS           |  3.9111e-01 |  3.0000e-01 |  9.1109e-02 |    3.0370e-01 |        3.0370e-01 |
| RVICE             |  2.0151e-01 |  1.3000e-01 |  7.1507e-02 |    5.5006e-01 |        5.5006e-01 |
| RLCRITSNOW        |  9.7501e-06 |  2.0000e-05 | -1.0250e-05 |   -5.1250e-01 |       -5.1250e-01 |
| RSNOWLIN2         |  1.4358e-02 |  3.0000e-02 | -1.5642e-02 |   -5.2139e-01 |       -5.2139e-01 |
| RCLDIFF           |  2.7285e-06 |  6.0000e-06 | -3.2715e-06 |   -5.4525e-01 |       -5.4525e-01 |
| RCLDIFF_CONVI     |  9.0280e+00 |  1.0000e+01 | -9.7200e-01 |   -9.7200e-02 |       -9.7200e-02 |
| RDEPLIQREFRATE    |  6.4792e-01 |  5.0000e-01 |  1.4792e-01 |    2.9585e-01 |        2.9585e-01 |
| RDEPLIQREFDEPTH   |  4.4078e+02 |  5.0000e+02 | -5.9223e+01 |   -1.1845e-01 |       -1.1845e-01 |
| RCL_OVERLAPLIQICE |  2.6095e-01 |  6.5000e-01 | -3.8905e-01 |   -5.9853e-01 |       -5.9853e-01 |
| RCL_INHOMOGAUT    |  1.3004e+00 |  1.5000e+00 | -1.9962e-01 |   -1.3308e-01 |       -1.3308e-01 |
| RCL_INHOMOGACC    |  2.3460e+00 |  3.0000e+00 | -6.5404e-01 |   -2.1801e-01 |       -2.1801e-01 |
| RMINICE           |  9.2143e+01 |  6.0000e+01 |  3.2143e+01 |    5.3572e-01 |        5.3572e-01 |
2026-04-23 12:43:25 | ectuner |     INFO -> Diagnostic maps saved to ../results/tuned_2d_LR/rsut/tol_alfa_020/diagnostics_2d_phis_Global_a02.nc
Copia del file YAML inviata a ../results/tuned_2d_LR/rsut/tol_yaml_files
