2026-04-23 12:41:36 | ectuner |     INFO -> Loading 2D Data (Sensitivity, Reference, Base)...
   > Loading reference for net_toa from: climate_average_net_toa_CERES EBAF_r180x90_2000-2024.nc
   > Loading reference for rsnt from: climate_average_rsnt_CERES EBAF_r180x90_2000-2024.nc
--- Loading cached base maps for phis ---
2026-04-23 12:41:38 | ectuner |     INFO -> Generating spatial weights (Area * Region)...
2026-04-23 12:41:38 | ectuner |     INFO -> Variable net_toa: Initial Spatial RMSE (Weighted) = 11.3965
2026-04-23 12:41:38 | ectuner |     INFO -> Variable rsnt: Initial Spatial RMSE (Weighted) = 10.4479
2026-04-23 12:41:38 | ectuner |     INFO -> Flattening data for fast optimization...
2026-04-23 12:41:38 | ectuner |     INFO -> DEBUG: Global Bias for net_toa in optimizer: 5.6259
2026-04-23 12:41:39 | ectuner |     INFO -> DEBUG: Global Bias for rsnt in optimizer: -1.3053
2026-04-23 12:41:39 | ectuner |     INFO -> Starting 2D Optimization (dual_annealing)...
2026-04-23 12:44:40 | ectuner |     INFO -> 
==================== GLOBAL MEAN & ZONAL SUMMARY FROM 2D OPTIMIZATION ====================
2026-04-23 12:44:40 | ectuner |     INFO -> Variable     | Metric       |            Initial ->              Final | Status
2026-04-23 12:44:40 | ectuner |     INFO -> ------------------------------------------------------------------------------------------
2026-04-23 12:44:40 | ectuner |     INFO -> net_toa      | Global Bias |             5.6259 ->             2.5285 | IMPROVED
2026-04-23 12:44:40 | ectuner |     INFO ->              | Spatial RMSE  |            11.3965 ->             9.2828 | IMPROVED
2026-04-23 12:44:40 | ectuner |     INFO -> ------------------------------------------------------------------------------------------
2026-04-23 12:44:40 | ectuner |     INFO -> rsnt         | Global Bias |            -1.3053 ->            -0.4751 | IMPROVED
2026-04-23 12:44:40 | ectuner |     INFO ->              | Spatial RMSE  |            10.4479 ->            10.4175 | IMPROVED
2026-04-23 12:44:40 | ectuner |     INFO -> ------------------------------------------------------------------------------------------
2026-04-23 12:44:40 | ectuner |     INFO -> Structured tuning YAML written to ../results/tuned_2d_LR/rsut/tol_alfa_000/tuned_phis_a000.yml

| Parameter         |   New Value |   Old Value |      Change |   Rel. Change |   Dist. from Ref. |
|-------------------+-------------+-------------+-------------+---------------+-------------------|
| RPRCON            |  1.0517e-03 |  1.4000e-03 | -3.4825e-04 |   -2.4875e-01 |       -2.4875e-01 |
| ENTRORG           |  1.4104e-03 |  1.7500e-03 | -3.3962e-04 |   -1.9407e-01 |       -1.9407e-01 |
| DETRPEN           |  1.1204e-04 |  7.5000e-05 |  3.7037e-05 |    4.9382e-01 |        4.9382e-01 |
| ENTRDD            |  2.4101e-04 |  3.0000e-04 | -5.8993e-05 |   -1.9664e-01 |       -1.9664e-01 |
| RMFDEPS           |  4.0357e-01 |  3.0000e-01 |  1.0357e-01 |    3.4524e-01 |        3.4524e-01 |
| RVICE             |  2.0789e-01 |  1.3000e-01 |  7.7894e-02 |    5.9918e-01 |        5.9918e-01 |
| RLCRITSNOW        |  1.0644e-05 |  2.0000e-05 | -9.3557e-06 |   -4.6778e-01 |       -4.6778e-01 |
| RSNOWLIN2         |  1.5480e-02 |  3.0000e-02 | -1.4520e-02 |   -4.8399e-01 |       -4.8399e-01 |
| RCLDIFF           |  2.4022e-06 |  6.0000e-06 | -3.5978e-06 |   -5.9964e-01 |       -5.9964e-01 |
| RCLDIFF_CONVI     |  8.9381e+00 |  1.0000e+01 | -1.0619e+00 |   -1.0619e-01 |       -1.0619e-01 |
| RDEPLIQREFRATE    |  6.7553e-01 |  5.0000e-01 |  1.7553e-01 |    3.5106e-01 |        3.5106e-01 |
| RDEPLIQREFDEPTH   |  4.5963e+02 |  5.0000e+02 | -4.0369e+01 |   -8.0738e-02 |       -8.0738e-02 |
| RCL_OVERLAPLIQICE |  2.6310e-01 |  6.5000e-01 | -3.8690e-01 |   -5.9522e-01 |       -5.9522e-01 |
| RCL_INHOMOGAUT    |  1.2596e+00 |  1.5000e+00 | -2.4038e-01 |   -1.6025e-01 |       -1.6025e-01 |
| RCL_INHOMOGACC    |  2.9490e+00 |  3.0000e+00 | -5.1022e-02 |   -1.7007e-02 |       -1.7007e-02 |
| RMINICE           |  7.4632e+01 |  6.0000e+01 |  1.4632e+01 |    2.4387e-01 |        2.4387e-01 |
2026-04-23 12:44:40 | ectuner |     INFO -> Diagnostic maps saved to ../results/tuned_2d_LR/rsut/tol_alfa_000/diagnostics_2d_phis_Global_a00.nc
Copia del file YAML inviata a ../results/tuned_2d_LR/rsut/tol_yaml_files
