2026-04-23 12:41:40 | ectuner |     INFO -> Loading 2D Data (Sensitivity, Reference, Base)...
   > Loading reference for net_toa from: climate_average_net_toa_CERES EBAF_r180x90_2000-2024.nc
   > Loading reference for rsnt from: climate_average_rsnt_CERES EBAF_r180x90_2000-2024.nc
--- Loading cached base maps for phis ---
2026-04-23 12:41:41 | ectuner |     INFO -> Generating spatial weights (Area * Region)...
2026-04-23 12:41:41 | ectuner |     INFO -> Variable net_toa: Initial Spatial RMSE (Weighted) = 11.3965
2026-04-23 12:41:41 | ectuner |     INFO -> Variable rsnt: Initial Spatial RMSE (Weighted) = 10.4479
2026-04-23 12:41:41 | ectuner |     INFO -> Flattening data for fast optimization...
2026-04-23 12:41:41 | ectuner |     INFO -> DEBUG: Global Bias for net_toa in optimizer: 5.6259
2026-04-23 12:41:41 | ectuner |     INFO -> DEBUG: Global Bias for rsnt in optimizer: -1.3053
2026-04-23 12:41:41 | ectuner |     INFO -> Starting 2D Optimization (dual_annealing)...
2026-04-23 12:44:41 | ectuner |     INFO -> 
==================== GLOBAL MEAN & ZONAL SUMMARY FROM 2D OPTIMIZATION ====================
2026-04-23 12:44:41 | ectuner |     INFO -> Variable     | Metric       |            Initial ->              Final | Status
2026-04-23 12:44:41 | ectuner |     INFO -> ------------------------------------------------------------------------------------------
2026-04-23 12:44:41 | ectuner |     INFO -> net_toa      | Global Bias |             5.6259 ->             2.1378 | IMPROVED
2026-04-23 12:44:41 | ectuner |     INFO ->              | Spatial RMSE  |            11.3965 ->             9.2391 | IMPROVED
2026-04-23 12:44:41 | ectuner |     INFO -> ------------------------------------------------------------------------------------------
2026-04-23 12:44:41 | ectuner |     INFO -> rsnt         | Global Bias |            -1.3053 ->            -0.0003 | IMPROVED
2026-04-23 12:44:41 | ectuner |     INFO ->              | Spatial RMSE  |            10.4479 ->            10.5169 | WORSENED
2026-04-23 12:44:41 | ectuner |     INFO -> ------------------------------------------------------------------------------------------
2026-04-23 12:44:41 | ectuner |     INFO -> Structured tuning YAML written to ../results/tuned_2d_LR/rsut/tol_alfa_010/tuned_phis_a010.yml

| Parameter         |   New Value |   Old Value |      Change |   Rel. Change |   Dist. from Ref. |
|-------------------+-------------+-------------+-------------+---------------+-------------------|
| RPRCON            |  1.0446e-03 |  1.4000e-03 | -3.5544e-04 |   -2.5389e-01 |       -2.5389e-01 |
| ENTRORG           |  1.4988e-03 |  1.7500e-03 | -2.5115e-04 |   -1.4352e-01 |       -1.4352e-01 |
| DETRPEN           |  1.1241e-04 |  7.5000e-05 |  3.7406e-05 |    4.9874e-01 |        4.9874e-01 |
| ENTRDD            |  2.3951e-04 |  3.0000e-04 | -6.0495e-05 |   -2.0165e-01 |       -2.0165e-01 |
| RMFDEPS           |  4.1659e-01 |  3.0000e-01 |  1.1659e-01 |    3.8865e-01 |        3.8865e-01 |
| RVICE             |  2.0626e-01 |  1.3000e-01 |  7.6256e-02 |    5.8659e-01 |        5.8659e-01 |
| RLCRITSNOW        |  8.0067e-06 |  2.0000e-05 | -1.1993e-05 |   -5.9966e-01 |       -5.9966e-01 |
| RSNOWLIN2         |  1.6783e-02 |  3.0000e-02 | -1.3217e-02 |   -4.4058e-01 |       -4.4058e-01 |
| RCLDIFF           |  2.4435e-06 |  6.0000e-06 | -3.5565e-06 |   -5.9275e-01 |       -5.9275e-01 |
| RCLDIFF_CONVI     |  8.6959e+00 |  1.0000e+01 | -1.3041e+00 |   -1.3041e-01 |       -1.3041e-01 |
| RDEPLIQREFRATE    |  6.7260e-01 |  5.0000e-01 |  1.7260e-01 |    3.4520e-01 |        3.4520e-01 |
| RDEPLIQREFDEPTH   |  4.5343e+02 |  5.0000e+02 | -4.6565e+01 |   -9.3130e-02 |       -9.3130e-02 |
| RCL_OVERLAPLIQICE |  2.6084e-01 |  6.5000e-01 | -3.8916e-01 |   -5.9870e-01 |       -5.9870e-01 |
| RCL_INHOMOGAUT    |  1.1427e+00 |  1.5000e+00 | -3.5733e-01 |   -2.3822e-01 |       -2.3822e-01 |
| RCL_INHOMOGACC    |  3.0881e+00 |  3.0000e+00 |  8.8056e-02 |    2.9352e-02 |        2.9352e-02 |
| RMINICE           |  8.5485e+01 |  6.0000e+01 |  2.5485e+01 |    4.2475e-01 |        4.2475e-01 |
2026-04-23 12:44:41 | ectuner |     INFO -> Diagnostic maps saved to ../results/tuned_2d_LR/rsut/tol_alfa_010/diagnostics_2d_phis_Global_a01.nc
Copia del file YAML inviata a ../results/tuned_2d_LR/rsut/tol_yaml_files
