2026-04-23 12:41:39 | ectuner |     INFO -> Loading 2D Data (Sensitivity, Reference, Base)...
   > Loading reference for net_toa from: climate_average_net_toa_CERES EBAF_r180x90_2000-2024.nc
   > Loading reference for rsnt from: climate_average_rsnt_CERES EBAF_r180x90_2000-2024.nc
--- Loading cached base maps for phis ---
2026-04-23 12:41:40 | ectuner |     INFO -> Generating spatial weights (Area * Region)...
2026-04-23 12:41:40 | ectuner |     INFO -> Variable net_toa: Initial Spatial RMSE (Weighted) = 11.3965
2026-04-23 12:41:40 | ectuner |     INFO -> Variable rsnt: Initial Spatial RMSE (Weighted) = 10.4479
2026-04-23 12:41:40 | ectuner |     INFO -> Flattening data for fast optimization...
2026-04-23 12:41:40 | ectuner |     INFO -> DEBUG: Global Bias for net_toa in optimizer: 5.6259
2026-04-23 12:41:40 | ectuner |     INFO -> DEBUG: Global Bias for rsnt in optimizer: -1.3053
2026-04-23 12:41:40 | ectuner |     INFO -> Starting 2D Optimization (dual_annealing)...
2026-04-23 12:42:47 | ectuner |     INFO -> 
==================== GLOBAL MEAN & ZONAL SUMMARY FROM 2D OPTIMIZATION ====================
2026-04-23 12:42:47 | ectuner |     INFO -> Variable     | Metric       |            Initial ->              Final | Status
2026-04-23 12:42:47 | ectuner |     INFO -> ------------------------------------------------------------------------------------------
2026-04-23 12:42:47 | ectuner |     INFO -> net_toa      | Global Bias |             5.6259 ->            -0.0000 | IMPROVED
2026-04-23 12:42:47 | ectuner |     INFO ->              | Spatial RMSE  |            11.3965 ->            12.5780 | WORSENED
2026-04-23 12:42:47 | ectuner |     INFO -> ------------------------------------------------------------------------------------------
2026-04-23 12:42:47 | ectuner |     INFO -> rsnt         | Global Bias |            -1.3053 ->            -0.0000 | IMPROVED
2026-04-23 12:42:47 | ectuner |     INFO ->              | Spatial RMSE  |            10.4479 ->            13.8595 | WORSENED
2026-04-23 12:42:47 | ectuner |     INFO -> ------------------------------------------------------------------------------------------
2026-04-23 12:42:47 | ectuner |     INFO -> Structured tuning YAML written to ../results/tuned_2d_LR/rsut/tol_alfa_100/tuned_phis_a100.yml

| Parameter         |   New Value |   Old Value |      Change |   Rel. Change |   Dist. from Ref. |
|-------------------+-------------+-------------+-------------+---------------+-------------------|
| RPRCON            |  1.4867e-03 |  1.4000e-03 |  8.6724e-05 |    6.1946e-02 |        6.1946e-02 |
| ENTRORG           |  2.7305e-03 |  1.7500e-03 |  9.8053e-04 |    5.6030e-01 |        5.6030e-01 |
| DETRPEN           |  6.5824e-05 |  7.5000e-05 | -9.1757e-06 |   -1.2234e-01 |       -1.2234e-01 |
| ENTRDD            |  4.7233e-04 |  3.0000e-04 |  1.7233e-04 |    5.7442e-01 |        5.7442e-01 |
| RMFDEPS           |  1.2840e-01 |  3.0000e-01 | -1.7160e-01 |   -5.7199e-01 |       -5.7199e-01 |
| RVICE             |  2.0420e-01 |  1.3000e-01 |  7.4203e-02 |    5.7079e-01 |        5.7079e-01 |
| RLCRITSNOW        |  1.2900e-05 |  2.0000e-05 | -7.0999e-06 |   -3.5499e-01 |       -3.5499e-01 |
| RSNOWLIN2         |  2.4858e-02 |  3.0000e-02 | -5.1419e-03 |   -1.7140e-01 |       -1.7140e-01 |
| RCLDIFF           |  8.7003e-06 |  6.0000e-06 |  2.7003e-06 |    4.5006e-01 |        4.5006e-01 |
| RCLDIFF_CONVI     |  1.3959e+01 |  1.0000e+01 |  3.9590e+00 |    3.9590e-01 |        3.9590e-01 |
| RDEPLIQREFRATE    |  2.0758e-01 |  5.0000e-01 | -2.9242e-01 |   -5.8484e-01 |       -5.8484e-01 |
| RDEPLIQREFDEPTH   |  2.4227e+02 |  5.0000e+02 | -2.5773e+02 |   -5.1546e-01 |       -5.1546e-01 |
| RCL_OVERLAPLIQICE |  8.0728e-01 |  6.5000e-01 |  1.5728e-01 |    2.4196e-01 |        2.4196e-01 |
| RCL_INHOMOGAUT    |  1.1481e+00 |  1.5000e+00 | -3.5186e-01 |   -2.3458e-01 |       -2.3458e-01 |
| RCL_INHOMOGACC    |  2.3233e+00 |  3.0000e+00 | -6.7674e-01 |   -2.2558e-01 |       -2.2558e-01 |
| RMINICE           |  7.6142e+01 |  6.0000e+01 |  1.6142e+01 |    2.6904e-01 |        2.6904e-01 |
2026-04-23 12:42:47 | ectuner |     INFO -> Diagnostic maps saved to ../results/tuned_2d_LR/rsut/tol_alfa_100/diagnostics_2d_phis_Global_a10.nc
Copia del file YAML inviata a ../results/tuned_2d_LR/rsut/tol_yaml_files
