2026-04-23 12:41:41 | ectuner |     INFO -> Loading 2D Data (Sensitivity, Reference, Base)...
   > Loading reference for net_toa from: climate_average_net_toa_CERES EBAF_r180x90_2000-2024.nc
   > Loading reference for rsnt from: climate_average_rsnt_CERES EBAF_r180x90_2000-2024.nc
--- Loading cached base maps for phis ---
2026-04-23 12:41:42 | ectuner |     INFO -> Generating spatial weights (Area * Region)...
2026-04-23 12:41:42 | ectuner |     INFO -> Variable net_toa: Initial Spatial RMSE (Weighted) = 11.3965
2026-04-23 12:41:42 | ectuner |     INFO -> Variable rsnt: Initial Spatial RMSE (Weighted) = 10.4479
2026-04-23 12:41:42 | ectuner |     INFO -> Flattening data for fast optimization...
2026-04-23 12:41:42 | ectuner |     INFO -> DEBUG: Global Bias for net_toa in optimizer: 5.6259
2026-04-23 12:41:42 | ectuner |     INFO -> DEBUG: Global Bias for rsnt in optimizer: -1.3053
2026-04-23 12:41:42 | ectuner |     INFO -> Starting 2D Optimization (dual_annealing)...
2026-04-23 12:42:48 | ectuner |     INFO -> 
==================== GLOBAL MEAN & ZONAL SUMMARY FROM 2D OPTIMIZATION ====================
2026-04-23 12:42:48 | ectuner |     INFO -> Variable     | Metric       |            Initial ->              Final | Status
2026-04-23 12:42:48 | ectuner |     INFO -> ------------------------------------------------------------------------------------------
2026-04-23 12:42:48 | ectuner |     INFO -> net_toa      | Global Bias |             5.6259 ->            -0.0001 | IMPROVED
2026-04-23 12:42:48 | ectuner |     INFO ->              | Spatial RMSE  |            11.3965 ->            10.5495 | IMPROVED
2026-04-23 12:42:48 | ectuner |     INFO -> ------------------------------------------------------------------------------------------
2026-04-23 12:42:48 | ectuner |     INFO -> rsnt         | Global Bias |            -1.3053 ->            -0.0000 | IMPROVED
2026-04-23 12:42:48 | ectuner |     INFO ->              | Spatial RMSE  |            10.4479 ->            11.3216 | WORSENED
2026-04-23 12:42:48 | ectuner |     INFO -> ------------------------------------------------------------------------------------------
2026-04-23 12:42:48 | ectuner |     INFO -> Structured tuning YAML written to ../results/tuned_2d_LR/rsut/tol_alfa_060/tuned_phis_a060.yml

| Parameter         |   New Value |   Old Value |      Change |   Rel. Change |   Dist. from Ref. |
|-------------------+-------------+-------------+-------------+---------------+-------------------|
| RPRCON            |  2.1708e-03 |  1.4000e-03 |  7.7081e-04 |    5.5058e-01 |        5.5058e-01 |
| ENTRORG           |  1.7104e-03 |  1.7500e-03 | -3.9552e-05 |   -2.2601e-02 |       -2.2601e-02 |
| DETRPEN           |  1.1869e-04 |  7.5000e-05 |  4.3686e-05 |    5.8248e-01 |        5.8248e-01 |
| ENTRDD            |  1.4477e-04 |  3.0000e-04 | -1.5523e-04 |   -5.1744e-01 |       -5.1744e-01 |
| RMFDEPS           |  4.3178e-01 |  3.0000e-01 |  1.3178e-01 |    4.3925e-01 |        4.3925e-01 |
| RVICE             |  1.9950e-01 |  1.3000e-01 |  6.9495e-02 |    5.3458e-01 |        5.3458e-01 |
| RLCRITSNOW        |  1.5083e-05 |  2.0000e-05 | -4.9172e-06 |   -2.4586e-01 |       -2.4586e-01 |
| RSNOWLIN2         |  1.7512e-02 |  3.0000e-02 | -1.2488e-02 |   -4.1625e-01 |       -4.1625e-01 |
| RCLDIFF           |  7.9250e-06 |  6.0000e-06 |  1.9250e-06 |    3.2083e-01 |        3.2083e-01 |
| RCLDIFF_CONVI     |  5.1600e+00 |  1.0000e+01 | -4.8400e+00 |   -4.8400e-01 |       -4.8400e-01 |
| RDEPLIQREFRATE    |  6.5791e-01 |  5.0000e-01 |  1.5791e-01 |    3.1581e-01 |        3.1581e-01 |
| RDEPLIQREFDEPTH   |  4.3128e+02 |  5.0000e+02 | -6.8725e+01 |   -1.3745e-01 |       -1.3745e-01 |
| RCL_OVERLAPLIQICE |  4.7338e-01 |  6.5000e-01 | -1.7662e-01 |   -2.7173e-01 |       -2.7173e-01 |
| RCL_INHOMOGAUT    |  9.5207e-01 |  1.5000e+00 | -5.4793e-01 |   -3.6529e-01 |       -3.6529e-01 |
| RCL_INHOMOGACC    |  1.6887e+00 |  3.0000e+00 | -1.3113e+00 |   -4.3711e-01 |       -4.3711e-01 |
| RMINICE           |  4.9412e+01 |  6.0000e+01 | -1.0588e+01 |   -1.7647e-01 |       -1.7647e-01 |
2026-04-23 12:42:48 | ectuner |     INFO -> Diagnostic maps saved to ../results/tuned_2d_LR/rsut/tol_alfa_060/diagnostics_2d_phis_Global_a06.nc
Copia del file YAML inviata a ../results/tuned_2d_LR/rsut/tol_yaml_files
