2026-04-23 12:41:42 | ectuner |     INFO -> Loading 2D Data (Sensitivity, Reference, Base)...
   > Loading reference for net_toa from: climate_average_net_toa_CERES EBAF_r180x90_2000-2024.nc
   > Loading reference for rsnt from: climate_average_rsnt_CERES EBAF_r180x90_2000-2024.nc
--- Loading cached base maps for phis ---
2026-04-23 12:41:43 | ectuner |     INFO -> Generating spatial weights (Area * Region)...
2026-04-23 12:41:43 | ectuner |     INFO -> Variable net_toa: Initial Spatial RMSE (Weighted) = 11.3965
2026-04-23 12:41:43 | ectuner |     INFO -> Variable rsnt: Initial Spatial RMSE (Weighted) = 10.4479
2026-04-23 12:41:43 | ectuner |     INFO -> Flattening data for fast optimization...
2026-04-23 12:41:43 | ectuner |     INFO -> DEBUG: Global Bias for net_toa in optimizer: 5.6259
2026-04-23 12:41:43 | ectuner |     INFO -> DEBUG: Global Bias for rsnt in optimizer: -1.3053
2026-04-23 12:41:43 | ectuner |     INFO -> Starting 2D Optimization (dual_annealing)...
2026-04-23 12:43:32 | ectuner |     INFO -> 
==================== GLOBAL MEAN & ZONAL SUMMARY FROM 2D OPTIMIZATION ====================
2026-04-23 12:43:32 | ectuner |     INFO -> Variable     | Metric       |            Initial ->              Final | Status
2026-04-23 12:43:32 | ectuner |     INFO -> ------------------------------------------------------------------------------------------
2026-04-23 12:43:32 | ectuner |     INFO -> net_toa      | Global Bias |             5.6259 ->            -0.0000 | IMPROVED
2026-04-23 12:43:32 | ectuner |     INFO ->              | Spatial RMSE  |            11.3965 ->            11.1528 | IMPROVED
2026-04-23 12:43:32 | ectuner |     INFO -> ------------------------------------------------------------------------------------------
2026-04-23 12:43:32 | ectuner |     INFO -> rsnt         | Global Bias |            -1.3053 ->            -0.0000 | IMPROVED
2026-04-23 12:43:32 | ectuner |     INFO ->              | Spatial RMSE  |            10.4479 ->            12.1189 | WORSENED
2026-04-23 12:43:32 | ectuner |     INFO -> ------------------------------------------------------------------------------------------
2026-04-23 12:43:32 | ectuner |     INFO -> Structured tuning YAML written to ../results/tuned_2d_LR/rsut/tol_alfa_095/tuned_phis_a095.yml

| Parameter         |   New Value |   Old Value |      Change |   Rel. Change |   Dist. from Ref. |
|-------------------+-------------+-------------+-------------+---------------+-------------------|
| RPRCON            |  1.9280e-03 |  1.4000e-03 |  5.2799e-04 |    3.7714e-01 |        3.7714e-01 |
| ENTRORG           |  2.1697e-03 |  1.7500e-03 |  4.1974e-04 |    2.3985e-01 |        2.3985e-01 |
| DETRPEN           |  5.8208e-05 |  7.5000e-05 | -1.6792e-05 |   -2.2389e-01 |       -2.2389e-01 |
| ENTRDD            |  4.4617e-04 |  3.0000e-04 |  1.4617e-04 |    4.8722e-01 |        4.8722e-01 |
| RMFDEPS           |  4.2548e-01 |  3.0000e-01 |  1.2548e-01 |    4.1826e-01 |        4.1826e-01 |
| RVICE             |  2.0517e-01 |  1.3000e-01 |  7.5174e-02 |    5.7826e-01 |        5.7826e-01 |
| RLCRITSNOW        |  2.2465e-05 |  2.0000e-05 |  2.4652e-06 |    1.2326e-01 |        1.2326e-01 |
| RSNOWLIN2         |  1.3504e-02 |  3.0000e-02 | -1.6496e-02 |   -5.4987e-01 |       -5.4987e-01 |
| RCLDIFF           |  7.1052e-06 |  6.0000e-06 |  1.1052e-06 |    1.8420e-01 |        1.8420e-01 |
| RCLDIFF_CONVI     |  7.0046e+00 |  1.0000e+01 | -2.9954e+00 |   -2.9954e-01 |       -2.9954e-01 |
| RDEPLIQREFRATE    |  2.2335e-01 |  5.0000e-01 | -2.7665e-01 |   -5.5330e-01 |       -5.5330e-01 |
| RDEPLIQREFDEPTH   |  6.2066e+02 |  5.0000e+02 |  1.2066e+02 |    2.4133e-01 |        2.4133e-01 |
| RCL_OVERLAPLIQICE |  5.4791e-01 |  6.5000e-01 | -1.0209e-01 |   -1.5706e-01 |       -1.5706e-01 |
| RCL_INHOMOGAUT    |  2.0249e+00 |  1.5000e+00 |  5.2493e-01 |    3.4995e-01 |        3.4995e-01 |
| RCL_INHOMOGACC    |  1.6947e+00 |  3.0000e+00 | -1.3053e+00 |   -4.3510e-01 |       -4.3510e-01 |
| RMINICE           |  4.7566e+01 |  6.0000e+01 | -1.2434e+01 |   -2.0724e-01 |       -2.0724e-01 |
2026-04-23 12:43:32 | ectuner |     INFO -> Diagnostic maps saved to ../results/tuned_2d_LR/rsut/tol_alfa_095/diagnostics_2d_phis_Global_a095.nc
Copia del file YAML inviata a ../results/tuned_2d_LR/rsut/tol_yaml_files
