2026-04-23 12:41:41 | ectuner |     INFO -> Loading 2D Data (Sensitivity, Reference, Base)...
   > Loading reference for net_toa from: climate_average_net_toa_CERES EBAF_r180x90_2000-2024.nc
   > Loading reference for rsnt from: climate_average_rsnt_CERES EBAF_r180x90_2000-2024.nc
--- Loading cached base maps for phis ---
2026-04-23 12:41:41 | ectuner |     INFO -> Generating spatial weights (Area * Region)...
2026-04-23 12:41:41 | ectuner |     INFO -> Variable net_toa: Initial Spatial RMSE (Weighted) = 11.3965
2026-04-23 12:41:41 | ectuner |     INFO -> Variable rsnt: Initial Spatial RMSE (Weighted) = 10.4479
2026-04-23 12:41:41 | ectuner |     INFO -> Flattening data for fast optimization...
2026-04-23 12:41:42 | ectuner |     INFO -> DEBUG: Global Bias for net_toa in optimizer: 5.6259
2026-04-23 12:41:42 | ectuner |     INFO -> DEBUG: Global Bias for rsnt in optimizer: -1.3053
2026-04-23 12:41:42 | ectuner |     INFO -> Starting 2D Optimization (dual_annealing)...
2026-04-23 12:42:37 | ectuner |     INFO -> 
==================== GLOBAL MEAN & ZONAL SUMMARY FROM 2D OPTIMIZATION ====================
2026-04-23 12:42:37 | ectuner |     INFO -> Variable     | Metric       |            Initial ->              Final | Status
2026-04-23 12:42:37 | ectuner |     INFO -> ------------------------------------------------------------------------------------------
2026-04-23 12:42:37 | ectuner |     INFO -> net_toa      | Global Bias |             5.6259 ->             0.3042 | IMPROVED
2026-04-23 12:42:37 | ectuner |     INFO ->              | Spatial RMSE  |            11.3965 ->             9.9006 | IMPROVED
2026-04-23 12:42:37 | ectuner |     INFO -> ------------------------------------------------------------------------------------------
2026-04-23 12:42:37 | ectuner |     INFO -> rsnt         | Global Bias |            -1.3053 ->             0.0622 | IMPROVED
2026-04-23 12:42:37 | ectuner |     INFO ->              | Spatial RMSE  |            10.4479 ->            11.0867 | WORSENED
2026-04-23 12:42:37 | ectuner |     INFO -> ------------------------------------------------------------------------------------------
2026-04-23 12:42:37 | ectuner |     INFO -> Structured tuning YAML written to ../results/tuned_2d_LR/rsut/tol_alfa_050/tuned_phis_a050.yml

| Parameter         |   New Value |   Old Value |      Change |   Rel. Change |   Dist. from Ref. |
|-------------------+-------------+-------------+-------------+---------------+-------------------|
| RPRCON            |  1.1075e-03 |  1.4000e-03 | -2.9247e-04 |   -2.0891e-01 |       -2.0891e-01 |
| ENTRORG           |  2.1900e-03 |  1.7500e-03 |  4.4003e-04 |    2.5145e-01 |        2.5145e-01 |
| DETRPEN           |  9.4474e-05 |  7.5000e-05 |  1.9474e-05 |    2.5965e-01 |        2.5965e-01 |
| ENTRDD            |  2.4644e-04 |  3.0000e-04 | -5.3558e-05 |   -1.7853e-01 |       -1.7853e-01 |
| RMFDEPS           |  4.4127e-01 |  3.0000e-01 |  1.4127e-01 |    4.7090e-01 |        4.7090e-01 |
| RVICE             |  2.0639e-01 |  1.3000e-01 |  7.6386e-02 |    5.8758e-01 |        5.8758e-01 |
| RLCRITSNOW        |  1.0034e-05 |  2.0000e-05 | -9.9655e-06 |   -4.9828e-01 |       -4.9828e-01 |
| RSNOWLIN2         |  1.2631e-02 |  3.0000e-02 | -1.7369e-02 |   -5.7895e-01 |       -5.7895e-01 |
| RCLDIFF           |  2.4740e-06 |  6.0000e-06 | -3.5260e-06 |   -5.8766e-01 |       -5.8766e-01 |
| RCLDIFF_CONVI     |  1.0452e+01 |  1.0000e+01 |  4.5215e-01 |    4.5215e-02 |        4.5215e-02 |
| RDEPLIQREFRATE    |  4.8231e-01 |  5.0000e-01 | -1.7690e-02 |   -3.5380e-02 |       -3.5380e-02 |
| RDEPLIQREFDEPTH   |  5.1630e+02 |  5.0000e+02 |  1.6302e+01 |    3.2603e-02 |        3.2603e-02 |
| RCL_OVERLAPLIQICE |  4.1119e-01 |  6.5000e-01 | -2.3881e-01 |   -3.6740e-01 |       -3.6740e-01 |
| RCL_INHOMOGAUT    |  1.3074e+00 |  1.5000e+00 | -1.9260e-01 |   -1.2840e-01 |       -1.2840e-01 |
| RCL_INHOMOGACC    |  3.6196e+00 |  3.0000e+00 |  6.1962e-01 |    2.0654e-01 |        2.0654e-01 |
| RMINICE           |  8.5115e+01 |  6.0000e+01 |  2.5115e+01 |    4.1858e-01 |        4.1858e-01 |
2026-04-23 12:42:37 | ectuner |     INFO -> Diagnostic maps saved to ../results/tuned_2d_LR/rsut/tol_alfa_050/diagnostics_2d_phis_Global_a05.nc
Copia del file YAML inviata a ../results/tuned_2d_LR/rsut/tol_yaml_files
