2026-04-23 12:41:41 | ectuner |     INFO -> Loading 2D Data (Sensitivity, Reference, Base)...
   > Loading reference for net_toa from: climate_average_net_toa_CERES EBAF_r180x90_2000-2024.nc
   > Loading reference for rsnt from: climate_average_rsnt_CERES EBAF_r180x90_2000-2024.nc
--- Loading cached base maps for phis ---
2026-04-23 12:41:41 | ectuner |     INFO -> Generating spatial weights (Area * Region)...
2026-04-23 12:41:41 | ectuner |     INFO -> Variable net_toa: Initial Spatial RMSE (Weighted) = 11.3965
2026-04-23 12:41:41 | ectuner |     INFO -> Variable rsnt: Initial Spatial RMSE (Weighted) = 10.4479
2026-04-23 12:41:41 | ectuner |     INFO -> Flattening data for fast optimization...
2026-04-23 12:41:42 | ectuner |     INFO -> DEBUG: Global Bias for net_toa in optimizer: 5.6259
2026-04-23 12:41:42 | ectuner |     INFO -> DEBUG: Global Bias for rsnt in optimizer: -1.3053
2026-04-23 12:41:42 | ectuner |     INFO -> Starting 2D Optimization (dual_annealing)...
2026-04-23 12:42:42 | ectuner |     INFO -> 
==================== GLOBAL MEAN & ZONAL SUMMARY FROM 2D OPTIMIZATION ====================
2026-04-23 12:42:42 | ectuner |     INFO -> Variable     | Metric       |            Initial ->              Final | Status
2026-04-23 12:42:42 | ectuner |     INFO -> ------------------------------------------------------------------------------------------
2026-04-23 12:42:42 | ectuner |     INFO -> net_toa      | Global Bias |             5.6259 ->            -0.0118 | IMPROVED
2026-04-23 12:42:42 | ectuner |     INFO ->              | Spatial RMSE  |            11.3965 ->            10.3268 | IMPROVED
2026-04-23 12:42:42 | ectuner |     INFO -> ------------------------------------------------------------------------------------------
2026-04-23 12:42:42 | ectuner |     INFO -> rsnt         | Global Bias |            -1.3053 ->            -0.0000 | IMPROVED
2026-04-23 12:42:42 | ectuner |     INFO ->              | Spatial RMSE  |            10.4479 ->            11.3528 | WORSENED
2026-04-23 12:42:42 | ectuner |     INFO -> ------------------------------------------------------------------------------------------
2026-04-23 12:42:42 | ectuner |     INFO -> Structured tuning YAML written to ../results/tuned_2d_LR/rsut/tol_alfa_070/tuned_phis_a070.yml

| Parameter         |   New Value |   Old Value |      Change |   Rel. Change |   Dist. from Ref. |
|-------------------+-------------+-------------+-------------+---------------+-------------------|
| RPRCON            |  1.2944e-03 |  1.4000e-03 | -1.0565e-04 |   -7.5461e-02 |       -7.5461e-02 |
| ENTRORG           |  2.0567e-03 |  1.7500e-03 |  3.0674e-04 |    1.7528e-01 |        1.7528e-01 |
| DETRPEN           |  8.1734e-05 |  7.5000e-05 |  6.7343e-06 |    8.9791e-02 |        8.9791e-02 |
| ENTRDD            |  2.8202e-04 |  3.0000e-04 | -1.7983e-05 |   -5.9942e-02 |       -5.9942e-02 |
| RMFDEPS           |  3.8869e-01 |  3.0000e-01 |  8.8691e-02 |    2.9564e-01 |        2.9564e-01 |
| RVICE             |  2.0305e-01 |  1.3000e-01 |  7.3046e-02 |    5.6189e-01 |        5.6189e-01 |
| RLCRITSNOW        |  1.9865e-05 |  2.0000e-05 | -1.3543e-07 |   -6.7717e-03 |       -6.7717e-03 |
| RSNOWLIN2         |  1.3419e-02 |  3.0000e-02 | -1.6581e-02 |   -5.5268e-01 |       -5.5268e-01 |
| RCLDIFF           |  4.5895e-06 |  6.0000e-06 | -1.4105e-06 |   -2.3508e-01 |       -2.3508e-01 |
| RCLDIFF_CONVI     |  1.2240e+01 |  1.0000e+01 |  2.2399e+00 |    2.2399e-01 |        2.2399e-01 |
| RDEPLIQREFRATE    |  7.1608e-01 |  5.0000e-01 |  2.1608e-01 |    4.3216e-01 |        4.3216e-01 |
| RDEPLIQREFDEPTH   |  4.9038e+02 |  5.0000e+02 | -9.6173e+00 |   -1.9235e-02 |       -1.9235e-02 |
| RCL_OVERLAPLIQICE |  6.0120e-01 |  6.5000e-01 | -4.8795e-02 |   -7.5069e-02 |       -7.5069e-02 |
| RCL_INHOMOGAUT    |  7.2311e-01 |  1.5000e+00 | -7.7689e-01 |   -5.1792e-01 |       -5.1792e-01 |
| RCL_INHOMOGACC    |  2.5855e+00 |  3.0000e+00 | -4.1448e-01 |   -1.3816e-01 |       -1.3816e-01 |
| RMINICE           |  8.8364e+01 |  6.0000e+01 |  2.8364e+01 |    4.7273e-01 |        4.7273e-01 |
2026-04-23 12:42:42 | ectuner |     INFO -> Diagnostic maps saved to ../results/tuned_2d_LR/rsut/tol_alfa_070/diagnostics_2d_phis_Global_a07.nc
Copia del file YAML inviata a ../results/tuned_2d_LR/rsut/tol_yaml_files
