2026-04-23 12:41:41 | ectuner |     INFO -> Loading 2D Data (Sensitivity, Reference, Base)...
   > Loading reference for net_toa from: climate_average_net_toa_CERES EBAF_r180x90_2000-2024.nc
   > Loading reference for rsnt from: climate_average_rsnt_CERES EBAF_r180x90_2000-2024.nc
--- Loading cached base maps for phis ---
2026-04-23 12:41:42 | ectuner |     INFO -> Generating spatial weights (Area * Region)...
2026-04-23 12:41:42 | ectuner |     INFO -> Variable net_toa: Initial Spatial RMSE (Weighted) = 11.3965
2026-04-23 12:41:42 | ectuner |     INFO -> Variable rsnt: Initial Spatial RMSE (Weighted) = 10.4479
2026-04-23 12:41:42 | ectuner |     INFO -> Flattening data for fast optimization...
2026-04-23 12:41:42 | ectuner |     INFO -> DEBUG: Global Bias for net_toa in optimizer: 5.6259
2026-04-23 12:41:42 | ectuner |     INFO -> DEBUG: Global Bias for rsnt in optimizer: -1.3053
2026-04-23 12:41:42 | ectuner |     INFO -> Starting 2D Optimization (dual_annealing)...
2026-04-23 12:42:58 | ectuner |     INFO -> 
==================== GLOBAL MEAN & ZONAL SUMMARY FROM 2D OPTIMIZATION ====================
2026-04-23 12:42:58 | ectuner |     INFO -> Variable     | Metric       |            Initial ->              Final | Status
2026-04-23 12:42:58 | ectuner |     INFO -> ------------------------------------------------------------------------------------------
2026-04-23 12:42:58 | ectuner |     INFO -> net_toa      | Global Bias |             5.6259 ->            -0.0000 | IMPROVED
2026-04-23 12:42:58 | ectuner |     INFO ->              | Spatial RMSE  |            11.3965 ->            10.4990 | IMPROVED
2026-04-23 12:42:58 | ectuner |     INFO -> ------------------------------------------------------------------------------------------
2026-04-23 12:42:58 | ectuner |     INFO -> rsnt         | Global Bias |            -1.3053 ->            -0.0000 | IMPROVED
2026-04-23 12:42:58 | ectuner |     INFO ->              | Spatial RMSE  |            10.4479 ->            11.4268 | WORSENED
2026-04-23 12:42:58 | ectuner |     INFO -> ------------------------------------------------------------------------------------------
2026-04-23 12:42:58 | ectuner |     INFO -> Structured tuning YAML written to ../results/tuned_2d_LR/rsut/tol_alfa_080/tuned_phis_a080.yml

| Parameter         |   New Value |   Old Value |      Change |   Rel. Change |   Dist. from Ref. |
|-------------------+-------------+-------------+-------------+---------------+-------------------|
| RPRCON            |  1.5589e-03 |  1.4000e-03 |  1.5887e-04 |    1.1348e-01 |        1.1348e-01 |
| ENTRORG           |  2.2973e-03 |  1.7500e-03 |  5.4730e-04 |    3.1274e-01 |        3.1274e-01 |
| DETRPEN           |  1.1384e-04 |  7.5000e-05 |  3.8839e-05 |    5.1786e-01 |        5.1786e-01 |
| ENTRDD            |  2.3467e-04 |  3.0000e-04 | -6.5330e-05 |   -2.1777e-01 |       -2.1777e-01 |
| RMFDEPS           |  4.1995e-01 |  3.0000e-01 |  1.1995e-01 |    3.9982e-01 |        3.9982e-01 |
| RVICE             |  1.2737e-01 |  1.3000e-01 | -2.6339e-03 |   -2.0261e-02 |       -2.0261e-02 |
| RLCRITSNOW        |  1.4088e-05 |  2.0000e-05 | -5.9118e-06 |   -2.9559e-01 |       -2.9559e-01 |
| RSNOWLIN2         |  1.4067e-02 |  3.0000e-02 | -1.5933e-02 |   -5.3109e-01 |       -5.3109e-01 |
| RCLDIFF           |  4.0671e-06 |  6.0000e-06 | -1.9329e-06 |   -3.2216e-01 |       -3.2216e-01 |
| RCLDIFF_CONVI     |  8.2353e+00 |  1.0000e+01 | -1.7647e+00 |   -1.7647e-01 |       -1.7647e-01 |
| RDEPLIQREFRATE    |  5.8033e-01 |  5.0000e-01 |  8.0328e-02 |    1.6066e-01 |        1.6066e-01 |
| RDEPLIQREFDEPTH   |  2.6335e+02 |  5.0000e+02 | -2.3665e+02 |   -4.7330e-01 |       -4.7330e-01 |
| RCL_OVERLAPLIQICE |  3.0807e-01 |  6.5000e-01 | -3.4193e-01 |   -5.2604e-01 |       -5.2604e-01 |
| RCL_INHOMOGAUT    |  1.2644e+00 |  1.5000e+00 | -2.3564e-01 |   -1.5709e-01 |       -1.5709e-01 |
| RCL_INHOMOGACC    |  3.1410e+00 |  3.0000e+00 |  1.4101e-01 |    4.7004e-02 |        4.7004e-02 |
| RMINICE           |  9.4583e+01 |  6.0000e+01 |  3.4583e+01 |    5.7639e-01 |        5.7639e-01 |
2026-04-23 12:42:58 | ectuner |     INFO -> Diagnostic maps saved to ../results/tuned_2d_LR/rsut/tol_alfa_080/diagnostics_2d_phis_Global_a08.nc
Copia del file YAML inviata a ../results/tuned_2d_LR/rsut/tol_yaml_files
