2026-04-16 16:47:49 | ectuner |     INFO -> Loading 2D Data (Sensitivity, Reference, Base)...
   > Loading reference for net_toa from: climate_average_net_toa_CERES EBAF_r180x90_2000-2024.nc
--- Loading cached base maps for phis ---
2026-04-16 16:47:49 | ectuner |     INFO -> Generating spatial weights (Area * Region)...
2026-04-16 16:47:49 | ectuner |     INFO -> Variable net_toa: Initial Spatial RMSE (Weighted) = 11.3965
2026-04-16 16:47:49 | ectuner |     INFO -> Flattening data for fast optimization...
2026-04-16 16:47:50 | ectuner |     INFO -> DEBUG: Global Bias for net_toa in optimizer: 5.6259
2026-04-16 16:47:50 | ectuner |     INFO -> Starting 2D Optimization (dual_annealing)...
2026-04-16 16:48:26 | ectuner |     INFO -> 
==================== GLOBAL MEAN & ZONAL SUMMARY FROM 2D OPTIMIZATION ====================
2026-04-16 16:48:26 | ectuner |     INFO -> Variable     | Metric       |            Initial ->              Final | Status
2026-04-16 16:48:26 | ectuner |     INFO -> ------------------------------------------------------------------------------------------
2026-04-16 16:48:26 | ectuner |     INFO -> net_toa      | Global Bias |             5.6259 ->            -0.0000 | IMPROVED
2026-04-16 16:48:26 | ectuner |     INFO ->              | Spatial RMSE  |            11.3965 ->             9.9898 | IMPROVED
2026-04-16 16:48:26 | ectuner |     INFO -> ------------------------------------------------------------------------------------------
2026-04-16 16:48:26 | ectuner |     INFO -> Structured tuning YAML written to ../results/tuned_2d_LR/net_TOA/new_alfa_050/tuned_phis_a050.yml

| Parameter         |   New Value |   Old Value |      Change |   Rel. Change |   Dist. from Ref. |
|-------------------+-------------+-------------+-------------+---------------+-------------------|
| RPRCON            |  9.8714e-04 |  1.4000e-03 | -4.1286e-04 |   -2.9490e-01 |       -2.9490e-01 |
| ENTRORG           |  1.8372e-03 |  1.7500e-03 |  8.7192e-05 |    4.9824e-02 |        4.9824e-02 |
| DETRPEN           |  1.1246e-04 |  7.5000e-05 |  3.7457e-05 |    4.9942e-01 |        4.9942e-01 |
| ENTRDD            |  3.0562e-04 |  3.0000e-04 |  5.6165e-06 |    1.8722e-02 |        1.8722e-02 |
| RMFDEPS           |  3.6847e-01 |  3.0000e-01 |  6.8467e-02 |    2.2822e-01 |        2.2822e-01 |
| RVICE             |  2.0128e-01 |  1.3000e-01 |  7.1282e-02 |    5.4833e-01 |        5.4833e-01 |
| RLCRITSNOW        |  1.4180e-05 |  2.0000e-05 | -5.8199e-06 |   -2.9099e-01 |       -2.9099e-01 |
| RSNOWLIN2         |  2.0596e-02 |  3.0000e-02 | -9.4038e-03 |   -3.1346e-01 |       -3.1346e-01 |
| RCLDIFF           |  5.2634e-06 |  6.0000e-06 | -7.3663e-07 |   -1.2277e-01 |       -1.2277e-01 |
| RCLDIFF_CONVI     |  1.1301e+01 |  1.0000e+01 |  1.3006e+00 |    1.3006e-01 |        1.3006e-01 |
| RDEPLIQREFRATE    |  7.5066e-01 |  5.0000e-01 |  2.5066e-01 |    5.0132e-01 |        5.0132e-01 |
| RDEPLIQREFDEPTH   |  4.2221e+02 |  5.0000e+02 | -7.7789e+01 |   -1.5558e-01 |       -1.5558e-01 |
| RCL_OVERLAPLIQICE |  3.2068e-01 |  6.5000e-01 | -3.2932e-01 |   -5.0664e-01 |       -5.0664e-01 |
| RCL_INHOMOGAUT    |  2.1227e+00 |  1.5000e+00 |  6.2267e-01 |    4.1511e-01 |        4.1511e-01 |
| RCL_INHOMOGACC    |  1.5950e+00 |  3.0000e+00 | -1.4050e+00 |   -4.6832e-01 |       -4.6832e-01 |
| RMINICE           |  8.4450e+01 |  6.0000e+01 |  2.4450e+01 |    4.0749e-01 |        4.0749e-01 |
2026-04-16 16:48:26 | ectuner |     INFO -> Diagnostic maps saved to ../results/tuned_2d_LR/net_TOA/new_alfa_050/diagnostics_2d_phis_Global_a05.nc
Copia del file YAML inviata a ../results/tuned_2d_LR/net_TOA/new_yaml_files
