2026-04-16 16:47:48 | ectuner |     INFO -> Loading 2D Data (Sensitivity, Reference, Base)...
   > Loading reference for net_toa from: climate_average_net_toa_CERES EBAF_r180x90_2000-2024.nc
--- Loading cached base maps for phis ---
2026-04-16 16:47:49 | ectuner |     INFO -> Generating spatial weights (Area * Region)...
2026-04-16 16:47:49 | ectuner |     INFO -> Variable net_toa: Initial Spatial RMSE (Weighted) = 11.3965
2026-04-16 16:47:49 | ectuner |     INFO -> Flattening data for fast optimization...
2026-04-16 16:47:49 | ectuner |     INFO -> DEBUG: Global Bias for net_toa in optimizer: 5.6259
2026-04-16 16:47:49 | ectuner |     INFO -> Starting 2D Optimization (dual_annealing)...
2026-04-16 16:48:29 | ectuner |     INFO -> 
==================== GLOBAL MEAN & ZONAL SUMMARY FROM 2D OPTIMIZATION ====================
2026-04-16 16:48:29 | ectuner |     INFO -> Variable     | Metric       |            Initial ->              Final | Status
2026-04-16 16:48:29 | ectuner |     INFO -> ------------------------------------------------------------------------------------------
2026-04-16 16:48:29 | ectuner |     INFO -> net_toa      | Global Bias |             5.6259 ->             0.0000 | IMPROVED
2026-04-16 16:48:29 | ectuner |     INFO ->              | Spatial RMSE  |            11.3965 ->            10.1821 | IMPROVED
2026-04-16 16:48:29 | ectuner |     INFO -> ------------------------------------------------------------------------------------------
2026-04-16 16:48:29 | ectuner |     INFO -> Structured tuning YAML written to ../results/tuned_2d_LR/net_TOA/new_alfa_060/tuned_phis_a060.yml

| Parameter         |   New Value |   Old Value |      Change |   Rel. Change |   Dist. from Ref. |
|-------------------+-------------+-------------+-------------+---------------+-------------------|
| RPRCON            |  7.8593e-04 |  1.4000e-03 | -6.1407e-04 |   -4.3862e-01 |       -4.3862e-01 |
| ENTRORG           |  2.2340e-03 |  1.7500e-03 |  4.8404e-04 |    2.7659e-01 |        2.7659e-01 |
| DETRPEN           |  7.6440e-05 |  7.5000e-05 |  1.4399e-06 |    1.9199e-02 |        1.9199e-02 |
| ENTRDD            |  3.7757e-04 |  3.0000e-04 |  7.7573e-05 |    2.5858e-01 |        2.5858e-01 |
| RMFDEPS           |  4.6536e-01 |  3.0000e-01 |  1.6536e-01 |    5.5121e-01 |        5.5121e-01 |
| RVICE             |  1.6485e-01 |  1.3000e-01 |  3.4853e-02 |    2.6810e-01 |        2.6810e-01 |
| RLCRITSNOW        |  1.4564e-05 |  2.0000e-05 | -5.4364e-06 |   -2.7182e-01 |       -2.7182e-01 |
| RSNOWLIN2         |  1.5473e-02 |  3.0000e-02 | -1.4527e-02 |   -4.8423e-01 |       -4.8423e-01 |
| RCLDIFF           |  5.4635e-06 |  6.0000e-06 | -5.3651e-07 |   -8.9418e-02 |       -8.9418e-02 |
| RCLDIFF_CONVI     |  6.8279e+00 |  1.0000e+01 | -3.1721e+00 |   -3.1721e-01 |       -3.1721e-01 |
| RDEPLIQREFRATE    |  6.6036e-01 |  5.0000e-01 |  1.6036e-01 |    3.2073e-01 |        3.2073e-01 |
| RDEPLIQREFDEPTH   |  5.1560e+02 |  5.0000e+02 |  1.5598e+01 |    3.1196e-02 |        3.1196e-02 |
| RCL_OVERLAPLIQICE |  2.6167e-01 |  6.5000e-01 | -3.8833e-01 |   -5.9743e-01 |       -5.9743e-01 |
| RCL_INHOMOGAUT    |  1.8809e+00 |  1.5000e+00 |  3.8088e-01 |    2.5392e-01 |        2.5392e-01 |
| RCL_INHOMOGACC    |  2.4395e+00 |  3.0000e+00 | -5.6051e-01 |   -1.8684e-01 |       -1.8684e-01 |
| RMINICE           |  5.7907e+01 |  6.0000e+01 | -2.0932e+00 |   -3.4887e-02 |       -3.4887e-02 |
2026-04-16 16:48:29 | ectuner |     INFO -> Diagnostic maps saved to ../results/tuned_2d_LR/net_TOA/new_alfa_060/diagnostics_2d_phis_Global_a06.nc
Copia del file YAML inviata a ../results/tuned_2d_LR/net_TOA/new_yaml_files
