2026-04-16 16:47:48 | ectuner |     INFO -> Loading 2D Data (Sensitivity, Reference, Base)...
   > Loading reference for net_toa from: climate_average_net_toa_CERES EBAF_r180x90_2000-2024.nc
--- Loading cached base maps for phis ---
2026-04-16 16:47:49 | ectuner |     INFO -> Generating spatial weights (Area * Region)...
2026-04-16 16:47:49 | ectuner |     INFO -> Variable net_toa: Initial Spatial RMSE (Weighted) = 11.3965
2026-04-16 16:47:49 | ectuner |     INFO -> Flattening data for fast optimization...
2026-04-16 16:47:49 | ectuner |     INFO -> DEBUG: Global Bias for net_toa in optimizer: 5.6259
2026-04-16 16:47:49 | ectuner |     INFO -> Starting 2D Optimization (dual_annealing)...
2026-04-16 16:48:17 | ectuner |     INFO -> 
==================== GLOBAL MEAN & ZONAL SUMMARY FROM 2D OPTIMIZATION ====================
2026-04-16 16:48:17 | ectuner |     INFO -> Variable     | Metric       |            Initial ->              Final | Status
2026-04-16 16:48:17 | ectuner |     INFO -> ------------------------------------------------------------------------------------------
2026-04-16 16:48:17 | ectuner |     INFO -> net_toa      | Global Bias |             5.6259 ->             0.8588 | IMPROVED
2026-04-16 16:48:17 | ectuner |     INFO ->              | Spatial RMSE  |            11.3965 ->             9.1220 | IMPROVED
2026-04-16 16:48:17 | ectuner |     INFO -> ------------------------------------------------------------------------------------------
2026-04-16 16:48:18 | ectuner |     INFO -> Structured tuning YAML written to ../results/tuned_2d_LR/net_TOA/new_alfa_010/tuned_phis_a010.yml

| Parameter         |   New Value |   Old Value |      Change |   Rel. Change |   Dist. from Ref. |
|-------------------+-------------+-------------+-------------+---------------+-------------------|
| RPRCON            |  5.6000e-04 |  1.4000e-03 | -8.4000e-04 |   -6.0000e-01 |       -6.0000e-01 |
| ENTRORG           |  1.4517e-03 |  1.7500e-03 | -2.9835e-04 |   -1.7048e-01 |       -1.7048e-01 |
| DETRPEN           |  1.0267e-04 |  7.5000e-05 |  2.7673e-05 |    3.6898e-01 |        3.6898e-01 |
| ENTRDD            |  1.6146e-04 |  3.0000e-04 | -1.3854e-04 |   -4.6178e-01 |       -4.6178e-01 |
| RMFDEPS           |  4.7704e-01 |  3.0000e-01 |  1.7704e-01 |    5.9013e-01 |        5.9013e-01 |
| RVICE             |  2.0800e-01 |  1.3000e-01 |  7.8000e-02 |    6.0000e-01 |        6.0000e-01 |
| RLCRITSNOW        |  8.0000e-06 |  2.0000e-05 | -1.2000e-05 |   -6.0000e-01 |       -6.0000e-01 |
| RSNOWLIN2         |  1.2000e-02 |  3.0000e-02 | -1.8000e-02 |   -6.0000e-01 |       -6.0000e-01 |
| RCLDIFF           |  2.8596e-06 |  6.0000e-06 | -3.1404e-06 |   -5.2339e-01 |       -5.2339e-01 |
| RCLDIFF_CONVI     |  7.2927e+00 |  1.0000e+01 | -2.7073e+00 |   -2.7073e-01 |       -2.7073e-01 |
| RDEPLIQREFRATE    |  5.7513e-01 |  5.0000e-01 |  7.5127e-02 |    1.5025e-01 |        1.5025e-01 |
| RDEPLIQREFDEPTH   |  4.4590e+02 |  5.0000e+02 | -5.4096e+01 |   -1.0819e-01 |       -1.0819e-01 |
| RCL_OVERLAPLIQICE |  2.6000e-01 |  6.5000e-01 | -3.9000e-01 |   -6.0000e-01 |       -6.0000e-01 |
| RCL_INHOMOGAUT    |  7.5616e-01 |  1.5000e+00 | -7.4384e-01 |   -4.9589e-01 |       -4.9589e-01 |
| RCL_INHOMOGACC    |  2.9335e+00 |  3.0000e+00 | -6.6505e-02 |   -2.2168e-02 |       -2.2168e-02 |
| RMINICE           |  9.0783e+01 |  6.0000e+01 |  3.0783e+01 |    5.1304e-01 |        5.1304e-01 |
2026-04-16 16:48:18 | ectuner |     INFO -> Diagnostic maps saved to ../results/tuned_2d_LR/net_TOA/new_alfa_010/diagnostics_2d_phis_Global_a01.nc
Copia del file YAML inviata a ../results/tuned_2d_LR/net_TOA/new_yaml_files
