2026-04-16 09:58:33 | ectuner |     INFO -> Loading 2D Data (Sensitivity, Reference, Base)...
   > Loading reference for net_toa from: climate_average_net_toa_CERES EBAF_r180x90_2000-2024.nc
--- Loading cached base maps for phis ---
2026-04-16 09:58:34 | ectuner |     INFO -> Generating spatial weights (Area * Region)...
2026-04-16 09:58:34 | ectuner |     INFO -> Variable net_toa: Initial Spatial RMSE (Weighted) = 11.3965
2026-04-16 09:58:34 | ectuner |     INFO -> Flattening data for fast optimization...
2026-04-16 09:58:34 | ectuner |     INFO -> DEBUG: Global Bias for net_toa in optimizer: 5.6259
2026-04-16 09:58:34 | ectuner |     INFO -> Starting 2D Optimization (dual_annealing)...
2026-04-16 09:59:00 | ectuner |     INFO -> 
==================== GLOBAL MEAN & ZONAL SUMMARY FROM 2D OPTIMIZATION ====================
2026-04-16 09:59:00 | ectuner |     INFO -> Variable     | Metric       |            Initial ->              Final | Status
2026-04-16 09:59:00 | ectuner |     INFO -> ------------------------------------------------------------------------------------------
2026-04-16 09:59:00 | ectuner |     INFO -> net_toa      | Global Bias |             5.6259 ->             0.2171 | IMPROVED
2026-04-16 09:59:00 | ectuner |     INFO ->              | Spatial RMSE  |            11.3965 ->             9.2227 | IMPROVED
2026-04-16 09:59:00 | ectuner |     INFO -> ------------------------------------------------------------------------------------------
2026-04-16 09:59:00 | ectuner |     INFO -> Structured tuning YAML written to ../results/tuned_2d_LR/net_TOA/new_alfa_017/tuned_phis_a017.yml

| Parameter         |   New Value |   Old Value |      Change |   Rel. Change |   Dist. from Ref. |
|-------------------+-------------+-------------+-------------+---------------+-------------------|
| RPRCON            |  5.6000e-04 |  1.4000e-03 | -8.4000e-04 |   -6.0000e-01 |       -6.0000e-01 |
| ENTRORG           |  1.4543e-03 |  1.7500e-03 | -2.9574e-04 |   -1.6900e-01 |       -1.6900e-01 |
| DETRPEN           |  1.0207e-04 |  7.5000e-05 |  2.7073e-05 |    3.6098e-01 |        3.6098e-01 |
| ENTRDD            |  1.4851e-04 |  3.0000e-04 | -1.5149e-04 |   -5.0495e-01 |       -5.0495e-01 |
| RMFDEPS           |  4.7522e-01 |  3.0000e-01 |  1.7522e-01 |    5.8405e-01 |        5.8405e-01 |
| RVICE             |  2.0800e-01 |  1.3000e-01 |  7.8000e-02 |    6.0000e-01 |        6.0000e-01 |
| RLCRITSNOW        |  8.0000e-06 |  2.0000e-05 | -1.2000e-05 |   -6.0000e-01 |       -6.0000e-01 |
| RSNOWLIN2         |  1.2000e-02 |  3.0000e-02 | -1.8000e-02 |   -6.0000e-01 |       -6.0000e-01 |
| RCLDIFF           |  2.6352e-06 |  6.0000e-06 | -3.3648e-06 |   -5.6080e-01 |       -5.6080e-01 |
| RCLDIFF_CONVI     |  6.9749e+00 |  1.0000e+01 | -3.0251e+00 |   -3.0251e-01 |       -3.0251e-01 |
| RDEPLIQREFRATE    |  5.5923e-01 |  5.0000e-01 |  5.9227e-02 |    1.1845e-01 |        1.1845e-01 |
| RDEPLIQREFDEPTH   |  4.3845e+02 |  5.0000e+02 | -6.1545e+01 |   -1.2309e-01 |       -1.2309e-01 |
| RCL_OVERLAPLIQICE |  2.6000e-01 |  6.5000e-01 | -3.9000e-01 |   -6.0000e-01 |       -6.0000e-01 |
| RCL_INHOMOGAUT    |  6.8616e-01 |  1.5000e+00 | -8.1384e-01 |   -5.4256e-01 |       -5.4256e-01 |
| RCL_INHOMOGACC    |  2.7171e+00 |  3.0000e+00 | -2.8293e-01 |   -9.4311e-02 |       -9.4311e-02 |
| RMINICE           |  9.3079e+01 |  6.0000e+01 |  3.3079e+01 |    5.5131e-01 |        5.5131e-01 |
2026-04-16 09:59:00 | ectuner |     INFO -> Diagnostic maps saved to ../results/tuned_2d_LR/net_TOA/new_alfa_017/diagnostics_2d_phis_Global_a017.nc
Copia del file YAML inviata a ../results/tuned_2d_LR/net_TOA/new_yaml_files
