2026-04-16 16:47:49 | ectuner |     INFO -> Loading 2D Data (Sensitivity, Reference, Base)...
   > Loading reference for net_toa from: climate_average_net_toa_CERES EBAF_r180x90_2000-2024.nc
--- Loading cached base maps for phis ---
2026-04-16 16:47:49 | ectuner |     INFO -> Generating spatial weights (Area * Region)...
2026-04-16 16:47:49 | ectuner |     INFO -> Variable net_toa: Initial Spatial RMSE (Weighted) = 11.3965
2026-04-16 16:47:49 | ectuner |     INFO -> Flattening data for fast optimization...
2026-04-16 16:47:50 | ectuner |     INFO -> DEBUG: Global Bias for net_toa in optimizer: 5.6259
2026-04-16 16:47:50 | ectuner |     INFO -> Starting 2D Optimization (dual_annealing)...
2026-04-16 16:48:19 | ectuner |     INFO -> 
==================== GLOBAL MEAN & ZONAL SUMMARY FROM 2D OPTIMIZATION ====================
2026-04-16 16:48:19 | ectuner |     INFO -> Variable     | Metric       |            Initial ->              Final | Status
2026-04-16 16:48:19 | ectuner |     INFO -> ------------------------------------------------------------------------------------------
2026-04-16 16:48:19 | ectuner |     INFO -> net_toa      | Global Bias |             5.6259 ->             0.0000 | IMPROVED
2026-04-16 16:48:19 | ectuner |     INFO ->              | Spatial RMSE  |            11.3965 ->            10.2302 | IMPROVED
2026-04-16 16:48:19 | ectuner |     INFO -> ------------------------------------------------------------------------------------------
2026-04-16 16:48:19 | ectuner |     INFO -> Structured tuning YAML written to ../results/tuned_2d_LR/net_TOA/new_alfa_090/tuned_phis_a090.yml

| Parameter         |   New Value |   Old Value |      Change |   Rel. Change |   Dist. from Ref. |
|-------------------+-------------+-------------+-------------+---------------+-------------------|
| RPRCON            |  1.3700e-03 |  1.4000e-03 | -2.9989e-05 |   -2.1421e-02 |       -2.1421e-02 |
| ENTRORG           |  1.6350e-03 |  1.7500e-03 | -1.1501e-04 |   -6.5720e-02 |       -6.5720e-02 |
| DETRPEN           |  1.1173e-04 |  7.5000e-05 |  3.6730e-05 |    4.8973e-01 |        4.8973e-01 |
| ENTRDD            |  1.5563e-04 |  3.0000e-04 | -1.4437e-04 |   -4.8125e-01 |       -4.8125e-01 |
| RMFDEPS           |  3.0755e-01 |  3.0000e-01 |  7.5522e-03 |    2.5174e-02 |        2.5174e-02 |
| RVICE             |  1.3691e-01 |  1.3000e-01 |  6.9108e-03 |    5.3160e-02 |        5.3160e-02 |
| RLCRITSNOW        |  1.1928e-05 |  2.0000e-05 | -8.0721e-06 |   -4.0361e-01 |       -4.0361e-01 |
| RSNOWLIN2         |  2.0989e-02 |  3.0000e-02 | -9.0109e-03 |   -3.0036e-01 |       -3.0036e-01 |
| RCLDIFF           |  4.4526e-06 |  6.0000e-06 | -1.5474e-06 |   -2.5790e-01 |       -2.5790e-01 |
| RCLDIFF_CONVI     |  5.9456e+00 |  1.0000e+01 | -4.0544e+00 |   -4.0544e-01 |       -4.0544e-01 |
| RDEPLIQREFRATE    |  7.7241e-01 |  5.0000e-01 |  2.7241e-01 |    5.4482e-01 |        5.4482e-01 |
| RDEPLIQREFDEPTH   |  7.7967e+02 |  5.0000e+02 |  2.7967e+02 |    5.5935e-01 |        5.5935e-01 |
| RCL_OVERLAPLIQICE |  3.2668e-01 |  6.5000e-01 | -3.2332e-01 |   -4.9741e-01 |       -4.9741e-01 |
| RCL_INHOMOGAUT    |  1.5273e+00 |  1.5000e+00 |  2.7319e-02 |    1.8213e-02 |        1.8213e-02 |
| RCL_INHOMOGACC    |  1.2178e+00 |  3.0000e+00 | -1.7822e+00 |   -5.9407e-01 |       -5.9407e-01 |
| RMINICE           |  8.1492e+01 |  6.0000e+01 |  2.1492e+01 |    3.5820e-01 |        3.5820e-01 |
2026-04-16 16:48:19 | ectuner |     INFO -> Diagnostic maps saved to ../results/tuned_2d_LR/net_TOA/new_alfa_090/diagnostics_2d_phis_Global_a09.nc
Copia del file YAML inviata a ../results/tuned_2d_LR/net_TOA/new_yaml_files
