2026-04-16 16:47:48 | ectuner |     INFO -> Loading 2D Data (Sensitivity, Reference, Base)...
   > Loading reference for net_toa from: climate_average_net_toa_CERES EBAF_r180x90_2000-2024.nc
--- Loading cached base maps for phis ---
2026-04-16 16:47:49 | ectuner |     INFO -> Generating spatial weights (Area * Region)...
2026-04-16 16:47:49 | ectuner |     INFO -> Variable net_toa: Initial Spatial RMSE (Weighted) = 11.3965
2026-04-16 16:47:49 | ectuner |     INFO -> Flattening data for fast optimization...
2026-04-16 16:47:49 | ectuner |     INFO -> DEBUG: Global Bias for net_toa in optimizer: 5.6259
2026-04-16 16:47:49 | ectuner |     INFO -> Starting 2D Optimization (dual_annealing)...
2026-04-16 16:48:18 | ectuner |     INFO -> 
==================== GLOBAL MEAN & ZONAL SUMMARY FROM 2D OPTIMIZATION ====================
2026-04-16 16:48:18 | ectuner |     INFO -> Variable     | Metric       |            Initial ->              Final | Status
2026-04-16 16:48:18 | ectuner |     INFO -> ------------------------------------------------------------------------------------------
2026-04-16 16:48:18 | ectuner |     INFO -> net_toa      | Global Bias |             5.6259 ->             1.6164 | IMPROVED
2026-04-16 16:48:18 | ectuner |     INFO ->              | Spatial RMSE  |            11.3965 ->             9.0801 | IMPROVED
2026-04-16 16:48:18 | ectuner |     INFO -> ------------------------------------------------------------------------------------------
2026-04-16 16:48:18 | ectuner |     INFO -> Structured tuning YAML written to ../results/tuned_2d_LR/net_TOA/new_alfa_000/tuned_phis_a000.yml

| Parameter         |   New Value |   Old Value |      Change |   Rel. Change |   Dist. from Ref. |
|-------------------+-------------+-------------+-------------+---------------+-------------------|
| RPRCON            |  5.6000e-04 |  1.4000e-03 | -8.4000e-04 |   -6.0000e-01 |       -6.0000e-01 |
| ENTRORG           |  1.4512e-03 |  1.7500e-03 | -2.9883e-04 |   -1.7076e-01 |       -1.7076e-01 |
| DETRPEN           |  1.0407e-04 |  7.5000e-05 |  2.9072e-05 |    3.8762e-01 |        3.8762e-01 |
| ENTRDD            |  1.7705e-04 |  3.0000e-04 | -1.2295e-04 |   -4.0982e-01 |       -4.0982e-01 |
| RMFDEPS           |  4.7841e-01 |  3.0000e-01 |  1.7841e-01 |    5.9470e-01 |        5.9470e-01 |
| RVICE             |  2.0800e-01 |  1.3000e-01 |  7.8000e-02 |    6.0000e-01 |        6.0000e-01 |
| RLCRITSNOW        |  8.0000e-06 |  2.0000e-05 | -1.2000e-05 |   -6.0000e-01 |       -6.0000e-01 |
| RSNOWLIN2         |  1.2549e-02 |  3.0000e-02 | -1.7451e-02 |   -5.8169e-01 |       -5.8169e-01 |
| RCLDIFF           |  3.1225e-06 |  6.0000e-06 | -2.8775e-06 |   -4.7959e-01 |       -4.7959e-01 |
| RCLDIFF_CONVI     |  7.6603e+00 |  1.0000e+01 | -2.3397e+00 |   -2.3397e-01 |       -2.3397e-01 |
| RDEPLIQREFRATE    |  5.8608e-01 |  5.0000e-01 |  8.6081e-02 |    1.7216e-01 |        1.7216e-01 |
| RDEPLIQREFDEPTH   |  4.6643e+02 |  5.0000e+02 | -3.3575e+01 |   -6.7149e-02 |       -6.7149e-02 |
| RCL_OVERLAPLIQICE |  2.6000e-01 |  6.5000e-01 | -3.9000e-01 |   -6.0000e-01 |       -6.0000e-01 |
| RCL_INHOMOGAUT    |  8.8924e-01 |  1.5000e+00 | -6.1076e-01 |   -4.0717e-01 |       -4.0717e-01 |
| RCL_INHOMOGACC    |  3.1596e+00 |  3.0000e+00 |  1.5960e-01 |    5.3202e-02 |        5.3202e-02 |
| RMINICE           |  8.7416e+01 |  6.0000e+01 |  2.7416e+01 |    4.5693e-01 |        4.5693e-01 |
2026-04-16 16:48:18 | ectuner |     INFO -> Diagnostic maps saved to ../results/tuned_2d_LR/net_TOA/new_alfa_000/diagnostics_2d_phis_Global_a0.nc
Copia del file YAML inviata a ../results/tuned_2d_LR/net_TOA/new_yaml_files
