2026-04-16 08:00:24 | ectuner |     INFO -> Loading 2D Data (Sensitivity, Reference, Base)...
   > Loading reference for net_toa from: climate_average_net_toa_CERES EBAF_r180x90_2000-2024.nc
--- Loading cached base maps for phis ---
2026-04-16 08:00:25 | ectuner |     INFO -> Generating spatial weights (Area * Region)...
2026-04-16 08:00:25 | ectuner |     INFO -> Variable net_toa: Initial Spatial RMSE (Weighted) = 11.3965
2026-04-16 08:00:25 | ectuner |     INFO -> Flattening data for fast optimization...
2026-04-16 08:00:26 | ectuner |     INFO -> DEBUG: Global Bias for net_toa in optimizer: 5.6259
2026-04-16 08:00:26 | ectuner |     INFO -> Starting 2D Optimization (dual_annealing)...
2026-04-16 08:00:57 | ectuner |     INFO -> 
==================== GLOBAL MEAN & ZONAL SUMMARY FROM 2D OPTIMIZATION ====================
2026-04-16 08:00:57 | ectuner |     INFO -> Variable     | Metric       |            Initial ->              Final | Status
2026-04-16 08:00:57 | ectuner |     INFO -> ------------------------------------------------------------------------------------------
2026-04-16 08:00:57 | ectuner |     INFO -> net_toa      | Global Bias |             5.6259 ->             0.0000 | IMPROVED
2026-04-16 08:00:57 | ectuner |     INFO ->              | Spatial RMSE  |            11.3965 ->             9.6648 | IMPROVED
2026-04-16 08:00:57 | ectuner |     INFO -> ------------------------------------------------------------------------------------------
2026-04-16 08:00:57 | ectuner |     INFO -> Structured tuning YAML written to ../results/tuned_2d_LR/net_TOA/new_alfa_05/tuned_phis_2000_2017_2D_a05.yml

| Parameter         |   New Value |   Old Value |      Change |   Rel. Change |   Dist. from Ref. |
|-------------------+-------------+-------------+-------------+---------------+-------------------|
| RPRCON            |  9.7455e-04 |  1.4000e-03 | -4.2545e-04 |   -3.0389e-01 |       -3.0389e-01 |
| ENTRORG           |  1.8236e-03 |  1.7500e-03 |  7.3629e-05 |    4.2074e-02 |        4.2074e-02 |
| DETRPEN           |  8.9851e-05 |  7.5000e-05 |  1.4851e-05 |    1.9801e-01 |        1.9801e-01 |
| ENTRDD            |  2.1531e-04 |  3.0000e-04 | -8.4687e-05 |   -2.8229e-01 |       -2.8229e-01 |
| RMFDEPS           |  4.4143e-01 |  3.0000e-01 |  1.4143e-01 |    4.7143e-01 |        4.7143e-01 |
| RVICE             |  2.0541e-01 |  1.3000e-01 |  7.5409e-02 |    5.8007e-01 |        5.8007e-01 |
| RLCRITSNOW        |  9.7635e-06 |  2.0000e-05 | -1.0237e-05 |   -5.1183e-01 |       -5.1183e-01 |
| RSNOWLIN2         |  2.6747e-02 |  3.0000e-02 | -3.2529e-03 |   -1.0843e-01 |       -1.0843e-01 |
| RCLDIFF           |  5.3578e-06 |  6.0000e-06 | -6.4224e-07 |   -1.0704e-01 |       -1.0704e-01 |
| RCLDIFF_CONVI     |  7.3743e+00 |  1.0000e+01 | -2.6257e+00 |   -2.6257e-01 |       -2.6257e-01 |
| RDEPLIQREFRATE    |  4.7093e-01 |  5.0000e-01 | -2.9068e-02 |   -5.8135e-02 |       -5.8135e-02 |
| RDEPLIQREFDEPTH   |  5.6060e+02 |  5.0000e+02 |  6.0598e+01 |    1.2120e-01 |        1.2120e-01 |
| RCL_OVERLAPLIQICE |  3.0389e-01 |  6.5000e-01 | -3.4611e-01 |   -5.3248e-01 |       -5.3248e-01 |
| RCL_INHOMOGAUT    |  1.1625e+00 |  1.5000e+00 | -3.3751e-01 |   -2.2501e-01 |       -2.2501e-01 |
| RCL_INHOMOGACC    |  2.2549e+00 |  3.0000e+00 | -7.4511e-01 |   -2.4837e-01 |       -2.4837e-01 |
| RMINICE           |  9.2778e+01 |  6.0000e+01 |  3.2778e+01 |    5.4631e-01 |        5.4631e-01 |
2026-04-16 08:00:57 | ectuner |     INFO -> Diagnostic maps saved to /ec/res4/hpcperm/ecme3038/ecearth/ecearth4/ECtuner/mari/results/tuned_2d_LR/net_TOA/new_alfa_05/diagnostics_2d_phis_Global_a05.nc
