2026-04-24 18:52:14 | ectuner |     INFO -> Loading 2D Data (Sensitivity, Reference, Base)...
   > Loading reference for net_toa from: climate_average_net_toa_CERES EBAF_r180x90_2000-2024.nc
   > Loading reference for rlnt from: climate_average_rlnt_CERES EBAF_r180x90_2000-2024.nc
   > Flipping sign for rlnt (Obs is UP, Model is DOWN)
--- Loading cached base maps for phis ---
2026-04-24 18:52:14 | ectuner |     INFO -> Generating spatial weights (Area * Region)...
2026-04-24 18:52:14 | ectuner |     INFO -> Variable net_toa: Initial Spatial RMSE (Weighted) = 11.3965
2026-04-24 18:52:14 | ectuner |     INFO -> Variable rlnt: Initial Spatial RMSE (Weighted) = 11.5226
2026-04-24 18:52:14 | ectuner |     INFO -> Flattening data for fast optimization...
2026-04-24 18:52:15 | ectuner |     INFO -> DEBUG: Global Bias for net_toa in optimizer: 5.6259
2026-04-24 18:52:15 | ectuner |     INFO -> DEBUG: Global Bias for rlnt in optimizer: 6.9311
2026-04-24 18:52:15 | ectuner |     INFO -> Starting 2D Optimization (dual_annealing)...
2026-04-24 18:57:25 | ectuner |     INFO -> 
==================== GLOBAL MEAN & ZONAL SUMMARY FROM 2D OPTIMIZATION ====================
2026-04-24 18:57:25 | ectuner |     INFO -> Variable     | Metric       |            Initial ->              Final | Status
2026-04-24 18:57:25 | ectuner |     INFO -> ------------------------------------------------------------------------------------------
2026-04-24 18:57:25 | ectuner |     INFO -> net_toa      | Global Bias |             5.6259 ->             1.8620 | IMPROVED
2026-04-24 18:57:25 | ectuner |     INFO ->              | Spatial RMSE  |            11.3965 ->             9.3522 | IMPROVED
2026-04-24 18:57:25 | ectuner |     INFO -> ------------------------------------------------------------------------------------------
2026-04-24 18:57:25 | ectuner |     INFO -> rlnt         | Global Bias |             6.9311 ->             2.2260 | IMPROVED
2026-04-24 18:57:25 | ectuner |     INFO ->              | Spatial RMSE  |            11.5226 ->             8.3908 | IMPROVED
2026-04-24 18:57:25 | ectuner |     INFO -> ------------------------------------------------------------------------------------------
2026-04-24 18:57:25 | ectuner |     INFO -> Structured tuning YAML written to ../results/tuned_2d_LR/rlnt/tol_alfa_000/tuned_phis_a000.yml

| Parameter         |   New Value |   Old Value |      Change |   Rel. Change |   Dist. from Ref. |
|-------------------+-------------+-------------+-------------+---------------+-------------------|
| RPRCON            |  9.8122e-04 |  1.4000e-03 | -4.1878e-04 |   -2.9913e-01 |       -2.9913e-01 |
| ENTRORG           |  1.2543e-03 |  1.7500e-03 | -4.9573e-04 |   -2.8327e-01 |       -2.8327e-01 |
| DETRPEN           |  1.2000e-04 |  7.5000e-05 |  4.4997e-05 |    5.9996e-01 |        5.9996e-01 |
| ENTRDD            |  2.1107e-04 |  3.0000e-04 | -8.8933e-05 |   -2.9644e-01 |       -2.9644e-01 |
| RMFDEPS           |  4.2016e-01 |  3.0000e-01 |  1.2016e-01 |    4.0055e-01 |        4.0055e-01 |
| RVICE             |  2.0798e-01 |  1.3000e-01 |  7.7981e-02 |    5.9986e-01 |        5.9986e-01 |
| RLCRITSNOW        |  1.1129e-05 |  2.0000e-05 | -8.8715e-06 |   -4.4357e-01 |       -4.4357e-01 |
| RSNOWLIN2         |  1.2060e-02 |  3.0000e-02 | -1.7940e-02 |   -5.9801e-01 |       -5.9801e-01 |
| RCLDIFF           |  5.2955e-06 |  6.0000e-06 | -7.0446e-07 |   -1.1741e-01 |       -1.1741e-01 |
| RCLDIFF_CONVI     |  1.1161e+01 |  1.0000e+01 |  1.1611e+00 |    1.1611e-01 |        1.1611e-01 |
| RDEPLIQREFRATE    |  6.7946e-01 |  5.0000e-01 |  1.7946e-01 |    3.5891e-01 |        3.5891e-01 |
| RDEPLIQREFDEPTH   |  5.4631e+02 |  5.0000e+02 |  4.6306e+01 |    9.2612e-02 |        9.2612e-02 |
| RCL_OVERLAPLIQICE |  4.9707e-01 |  6.5000e-01 | -1.5293e-01 |   -2.3528e-01 |       -2.3528e-01 |
| RCL_INHOMOGAUT    |  1.4595e+00 |  1.5000e+00 | -4.0452e-02 |   -2.6968e-02 |       -2.6968e-02 |
| RCL_INHOMOGACC    |  1.9196e+00 |  3.0000e+00 | -1.0804e+00 |   -3.6012e-01 |       -3.6012e-01 |
| RMINICE           |  8.4122e+01 |  6.0000e+01 |  2.4122e+01 |    4.0204e-01 |        4.0204e-01 |
2026-04-24 18:57:25 | ectuner |     INFO -> Diagnostic maps saved to ../results/tuned_2d_LR/rlnt/tol_alfa_000/diagnostics_2d_phis_Global_a00.nc
Copia del file YAML inviata a ../results/tuned_2d_LR/rlnt/tol_yaml_files
