2026-04-24 18:52:12 | ectuner |     INFO -> Loading 2D Data (Sensitivity, Reference, Base)...
   > Loading reference for net_toa from: climate_average_net_toa_CERES EBAF_r180x90_2000-2024.nc
   > Loading reference for rlnt from: climate_average_rlnt_CERES EBAF_r180x90_2000-2024.nc
   > Flipping sign for rlnt (Obs is UP, Model is DOWN)
--- Loading cached base maps for phis ---
2026-04-24 18:52:14 | ectuner |     INFO -> Generating spatial weights (Area * Region)...
2026-04-24 18:52:14 | ectuner |     INFO -> Variable net_toa: Initial Spatial RMSE (Weighted) = 11.3965
2026-04-24 18:52:14 | ectuner |     INFO -> Variable rlnt: Initial Spatial RMSE (Weighted) = 11.5226
2026-04-24 18:52:14 | ectuner |     INFO -> Flattening data for fast optimization...
2026-04-24 18:52:14 | ectuner |     INFO -> DEBUG: Global Bias for net_toa in optimizer: 5.6259
2026-04-24 18:52:14 | ectuner |     INFO -> DEBUG: Global Bias for rlnt in optimizer: 6.9311
2026-04-24 18:52:14 | ectuner |     INFO -> Starting 2D Optimization (dual_annealing)...
2026-04-24 18:53:15 | ectuner |     INFO -> 
==================== GLOBAL MEAN & ZONAL SUMMARY FROM 2D OPTIMIZATION ====================
2026-04-24 18:53:15 | ectuner |     INFO -> Variable     | Metric       |            Initial ->              Final | Status
2026-04-24 18:53:15 | ectuner |     INFO -> ------------------------------------------------------------------------------------------
2026-04-24 18:53:15 | ectuner |     INFO -> net_toa      | Global Bias |             5.6259 ->            -0.0000 | IMPROVED
2026-04-24 18:53:15 | ectuner |     INFO ->              | Spatial RMSE  |            11.3965 ->            12.7836 | WORSENED
2026-04-24 18:53:15 | ectuner |     INFO -> ------------------------------------------------------------------------------------------
2026-04-24 18:53:15 | ectuner |     INFO -> rlnt         | Global Bias |             6.9311 ->            -0.0000 | IMPROVED
2026-04-24 18:53:15 | ectuner |     INFO ->              | Spatial RMSE  |            11.5226 ->            13.5989 | WORSENED
2026-04-24 18:53:15 | ectuner |     INFO -> ------------------------------------------------------------------------------------------
2026-04-24 18:53:15 | ectuner |     INFO -> Structured tuning YAML written to ../results/tuned_2d_LR/rlnt/tol_alfa_100/tuned_phis_a100.yml

| Parameter         |   New Value |   Old Value |      Change |   Rel. Change |   Dist. from Ref. |
|-------------------+-------------+-------------+-------------+---------------+-------------------|
| RPRCON            |  1.9632e-03 |  1.4000e-03 |  5.6321e-04 |    4.0230e-01 |        4.0230e-01 |
| ENTRORG           |  2.7960e-03 |  1.7500e-03 |  1.0460e-03 |    5.9771e-01 |        5.9771e-01 |
| DETRPEN           |  8.5022e-05 |  7.5000e-05 |  1.0022e-05 |    1.3363e-01 |        1.3363e-01 |
| ENTRDD            |  3.8044e-04 |  3.0000e-04 |  8.0436e-05 |    2.6812e-01 |        2.6812e-01 |
| RMFDEPS           |  1.2701e-01 |  3.0000e-01 | -1.7299e-01 |   -5.7663e-01 |       -5.7663e-01 |
| RVICE             |  1.4544e-01 |  1.3000e-01 |  1.5436e-02 |    1.1874e-01 |        1.1874e-01 |
| RLCRITSNOW        |  2.6554e-05 |  2.0000e-05 |  6.5539e-06 |    3.2770e-01 |        3.2770e-01 |
| RSNOWLIN2         |  2.9567e-02 |  3.0000e-02 | -4.3346e-04 |   -1.4449e-02 |       -1.4449e-02 |
| RCLDIFF           |  7.2130e-06 |  6.0000e-06 |  1.2130e-06 |    2.0217e-01 |        2.0217e-01 |
| RCLDIFF_CONVI     |  6.1519e+00 |  1.0000e+01 | -3.8481e+00 |   -3.8481e-01 |       -3.8481e-01 |
| RDEPLIQREFRATE    |  5.7722e-01 |  5.0000e-01 |  7.7220e-02 |    1.5444e-01 |        1.5444e-01 |
| RDEPLIQREFDEPTH   |  5.9006e+02 |  5.0000e+02 |  9.0065e+01 |    1.8013e-01 |        1.8013e-01 |
| RCL_OVERLAPLIQICE |  5.1361e-01 |  6.5000e-01 | -1.3639e-01 |   -2.0983e-01 |       -2.0983e-01 |
| RCL_INHOMOGAUT    |  1.0407e+00 |  1.5000e+00 | -4.5934e-01 |   -3.0623e-01 |       -3.0623e-01 |
| RCL_INHOMOGACC    |  2.4856e+00 |  3.0000e+00 | -5.1440e-01 |   -1.7147e-01 |       -1.7147e-01 |
| RMINICE           |  9.3372e+01 |  6.0000e+01 |  3.3372e+01 |    5.5620e-01 |        5.5620e-01 |
2026-04-24 18:53:15 | ectuner |     INFO -> Diagnostic maps saved to ../results/tuned_2d_LR/rlnt/tol_alfa_100/diagnostics_2d_phis_Global_a10.nc
Copia del file YAML inviata a ../results/tuned_2d_LR/rlnt/tol_yaml_files
