2026-04-24 18:52:26 | ectuner |     INFO -> Loading 2D Data (Sensitivity, Reference, Base)...
   > Loading reference for net_toa from: climate_average_net_toa_CERES EBAF_r180x90_2000-2024.nc
   > Loading reference for rlnt from: climate_average_rlnt_CERES EBAF_r180x90_2000-2024.nc
   > Flipping sign for rlnt (Obs is UP, Model is DOWN)
--- Loading cached base maps for phis ---
2026-04-24 18:52:26 | ectuner |     INFO -> Generating spatial weights (Area * Region)...
2026-04-24 18:52:26 | ectuner |     INFO -> Variable net_toa: Initial Spatial RMSE (Weighted) = 11.3965
2026-04-24 18:52:26 | ectuner |     INFO -> Variable rlnt: Initial Spatial RMSE (Weighted) = 11.5226
2026-04-24 18:52:26 | ectuner |     INFO -> Flattening data for fast optimization...
2026-04-24 18:52:26 | ectuner |     INFO -> DEBUG: Global Bias for net_toa in optimizer: 5.6259
2026-04-24 18:52:26 | ectuner |     INFO -> DEBUG: Global Bias for rlnt in optimizer: 6.9311
2026-04-24 18:52:26 | ectuner |     INFO -> Starting 2D Optimization (dual_annealing)...
2026-04-24 18:53:30 | ectuner |     INFO -> 
==================== GLOBAL MEAN & ZONAL SUMMARY FROM 2D OPTIMIZATION ====================
2026-04-24 18:53:30 | ectuner |     INFO -> Variable     | Metric       |            Initial ->              Final | Status
2026-04-24 18:53:30 | ectuner |     INFO -> ------------------------------------------------------------------------------------------
2026-04-24 18:53:30 | ectuner |     INFO -> net_toa      | Global Bias |             5.6259 ->            -0.0000 | IMPROVED
2026-04-24 18:53:30 | ectuner |     INFO ->              | Spatial RMSE  |            11.3965 ->            10.9650 | IMPROVED
2026-04-24 18:53:30 | ectuner |     INFO -> ------------------------------------------------------------------------------------------
2026-04-24 18:53:30 | ectuner |     INFO -> rlnt         | Global Bias |             6.9311 ->             0.0000 | IMPROVED
2026-04-24 18:53:30 | ectuner |     INFO ->              | Spatial RMSE  |            11.5226 ->             9.8042 | IMPROVED
2026-04-24 18:53:30 | ectuner |     INFO -> ------------------------------------------------------------------------------------------
2026-04-24 18:53:30 | ectuner |     INFO -> Structured tuning YAML written to ../results/tuned_2d_LR/rlnt/tol_alfa_090/tuned_phis_a090.yml

| Parameter         |   New Value |   Old Value |      Change |   Rel. Change |   Dist. from Ref. |
|-------------------+-------------+-------------+-------------+---------------+-------------------|
| RPRCON            |  2.0962e-03 |  1.4000e-03 |  6.9616e-04 |    4.9726e-01 |        4.9726e-01 |
| ENTRORG           |  1.7222e-03 |  1.7500e-03 | -2.7765e-05 |   -1.5865e-02 |       -1.5865e-02 |
| DETRPEN           |  1.1631e-04 |  7.5000e-05 |  4.1307e-05 |    5.5076e-01 |        5.5076e-01 |
| ENTRDD            |  2.3906e-04 |  3.0000e-04 | -6.0944e-05 |   -2.0315e-01 |       -2.0315e-01 |
| RMFDEPS           |  4.7693e-01 |  3.0000e-01 |  1.7693e-01 |    5.8978e-01 |        5.8978e-01 |
| RVICE             |  1.6159e-01 |  1.3000e-01 |  3.1589e-02 |    2.4299e-01 |        2.4299e-01 |
| RLCRITSNOW        |  1.3048e-05 |  2.0000e-05 | -6.9524e-06 |   -3.4762e-01 |       -3.4762e-01 |
| RSNOWLIN2         |  2.8112e-02 |  3.0000e-02 | -1.8883e-03 |   -6.2942e-02 |       -6.2942e-02 |
| RCLDIFF           |  4.5630e-06 |  6.0000e-06 | -1.4370e-06 |   -2.3949e-01 |       -2.3949e-01 |
| RCLDIFF_CONVI     |  6.4635e+00 |  1.0000e+01 | -3.5365e+00 |   -3.5365e-01 |       -3.5365e-01 |
| RDEPLIQREFRATE    |  6.0556e-01 |  5.0000e-01 |  1.0556e-01 |    2.1112e-01 |        2.1112e-01 |
| RDEPLIQREFDEPTH   |  5.1769e+02 |  5.0000e+02 |  1.7692e+01 |    3.5384e-02 |        3.5384e-02 |
| RCL_OVERLAPLIQICE |  9.1736e-01 |  6.5000e-01 |  2.6736e-01 |    4.1132e-01 |        4.1132e-01 |
| RCL_INHOMOGAUT    |  1.2296e+00 |  1.5000e+00 | -2.7041e-01 |   -1.8028e-01 |       -1.8028e-01 |
| RCL_INHOMOGACC    |  1.3995e+00 |  3.0000e+00 | -1.6005e+00 |   -5.3349e-01 |       -5.3349e-01 |
| RMINICE           |  9.2110e+01 |  6.0000e+01 |  3.2110e+01 |    5.3517e-01 |        5.3517e-01 |
2026-04-24 18:53:30 | ectuner |     INFO -> Diagnostic maps saved to ../results/tuned_2d_LR/rlnt/tol_alfa_090/diagnostics_2d_phis_Global_a09.nc
Copia del file YAML inviata a ../results/tuned_2d_LR/rlnt/tol_yaml_files
