2026-04-24 18:52:26 | ectuner |     INFO -> Loading 2D Data (Sensitivity, Reference, Base)...
   > Loading reference for net_toa from: climate_average_net_toa_CERES EBAF_r180x90_2000-2024.nc
   > Loading reference for rlnt from: climate_average_rlnt_CERES EBAF_r180x90_2000-2024.nc
   > Flipping sign for rlnt (Obs is UP, Model is DOWN)
--- Loading cached base maps for phis ---
2026-04-24 18:52:27 | ectuner |     INFO -> Generating spatial weights (Area * Region)...
2026-04-24 18:52:27 | ectuner |     INFO -> Variable net_toa: Initial Spatial RMSE (Weighted) = 11.3965
2026-04-24 18:52:27 | ectuner |     INFO -> Variable rlnt: Initial Spatial RMSE (Weighted) = 11.5226
2026-04-24 18:52:27 | ectuner |     INFO -> Flattening data for fast optimization...
2026-04-24 18:52:27 | ectuner |     INFO -> DEBUG: Global Bias for net_toa in optimizer: 5.6259
2026-04-24 18:52:27 | ectuner |     INFO -> DEBUG: Global Bias for rlnt in optimizer: 6.9311
2026-04-24 18:52:27 | ectuner |     INFO -> Starting 2D Optimization (dual_annealing)...
2026-04-24 18:54:02 | ectuner |     INFO -> 
==================== GLOBAL MEAN & ZONAL SUMMARY FROM 2D OPTIMIZATION ====================
2026-04-24 18:54:02 | ectuner |     INFO -> Variable     | Metric       |            Initial ->              Final | Status
2026-04-24 18:54:02 | ectuner |     INFO -> ------------------------------------------------------------------------------------------
2026-04-24 18:54:02 | ectuner |     INFO -> net_toa      | Global Bias |             5.6259 ->            -0.0000 | IMPROVED
2026-04-24 18:54:02 | ectuner |     INFO ->              | Spatial RMSE  |            11.3965 ->             9.9013 | IMPROVED
2026-04-24 18:54:02 | ectuner |     INFO -> ------------------------------------------------------------------------------------------
2026-04-24 18:54:02 | ectuner |     INFO -> rlnt         | Global Bias |             6.9311 ->             0.0001 | IMPROVED
2026-04-24 18:54:02 | ectuner |     INFO ->              | Spatial RMSE  |            11.5226 ->             9.2327 | IMPROVED
2026-04-24 18:54:02 | ectuner |     INFO -> ------------------------------------------------------------------------------------------
2026-04-24 18:54:03 | ectuner |     INFO -> Structured tuning YAML written to ../results/tuned_2d_LR/rlnt/tol_alfa_040/tuned_phis_a040.yml

| Parameter         |   New Value |   Old Value |      Change |   Rel. Change |   Dist. from Ref. |
|-------------------+-------------+-------------+-------------+---------------+-------------------|
| RPRCON            |  1.6117e-03 |  1.4000e-03 |  2.1167e-04 |    1.5120e-01 |        1.5120e-01 |
| ENTRORG           |  1.4920e-03 |  1.7500e-03 | -2.5799e-04 |   -1.4742e-01 |       -1.4742e-01 |
| DETRPEN           |  1.1462e-04 |  7.5000e-05 |  3.9623e-05 |    5.2830e-01 |        5.2830e-01 |
| ENTRDD            |  1.8618e-04 |  3.0000e-04 | -1.1382e-04 |   -3.7938e-01 |       -3.7938e-01 |
| RMFDEPS           |  3.9636e-01 |  3.0000e-01 |  9.6364e-02 |    3.2121e-01 |        3.2121e-01 |
| RVICE             |  2.0386e-01 |  1.3000e-01 |  7.3859e-02 |    5.6815e-01 |        5.6815e-01 |
| RLCRITSNOW        |  8.9727e-06 |  2.0000e-05 | -1.1027e-05 |   -5.5137e-01 |       -5.5137e-01 |
| RSNOWLIN2         |  2.3034e-02 |  3.0000e-02 | -6.9656e-03 |   -2.3219e-01 |       -2.3219e-01 |
| RCLDIFF           |  3.8411e-06 |  6.0000e-06 | -2.1589e-06 |   -3.5982e-01 |       -3.5982e-01 |
| RCLDIFF_CONVI     |  9.8156e+00 |  1.0000e+01 | -1.8445e-01 |   -1.8445e-02 |       -1.8445e-02 |
| RDEPLIQREFRATE    |  7.2482e-01 |  5.0000e-01 |  2.2482e-01 |    4.4965e-01 |        4.4965e-01 |
| RDEPLIQREFDEPTH   |  5.1551e+02 |  5.0000e+02 |  1.5507e+01 |    3.1013e-02 |        3.1013e-02 |
| RCL_OVERLAPLIQICE |  4.5428e-01 |  6.5000e-01 | -1.9572e-01 |   -3.0111e-01 |       -3.0111e-01 |
| RCL_INHOMOGAUT    |  9.9989e-01 |  1.5000e+00 | -5.0011e-01 |   -3.3341e-01 |       -3.3341e-01 |
| RCL_INHOMOGACC    |  1.6356e+00 |  3.0000e+00 | -1.3644e+00 |   -4.5480e-01 |       -4.5480e-01 |
| RMINICE           |  9.4864e+01 |  6.0000e+01 |  3.4864e+01 |    5.8107e-01 |        5.8107e-01 |
2026-04-24 18:54:03 | ectuner |     INFO -> Diagnostic maps saved to ../results/tuned_2d_LR/rlnt/tol_alfa_040/diagnostics_2d_phis_Global_a04.nc
Copia del file YAML inviata a ../results/tuned_2d_LR/rlnt/tol_yaml_files
