2026-04-24 18:52:09 | ectuner |     INFO -> Loading 2D Data (Sensitivity, Reference, Base)...
   > Loading reference for net_toa from: climate_average_net_toa_CERES EBAF_r180x90_2000-2024.nc
   > Loading reference for rlnt from: climate_average_rlnt_CERES EBAF_r180x90_2000-2024.nc
   > Flipping sign for rlnt (Obs is UP, Model is DOWN)
--- Loading cached base maps for phis ---
2026-04-24 18:52:10 | ectuner |     INFO -> Generating spatial weights (Area * Region)...
2026-04-24 18:52:10 | ectuner |     INFO -> Variable net_toa: Initial Spatial RMSE (Weighted) = 11.3965
2026-04-24 18:52:10 | ectuner |     INFO -> Variable rlnt: Initial Spatial RMSE (Weighted) = 11.5226
2026-04-24 18:52:10 | ectuner |     INFO -> Flattening data for fast optimization...
2026-04-24 18:52:10 | ectuner |     INFO -> DEBUG: Global Bias for net_toa in optimizer: 5.6259
2026-04-24 18:52:10 | ectuner |     INFO -> DEBUG: Global Bias for rlnt in optimizer: 6.9311
2026-04-24 18:52:10 | ectuner |     INFO -> Starting 2D Optimization (dual_annealing)...
2026-04-24 18:53:01 | ectuner |     INFO -> 
==================== GLOBAL MEAN & ZONAL SUMMARY FROM 2D OPTIMIZATION ====================
2026-04-24 18:53:01 | ectuner |     INFO -> Variable     | Metric       |            Initial ->              Final | Status
2026-04-24 18:53:01 | ectuner |     INFO -> ------------------------------------------------------------------------------------------
2026-04-24 18:53:01 | ectuner |     INFO -> net_toa      | Global Bias |             5.6259 ->            -0.0002 | IMPROVED
2026-04-24 18:53:01 | ectuner |     INFO ->              | Spatial RMSE  |            11.3965 ->            10.7161 | IMPROVED
2026-04-24 18:53:01 | ectuner |     INFO -> ------------------------------------------------------------------------------------------
2026-04-24 18:53:01 | ectuner |     INFO -> rlnt         | Global Bias |             6.9311 ->             0.0008 | IMPROVED
2026-04-24 18:53:01 | ectuner |     INFO ->              | Spatial RMSE  |            11.5226 ->            10.5304 | IMPROVED
2026-04-24 18:53:01 | ectuner |     INFO -> ------------------------------------------------------------------------------------------
2026-04-24 18:53:01 | ectuner |     INFO -> Structured tuning YAML written to ../results/tuned_2d_LR/rlnt/tol_alfa_080/tuned_phis_a080.yml

| Parameter         |   New Value |   Old Value |      Change |   Rel. Change |   Dist. from Ref. |
|-------------------+-------------+-------------+-------------+---------------+-------------------|
| RPRCON            |  1.9348e-03 |  1.4000e-03 |  5.3480e-04 |    3.8200e-01 |        3.8200e-01 |
| ENTRORG           |  2.1305e-03 |  1.7500e-03 |  3.8051e-04 |    2.1743e-01 |        2.1743e-01 |
| DETRPEN           |  7.1881e-05 |  7.5000e-05 | -3.1185e-06 |   -4.1581e-02 |       -4.1581e-02 |
| ENTRDD            |  2.7954e-04 |  3.0000e-04 | -2.0455e-05 |   -6.8184e-02 |       -6.8184e-02 |
| RMFDEPS           |  4.7291e-01 |  3.0000e-01 |  1.7291e-01 |    5.7638e-01 |        5.7638e-01 |
| RVICE             |  1.6747e-01 |  1.3000e-01 |  3.7465e-02 |    2.8819e-01 |        2.8819e-01 |
| RLCRITSNOW        |  1.0291e-05 |  2.0000e-05 | -9.7091e-06 |   -4.8546e-01 |       -4.8546e-01 |
| RSNOWLIN2         |  1.7104e-02 |  3.0000e-02 | -1.2896e-02 |   -4.2985e-01 |       -4.2985e-01 |
| RCLDIFF           |  9.2459e-06 |  6.0000e-06 |  3.2459e-06 |    5.4099e-01 |        5.4099e-01 |
| RCLDIFF_CONVI     |  1.1857e+01 |  1.0000e+01 |  1.8571e+00 |    1.8571e-01 |        1.8571e-01 |
| RDEPLIQREFRATE    |  3.9447e-01 |  5.0000e-01 | -1.0553e-01 |   -2.1106e-01 |       -2.1106e-01 |
| RDEPLIQREFDEPTH   |  6.6144e+02 |  5.0000e+02 |  1.6144e+02 |    3.2287e-01 |        3.2287e-01 |
| RCL_OVERLAPLIQICE |  4.9868e-01 |  6.5000e-01 | -1.5132e-01 |   -2.3279e-01 |       -2.3279e-01 |
| RCL_INHOMOGAUT    |  8.9877e-01 |  1.5000e+00 | -6.0123e-01 |   -4.0082e-01 |       -4.0082e-01 |
| RCL_INHOMOGACC    |  2.0243e+00 |  3.0000e+00 | -9.7573e-01 |   -3.2524e-01 |       -3.2524e-01 |
| RMINICE           |  5.9439e+01 |  6.0000e+01 | -5.6124e-01 |   -9.3540e-03 |       -9.3540e-03 |
2026-04-24 18:53:01 | ectuner |     INFO -> Diagnostic maps saved to ../results/tuned_2d_LR/rlnt/tol_alfa_080/diagnostics_2d_phis_Global_a08.nc
Copia del file YAML inviata a ../results/tuned_2d_LR/rlnt/tol_yaml_files
