2026-04-24 18:52:14 | ectuner |     INFO -> Loading 2D Data (Sensitivity, Reference, Base)...
   > Loading reference for net_toa from: climate_average_net_toa_CERES EBAF_r180x90_2000-2024.nc
   > Loading reference for rlnt from: climate_average_rlnt_CERES EBAF_r180x90_2000-2024.nc
   > Flipping sign for rlnt (Obs is UP, Model is DOWN)
--- Loading cached base maps for phis ---
2026-04-24 18:52:15 | ectuner |     INFO -> Generating spatial weights (Area * Region)...
2026-04-24 18:52:15 | ectuner |     INFO -> Variable net_toa: Initial Spatial RMSE (Weighted) = 11.3965
2026-04-24 18:52:15 | ectuner |     INFO -> Variable rlnt: Initial Spatial RMSE (Weighted) = 11.5226
2026-04-24 18:52:15 | ectuner |     INFO -> Flattening data for fast optimization...
2026-04-24 18:52:15 | ectuner |     INFO -> DEBUG: Global Bias for net_toa in optimizer: 5.6259
2026-04-24 18:52:15 | ectuner |     INFO -> DEBUG: Global Bias for rlnt in optimizer: 6.9311
2026-04-24 18:52:15 | ectuner |     INFO -> Starting 2D Optimization (dual_annealing)...
2026-04-24 18:58:19 | ectuner |     INFO -> 
==================== GLOBAL MEAN & ZONAL SUMMARY FROM 2D OPTIMIZATION ====================
2026-04-24 18:58:19 | ectuner |     INFO -> Variable     | Metric       |            Initial ->              Final | Status
2026-04-24 18:58:19 | ectuner |     INFO -> ------------------------------------------------------------------------------------------
2026-04-24 18:58:19 | ectuner |     INFO -> net_toa      | Global Bias |             5.6259 ->             1.1796 | IMPROVED
2026-04-24 18:58:19 | ectuner |     INFO ->              | Spatial RMSE  |            11.3965 ->             9.3748 | IMPROVED
2026-04-24 18:58:19 | ectuner |     INFO -> ------------------------------------------------------------------------------------------
2026-04-24 18:58:19 | ectuner |     INFO -> rlnt         | Global Bias |             6.9311 ->             1.6630 | IMPROVED
2026-04-24 18:58:19 | ectuner |     INFO ->              | Spatial RMSE  |            11.5226 ->             8.4394 | IMPROVED
2026-04-24 18:58:19 | ectuner |     INFO -> ------------------------------------------------------------------------------------------
2026-04-24 18:58:19 | ectuner |     INFO -> Structured tuning YAML written to ../results/tuned_2d_LR/rlnt/tol_alfa_010/tuned_phis_a010.yml

| Parameter         |   New Value |   Old Value |      Change |   Rel. Change |   Dist. from Ref. |
|-------------------+-------------+-------------+-------------+---------------+-------------------|
| RPRCON            |  1.0354e-03 |  1.4000e-03 | -3.6459e-04 |   -2.6042e-01 |       -2.6042e-01 |
| ENTRORG           |  1.2186e-03 |  1.7500e-03 | -5.3137e-04 |   -3.0364e-01 |       -3.0364e-01 |
| DETRPEN           |  1.1997e-04 |  7.5000e-05 |  4.4967e-05 |    5.9956e-01 |        5.9956e-01 |
| ENTRDD            |  1.9406e-04 |  3.0000e-04 | -1.0594e-04 |   -3.5314e-01 |       -3.5314e-01 |
| RMFDEPS           |  4.0818e-01 |  3.0000e-01 |  1.0818e-01 |    3.6059e-01 |        3.6059e-01 |
| RVICE             |  2.0800e-01 |  1.3000e-01 |  7.7999e-02 |    5.9999e-01 |        5.9999e-01 |
| RLCRITSNOW        |  9.8335e-06 |  2.0000e-05 | -1.0167e-05 |   -5.0833e-01 |       -5.0833e-01 |
| RSNOWLIN2         |  1.2024e-02 |  3.0000e-02 | -1.7976e-02 |   -5.9920e-01 |       -5.9920e-01 |
| RCLDIFF           |  5.2015e-06 |  6.0000e-06 | -7.9853e-07 |   -1.3309e-01 |       -1.3309e-01 |
| RCLDIFF_CONVI     |  1.1107e+01 |  1.0000e+01 |  1.1066e+00 |    1.1066e-01 |        1.1066e-01 |
| RDEPLIQREFRATE    |  6.8003e-01 |  5.0000e-01 |  1.8003e-01 |    3.6006e-01 |        3.6006e-01 |
| RDEPLIQREFDEPTH   |  5.3832e+02 |  5.0000e+02 |  3.8321e+01 |    7.6642e-02 |        7.6642e-02 |
| RCL_OVERLAPLIQICE |  4.6257e-01 |  6.5000e-01 | -1.8743e-01 |   -2.8836e-01 |       -2.8836e-01 |
| RCL_INHOMOGAUT    |  1.3683e+00 |  1.5000e+00 | -1.3165e-01 |   -8.7769e-02 |       -8.7769e-02 |
| RCL_INHOMOGACC    |  1.6083e+00 |  3.0000e+00 | -1.3917e+00 |   -4.6389e-01 |       -4.6389e-01 |
| RMINICE           |  8.7681e+01 |  6.0000e+01 |  2.7681e+01 |    4.6135e-01 |        4.6135e-01 |
2026-04-24 18:58:19 | ectuner |     INFO -> Diagnostic maps saved to ../results/tuned_2d_LR/rlnt/tol_alfa_010/diagnostics_2d_phis_Global_a01.nc
Copia del file YAML inviata a ../results/tuned_2d_LR/rlnt/tol_yaml_files
