2026-04-24 18:52:29 | ectuner |     INFO -> Loading 2D Data (Sensitivity, Reference, Base)...
   > Loading reference for net_toa from: climate_average_net_toa_CERES EBAF_r180x90_2000-2024.nc
   > Loading reference for rlnt from: climate_average_rlnt_CERES EBAF_r180x90_2000-2024.nc
   > Flipping sign for rlnt (Obs is UP, Model is DOWN)
--- Loading cached base maps for phis ---
2026-04-24 18:52:31 | ectuner |     INFO -> Generating spatial weights (Area * Region)...
2026-04-24 18:52:31 | ectuner |     INFO -> Variable net_toa: Initial Spatial RMSE (Weighted) = 11.3965
2026-04-24 18:52:31 | ectuner |     INFO -> Variable rlnt: Initial Spatial RMSE (Weighted) = 11.5226
2026-04-24 18:52:31 | ectuner |     INFO -> Flattening data for fast optimization...
2026-04-24 18:52:31 | ectuner |     INFO -> DEBUG: Global Bias for net_toa in optimizer: 5.6259
2026-04-24 18:52:31 | ectuner |     INFO -> DEBUG: Global Bias for rlnt in optimizer: 6.9311
2026-04-24 18:52:31 | ectuner |     INFO -> Starting 2D Optimization (dual_annealing)...
2026-04-24 18:53:18 | ectuner |     INFO -> 
==================== GLOBAL MEAN & ZONAL SUMMARY FROM 2D OPTIMIZATION ====================
2026-04-24 18:53:18 | ectuner |     INFO -> Variable     | Metric       |            Initial ->              Final | Status
2026-04-24 18:53:18 | ectuner |     INFO -> ------------------------------------------------------------------------------------------
2026-04-24 18:53:18 | ectuner |     INFO -> net_toa      | Global Bias |             5.6259 ->             0.1177 | IMPROVED
2026-04-24 18:53:18 | ectuner |     INFO ->              | Spatial RMSE  |            11.3965 ->            10.1851 | IMPROVED
2026-04-24 18:53:18 | ectuner |     INFO -> ------------------------------------------------------------------------------------------
2026-04-24 18:53:18 | ectuner |     INFO -> rlnt         | Global Bias |             6.9311 ->             0.5305 | IMPROVED
2026-04-24 18:53:18 | ectuner |     INFO ->              | Spatial RMSE  |            11.5226 ->             9.5282 | IMPROVED
2026-04-24 18:53:18 | ectuner |     INFO -> ------------------------------------------------------------------------------------------
2026-04-24 18:53:18 | ectuner |     INFO -> Structured tuning YAML written to ../results/tuned_2d_LR/rlnt/tol_alfa_050/tuned_phis_a050.yml

| Parameter         |   New Value |   Old Value |      Change |   Rel. Change |   Dist. from Ref. |
|-------------------+-------------+-------------+-------------+---------------+-------------------|
| RPRCON            |  1.7936e-03 |  1.4000e-03 |  3.9358e-04 |    2.8113e-01 |        2.8113e-01 |
| ENTRORG           |  1.6103e-03 |  1.7500e-03 | -1.3973e-04 |   -7.9845e-02 |       -7.9845e-02 |
| DETRPEN           |  1.1132e-04 |  7.5000e-05 |  3.6318e-05 |    4.8424e-01 |        4.8424e-01 |
| ENTRDD            |  1.5219e-04 |  3.0000e-04 | -1.4781e-04 |   -4.9269e-01 |       -4.9269e-01 |
| RMFDEPS           |  3.4175e-01 |  3.0000e-01 |  4.1754e-02 |    1.3918e-01 |        1.3918e-01 |
| RVICE             |  1.8114e-01 |  1.3000e-01 |  5.1137e-02 |    3.9336e-01 |        3.9336e-01 |
| RLCRITSNOW        |  9.3515e-06 |  2.0000e-05 | -1.0649e-05 |   -5.3243e-01 |       -5.3243e-01 |
| RSNOWLIN2         |  1.9792e-02 |  3.0000e-02 | -1.0208e-02 |   -3.4027e-01 |       -3.4027e-01 |
| RCLDIFF           |  4.0941e-06 |  6.0000e-06 | -1.9059e-06 |   -3.1765e-01 |       -3.1765e-01 |
| RCLDIFF_CONVI     |  1.5062e+01 |  1.0000e+01 |  5.0624e+00 |    5.0624e-01 |        5.0624e-01 |
| RDEPLIQREFRATE    |  4.7493e-01 |  5.0000e-01 | -2.5075e-02 |   -5.0149e-02 |       -5.0149e-02 |
| RDEPLIQREFDEPTH   |  5.9763e+02 |  5.0000e+02 |  9.7626e+01 |    1.9525e-01 |        1.9525e-01 |
| RCL_OVERLAPLIQICE |  3.1997e-01 |  6.5000e-01 | -3.3003e-01 |   -5.0774e-01 |       -5.0774e-01 |
| RCL_INHOMOGAUT    |  2.0093e+00 |  1.5000e+00 |  5.0934e-01 |    3.3956e-01 |        3.3956e-01 |
| RCL_INHOMOGACC    |  1.2681e+00 |  3.0000e+00 | -1.7319e+00 |   -5.7731e-01 |       -5.7731e-01 |
| RMINICE           |  7.5820e+01 |  6.0000e+01 |  1.5820e+01 |    2.6367e-01 |        2.6367e-01 |
2026-04-24 18:53:18 | ectuner |     INFO -> Diagnostic maps saved to ../results/tuned_2d_LR/rlnt/tol_alfa_050/diagnostics_2d_phis_Global_a05.nc
Copia del file YAML inviata a ../results/tuned_2d_LR/rlnt/tol_yaml_files
