2026-04-27 08:15:16 | ectuner |     INFO -> Loading 2D Data (Sensitivity, Reference, Base)...
   > Loading reference for net_toa from: climate_average_net_toa_CERES EBAF_r180x90_2000-2024.nc
   > Loading reference for rlnt from: climate_average_rlnt_CERES EBAF_r180x90_2000-2024.nc
   > Flipping sign for rlnt (Obs is UP, Model is DOWN)
--- Loading cached base maps for phis ---
2026-04-27 08:15:17 | ectuner |     INFO -> Generating spatial weights (Area * Region)...
2026-04-27 08:15:17 | ectuner |     INFO -> Variable net_toa: Initial Spatial RMSE (Weighted) = 11.3247
2026-04-27 08:15:17 | ectuner |     INFO -> Variable rlnt: Initial Spatial RMSE (Weighted) = 11.5415
2026-04-27 08:15:17 | ectuner |     INFO -> Flattening data for fast optimization...
2026-04-27 08:15:17 | ectuner |     INFO -> DEBUG: Global Bias for net_toa in optimizer: 4.6463
2026-04-27 08:15:17 | ectuner |     INFO -> DEBUG: Global Bias for rlnt in optimizer: 5.9022
2026-04-27 08:15:17 | ectuner |     INFO -> Starting 2D Optimization (dual_annealing)...
2026-04-27 08:16:49 | ectuner |     INFO -> 
==================== GLOBAL MEAN & ZONAL SUMMARY FROM 2D OPTIMIZATION ====================
2026-04-27 08:16:49 | ectuner |     INFO -> Variable     | Metric       |            Initial ->              Final | Status
2026-04-27 08:16:49 | ectuner |     INFO -> ------------------------------------------------------------------------------------------
2026-04-27 08:16:49 | ectuner |     INFO -> net_toa      | Global Bias |             4.6463 ->            -0.0000 | IMPROVED
2026-04-27 08:16:49 | ectuner |     INFO ->              | Spatial RMSE  |            11.3247 ->             9.7893 | IMPROVED
2026-04-27 08:16:49 | ectuner |     INFO -> ------------------------------------------------------------------------------------------
2026-04-27 08:16:49 | ectuner |     INFO -> rlnt         | Global Bias |             5.9022 ->             0.0000 | IMPROVED
2026-04-27 08:16:49 | ectuner |     INFO ->              | Spatial RMSE  |            11.5415 ->             8.9694 | IMPROVED
2026-04-27 08:16:49 | ectuner |     INFO -> ------------------------------------------------------------------------------------------
2026-04-27 08:16:49 | ectuner |     INFO -> Structured tuning YAML written to ../results/tuned_2d_LR/trop_rlnt/tol_alfa_030/tuned_phis_a030.yml

| Parameter         |   New Value |   Old Value |      Change |   Rel. Change |   Dist. from Ref. |
|-------------------+-------------+-------------+-------------+---------------+-------------------|
| RPRCON            |  1.2394e-03 |  1.4000e-03 | -1.6062e-04 |   -1.1473e-01 |       -1.1473e-01 |
| ENTRORG           |  1.5802e-03 |  1.7500e-03 | -1.6982e-04 |   -9.7040e-02 |       -9.7040e-02 |
| DETRPEN           |  1.1496e-04 |  7.5000e-05 |  3.9960e-05 |    5.3280e-01 |        5.3280e-01 |
| ENTRDD            |  2.2988e-04 |  3.0000e-04 | -7.0116e-05 |   -2.3372e-01 |       -2.3372e-01 |
| RMFDEPS           |  4.3259e-01 |  3.0000e-01 |  1.3259e-01 |    4.4198e-01 |        4.4198e-01 |
| RVICE             |  1.9856e-01 |  1.3000e-01 |  6.8561e-02 |    5.2739e-01 |        5.2739e-01 |
| RLCRITSNOW        |  1.2047e-05 |  2.0000e-05 | -7.9529e-06 |   -3.9764e-01 |       -3.9764e-01 |
| RSNOWLIN2         |  1.3930e-02 |  3.0000e-02 | -1.6070e-02 |   -5.3566e-01 |       -5.3566e-01 |
| RCLDIFF           |  3.5701e-06 |  6.0000e-06 | -2.4299e-06 |   -4.0499e-01 |       -4.0499e-01 |
| RCLDIFF_CONVI     |  1.1210e+01 |  1.0000e+01 |  1.2095e+00 |    1.2095e-01 |        1.2095e-01 |
| RDEPLIQREFRATE    |  6.8311e-01 |  5.0000e-01 |  1.8311e-01 |    3.6623e-01 |        3.6623e-01 |
| RDEPLIQREFDEPTH   |  4.8761e+02 |  5.0000e+02 | -1.2388e+01 |   -2.4777e-02 |       -2.4777e-02 |
| RCL_OVERLAPLIQICE |  6.2121e-01 |  6.5000e-01 | -2.8793e-02 |   -4.4298e-02 |       -4.4298e-02 |
| RCL_INHOMOGAUT    |  1.8889e+00 |  1.5000e+00 |  3.8888e-01 |    2.5925e-01 |        2.5925e-01 |
| RCL_INHOMOGACC    |  2.1218e+00 |  3.0000e+00 | -8.7822e-01 |   -2.9274e-01 |       -2.9274e-01 |
| RMINICE           |  8.3685e+01 |  6.0000e+01 |  2.3685e+01 |    3.9475e-01 |        3.9475e-01 |
2026-04-27 08:16:49 | ectuner |     INFO -> Diagnostic maps saved to ../results/tuned_2d_LR/trop_rlnt/tol_alfa_030/diagnostics_2d_phis_Global-Tropical_a03.nc
Copia del file YAML inviata a ../results/tuned_2d_LR/trop_rlnt/tol_yaml_files
