2026-04-27 08:15:16 | ectuner |     INFO -> Loading 2D Data (Sensitivity, Reference, Base)...
   > Loading reference for net_toa from: climate_average_net_toa_CERES EBAF_r180x90_2000-2024.nc
   > Loading reference for rlnt from: climate_average_rlnt_CERES EBAF_r180x90_2000-2024.nc
   > Flipping sign for rlnt (Obs is UP, Model is DOWN)
--- Loading cached base maps for phis ---
2026-04-27 08:15:16 | ectuner |     INFO -> Generating spatial weights (Area * Region)...
2026-04-27 08:15:16 | ectuner |     INFO -> Variable net_toa: Initial Spatial RMSE (Weighted) = 11.3247
2026-04-27 08:15:16 | ectuner |     INFO -> Variable rlnt: Initial Spatial RMSE (Weighted) = 11.5415
2026-04-27 08:15:16 | ectuner |     INFO -> Flattening data for fast optimization...
2026-04-27 08:15:17 | ectuner |     INFO -> DEBUG: Global Bias for net_toa in optimizer: 4.6463
2026-04-27 08:15:17 | ectuner |     INFO -> DEBUG: Global Bias for rlnt in optimizer: 5.9022
2026-04-27 08:15:17 | ectuner |     INFO -> Starting 2D Optimization (dual_annealing)...
2026-04-27 08:16:16 | ectuner |     INFO -> 
==================== GLOBAL MEAN & ZONAL SUMMARY FROM 2D OPTIMIZATION ====================
2026-04-27 08:16:16 | ectuner |     INFO -> Variable     | Metric       |            Initial ->              Final | Status
2026-04-27 08:16:16 | ectuner |     INFO -> ------------------------------------------------------------------------------------------
2026-04-27 08:16:16 | ectuner |     INFO -> net_toa      | Global Bias |             4.6463 ->            -0.0000 | IMPROVED
2026-04-27 08:16:16 | ectuner |     INFO ->              | Spatial RMSE  |            11.3247 ->            10.2175 | IMPROVED
2026-04-27 08:16:16 | ectuner |     INFO -> ------------------------------------------------------------------------------------------
2026-04-27 08:16:16 | ectuner |     INFO -> rlnt         | Global Bias |             5.9022 ->             0.0000 | IMPROVED
2026-04-27 08:16:16 | ectuner |     INFO ->              | Spatial RMSE  |            11.5415 ->             9.1664 | IMPROVED
2026-04-27 08:16:16 | ectuner |     INFO -> ------------------------------------------------------------------------------------------
2026-04-27 08:16:16 | ectuner |     INFO -> Structured tuning YAML written to ../results/tuned_2d_LR/trop_rlnt/tol_alfa_095/tuned_phis_a095.yml

| Parameter         |   New Value |   Old Value |      Change |   Rel. Change |   Dist. from Ref. |
|-------------------+-------------+-------------+-------------+---------------+-------------------|
| RPRCON            |  1.5109e-03 |  1.4000e-03 |  1.1090e-04 |    7.9214e-02 |        7.9214e-02 |
| ENTRORG           |  1.2523e-03 |  1.7500e-03 | -4.9766e-04 |   -2.8438e-01 |       -2.8438e-01 |
| DETRPEN           |  9.3958e-05 |  7.5000e-05 |  1.8958e-05 |    2.5278e-01 |        2.5278e-01 |
| ENTRDD            |  1.7559e-04 |  3.0000e-04 | -1.2441e-04 |   -4.1469e-01 |       -4.1469e-01 |
| RMFDEPS           |  3.9963e-01 |  3.0000e-01 |  9.9630e-02 |    3.3210e-01 |        3.3210e-01 |
| RVICE             |  1.7214e-01 |  1.3000e-01 |  4.2143e-02 |    3.2418e-01 |        3.2418e-01 |
| RLCRITSNOW        |  8.1758e-06 |  2.0000e-05 | -1.1824e-05 |   -5.9121e-01 |       -5.9121e-01 |
| RSNOWLIN2         |  1.4217e-02 |  3.0000e-02 | -1.5783e-02 |   -5.2609e-01 |       -5.2609e-01 |
| RCLDIFF           |  3.0353e-06 |  6.0000e-06 | -2.9647e-06 |   -4.9412e-01 |       -4.9412e-01 |
| RCLDIFF_CONVI     |  4.5520e+00 |  1.0000e+01 | -5.4480e+00 |   -5.4480e-01 |       -5.4480e-01 |
| RDEPLIQREFRATE    |  5.9064e-01 |  5.0000e-01 |  9.0642e-02 |    1.8128e-01 |        1.8128e-01 |
| RDEPLIQREFDEPTH   |  3.8975e+02 |  5.0000e+02 | -1.1025e+02 |   -2.2050e-01 |       -2.2050e-01 |
| RCL_OVERLAPLIQICE |  1.0080e+00 |  6.5000e-01 |  3.5799e-01 |    5.5075e-01 |        5.5075e-01 |
| RCL_INHOMOGAUT    |  1.8055e+00 |  1.5000e+00 |  3.0552e-01 |    2.0368e-01 |        2.0368e-01 |
| RCL_INHOMOGACC    |  1.2281e+00 |  3.0000e+00 | -1.7719e+00 |   -5.9062e-01 |       -5.9062e-01 |
| RMINICE           |  7.4608e+01 |  6.0000e+01 |  1.4608e+01 |    2.4347e-01 |        2.4347e-01 |
2026-04-27 08:16:16 | ectuner |     INFO -> Diagnostic maps saved to ../results/tuned_2d_LR/trop_rlnt/tol_alfa_095/diagnostics_2d_phis_Global-Tropical_a095.nc
Copia del file YAML inviata a ../results/tuned_2d_LR/trop_rlnt/tol_yaml_files
