2026-04-27 08:15:16 | ectuner |     INFO -> Loading 2D Data (Sensitivity, Reference, Base)...
   > Loading reference for net_toa from: climate_average_net_toa_CERES EBAF_r180x90_2000-2024.nc
   > Loading reference for rlnt from: climate_average_rlnt_CERES EBAF_r180x90_2000-2024.nc
   > Flipping sign for rlnt (Obs is UP, Model is DOWN)
--- Loading cached base maps for phis ---
2026-04-27 08:15:17 | ectuner |     INFO -> Generating spatial weights (Area * Region)...
2026-04-27 08:15:17 | ectuner |     INFO -> Variable net_toa: Initial Spatial RMSE (Weighted) = 11.3247
2026-04-27 08:15:17 | ectuner |     INFO -> Variable rlnt: Initial Spatial RMSE (Weighted) = 11.5415
2026-04-27 08:15:17 | ectuner |     INFO -> Flattening data for fast optimization...
2026-04-27 08:15:17 | ectuner |     INFO -> DEBUG: Global Bias for net_toa in optimizer: 4.6463
2026-04-27 08:15:17 | ectuner |     INFO -> DEBUG: Global Bias for rlnt in optimizer: 5.9022
2026-04-27 08:15:17 | ectuner |     INFO -> Starting 2D Optimization (dual_annealing)...
2026-04-27 08:16:13 | ectuner |     INFO -> 
==================== GLOBAL MEAN & ZONAL SUMMARY FROM 2D OPTIMIZATION ====================
2026-04-27 08:16:13 | ectuner |     INFO -> Variable     | Metric       |            Initial ->              Final | Status
2026-04-27 08:16:13 | ectuner |     INFO -> ------------------------------------------------------------------------------------------
2026-04-27 08:16:13 | ectuner |     INFO -> net_toa      | Global Bias |             4.6463 ->            -0.0000 | IMPROVED
2026-04-27 08:16:13 | ectuner |     INFO ->              | Spatial RMSE  |            11.3247 ->            11.2055 | IMPROVED
2026-04-27 08:16:13 | ectuner |     INFO -> ------------------------------------------------------------------------------------------
2026-04-27 08:16:13 | ectuner |     INFO -> rlnt         | Global Bias |             5.9022 ->            -0.0000 | IMPROVED
2026-04-27 08:16:13 | ectuner |     INFO ->              | Spatial RMSE  |            11.5415 ->            10.6673 | IMPROVED
2026-04-27 08:16:13 | ectuner |     INFO -> ------------------------------------------------------------------------------------------
2026-04-27 08:16:13 | ectuner |     INFO -> Structured tuning YAML written to ../results/tuned_2d_LR/trop_rlnt/tol_alfa_100/tuned_phis_a100.yml

| Parameter         |   New Value |   Old Value |      Change |   Rel. Change |   Dist. from Ref. |
|-------------------+-------------+-------------+-------------+---------------+-------------------|
| RPRCON            |  1.3580e-03 |  1.4000e-03 | -4.1955e-05 |   -2.9968e-02 |       -2.9968e-02 |
| ENTRORG           |  1.8258e-03 |  1.7500e-03 |  7.5812e-05 |    4.3321e-02 |        4.3321e-02 |
| DETRPEN           |  4.5925e-05 |  7.5000e-05 | -2.9075e-05 |   -3.8767e-01 |       -3.8767e-01 |
| ENTRDD            |  1.3871e-04 |  3.0000e-04 | -1.6129e-04 |   -5.3764e-01 |       -5.3764e-01 |
| RMFDEPS           |  2.2524e-01 |  3.0000e-01 | -7.4758e-02 |   -2.4919e-01 |       -2.4919e-01 |
| RVICE             |  1.6377e-01 |  1.3000e-01 |  3.3765e-02 |    2.5973e-01 |        2.5973e-01 |
| RLCRITSNOW        |  2.4779e-05 |  2.0000e-05 |  4.7792e-06 |    2.3896e-01 |        2.3896e-01 |
| RSNOWLIN2         |  1.9950e-02 |  3.0000e-02 | -1.0050e-02 |   -3.3499e-01 |       -3.3499e-01 |
| RCLDIFF           |  6.4628e-06 |  6.0000e-06 |  4.6276e-07 |    7.7127e-02 |        7.7127e-02 |
| RCLDIFF_CONVI     |  9.9683e+00 |  1.0000e+01 | -3.1686e-02 |   -3.1686e-03 |       -3.1686e-03 |
| RDEPLIQREFRATE    |  3.6078e-01 |  5.0000e-01 | -1.3922e-01 |   -2.7843e-01 |       -2.7843e-01 |
| RDEPLIQREFDEPTH   |  6.3364e+02 |  5.0000e+02 |  1.3364e+02 |    2.6728e-01 |        2.6728e-01 |
| RCL_OVERLAPLIQICE |  8.1381e-01 |  6.5000e-01 |  1.6381e-01 |    2.5202e-01 |        2.5202e-01 |
| RCL_INHOMOGAUT    |  8.6077e-01 |  1.5000e+00 | -6.3923e-01 |   -4.2615e-01 |       -4.2615e-01 |
| RCL_INHOMOGACC    |  1.7441e+00 |  3.0000e+00 | -1.2559e+00 |   -4.1864e-01 |       -4.1864e-01 |
| RMINICE           |  9.4397e+01 |  6.0000e+01 |  3.4397e+01 |    5.7328e-01 |        5.7328e-01 |
2026-04-27 08:16:13 | ectuner |     INFO -> Diagnostic maps saved to ../results/tuned_2d_LR/trop_rlnt/tol_alfa_100/diagnostics_2d_phis_Global-Tropical_a10.nc
Copia del file YAML inviata a ../results/tuned_2d_LR/trop_rlnt/tol_yaml_files
