Launch ECtuner in mode: 2d on phis (2000-2017)
2026-07-19 17:00:52,691 - INFO - ==== Starting ECtuner 2D Spatial Workflow ====
2026-07-19 17:00:53,630 - INFO - Loading 2D Data (Sensitivity, Reference, Base)...
2026-07-19 17:00:53,640 - INFO - Loading 2D sensitivity from: /ec/res4/hpcperm/ecme3038/ecearth/ecearth4/ECtuner/data/sensitivities/2D/sensitivity_TL63_415_1991-2000_2D.nc
2026-07-19 17:01:01,546 - INFO - Loading reference for net_toa from: climate_average_net_toa_CERES EBAF_r180x90_2000-2024.nc
2026-07-19 17:01:01,559 - INFO - Loading reference for rsnt from: climate_average_rsnt_CERES EBAF_r180x90_2000-2024.nc
2026-07-19 17:01:01,568 - INFO - Loading reference for rlnt from: climate_average_rlnt_CERES EBAF_r180x90_2000-2024.nc
2026-07-19 17:01:01,577 - INFO - Loading reference for swcf from: climate_average_swcf_CERES EBAF_r180x90_2000-2024.nc
2026-07-19 17:01:01,585 - INFO - Loading reference for lwcf from: climate_average_lwcf_CERES EBAF_r180x90_2000-2024.nc
2026-07-19 17:01:01,594 - WARNING - Missing observation map for 'rsns'. Skipping it from 2D targets/diagnostics.
2026-07-19 17:01:01,595 - WARNING - Missing observation map for 'rlns'. Skipping it from 2D targets/diagnostics.
2026-07-19 17:01:01,595 - WARNING - Missing observation map for 'hfss'. Skipping it from 2D targets/diagnostics.
2026-07-19 17:01:01,596 - WARNING - Missing observation map for 'hfls'. Skipping it from 2D targets/diagnostics.
2026-07-19 17:01:01,597 - INFO - Loading reference for net_sfc from: climate_average_net_sfc_NOCS_r180x90_2000-2014.nc
2026-07-19 17:01:01,611 - WARNING - Missing observation map for 'toamsfc'. Skipping it from 2D targets/diagnostics.
2026-07-19 17:01:01,615 - INFO - Loading cached base maps for phis from /ec/res4/hpcperm/ecme3038/ecearth/ecearth4/ECtuner/mari/ectuner/ecmean/maps_lres/base_2d_phis_2000_2017.nc
2026-07-19 17:01:01,747 - INFO - Generating spatial weights and calculating initial biases...
2026-07-19 17:01:01,772 - INFO - Flattening data
2026-07-19 17:01:02,956 - INFO - Starting Optimization (dual_annealing)...
2026-07-19 17:03:28,142 - INFO - Optimization finished. Spatial Cost: 7.0557 | Global Cost: 2.7054
2026-07-19 17:03:28,316 - INFO - Diagnostic maps saved to: /ec/res4/hpcperm/ecme3038/ecearth/ecearth4/ECtuner/mari/results/tuned_2d_LR/refactor/2d/net_toa/diagnostics_2d_phis_a00_spatial.nc
2026-07-19 17:03:28,319 - INFO - 
Parameters Optimization Result:
2026-07-19 17:03:28,319 - INFO - --------------------------------------------------------------------------------
2026-07-19 17:03:28,321 - INFO - |     Parameter     |   New value |   Old value |      Change |   Rel. change |   Min change |   Max change |   Dist. from ref. |
2026-07-19 17:03:28,321 - INFO - |-------------------+-------------+-------------+-------------+---------------+--------------+--------------+-------------------|
2026-07-19 17:03:28,321 - INFO - |      RPRCON       |  9.8502e-04 |  1.4000e-03 | -4.1498e-04 |   -2.9642e-01 |  -4.2000e-04 |   4.2000e-04 |       -2.9642e-01 |
2026-07-19 17:03:28,321 - INFO - |      ENTRORG      |  1.4559e-03 |  1.7500e-03 | -2.9407e-04 |   -1.6804e-01 |  -5.2500e-04 |   5.2500e-04 |       -1.6804e-01 |
2026-07-19 17:03:28,322 - INFO - |      DETRPEN      |  9.7488e-05 |  7.5000e-05 |  2.2488e-05 |    2.9985e-01 |  -2.2500e-05 |   2.2500e-05 |        2.9985e-01 |
2026-07-19 17:03:28,322 - INFO - |      ENTRDD       |  2.1081e-04 |  3.0000e-04 | -8.9190e-05 |   -2.9730e-01 |  -9.0000e-05 |   9.0000e-05 |       -2.9730e-01 |
2026-07-19 17:03:28,322 - INFO - |      RMFDEPS      |  3.8996e-01 |  3.0000e-01 |  8.9959e-02 |    2.9986e-01 |  -9.0000e-02 |   9.0000e-02 |        2.9986e-01 |
2026-07-19 17:03:28,322 - INFO - |       RVICE       |  1.6898e-01 |  1.3000e-01 |  3.8976e-02 |    2.9982e-01 |  -3.9000e-02 |   3.9000e-02 |        2.9982e-01 |
2026-07-19 17:03:28,322 - INFO - |    RLCRITSNOW     |  1.4078e-05 |  2.0000e-05 | -5.9224e-06 |   -2.9612e-01 |  -6.0000e-06 |   6.0000e-06 |       -2.9612e-01 |
2026-07-19 17:03:28,323 - INFO - |     RSNOWLIN2     |  2.1100e-02 |  3.0000e-02 | -8.8997e-03 |   -2.9666e-01 |  -9.0000e-03 |   9.0000e-03 |       -2.9666e-01 |
2026-07-19 17:03:28,323 - INFO - |      RCLDIFF      |  4.7066e-06 |  6.0000e-06 | -1.2934e-06 |   -2.1557e-01 |  -1.8000e-06 |   1.8000e-06 |       -2.1557e-01 |
2026-07-19 17:03:28,323 - INFO - |   RCLDIFF_CONVI   |  7.0008e+00 |  1.0000e+01 | -2.9992e+00 |   -2.9992e-01 |  -3.0000e+00 |   3.0000e+00 |       -2.9992e-01 |
2026-07-19 17:03:28,323 - INFO - |  RDEPLIQREFRATE   |  5.8639e-01 |  5.0000e-01 |  8.6386e-02 |    1.7277e-01 |  -1.5000e-01 |   1.5000e-01 |        1.7277e-01 |
2026-07-19 17:03:28,324 - INFO - |  RDEPLIQREFDEPTH  |  4.6106e+02 |  5.0000e+02 | -3.8936e+01 |   -7.7872e-02 |  -1.5000e+02 |   1.5000e+02 |       -7.7872e-02 |
2026-07-19 17:03:28,324 - INFO - | RCL_OVERLAPLIQICE |  4.5508e-01 |  6.5000e-01 | -1.9492e-01 |   -2.9988e-01 |  -1.9500e-01 |   1.9500e-01 |       -2.9988e-01 |
2026-07-19 17:03:28,324 - INFO - |  RCL_INHOMOGAUT   |  1.2670e+00 |  1.5000e+00 | -2.3300e-01 |   -1.5534e-01 |  -4.5000e-01 |   4.5000e-01 |       -1.5534e-01 |
2026-07-19 17:03:28,324 - INFO - |  RCL_INHOMOGACC   |  2.3967e+00 |  3.0000e+00 | -6.0325e-01 |   -2.0108e-01 |  -9.0000e-01 |   9.0000e-01 |       -2.0108e-01 |
2026-07-19 17:03:28,325 - INFO - |      RMINICE      |  7.7993e+01 |  6.0000e+01 |  1.7993e+01 |    2.9989e-01 |  -1.8000e+01 |   1.8000e+01 |        2.9989e-01 |
2026-07-19 17:03:28,325 - INFO - --------------------------------------------------------------------------------

2026-07-19 17:03:28,325 - INFO - 
===================== OPTIMIZATION SUMMARY (Biases: Model - Target) ======================
2026-07-19 17:03:28,325 - INFO - Goal: Bring Biases to 0.0

2026-07-19 17:03:28,326 - INFO - --------------------------------- PRIMARY TUNING TARGETS ---------------------------------
2026-07-19 17:03:28,326 - INFO - Variable     | Season | Region       | Weight |  Bias Init -> Bias Final | Status
2026-07-19 17:03:28,326 - INFO - ---------------------------------------------------------------------------------
2026-07-19 17:03:28,326 - INFO - net_toa      | ALL    | Global       | 1.00   |      5.626 -> [92m     2.705[0m | IMPROVED
2026-07-19 17:03:28,326 - INFO - 
-------------------------------- DIAGNOSTIC SIDE-EFFECTS ---------------------------------
2026-07-19 17:03:28,327 - INFO - Variable     | Season | Region       | Weight |  Bias Init -> Bias Final | Status
2026-07-19 17:03:28,327 - INFO - ---------------------------------------------------------------------------------
2026-07-19 17:03:28,327 - INFO - net_toa      | ALL    | Tropical     | 0.00   |      2.687 -> [92m     0.124[0m | IMPROVED
2026-07-19 17:03:28,328 - INFO - net_toa      | ALL    | North Midlat | 0.00   |      6.164 -> [92m     3.214[0m | IMPROVED
2026-07-19 17:03:28,328 - INFO - net_toa      | ALL    | South Midlat | 0.00   |     10.965 -> [92m     7.360[0m | IMPROVED
2026-07-19 17:03:28,328 - INFO - net_toa      | ALL    | North Pole   | 0.00   |      8.072 -> [92m     5.975[0m | IMPROVED
2026-07-19 17:03:28,328 - INFO - net_toa      | ALL    | South Pole   | 0.00   |     19.615 -> [92m    16.840[0m | IMPROVED
2026-07-19 17:03:28,329 - INFO - net_toa      | ALL    | Equatorial   | 0.00   |      2.367 -> [92m    -0.618[0m | IMPROVED
2026-07-19 17:03:28,329 - INFO - net_toa      | ALL    | NH           | 0.00   |      4.927 -> [92m     2.325[0m | IMPROVED
2026-07-19 17:03:28,329 - INFO - net_toa      | ALL    | SH           | 0.00   |      9.713 -> [92m     6.540[0m | IMPROVED
2026-07-19 17:03:28,329 - INFO - rsnt         | ALL    | Global       | 0.00   |     -1.305 -> [91m    -2.692[0m | WORSENED
2026-07-19 17:03:28,330 - INFO - rsnt         | ALL    | Tropical     | 0.00   |     -1.157 -> [91m    -2.961[0m | WORSENED
2026-07-19 17:03:28,330 - INFO - rsnt         | ALL    | North Midlat | 0.00   |     -2.983 -> [91m    -4.207[0m | WORSENED
2026-07-19 17:03:28,330 - INFO - rsnt         | ALL    | South Midlat | 0.00   |      0.076 -> [91m    -0.637[0m | WORSENED
2026-07-19 17:03:28,330 - INFO - rsnt         | ALL    | North Pole   | 0.00   |     -5.579 -> [91m    -5.682[0m | WORSENED
2026-07-19 17:03:28,330 - INFO - rsnt         | ALL    | South Pole   | 0.00   |      5.026 -> [91m     5.212[0m | WORSENED
2026-07-19 17:03:28,331 - INFO - rsnt         | ALL    | Equatorial   | 0.00   |     -0.425 -> [91m    -2.282[0m | WORSENED
2026-07-19 17:03:28,331 - INFO - rsnt         | ALL    | NH           | 0.00   |     -2.942 -> [91m    -4.391[0m | WORSENED
2026-07-19 17:03:28,331 - INFO - rsnt         | ALL    | SH           | 0.00   |     -0.584 -> [91m    -1.419[0m | WORSENED
2026-07-19 17:03:28,331 - INFO - rlnt         | ALL    | Global       | 0.00   |      6.931 -> [92m     5.397[0m | IMPROVED
2026-07-19 17:03:28,332 - INFO - rlnt         | ALL    | Tropical     | 0.00   |      3.844 -> [92m     3.085[0m | IMPROVED
2026-07-19 17:03:28,332 - INFO - rlnt         | ALL    | North Midlat | 0.00   |      9.147 -> [92m     7.421[0m | IMPROVED
2026-07-19 17:03:28,332 - INFO - rlnt         | ALL    | South Midlat | 0.00   |     10.889 -> [92m     7.997[0m | IMPROVED
2026-07-19 17:03:28,332 - INFO - rlnt         | ALL    | North Pole   | 0.00   |     13.651 -> [92m    11.657[0m | IMPROVED
2026-07-19 17:03:28,333 - INFO - rlnt         | ALL    | South Pole   | 0.00   |     14.589 -> [92m    11.628[0m | IMPROVED
2026-07-19 17:03:28,333 - INFO - rlnt         | ALL    | Equatorial   | 0.00   |      2.792 -> [92m     1.664[0m | IMPROVED
2026-07-19 17:03:28,333 - INFO - rlnt         | ALL    | NH           | 0.00   |      7.869 -> [92m     6.716[0m | IMPROVED
2026-07-19 17:03:28,333 - INFO - rlnt         | ALL    | SH           | 0.00   |     10.297 -> [92m     7.960[0m | IMPROVED
2026-07-19 17:03:28,334 - INFO - swcf         | ALL    | Global       | 0.00   |      0.506 -> [91m    -0.813[0m | WORSENED
2026-07-19 17:03:28,334 - INFO - swcf         | ALL    | Tropical     | 0.00   |      0.248 -> [91m    -1.513[0m | WORSENED
2026-07-19 17:03:28,334 - INFO - swcf         | ALL    | North Midlat | 0.00   |     -0.103 -> [91m    -1.162[0m | WORSENED
2026-07-19 17:03:28,334 - INFO - swcf         | ALL    | South Midlat | 0.00   |      1.630 -> [92m     0.935[0m | IMPROVED
2026-07-19 17:03:28,335 - INFO - swcf         | ALL    | North Pole   | 0.00   |     -6.228 -> [91m    -6.342[0m | WORSENED
2026-07-19 17:03:28,335 - INFO - swcf         | ALL    | South Pole   | 0.00   |      6.683 -> [91m     6.896[0m | WORSENED
2026-07-19 17:03:28,335 - INFO - swcf         | ALL    | Equatorial   | 0.00   |      0.569 -> [91m    -1.240[0m | WORSENED
2026-07-19 17:03:28,335 - INFO - swcf         | ALL    | NH           | 0.00   |      0.218 -> [91m    -1.097[0m | WORSENED
2026-07-19 17:03:28,335 - INFO - swcf         | ALL    | SH           | 0.00   |      0.727 -> [92m    -0.085[0m | IMPROVED
2026-07-19 17:03:28,336 - INFO - lwcf         | ALL    | Global       | 0.00   |     -2.709 -> [91m    -5.172[0m | WORSENED
2026-07-19 17:03:28,336 - INFO - lwcf         | ALL    | Tropical     | 0.00   |     -5.038 -> [91m    -7.069[0m | WORSENED
2026-07-19 17:03:28,336 - INFO - lwcf         | ALL    | North Midlat | 0.00   |     -0.397 -> [91m    -3.006[0m | WORSENED
2026-07-19 17:03:28,336 - INFO - lwcf         | ALL    | South Midlat | 0.00   |     -0.364 -> [91m    -3.541[0m | WORSENED
2026-07-19 17:03:28,337 - INFO - lwcf         | ALL    | North Pole   | 0.00   |      5.081 -> [92m     2.274[0m | IMPROVED
2026-07-19 17:03:28,337 - INFO - lwcf         | ALL    | South Pole   | 0.00   |      3.737 -> [92m     0.186[0m | IMPROVED
2026-07-19 17:03:28,337 - INFO - lwcf         | ALL    | Equatorial   | 0.00   |     -5.041 -> [91m    -7.597[0m | WORSENED
2026-07-19 17:03:28,337 - INFO - lwcf         | ALL    | NH           | 0.00   |     -1.670 -> [91m    -3.782[0m | WORSENED
2026-07-19 17:03:28,338 - INFO - lwcf         | ALL    | SH           | 0.00   |     -1.325 -> [91m    -4.040[0m | WORSENED
2026-07-19 17:03:28,338 - INFO - net_sfc      | ALL    | Global       | 0.00   |     -6.840 -> [91m   -10.808[0m | WORSENED
2026-07-19 17:03:28,338 - INFO - net_sfc      | ALL    | Tropical     | 0.00   |     -4.390 -> [91m    -8.122[0m | WORSENED
2026-07-19 17:03:28,338 - INFO - net_sfc      | ALL    | North Midlat | 0.00   |     -8.110 -> [91m   -12.606[0m | WORSENED
2026-07-19 17:03:28,339 - INFO - net_sfc      | ALL    | South Midlat | 0.00   |    -10.410 -> [91m   -14.460[0m | WORSENED
2026-07-19 17:03:28,339 - INFO - net_sfc      | ALL    | North Pole   | 0.00   |      5.755 -> [92m     3.257[0m | IMPROVED
2026-07-19 17:03:28,339 - INFO - net_sfc      | ALL    | South Pole   | 0.00   |    -23.330 -> [91m   -24.916[0m | WORSENED
2026-07-19 17:03:28,339 - INFO - net_sfc      | ALL    | Equatorial   | 0.00   |     -1.734 -> [91m    -5.412[0m | WORSENED
2026-07-19 17:03:28,340 - INFO - net_sfc      | ALL    | NH           | 0.00   |    -10.165 -> [91m   -14.336[0m | WORSENED
2026-07-19 17:03:28,340 - INFO - net_sfc      | ALL    | SH           | 0.00   |     -9.546 -> [91m   -13.660[0m | WORSENED
2026-07-19 17:03:28,340 - INFO - ==========================================================================================

Automatic copy of the generated YAML file to /ec/res4/hpcperm/ecme3038/ecearth/ecearth4/ECtuner/mari/results/tuned_2d_LR/refactor/2d/net_toa/yaml_files
