Launch ECtuner in mode: 2d on phis (2000-2017)
2026-07-19 17:07:59,863 - INFO - ==== Starting ECtuner 2D Spatial Workflow ====
2026-07-19 17:07:59,982 - INFO - Loading 2D Data (Sensitivity, Reference, Base)...
2026-07-19 17:07:59,983 - INFO - Loading 2D sensitivity from: /ec/res4/hpcperm/ecme3038/ecearth/ecearth4/ECtuner/data/sensitivities/2D/sensitivity_TL63_415_1991-2000_2D.nc
2026-07-19 17:08:08,481 - INFO - Loading reference for net_toa from: climate_average_net_toa_CERES EBAF_r180x90_2000-2024.nc
2026-07-19 17:08:08,495 - INFO - Loading reference for rsnt from: climate_average_rsnt_CERES EBAF_r180x90_2000-2024.nc
2026-07-19 17:08:08,504 - INFO - Loading reference for rlnt from: climate_average_rlnt_CERES EBAF_r180x90_2000-2024.nc
2026-07-19 17:08:08,513 - INFO - Loading reference for swcf from: climate_average_swcf_CERES EBAF_r180x90_2000-2024.nc
2026-07-19 17:08:08,521 - INFO - Loading reference for lwcf from: climate_average_lwcf_CERES EBAF_r180x90_2000-2024.nc
2026-07-19 17:08:08,530 - WARNING - Missing observation map for 'rsns'. Skipping it from 2D targets/diagnostics.
2026-07-19 17:08:08,531 - WARNING - Missing observation map for 'rlns'. Skipping it from 2D targets/diagnostics.
2026-07-19 17:08:08,532 - WARNING - Missing observation map for 'hfss'. Skipping it from 2D targets/diagnostics.
2026-07-19 17:08:08,533 - WARNING - Missing observation map for 'hfls'. Skipping it from 2D targets/diagnostics.
2026-07-19 17:08:08,533 - INFO - Loading reference for net_sfc from: climate_average_net_sfc_NOCS_r180x90_2000-2014.nc
2026-07-19 17:08:08,542 - WARNING - Missing observation map for 'toamsfc'. Skipping it from 2D targets/diagnostics.
2026-07-19 17:08:08,545 - INFO - Loading cached base maps for phis from /ec/res4/hpcperm/ecme3038/ecearth/ecearth4/ECtuner/mari/ectuner/ecmean/maps_lres/base_2d_phis_2000_2017.nc
2026-07-19 17:08:08,553 - INFO - Generating spatial weights and calculating initial biases...
2026-07-19 17:08:08,571 - INFO - Flattening data
2026-07-19 17:08:09,064 - INFO - Starting Optimization (dual_annealing)...
2026-07-19 17:11:03,714 - INFO - Optimization finished. Spatial Cost: 7.0964 | Global Cost: 1.9331
2026-07-19 17:11:03,892 - INFO - Diagnostic maps saved to: /ec/res4/hpcperm/ecme3038/ecearth/ecearth4/ECtuner/mari/results/tuned_2d_LR/refactor/2d/net_toa/diagnostics_2d_phis_a01_spatial.nc
2026-07-19 17:11:03,894 - INFO - 
Parameters Optimization Result:
2026-07-19 17:11:03,894 - INFO - --------------------------------------------------------------------------------
2026-07-19 17:11:03,896 - INFO - |     Parameter     |   New value |   Old value |      Change |   Rel. change |   Min change |   Max change |   Dist. from ref. |
2026-07-19 17:11:03,896 - INFO - |-------------------+-------------+-------------+-------------+---------------+--------------+--------------+-------------------|
2026-07-19 17:11:03,896 - INFO - |      RPRCON       |  9.8266e-04 |  1.4000e-03 | -4.1734e-04 |   -2.9810e-01 |  -4.2000e-04 |   4.2000e-04 |       -2.9810e-01 |
2026-07-19 17:11:03,897 - INFO - |      ENTRORG      |  1.5144e-03 |  1.7500e-03 | -2.3557e-04 |   -1.3461e-01 |  -5.2500e-04 |   5.2500e-04 |       -1.3461e-01 |
2026-07-19 17:11:03,897 - INFO - |      DETRPEN      |  9.7484e-05 |  7.5000e-05 |  2.2484e-05 |    2.9979e-01 |  -2.2500e-05 |   2.2500e-05 |        2.9979e-01 |
2026-07-19 17:11:03,897 - INFO - |      ENTRDD       |  2.1041e-04 |  3.0000e-04 | -8.9586e-05 |   -2.9862e-01 |  -9.0000e-05 |   9.0000e-05 |       -2.9862e-01 |
2026-07-19 17:11:03,897 - INFO - |      RMFDEPS      |  3.8999e-01 |  3.0000e-01 |  8.9987e-02 |    2.9996e-01 |  -9.0000e-02 |   9.0000e-02 |        2.9996e-01 |
2026-07-19 17:11:03,898 - INFO - |       RVICE       |  1.6898e-01 |  1.3000e-01 |  3.8981e-02 |    2.9985e-01 |  -3.9000e-02 |   3.9000e-02 |        2.9985e-01 |
2026-07-19 17:11:03,898 - INFO - |    RLCRITSNOW     |  1.4018e-05 |  2.0000e-05 | -5.9821e-06 |   -2.9911e-01 |  -6.0000e-06 |   6.0000e-06 |       -2.9911e-01 |
2026-07-19 17:11:03,898 - INFO - |     RSNOWLIN2     |  2.1002e-02 |  3.0000e-02 | -8.9981e-03 |   -2.9994e-01 |  -9.0000e-03 |   9.0000e-03 |       -2.9994e-01 |
2026-07-19 17:11:03,898 - INFO - |      RCLDIFF      |  4.4159e-06 |  6.0000e-06 | -1.5841e-06 |   -2.6402e-01 |  -1.8000e-06 |   1.8000e-06 |       -2.6402e-01 |
2026-07-19 17:11:03,899 - INFO - |   RCLDIFF_CONVI   |  7.0041e+00 |  1.0000e+01 | -2.9959e+00 |   -2.9959e-01 |  -3.0000e+00 |   3.0000e+00 |       -2.9959e-01 |
2026-07-19 17:11:03,899 - INFO - |  RDEPLIQREFRATE   |  5.8172e-01 |  5.0000e-01 |  8.1721e-02 |    1.6344e-01 |  -1.5000e-01 |   1.5000e-01 |        1.6344e-01 |
2026-07-19 17:11:03,899 - INFO - |  RDEPLIQREFDEPTH  |  4.2776e+02 |  5.0000e+02 | -7.2242e+01 |   -1.4448e-01 |  -1.5000e+02 |   1.5000e+02 |       -1.4448e-01 |
2026-07-19 17:11:03,899 - INFO - | RCL_OVERLAPLIQICE |  4.5501e-01 |  6.5000e-01 | -1.9499e-01 |   -2.9999e-01 |  -1.9500e-01 |   1.9500e-01 |       -2.9999e-01 |
2026-07-19 17:11:03,900 - INFO - |  RCL_INHOMOGAUT   |  1.0508e+00 |  1.5000e+00 | -4.4920e-01 |   -2.9947e-01 |  -4.5000e-01 |   4.5000e-01 |       -2.9947e-01 |
2026-07-19 17:11:03,900 - INFO - |  RCL_INHOMOGACC   |  2.2829e+00 |  3.0000e+00 | -7.1710e-01 |   -2.3903e-01 |  -9.0000e-01 |   9.0000e-01 |       -2.3903e-01 |
2026-07-19 17:11:03,900 - INFO - |      RMINICE      |  7.7989e+01 |  6.0000e+01 |  1.7989e+01 |    2.9982e-01 |  -1.8000e+01 |   1.8000e+01 |        2.9982e-01 |
2026-07-19 17:11:03,900 - INFO - --------------------------------------------------------------------------------

2026-07-19 17:11:03,900 - INFO - 
===================== OPTIMIZATION SUMMARY (Biases: Model - Target) ======================
2026-07-19 17:11:03,901 - INFO - Goal: Bring Biases to 0.0

2026-07-19 17:11:03,901 - INFO - --------------------------------- PRIMARY TUNING TARGETS ---------------------------------
2026-07-19 17:11:03,901 - INFO - Variable     | Season | Region       | Weight |  Bias Init -> Bias Final | Status
2026-07-19 17:11:03,901 - INFO - ---------------------------------------------------------------------------------
2026-07-19 17:11:03,902 - INFO - net_toa      | ALL    | Global       | 1.00   |      5.626 -> [92m     1.933[0m | IMPROVED
2026-07-19 17:11:03,902 - INFO - 
-------------------------------- DIAGNOSTIC SIDE-EFFECTS ---------------------------------
2026-07-19 17:11:03,902 - INFO - Variable     | Season | Region       | Weight |  Bias Init -> Bias Final | Status
2026-07-19 17:11:03,902 - INFO - ---------------------------------------------------------------------------------
2026-07-19 17:11:03,903 - INFO - net_toa      | ALL    | Tropical     | 0.00   |      2.687 -> [92m    -0.943[0m | IMPROVED
2026-07-19 17:11:03,903 - INFO - net_toa      | ALL    | North Midlat | 0.00   |      6.164 -> [92m     2.811[0m | IMPROVED
2026-07-19 17:11:03,903 - INFO - net_toa      | ALL    | South Midlat | 0.00   |     10.965 -> [92m     6.808[0m | IMPROVED
2026-07-19 17:11:03,903 - INFO - net_toa      | ALL    | North Pole   | 0.00   |      8.072 -> [92m     5.770[0m | IMPROVED
2026-07-19 17:11:03,904 - INFO - net_toa      | ALL    | South Pole   | 0.00   |     19.615 -> [92m    16.612[0m | IMPROVED
2026-07-19 17:11:03,904 - INFO - net_toa      | ALL    | Equatorial   | 0.00   |      2.367 -> [92m    -1.804[0m | IMPROVED
2026-07-19 17:11:03,904 - INFO - net_toa      | ALL    | NH           | 0.00   |      4.927 -> [92m     1.860[0m | IMPROVED
2026-07-19 17:11:03,904 - INFO - net_toa      | ALL    | SH           | 0.00   |      9.713 -> [92m     5.892[0m | IMPROVED
2026-07-19 17:11:03,905 - INFO - rsnt         | ALL    | Global       | 0.00   |     -1.305 -> [91m    -3.499[0m | WORSENED
2026-07-19 17:11:03,905 - INFO - rsnt         | ALL    | Tropical     | 0.00   |     -1.157 -> [91m    -4.010[0m | WORSENED
2026-07-19 17:11:03,905 - INFO - rsnt         | ALL    | North Midlat | 0.00   |     -2.983 -> [91m    -4.725[0m | WORSENED
2026-07-19 17:11:03,905 - INFO - rsnt         | ALL    | South Midlat | 0.00   |      0.076 -> [91m    -1.251[0m | WORSENED
2026-07-19 17:11:03,906 - INFO - rsnt         | ALL    | North Pole   | 0.00   |     -5.579 -> [91m    -5.807[0m | WORSENED
2026-07-19 17:11:03,906 - INFO - rsnt         | ALL    | South Pole   | 0.00   |      5.026 -> [91m     5.136[0m | WORSENED
2026-07-19 17:11:03,906 - INFO - rsnt         | ALL    | Equatorial   | 0.00   |     -0.425 -> [91m    -3.399[0m | WORSENED
2026-07-19 17:11:03,906 - INFO - rsnt         | ALL    | NH           | 0.00   |     -2.942 -> [91m    -4.968[0m | WORSENED
2026-07-19 17:11:03,907 - INFO - rsnt         | ALL    | SH           | 0.00   |     -0.584 -> [91m    -2.133[0m | WORSENED
2026-07-19 17:11:03,907 - INFO - rlnt         | ALL    | Global       | 0.00   |      6.931 -> [92m     5.432[0m | IMPROVED
2026-07-19 17:11:03,907 - INFO - rlnt         | ALL    | Tropical     | 0.00   |      3.844 -> [92m     3.067[0m | IMPROVED
2026-07-19 17:11:03,907 - INFO - rlnt         | ALL    | North Midlat | 0.00   |      9.147 -> [92m     7.536[0m | IMPROVED
2026-07-19 17:11:03,908 - INFO - rlnt         | ALL    | South Midlat | 0.00   |     10.889 -> [92m     8.059[0m | IMPROVED
2026-07-19 17:11:03,908 - INFO - rlnt         | ALL    | North Pole   | 0.00   |     13.651 -> [92m    11.577[0m | IMPROVED
2026-07-19 17:11:03,908 - INFO - rlnt         | ALL    | South Pole   | 0.00   |     14.589 -> [92m    11.476[0m | IMPROVED
2026-07-19 17:11:03,908 - INFO - rlnt         | ALL    | Equatorial   | 0.00   |      2.792 -> [92m     1.595[0m | IMPROVED
2026-07-19 17:11:03,909 - INFO - rlnt         | ALL    | NH           | 0.00   |      7.869 -> [92m     6.828[0m | IMPROVED
2026-07-19 17:11:03,909 - INFO - rlnt         | ALL    | SH           | 0.00   |     10.297 -> [92m     8.025[0m | IMPROVED
2026-07-19 17:11:03,909 - INFO - swcf         | ALL    | Global       | 0.00   |      0.506 -> [91m    -1.618[0m | WORSENED
2026-07-19 17:11:03,909 - INFO - swcf         | ALL    | Tropical     | 0.00   |      0.248 -> [91m    -2.556[0m | WORSENED
2026-07-19 17:11:03,909 - INFO - swcf         | ALL    | North Midlat | 0.00   |     -0.103 -> [91m    -1.679[0m | WORSENED
2026-07-19 17:11:03,910 - INFO - swcf         | ALL    | South Midlat | 0.00   |      1.630 -> [92m     0.319[0m | IMPROVED
2026-07-19 17:11:03,910 - INFO - swcf         | ALL    | North Pole   | 0.00   |     -6.228 -> [91m    -6.554[0m | WORSENED
2026-07-19 17:11:03,910 - INFO - swcf         | ALL    | South Pole   | 0.00   |      6.683 -> [91m     6.792[0m | WORSENED
2026-07-19 17:11:03,910 - INFO - swcf         | ALL    | Equatorial   | 0.00   |      0.569 -> [91m    -2.355[0m | WORSENED
2026-07-19 17:11:03,911 - INFO - swcf         | ALL    | NH           | 0.00   |      0.218 -> [91m    -1.670[0m | WORSENED
2026-07-19 17:11:03,911 - INFO - swcf         | ALL    | SH           | 0.00   |      0.727 -> [91m    -0.799[0m | WORSENED
2026-07-19 17:11:03,911 - INFO - lwcf         | ALL    | Global       | 0.00   |     -2.709 -> [91m    -5.104[0m | WORSENED
2026-07-19 17:11:03,911 - INFO - lwcf         | ALL    | Tropical     | 0.00   |     -5.038 -> [91m    -7.014[0m | WORSENED
2026-07-19 17:11:03,912 - INFO - lwcf         | ALL    | North Midlat | 0.00   |     -0.397 -> [91m    -2.934[0m | WORSENED
2026-07-19 17:11:03,912 - INFO - lwcf         | ALL    | South Midlat | 0.00   |     -0.364 -> [91m    -3.453[0m | WORSENED
2026-07-19 17:11:03,912 - INFO - lwcf         | ALL    | North Pole   | 0.00   |      5.081 -> [92m     2.257[0m | IMPROVED
2026-07-19 17:11:03,912 - INFO - lwcf         | ALL    | South Pole   | 0.00   |      3.737 -> [92m     0.186[0m | IMPROVED
2026-07-19 17:11:03,913 - INFO - lwcf         | ALL    | Equatorial   | 0.00   |     -5.041 -> [91m    -7.563[0m | WORSENED
2026-07-19 17:11:03,913 - INFO - lwcf         | ALL    | NH           | 0.00   |     -1.670 -> [91m    -3.702[0m | WORSENED
2026-07-19 17:11:03,913 - INFO - lwcf         | ALL    | SH           | 0.00   |     -1.325 -> [91m    -3.948[0m | WORSENED
2026-07-19 17:11:03,913 - INFO - net_sfc      | ALL    | Global       | 0.00   |     -6.840 -> [91m   -11.844[0m | WORSENED
2026-07-19 17:11:03,914 - INFO - net_sfc      | ALL    | Tropical     | 0.00   |     -4.390 -> [91m    -9.545[0m | WORSENED
2026-07-19 17:11:03,914 - INFO - net_sfc      | ALL    | North Midlat | 0.00   |     -8.110 -> [91m   -13.239[0m | WORSENED
2026-07-19 17:11:03,914 - INFO - net_sfc      | ALL    | South Midlat | 0.00   |    -10.410 -> [91m   -15.064[0m | WORSENED
2026-07-19 17:11:03,914 - INFO - net_sfc      | ALL    | North Pole   | 0.00   |      5.755 -> [92m     3.315[0m | IMPROVED
2026-07-19 17:11:03,915 - INFO - net_sfc      | ALL    | South Pole   | 0.00   |    -23.330 -> [91m   -24.615[0m | WORSENED
2026-07-19 17:11:03,915 - INFO - net_sfc      | ALL    | Equatorial   | 0.00   |     -1.734 -> [91m    -6.905[0m | WORSENED
2026-07-19 17:11:03,915 - INFO - net_sfc      | ALL    | NH           | 0.00   |    -10.165 -> [91m   -15.045[0m | WORSENED
2026-07-19 17:11:03,915 - INFO - net_sfc      | ALL    | SH           | 0.00   |     -9.546 -> [91m   -14.474[0m | WORSENED
2026-07-19 17:11:03,916 - INFO - ==========================================================================================

Automatic copy of the generated YAML file to /ec/res4/hpcperm/ecme3038/ecearth/ecearth4/ECtuner/mari/results/tuned_2d_LR/refactor/2d/net_toa/yaml_files
