Launch ECtuner in mode: 2d on phis (2000-2017)
2026-07-19 17:00:53,039 - INFO - ==== Starting ECtuner 2D Spatial Workflow ====
2026-07-19 17:00:54,027 - INFO - Loading 2D Data (Sensitivity, Reference, Base)...
2026-07-19 17:00:54,029 - INFO - Loading 2D sensitivity from: /ec/res4/hpcperm/ecme3038/ecearth/ecearth4/ECtuner/data/sensitivities/2D/sensitivity_TL63_415_1991-2000_2D.nc
2026-07-19 17:01:01,901 - INFO - Loading reference for net_toa from: climate_average_net_toa_CERES EBAF_r180x90_2000-2024.nc
2026-07-19 17:01:01,913 - INFO - Loading reference for rsnt from: climate_average_rsnt_CERES EBAF_r180x90_2000-2024.nc
2026-07-19 17:01:01,922 - INFO - Loading reference for rlnt from: climate_average_rlnt_CERES EBAF_r180x90_2000-2024.nc
2026-07-19 17:01:01,932 - INFO - Loading reference for swcf from: climate_average_swcf_CERES EBAF_r180x90_2000-2024.nc
2026-07-19 17:01:01,940 - INFO - Loading reference for lwcf from: climate_average_lwcf_CERES EBAF_r180x90_2000-2024.nc
2026-07-19 17:01:01,949 - WARNING - Missing observation map for 'rsns'. Skipping it from 2D targets/diagnostics.
2026-07-19 17:01:01,950 - WARNING - Missing observation map for 'rlns'. Skipping it from 2D targets/diagnostics.
2026-07-19 17:01:01,950 - WARNING - Missing observation map for 'hfss'. Skipping it from 2D targets/diagnostics.
2026-07-19 17:01:01,951 - WARNING - Missing observation map for 'hfls'. Skipping it from 2D targets/diagnostics.
2026-07-19 17:01:01,952 - INFO - Loading reference for net_sfc from: climate_average_net_sfc_NOCS_r180x90_2000-2014.nc
2026-07-19 17:01:01,961 - WARNING - Missing observation map for 'toamsfc'. Skipping it from 2D targets/diagnostics.
2026-07-19 17:01:01,964 - INFO - Loading cached base maps for phis from /ec/res4/hpcperm/ecme3038/ecearth/ecearth4/ECtuner/mari/ectuner/ecmean/maps_lres/base_2d_phis_2000_2017.nc
2026-07-19 17:01:01,972 - INFO - Generating spatial weights and calculating initial biases...
2026-07-19 17:01:01,990 - INFO - Flattening data
2026-07-19 17:01:02,957 - INFO - Starting Optimization (dual_annealing)...
2026-07-19 17:01:31,047 - INFO - Optimization finished. Spatial Cost: 8.2793 | Global Cost: 0.0000
2026-07-19 17:01:31,243 - INFO - Diagnostic maps saved to: /ec/res4/hpcperm/ecme3038/ecearth/ecearth4/ECtuner/mari/results/tuned_2d_LR/refactor/2d/net_toa/diagnostics_2d_phis_a10_global.nc
2026-07-19 17:01:31,246 - INFO - 
Parameters Optimization Result:
2026-07-19 17:01:31,247 - INFO - --------------------------------------------------------------------------------
2026-07-19 17:01:31,248 - INFO - |     Parameter     |   New value |   Old value |      Change |   Rel. change |   Min change |   Max change |   Dist. from ref. |
2026-07-19 17:01:31,249 - INFO - |-------------------+-------------+-------------+-------------+---------------+--------------+--------------+-------------------|
2026-07-19 17:01:31,249 - INFO - |      RPRCON       |  1.2253e-03 |  1.4000e-03 | -1.7474e-04 |   -1.2481e-01 |  -4.2000e-04 |   4.2000e-04 |       -1.2481e-01 |
2026-07-19 17:01:31,249 - INFO - |      ENTRORG      |  2.2054e-03 |  1.7500e-03 |  4.5538e-04 |    2.6022e-01 |  -5.2500e-04 |   5.2500e-04 |        2.6022e-01 |
2026-07-19 17:01:31,249 - INFO - |      DETRPEN      |  9.2058e-05 |  7.5000e-05 |  1.7058e-05 |    2.2743e-01 |  -2.2500e-05 |   2.2500e-05 |        2.2743e-01 |
2026-07-19 17:01:31,250 - INFO - |      ENTRDD       |  3.3299e-04 |  3.0000e-04 |  3.2989e-05 |    1.0996e-01 |  -9.0000e-05 |   9.0000e-05 |        1.0996e-01 |
2026-07-19 17:01:31,250 - INFO - |      RMFDEPS      |  3.8691e-01 |  3.0000e-01 |  8.6906e-02 |    2.8969e-01 |  -9.0000e-02 |   9.0000e-02 |        2.8969e-01 |
2026-07-19 17:01:31,250 - INFO - |       RVICE       |  1.4764e-01 |  1.3000e-01 |  1.7638e-02 |    1.3568e-01 |  -3.9000e-02 |   3.9000e-02 |        1.3568e-01 |
2026-07-19 17:01:31,250 - INFO - |    RLCRITSNOW     |  1.8734e-05 |  2.0000e-05 | -1.2660e-06 |   -6.3300e-02 |  -6.0000e-06 |   6.0000e-06 |       -6.3300e-02 |
2026-07-19 17:01:31,250 - INFO - |     RSNOWLIN2     |  2.3022e-02 |  3.0000e-02 | -6.9780e-03 |   -2.3260e-01 |  -9.0000e-03 |   9.0000e-03 |       -2.3260e-01 |
2026-07-19 17:01:31,251 - INFO - |      RCLDIFF      |  4.3865e-06 |  6.0000e-06 | -1.6135e-06 |   -2.6892e-01 |  -1.8000e-06 |   1.8000e-06 |       -2.6892e-01 |
2026-07-19 17:01:31,251 - INFO - |   RCLDIFF_CONVI   |  9.2223e+00 |  1.0000e+01 | -7.7775e-01 |   -7.7775e-02 |  -3.0000e+00 |   3.0000e+00 |       -7.7775e-02 |
2026-07-19 17:01:31,251 - INFO - |  RDEPLIQREFRATE   |  4.7745e-01 |  5.0000e-01 | -2.2547e-02 |   -4.5095e-02 |  -1.5000e-01 |   1.5000e-01 |       -4.5095e-02 |
2026-07-19 17:01:31,251 - INFO - |  RDEPLIQREFDEPTH  |  5.1282e+02 |  5.0000e+02 |  1.2821e+01 |    2.5643e-02 |  -1.5000e+02 |   1.5000e+02 |        2.5643e-02 |
2026-07-19 17:01:31,252 - INFO - | RCL_OVERLAPLIQICE |  5.0922e-01 |  6.5000e-01 | -1.4078e-01 |   -2.1659e-01 |  -1.9500e-01 |   1.9500e-01 |       -2.1659e-01 |
2026-07-19 17:01:31,252 - INFO - |  RCL_INHOMOGAUT   |  1.1107e+00 |  1.5000e+00 | -3.8927e-01 |   -2.5951e-01 |  -4.5000e-01 |   4.5000e-01 |       -2.5951e-01 |
2026-07-19 17:01:31,252 - INFO - |  RCL_INHOMOGACC   |  2.2514e+00 |  3.0000e+00 | -7.4860e-01 |   -2.4953e-01 |  -9.0000e-01 |   9.0000e-01 |       -2.4953e-01 |
2026-07-19 17:01:31,252 - INFO - |      RMINICE      |  6.2569e+01 |  6.0000e+01 |  2.5686e+00 |    4.2809e-02 |  -1.8000e+01 |   1.8000e+01 |        4.2809e-02 |
2026-07-19 17:01:31,253 - INFO - --------------------------------------------------------------------------------

2026-07-19 17:01:31,253 - INFO - 
===================== OPTIMIZATION SUMMARY (Biases: Model - Target) ======================
2026-07-19 17:01:31,253 - INFO - Goal: Bring Biases to 0.0

2026-07-19 17:01:31,253 - INFO - --------------------------------- PRIMARY TUNING TARGETS ---------------------------------
2026-07-19 17:01:31,253 - INFO - Variable     | Season | Region       | Weight |  Bias Init -> Bias Final | Status
2026-07-19 17:01:31,254 - INFO - ---------------------------------------------------------------------------------
2026-07-19 17:01:31,254 - INFO - net_toa      | ALL    | Global       | 1.00   |      5.626 -> [92m    -0.000[0m | IMPROVED
2026-07-19 17:01:31,254 - INFO - 
-------------------------------- DIAGNOSTIC SIDE-EFFECTS ---------------------------------
2026-07-19 17:01:31,254 - INFO - Variable     | Season | Region       | Weight |  Bias Init -> Bias Final | Status
2026-07-19 17:01:31,255 - INFO - ---------------------------------------------------------------------------------
2026-07-19 17:01:31,255 - INFO - net_toa      | ALL    | Tropical     | 0.00   |      2.687 -> [91m    -4.851[0m | WORSENED
2026-07-19 17:01:31,255 - INFO - net_toa      | ALL    | North Midlat | 0.00   |      6.164 -> [92m     3.034[0m | IMPROVED
2026-07-19 17:01:31,255 - INFO - net_toa      | ALL    | South Midlat | 0.00   |     10.965 -> [92m     6.667[0m | IMPROVED
2026-07-19 17:01:31,256 - INFO - net_toa      | ALL    | North Pole   | 0.00   |      8.072 -> [92m     5.965[0m | IMPROVED
2026-07-19 17:01:31,256 - INFO - net_toa      | ALL    | South Pole   | 0.00   |     19.615 -> [92m    17.383[0m | IMPROVED
2026-07-19 17:01:31,256 - INFO - net_toa      | ALL    | Equatorial   | 0.00   |      2.367 -> [91m    -6.275[0m | WORSENED
2026-07-19 17:01:31,256 - INFO - net_toa      | ALL    | NH           | 0.00   |      4.927 -> [92m     1.549[0m | IMPROVED
2026-07-19 17:01:31,257 - INFO - net_toa      | ALL    | SH           | 0.00   |      9.713 -> [92m     4.974[0m | IMPROVED
2026-07-19 17:01:31,257 - INFO - rsnt         | ALL    | Global       | 0.00   |     -1.305 -> [91m    -6.223[0m | WORSENED
2026-07-19 17:01:31,257 - INFO - rsnt         | ALL    | Tropical     | 0.00   |     -1.157 -> [91m    -7.561[0m | WORSENED
2026-07-19 17:01:31,257 - INFO - rsnt         | ALL    | North Midlat | 0.00   |     -2.983 -> [91m    -6.134[0m | WORSENED
2026-07-19 17:01:31,258 - INFO - rsnt         | ALL    | South Midlat | 0.00   |      0.076 -> [91m    -3.636[0m | WORSENED
2026-07-19 17:01:31,258 - INFO - rsnt         | ALL    | North Pole   | 0.00   |     -5.579 -> [91m    -6.804[0m | WORSENED
2026-07-19 17:01:31,258 - INFO - rsnt         | ALL    | South Pole   | 0.00   |      5.026 -> [92m     4.476[0m | IMPROVED
2026-07-19 17:01:31,258 - INFO - rsnt         | ALL    | Equatorial   | 0.00   |     -0.425 -> [91m    -7.347[0m | WORSENED
2026-07-19 17:01:31,258 - INFO - rsnt         | ALL    | NH           | 0.00   |     -2.942 -> [91m    -6.403[0m | WORSENED
2026-07-19 17:01:31,259 - INFO - rsnt         | ALL    | SH           | 0.00   |     -0.584 -> [91m    -4.874[0m | WORSENED
2026-07-19 17:01:31,259 - INFO - rlnt         | ALL    | Global       | 0.00   |      6.931 -> [92m     6.223[0m | IMPROVED
2026-07-19 17:01:31,259 - INFO - rlnt         | ALL    | Tropical     | 0.00   |      3.844 -> [92m     2.711[0m | IMPROVED
2026-07-19 17:01:31,259 - INFO - rlnt         | ALL    | North Midlat | 0.00   |      9.147 -> [91m     9.168[0m | WORSENED
2026-07-19 17:01:31,260 - INFO - rlnt         | ALL    | South Midlat | 0.00   |     10.889 -> [92m    10.303[0m | IMPROVED
2026-07-19 17:01:31,260 - INFO - rlnt         | ALL    | North Pole   | 0.00   |     13.651 -> [92m    12.769[0m | IMPROVED
2026-07-19 17:01:31,260 - INFO - rlnt         | ALL    | South Pole   | 0.00   |     14.589 -> [92m    12.907[0m | IMPROVED
2026-07-19 17:01:31,260 - INFO - rlnt         | ALL    | Equatorial   | 0.00   |      2.792 -> [92m     1.073[0m | IMPROVED
2026-07-19 17:01:31,261 - INFO - rlnt         | ALL    | NH           | 0.00   |      7.869 -> [91m     7.952[0m | WORSENED
2026-07-19 17:01:31,261 - INFO - rlnt         | ALL    | SH           | 0.00   |     10.297 -> [92m     9.848[0m | IMPROVED
2026-07-19 17:01:31,261 - INFO - swcf         | ALL    | Global       | 0.00   |      0.506 -> [91m    -4.301[0m | WORSENED
2026-07-19 17:01:31,261 - INFO - swcf         | ALL    | Tropical     | 0.00   |      0.248 -> [91m    -6.098[0m | WORSENED
2026-07-19 17:01:31,262 - INFO - swcf         | ALL    | North Midlat | 0.00   |     -0.103 -> [91m    -2.951[0m | WORSENED
2026-07-19 17:01:31,262 - INFO - swcf         | ALL    | South Midlat | 0.00   |      1.630 -> [91m    -2.055[0m | WORSENED
2026-07-19 17:01:31,262 - INFO - swcf         | ALL    | North Pole   | 0.00   |     -6.228 -> [91m    -7.289[0m | WORSENED
2026-07-19 17:01:31,262 - INFO - swcf         | ALL    | South Pole   | 0.00   |      6.683 -> [92m     6.087[0m | IMPROVED
2026-07-19 17:01:31,262 - INFO - swcf         | ALL    | Equatorial   | 0.00   |      0.569 -> [91m    -6.300[0m | WORSENED
2026-07-19 17:01:31,263 - INFO - swcf         | ALL    | NH           | 0.00   |      0.218 -> [91m    -3.000[0m | WORSENED
2026-07-19 17:01:31,263 - INFO - swcf         | ALL    | SH           | 0.00   |      0.727 -> [91m    -3.522[0m | WORSENED
2026-07-19 17:01:31,263 - INFO - lwcf         | ALL    | Global       | 0.00   |     -2.709 -> [91m    -3.544[0m | WORSENED
2026-07-19 17:01:31,263 - INFO - lwcf         | ALL    | Tropical     | 0.00   |     -5.038 -> [91m    -6.009[0m | WORSENED
2026-07-19 17:01:31,264 - INFO - lwcf         | ALL    | North Midlat | 0.00   |     -0.397 -> [91m    -1.132[0m | WORSENED
2026-07-19 17:01:31,264 - INFO - lwcf         | ALL    | South Midlat | 0.00   |     -0.364 -> [91m    -1.024[0m | WORSENED
2026-07-19 17:01:31,264 - INFO - lwcf         | ALL    | North Pole   | 0.00   |      5.081 -> [92m     3.635[0m | IMPROVED
2026-07-19 17:01:31,264 - INFO - lwcf         | ALL    | South Pole   | 0.00   |      3.737 -> [92m     2.234[0m | IMPROVED
2026-07-19 17:01:31,265 - INFO - lwcf         | ALL    | Equatorial   | 0.00   |     -5.041 -> [91m    -6.467[0m | WORSENED
2026-07-19 17:01:31,265 - INFO - lwcf         | ALL    | NH           | 0.00   |     -1.670 -> [91m    -2.223[0m | WORSENED
2026-07-19 17:01:31,265 - INFO - lwcf         | ALL    | SH           | 0.00   |     -1.325 -> [91m    -1.825[0m | WORSENED
2026-07-19 17:01:31,265 - INFO - net_sfc      | ALL    | Global       | 0.00   |     -6.840 -> [91m   -14.457[0m | WORSENED
2026-07-19 17:01:31,266 - INFO - net_sfc      | ALL    | Tropical     | 0.00   |     -4.390 -> [91m   -14.362[0m | WORSENED
2026-07-19 17:01:31,266 - INFO - net_sfc      | ALL    | North Midlat | 0.00   |     -8.110 -> [91m   -13.350[0m | WORSENED
2026-07-19 17:01:31,266 - INFO - net_sfc      | ALL    | South Midlat | 0.00   |    -10.410 -> [91m   -15.343[0m | WORSENED
2026-07-19 17:01:31,266 - INFO - net_sfc      | ALL    | North Pole   | 0.00   |      5.755 -> [92m     3.214[0m | IMPROVED
2026-07-19 17:01:31,267 - INFO - net_sfc      | ALL    | South Pole   | 0.00   |    -23.330 -> [91m   -23.811[0m | WORSENED
2026-07-19 17:01:31,267 - INFO - net_sfc      | ALL    | Equatorial   | 0.00   |     -1.734 -> [91m   -12.440[0m | WORSENED
2026-07-19 17:01:31,267 - INFO - net_sfc      | ALL    | NH           | 0.00   |    -10.165 -> [91m   -15.619[0m | WORSENED
2026-07-19 17:01:31,267 - INFO - net_sfc      | ALL    | SH           | 0.00   |     -9.546 -> [91m   -15.630[0m | WORSENED
2026-07-19 17:01:31,267 - INFO - ==========================================================================================

Automatic copy of the generated YAML file to /ec/res4/hpcperm/ecme3038/ecearth/ecearth4/ECtuner/mari/results/tuned_2d_LR/refactor/2d/net_toa/yaml_files
