[ECMWF-INFO -sbatch] - -------------------------------------------------------------------------------------
[ECMWF-INFO -sbatch] -  This is the ECMWF jobfilter
[ECMWF-INFO -sbatch] -  +++ Please report issues using the Support portal +++
[ECMWF-INFO -sbatch] -  +++ https://support.ecmwf.int                     +++
[ECMWF-INFO -sbatch] -  /usr/local/bin/ecsbatch: size: 54473, mtime: Mon Jun 29 15:34:27 2026
[ECMWF-INFO -sbatch] - -------------------------------------------------------------------------------------
[ECMWF-INFO -sbatch] - Time at submit: Sun Jul 19 17:07:27 2026 (1784480847.0435956) on ac6-100.bullx:/lus/h2resw01/hpcperm/ecme3038/ecearth/ecearth4/ECtuner/notebooks
[ECMWF-INFO -sbatch] - --- SLURM VARIABLES ---
[ECMWF-INFO -sbatch] - EC_CLUSTER=ac
[ECMWF-INFO -sbatch] - SLURM_EXPORT_ENV=ALL
[ECMWF-INFO -sbatch] - SBATCH_EXPORT=NONE
[ECMWF-INFO -sbatch] - -----------------------
[ECMWF-INFO -sbatch] - jobscript: /lus/h2resw01/hpcperm/ecme3038/ecearth/ecearth4/ECtuner/jobs/run_tuner_sweep.sh
[ECMWF-INFO -sbatch] - --- SCRIPT OPTIONS ---
[ECMWF-INFO -sbatch] - (override by arg) #SBATCH --job-name=tuner_sweep
[ECMWF-INFO -sbatch] - #SBATCH --nodes=1
[ECMWF-INFO -sbatch] - #SBATCH --ntasks=1
[ECMWF-INFO -sbatch] - #SBATCH --cpus-per-task=8
[ECMWF-INFO -sbatch] - #SBATCH --mem=128G
[ECMWF-INFO -sbatch] - #SBATCH --time=04:00:00
[ECMWF-INFO -sbatch] - #SBATCH --qos=np
[ECMWF-INFO -sbatch] - -----------------------
[ECMWF-INFO -sbatch] - --- POST-PROCESSED OPTIONS ---
[ECMWF-INFO -sbatch] - ARG --positional=['/ec/res4/hpcperm/ecme3038/ecearth/ecearth4/ECtuner/jobs/run_tuner_sweep.sh', '2d', '/lus/h2resw01/hpcperm/ecme3038/ecearth/ecearth4/ECtuner/notebooks/temp_a02_spatial.yaml', '/ec/res4/hpcperm/ecme3038/ecearth/ecearth4/ECtuner/mari/results/tuned_2d_LR/refactor/2d/net_toa/tuned_a02_spatial.yml', '/ec/res4/hpcperm/ecme3038/ecearth/ecearth4/ECtuner/mari/results/tuned_2d_LR/refactor/2d/net_toa/log_a02_spatial.log', 'phis', '2000', '2017', 'a02_spatial']
[ECMWF-INFO -sbatch] - ARG --cpus_per_task=8
[ECMWF-INFO -sbatch] - ARG --job_name=a02_spatial
[ECMWF-INFO -sbatch] - ARG --ntasks=1
[ECMWF-INFO -sbatch] - ARG --nodes=1
[ECMWF-INFO -sbatch] - ARG --output=/ec/res4/hpcperm/ecme3038/ecearth/ecearth4/ECtuner/mari/results/tuned_2d_LR/refactor/2d/net_toa/slurm_a02_spatial.out
[ECMWF-INFO -sbatch] - ARG --qos=np
[ECMWF-INFO -sbatch] - ARG --time=04:00:00
[ECMWF-INFO -sbatch] - ARG --mem=128G
[ECMWF-INFO -sbatch] - ------------------------------
[ECMWF-INFO -sbatch] - jobtag: ecme3038-a02_spatial-1x256-/ec/res4/hpcperm/ecme3038/ecearth/ecearth4/ECtuner/mari/results/tuned_2d_LR/refactor/2d/net_toa/slurm_a02_spatial.out
[ECMWF-INFO -sbatch] - ['/usr/bin/sbatch', '--cpus-per-task=8', '--job-name=a02_spatial', '--ntasks=1', '--nodes=1', '--output=/ec/res4/hpcperm/ecme3038/ecearth/ecearth4/ECtuner/mari/results/tuned_2d_LR/refactor/2d/net_toa/slurm_a02_spatial.out', '--qos=np', '--time=04:00:00', '--mem=128G', '--export=SLURM_JOB_STDOUT=/ec/res4/hpcperm/ecme3038/ecearth/ecearth4/ECtuner/mari/results/tuned_2d_LR/refactor/2d/net_toa/slurm_a02_spatial.out,EC_user_time_limit=04:00:00', '--licenses=h2resw01', '/lus/h2resw01/hpcperm/ecme3038/ecearth/ecearth4/ECtuner/jobs/run_tuner_sweep.sh', '2d', '/lus/h2resw01/hpcperm/ecme3038/ecearth/ecearth4/ECtuner/notebooks/temp_a02_spatial.yaml', '/ec/res4/hpcperm/ecme3038/ecearth/ecearth4/ECtuner/mari/results/tuned_2d_LR/refactor/2d/net_toa/tuned_a02_spatial.yml', '/ec/res4/hpcperm/ecme3038/ecearth/ecearth4/ECtuner/mari/results/tuned_2d_LR/refactor/2d/net_toa/log_a02_spatial.log', 'phis', '2000', '2017', 'a02_spatial']
[ECMWF-INFO -sbatch] - sbatch executed on ac
[ECMWF-INFO -sbatch] - Job queued on ac using method local
[ECMWF-INFO -sbatch] - Submitted batch job 30805054
[ECMWF-INFO -ecprofile] /usr/bin/bash NON_INTERACTIVE on ac1-3073 at 20260719_170756.884, PID: 2796259, JOBID: 30805054
[ECMWF-INFO -ecprofile] $SCRATCH=/ec/res4/scratch/ecme3038
[ECMWF-INFO -ecprofile] $PERM=/perm/ecme3038
[ECMWF-INFO -ecprofile] $HPCPERM=/ec/res4/hpcperm/ecme3038
[ECMWF-INFO -ecprofile] $TMPDIR=/dev/shm/_tmpdir_.ecme3038.30805054
[ECMWF-INFO -ecprofile] $SCRATCHDIR=/ec/res4/scratchdir/ecme3038/6/30805054
2026-07-19 17:07:59 | ectuner |     INFO -> ==== Starting ECtuner 2D Spatial Workflow ====
2026-07-19 17:07:59 | ectuner |     INFO -> Loading 2D Data (Sensitivity, Reference, Base)...
2026-07-19 17:07:59 | ectuner |     INFO -> Loading 2D sensitivity from: /ec/res4/hpcperm/ecme3038/ecearth/ecearth4/ECtuner/data/sensitivities/2D/sensitivity_TL63_415_1991-2000_2D.nc
/etc/ecmwf/nfs/dh2_2_perm_b/ecme3038/envs/ectuner/lib/python3.11/site-packages/pyproj/network.py:59: UserWarning: pyproj unable to set PROJ database path.
  _set_context_ca_bundle_path(ca_bundle_path)
2026-07-19 17:08:07 | ectuner |     INFO -> Loading reference for net_toa from: climate_average_net_toa_CERES EBAF_r180x90_2000-2024.nc
2026-07-19 17:08:07 | ectuner |     INFO -> Loading reference for rsnt from: climate_average_rsnt_CERES EBAF_r180x90_2000-2024.nc
2026-07-19 17:08:07 | ectuner |     INFO -> Loading reference for rlnt from: climate_average_rlnt_CERES EBAF_r180x90_2000-2024.nc
2026-07-19 17:08:07 | ectuner |     INFO -> Loading reference for swcf from: climate_average_swcf_CERES EBAF_r180x90_2000-2024.nc
2026-07-19 17:08:07 | ectuner |     INFO -> Loading reference for lwcf from: climate_average_lwcf_CERES EBAF_r180x90_2000-2024.nc
2026-07-19 17:08:07 | ectuner |  WARNING -> Missing observation map for 'rsns'. Skipping it from 2D targets/diagnostics.
2026-07-19 17:08:07 | ectuner |  WARNING -> Missing observation map for 'rlns'. Skipping it from 2D targets/diagnostics.
2026-07-19 17:08:07 | ectuner |  WARNING -> Missing observation map for 'hfss'. Skipping it from 2D targets/diagnostics.
2026-07-19 17:08:07 | ectuner |  WARNING -> Missing observation map for 'hfls'. Skipping it from 2D targets/diagnostics.
2026-07-19 17:08:07 | ectuner |     INFO -> Loading reference for net_sfc from: climate_average_net_sfc_NOCS_r180x90_2000-2014.nc
2026-07-19 17:08:07 | ectuner |  WARNING -> Missing observation map for 'toamsfc'. Skipping it from 2D targets/diagnostics.
2026-07-19 17:08:07 | ectuner |     INFO -> Loading cached base maps for phis from /ec/res4/hpcperm/ecme3038/ecearth/ecearth4/ECtuner/mari/ectuner/ecmean/maps_lres/base_2d_phis_2000_2017.nc
2026-07-19 17:08:07 | ectuner |     INFO -> Generating spatial weights and calculating initial biases...
2026-07-19 17:08:07 | ectuner |     INFO -> Flattening data
2026-07-19 17:08:08 | ectuner |     INFO -> Starting Optimization (dual_annealing)...
2026-07-19 17:11:09 | ectuner |     INFO -> Optimization finished. Spatial Cost: 7.2683 | Global Cost: 0.9762
2026-07-19 17:11:09 | ectuner |     INFO -> Diagnostic maps saved to: /ec/res4/hpcperm/ecme3038/ecearth/ecearth4/ECtuner/mari/results/tuned_2d_LR/refactor/2d/net_toa/diagnostics_2d_phis_a02_spatial.nc
2026-07-19 17:11:10 | ectuner |     INFO -> 
Parameters Optimization Result:
2026-07-19 17:11:10 | ectuner |     INFO -> --------------------------------------------------------------------------------
2026-07-19 17:11:10 | ectuner |     INFO -> |     Parameter     |   New value |   Old value |      Change |   Rel. change |   Min change |   Max change |   Dist. from ref. |
2026-07-19 17:11:10 | ectuner |     INFO -> |-------------------+-------------+-------------+-------------+---------------+--------------+--------------+-------------------|
2026-07-19 17:11:10 | ectuner |     INFO -> |      RPRCON       |  9.8019e-04 |  1.4000e-03 | -4.1981e-04 |   -2.9986e-01 |  -4.2000e-04 |   4.2000e-04 |       -2.9986e-01 |
2026-07-19 17:11:10 | ectuner |     INFO -> |      ENTRORG      |  1.6244e-03 |  1.7500e-03 | -1.2563e-04 |   -7.1788e-02 |  -5.2500e-04 |   5.2500e-04 |       -7.1788e-02 |
2026-07-19 17:11:10 | ectuner |     INFO -> |      DETRPEN      |  9.7455e-05 |  7.5000e-05 |  2.2455e-05 |    2.9941e-01 |  -2.2500e-05 |   2.2500e-05 |        2.9941e-01 |
2026-07-19 17:11:10 | ectuner |     INFO -> |      ENTRDD       |  2.1041e-04 |  3.0000e-04 | -8.9595e-05 |   -2.9865e-01 |  -9.0000e-05 |   9.0000e-05 |       -2.9865e-01 |
2026-07-19 17:11:10 | ectuner |     INFO -> |      RMFDEPS      |  3.8998e-01 |  3.0000e-01 |  8.9982e-02 |    2.9994e-01 |  -9.0000e-02 |   9.0000e-02 |        2.9994e-01 |
2026-07-19 17:11:10 | ectuner |     INFO -> |       RVICE       |  1.6900e-01 |  1.3000e-01 |  3.8997e-02 |    2.9997e-01 |  -3.9000e-02 |   3.9000e-02 |        2.9997e-01 |
2026-07-19 17:11:10 | ectuner |     INFO -> |    RLCRITSNOW     |  1.4004e-05 |  2.0000e-05 | -5.9955e-06 |   -2.9978e-01 |  -6.0000e-06 |   6.0000e-06 |       -2.9978e-01 |
2026-07-19 17:11:10 | ectuner |     INFO -> |     RSNOWLIN2     |  2.1005e-02 |  3.0000e-02 | -8.9947e-03 |   -2.9982e-01 |  -9.0000e-03 |   9.0000e-03 |       -2.9982e-01 |
2026-07-19 17:11:10 | ectuner |     INFO -> |      RCLDIFF      |  4.2398e-06 |  6.0000e-06 | -1.7602e-06 |   -2.9336e-01 |  -1.8000e-06 |   1.8000e-06 |       -2.9336e-01 |
2026-07-19 17:11:10 | ectuner |     INFO -> |   RCLDIFF_CONVI   |  7.0084e+00 |  1.0000e+01 | -2.9916e+00 |   -2.9916e-01 |  -3.0000e+00 |   3.0000e+00 |       -2.9916e-01 |
2026-07-19 17:11:10 | ectuner |     INFO -> |  RDEPLIQREFRATE   |  5.4008e-01 |  5.0000e-01 |  4.0082e-02 |    8.0164e-02 |  -1.5000e-01 |   1.5000e-01 |        8.0164e-02 |
2026-07-19 17:11:10 | ectuner |     INFO -> |  RDEPLIQREFDEPTH  |  3.6026e+02 |  5.0000e+02 | -1.3974e+02 |   -2.7948e-01 |  -1.5000e+02 |   1.5000e+02 |       -2.7948e-01 |
2026-07-19 17:11:10 | ectuner |     INFO -> | RCL_OVERLAPLIQICE |  4.5502e-01 |  6.5000e-01 | -1.9498e-01 |   -2.9997e-01 |  -1.9500e-01 |   1.9500e-01 |       -2.9997e-01 |
2026-07-19 17:11:10 | ectuner |     INFO -> |  RCL_INHOMOGAUT   |  1.0502e+00 |  1.5000e+00 | -4.4983e-01 |   -2.9989e-01 |  -4.5000e-01 |   4.5000e-01 |       -2.9989e-01 |
2026-07-19 17:11:10 | ectuner |     INFO -> |  RCL_INHOMOGACC   |  2.1019e+00 |  3.0000e+00 | -8.9814e-01 |   -2.9938e-01 |  -9.0000e-01 |   9.0000e-01 |       -2.9938e-01 |
2026-07-19 17:11:10 | ectuner |     INFO -> |      RMINICE      |  7.8000e+01 |  6.0000e+01 |  1.8000e+01 |    3.0000e-01 |  -1.8000e+01 |   1.8000e+01 |        3.0000e-01 |
2026-07-19 17:11:10 | ectuner |     INFO -> --------------------------------------------------------------------------------

2026-07-19 17:11:10 | ectuner |     INFO -> 
===================== OPTIMIZATION SUMMARY (Biases: Model - Target) ======================
2026-07-19 17:11:10 | ectuner |     INFO -> Goal: Bring Biases to 0.0

2026-07-19 17:11:10 | ectuner |     INFO -> --------------------------------- PRIMARY TUNING TARGETS ---------------------------------
2026-07-19 17:11:10 | ectuner |     INFO -> Variable     | Season | Region       | Weight |  Bias Init -> Bias Final | Status
2026-07-19 17:11:10 | ectuner |     INFO -> ---------------------------------------------------------------------------------
2026-07-19 17:11:10 | ectuner |     INFO -> net_toa      | ALL    | Global       | 1.00   |      5.626 -> [92m     0.976[0m | IMPROVED
2026-07-19 17:11:10 | ectuner |     INFO -> 
-------------------------------- DIAGNOSTIC SIDE-EFFECTS ---------------------------------
2026-07-19 17:11:10 | ectuner |     INFO -> Variable     | Season | Region       | Weight |  Bias Init -> Bias Final | Status
2026-07-19 17:11:10 | ectuner |     INFO -> ---------------------------------------------------------------------------------
2026-07-19 17:11:10 | ectuner |     INFO -> net_toa      | ALL    | Tropical     | 0.00   |      2.687 -> [92m    -2.332[0m | IMPROVED
2026-07-19 17:11:10 | ectuner |     INFO -> net_toa      | ALL    | North Midlat | 0.00   |      6.164 -> [92m     2.395[0m | IMPROVED
2026-07-19 17:11:10 | ectuner |     INFO -> net_toa      | ALL    | South Midlat | 0.00   |     10.965 -> [92m     6.173[0m | IMPROVED
2026-07-19 17:11:10 | ectuner |     INFO -> net_toa      | ALL    | North Pole   | 0.00   |      8.072 -> [92m     5.568[0m | IMPROVED
2026-07-19 17:11:10 | ectuner |     INFO -> net_toa      | ALL    | South Pole   | 0.00   |     19.615 -> [92m    16.433[0m | IMPROVED
2026-07-19 17:11:10 | ectuner |     INFO -> net_toa      | ALL    | Equatorial   | 0.00   |      2.367 -> [91m    -3.356[0m | WORSENED
2026-07-19 17:11:10 | ectuner |     INFO -> net_toa      | ALL    | NH           | 0.00   |      4.927 -> [92m     1.348[0m | IMPROVED
2026-07-19 17:11:10 | ectuner |     INFO -> net_toa      | ALL    | SH           | 0.00   |      9.713 -> [92m     5.108[0m | IMPROVED
2026-07-19 17:11:10 | ectuner |     INFO -> rsnt         | ALL    | Global       | 0.00   |     -1.305 -> [91m    -4.470[0m | WORSENED
2026-07-19 17:11:10 | ectuner |     INFO -> rsnt         | ALL    | Tropical     | 0.00   |     -1.157 -> [91m    -5.277[0m | WORSENED
2026-07-19 17:11:10 | ectuner |     INFO -> rsnt         | ALL    | North Midlat | 0.00   |     -2.983 -> [91m    -5.314[0m | WORSENED
2026-07-19 17:11:10 | ectuner |     INFO -> rsnt         | ALL    | South Midlat | 0.00   |      0.076 -> [91m    -2.014[0m | WORSENED
2026-07-19 17:11:10 | ectuner |     INFO -> rsnt         | ALL    | North Pole   | 0.00   |     -5.579 -> [91m    -6.133[0m | WORSENED
2026-07-19 17:11:10 | ectuner |     INFO -> rsnt         | ALL    | South Pole   | 0.00   |      5.026 -> [92m     5.001[0m | IMPROVED
2026-07-19 17:11:10 | ectuner |     INFO -> rsnt         | ALL    | Equatorial   | 0.00   |     -0.425 -> [91m    -4.769[0m | WORSENED
2026-07-19 17:11:10 | ectuner |     INFO -> rsnt         | ALL    | NH           | 0.00   |     -2.942 -> [91m    -5.592[0m | WORSENED
2026-07-19 17:11:10 | ectuner |     INFO -> rsnt         | ALL    | SH           | 0.00   |     -0.584 -> [91m    -3.038[0m | WORSENED
2026-07-19 17:11:10 | ectuner |     INFO -> rlnt         | ALL    | Global       | 0.00   |      6.931 -> [92m     5.447[0m | IMPROVED
2026-07-19 17:11:10 | ectuner |     INFO -> rlnt         | ALL    | Tropical     | 0.00   |      3.844 -> [92m     2.945[0m | IMPROVED
2026-07-19 17:11:10 | ectuner |     INFO -> rlnt         | ALL    | North Midlat | 0.00   |      9.147 -> [92m     7.709[0m | IMPROVED
2026-07-19 17:11:10 | ectuner |     INFO -> rlnt         | ALL    | South Midlat | 0.00   |     10.889 -> [92m     8.187[0m | IMPROVED
2026-07-19 17:11:10 | ectuner |     INFO -> rlnt         | ALL    | North Pole   | 0.00   |     13.651 -> [92m    11.701[0m | IMPROVED
2026-07-19 17:11:10 | ectuner |     INFO -> rlnt         | ALL    | South Pole   | 0.00   |     14.589 -> [92m    11.432[0m | IMPROVED
2026-07-19 17:11:10 | ectuner |     INFO -> rlnt         | ALL    | Equatorial   | 0.00   |      2.792 -> [92m     1.413[0m | IMPROVED
2026-07-19 17:11:10 | ectuner |     INFO -> rlnt         | ALL    | NH           | 0.00   |      7.869 -> [92m     6.940[0m | IMPROVED
2026-07-19 17:11:10 | ectuner |     INFO -> rlnt         | ALL    | SH           | 0.00   |     10.297 -> [92m     8.147[0m | IMPROVED
2026-07-19 17:11:10 | ectuner |     INFO -> swcf         | ALL    | Global       | 0.00   |      0.506 -> [91m    -2.576[0m | WORSENED
2026-07-19 17:11:10 | ectuner |     INFO -> swcf         | ALL    | Tropical     | 0.00   |      0.248 -> [91m    -3.815[0m | WORSENED
2026-07-19 17:11:10 | ectuner |     INFO -> swcf         | ALL    | North Midlat | 0.00   |     -0.103 -> [91m    -2.230[0m | WORSENED
2026-07-19 17:11:10 | ectuner |     INFO -> swcf         | ALL    | South Midlat | 0.00   |      1.630 -> [92m    -0.442[0m | IMPROVED
2026-07-19 17:11:10 | ectuner |     INFO -> swcf         | ALL    | North Pole   | 0.00   |     -6.228 -> [91m    -6.844[0m | WORSENED
2026-07-19 17:11:10 | ectuner |     INFO -> swcf         | ALL    | South Pole   | 0.00   |      6.683 -> [92m     6.643[0m | IMPROVED
2026-07-19 17:11:10 | ectuner |     INFO -> swcf         | ALL    | Equatorial   | 0.00   |      0.569 -> [91m    -3.719[0m | WORSENED
2026-07-19 17:11:10 | ectuner |     INFO -> swcf         | ALL    | NH           | 0.00   |      0.218 -> [91m    -2.262[0m | WORSENED
2026-07-19 17:11:10 | ectuner |     INFO -> swcf         | ALL    | SH           | 0.00   |      0.727 -> [91m    -1.701[0m | WORSENED
2026-07-19 17:11:10 | ectuner |     INFO -> lwcf         | ALL    | Global       | 0.00   |     -2.709 -> [91m    -5.028[0m | WORSENED
2026-07-19 17:11:10 | ectuner |     INFO -> lwcf         | ALL    | Tropical     | 0.00   |     -5.038 -> [91m    -6.991[0m | WORSENED
2026-07-19 17:11:10 | ectuner |     INFO -> lwcf         | ALL    | North Midlat | 0.00   |     -0.397 -> [91m    -2.810[0m | WORSENED
2026-07-19 17:11:10 | ectuner |     INFO -> lwcf         | ALL    | South Midlat | 0.00   |     -0.364 -> [91m    -3.319[0m | WORSENED
2026-07-19 17:11:10 | ectuner |     INFO -> lwcf         | ALL    | North Pole   | 0.00   |      5.081 -> [92m     2.285[0m | IMPROVED
2026-07-19 17:11:10 | ectuner |     INFO -> lwcf         | ALL    | South Pole   | 0.00   |      3.737 -> [92m     0.211[0m | IMPROVED
2026-07-19 17:11:10 | ectuner |     INFO -> lwcf         | ALL    | Equatorial   | 0.00   |     -5.041 -> [91m    -7.566[0m | WORSENED
2026-07-19 17:11:10 | ectuner |     INFO -> lwcf         | ALL    | NH           | 0.00   |     -1.670 -> [91m    -3.604[0m | WORSENED
2026-07-19 17:11:10 | ectuner |     INFO -> lwcf         | ALL    | SH           | 0.00   |     -1.325 -> [91m    -3.812[0m | WORSENED
2026-07-19 17:11:10 | ectuner |     INFO -> net_sfc      | ALL    | Global       | 0.00   |     -6.840 -> [91m   -13.138[0m | WORSENED
2026-07-19 17:11:10 | ectuner |     INFO -> net_sfc      | ALL    | Tropical     | 0.00   |     -4.390 -> [91m   -11.356[0m | WORSENED
2026-07-19 17:11:10 | ectuner |     INFO -> net_sfc      | ALL    | North Midlat | 0.00   |     -8.110 -> [91m   -13.930[0m | WORSENED
2026-07-19 17:11:10 | ectuner |     INFO -> net_sfc      | ALL    | South Midlat | 0.00   |    -10.410 -> [91m   -15.821[0m | WORSENED
2026-07-19 17:11:10 | ectuner |     INFO -> net_sfc      | ALL    | North Pole   | 0.00   |      5.755 -> [92m     2.637[0m | IMPROVED
2026-07-19 17:11:10 | ectuner |     INFO -> net_sfc      | ALL    | South Pole   | 0.00   |    -23.330 -> [91m   -24.347[0m | WORSENED
2026-07-19 17:11:10 | ectuner |     INFO -> net_sfc      | ALL    | Equatorial   | 0.00   |     -1.734 -> [91m    -8.780[0m | WORSENED
2026-07-19 17:11:10 | ectuner |     INFO -> net_sfc      | ALL    | NH           | 0.00   |    -10.165 -> [91m   -15.881[0m | WORSENED
2026-07-19 17:11:10 | ectuner |     INFO -> net_sfc      | ALL    | SH           | 0.00   |     -9.546 -> [91m   -15.515[0m | WORSENED
2026-07-19 17:11:10 | ectuner |     INFO -> ==========================================================================================

Structured tuning YAML written to: /ec/res4/hpcperm/ecme3038/ecearth/ecearth4/ECtuner/mari/results/tuned_2d_LR/refactor/2d/net_toa/tuned_a02_spatial.yml
Diagnostic YAML written to: /ec/res4/hpcperm/ecme3038/ecearth/ecearth4/ECtuner/mari/results/diagnostics_2d_LR/refactor/2d/net_toa/diagnostics_a02_spatial.yaml
[ECMWF-INFO -ecepilog] ----------------------------------------------------------------------------------------------------
[ECMWF-INFO -ecepilog] This is the ECMWF job Epilogue
[ECMWF-INFO -ecepilog] +++ Please report issues using the Support portal +++
[ECMWF-INFO -ecepilog] +++ https://support.ecmwf.int                     +++
[ECMWF-INFO -ecepilog] ----------------------------------------------------------------------------------------------------
[ECMWF-INFO -ecepilog] Run at 2026-07-19T17:11:10 on ac
[ECMWF-INFO -ecepilog] JobName                   : a02_spatial
[ECMWF-INFO -ecepilog] JobID                     : 30805054
[ECMWF-INFO -ecepilog] Submit                    : 2026-07-19T17:07:27
[ECMWF-INFO -ecepilog] Start                     : 2026-07-19T17:07:50
[ECMWF-INFO -ecepilog] End                       : 2026-07-19T17:11:10
[ECMWF-INFO -ecepilog] QueuedTime                : 23.0
[ECMWF-INFO -ecepilog] ElapsedRaw                : 200
[ECMWF-INFO -ecepilog] ExitCode                  : 0:0
[ECMWF-INFO -ecepilog] DerivedExitCode           : 0:0
[ECMWF-INFO -ecepilog] State                     : COMPLETED
[ECMWF-INFO -ecepilog] Account                   : spnltune
[ECMWF-INFO -ecepilog] QOS                       : np
[ECMWF-INFO -ecepilog] User                      : ecme3038
[ECMWF-INFO -ecepilog] StdOut                    : /ec/res4/hpcperm/ecme3038/ecearth/ecearth4/ECtuner/mari/results/tuned_2d_LR/refactor/2d/net_toa/slurm_a02_spatial.out
[ECMWF-INFO -ecepilog] StdErr                    : /ec/res4/hpcperm/ecme3038/ecearth/ecearth4/ECtuner/mari/results/tuned_2d_LR/refactor/2d/net_toa/slurm_a02_spatial.out
[ECMWF-INFO -ecepilog] NNodes                    : 1
[ECMWF-INFO -ecepilog] NCPUS                     : 256
[ECMWF-INFO -ecepilog] SBU                       : 121.342
[ECMWF-INFO -ecepilog] jobtag                    : ecme3038-a02_spatial-1x256-/ec/res4/hpcperm/ecme3038/ecearth/ecearth4/ECtuner/mari/results/tuned_2d_LR/refactor/2d/net_toa/slurm_a02_spatial.out
[ECMWF-INFO -ecepilog] ----------------------------------------------------------------------------------------------------

