[ECMWF-INFO -sbatch] - -------------------------------------------------------------------------------------
[ECMWF-INFO -sbatch] -  This is the ECMWF jobfilter
[ECMWF-INFO -sbatch] -  +++ Please report issues using the Support portal +++
[ECMWF-INFO -sbatch] -  +++ https://support.ecmwf.int                     +++
[ECMWF-INFO -sbatch] -  /usr/local/bin/ecsbatch: size: 54473, mtime: Mon Jun 29 15:34:27 2026
[ECMWF-INFO -sbatch] - -------------------------------------------------------------------------------------
[ECMWF-INFO -sbatch] - Time at submit: Sun Jul 19 17:07:26 2026 (1784480846.8855789) on ac6-100.bullx:/lus/h2resw01/hpcperm/ecme3038/ecearth/ecearth4/ECtuner/notebooks
[ECMWF-INFO -sbatch] - --- SLURM VARIABLES ---
[ECMWF-INFO -sbatch] - EC_CLUSTER=ac
[ECMWF-INFO -sbatch] - SLURM_EXPORT_ENV=ALL
[ECMWF-INFO -sbatch] - SBATCH_EXPORT=NONE
[ECMWF-INFO -sbatch] - -----------------------
[ECMWF-INFO -sbatch] - jobscript: /lus/h2resw01/hpcperm/ecme3038/ecearth/ecearth4/ECtuner/jobs/run_tuner_sweep.sh
[ECMWF-INFO -sbatch] - --- SCRIPT OPTIONS ---
[ECMWF-INFO -sbatch] - (override by arg) #SBATCH --job-name=tuner_sweep
[ECMWF-INFO -sbatch] - #SBATCH --nodes=1
[ECMWF-INFO -sbatch] - #SBATCH --ntasks=1
[ECMWF-INFO -sbatch] - #SBATCH --cpus-per-task=8
[ECMWF-INFO -sbatch] - #SBATCH --mem=128G
[ECMWF-INFO -sbatch] - #SBATCH --time=04:00:00
[ECMWF-INFO -sbatch] - #SBATCH --qos=np
[ECMWF-INFO -sbatch] - -----------------------
[ECMWF-INFO -sbatch] - --- POST-PROCESSED OPTIONS ---
[ECMWF-INFO -sbatch] - ARG --positional=['/ec/res4/hpcperm/ecme3038/ecearth/ecearth4/ECtuner/jobs/run_tuner_sweep.sh', '2d', '/lus/h2resw01/hpcperm/ecme3038/ecearth/ecearth4/ECtuner/notebooks/temp_a01_spatial.yaml', '/ec/res4/hpcperm/ecme3038/ecearth/ecearth4/ECtuner/mari/results/tuned_2d_LR/refactor/2d/net_toa/tuned_a01_spatial.yml', '/ec/res4/hpcperm/ecme3038/ecearth/ecearth4/ECtuner/mari/results/tuned_2d_LR/refactor/2d/net_toa/log_a01_spatial.log', 'phis', '2000', '2017', 'a01_spatial']
[ECMWF-INFO -sbatch] - ARG --cpus_per_task=8
[ECMWF-INFO -sbatch] - ARG --job_name=a01_spatial
[ECMWF-INFO -sbatch] - ARG --ntasks=1
[ECMWF-INFO -sbatch] - ARG --nodes=1
[ECMWF-INFO -sbatch] - ARG --output=/ec/res4/hpcperm/ecme3038/ecearth/ecearth4/ECtuner/mari/results/tuned_2d_LR/refactor/2d/net_toa/slurm_a01_spatial.out
[ECMWF-INFO -sbatch] - ARG --qos=np
[ECMWF-INFO -sbatch] - ARG --time=04:00:00
[ECMWF-INFO -sbatch] - ARG --mem=128G
[ECMWF-INFO -sbatch] - ------------------------------
[ECMWF-INFO -sbatch] - jobtag: ecme3038-a01_spatial-1x256-/ec/res4/hpcperm/ecme3038/ecearth/ecearth4/ECtuner/mari/results/tuned_2d_LR/refactor/2d/net_toa/slurm_a01_spatial.out
[ECMWF-INFO -sbatch] - ['/usr/bin/sbatch', '--cpus-per-task=8', '--job-name=a01_spatial', '--ntasks=1', '--nodes=1', '--output=/ec/res4/hpcperm/ecme3038/ecearth/ecearth4/ECtuner/mari/results/tuned_2d_LR/refactor/2d/net_toa/slurm_a01_spatial.out', '--qos=np', '--time=04:00:00', '--mem=128G', '--export=SLURM_JOB_STDOUT=/ec/res4/hpcperm/ecme3038/ecearth/ecearth4/ECtuner/mari/results/tuned_2d_LR/refactor/2d/net_toa/slurm_a01_spatial.out,EC_user_time_limit=04:00:00', '--licenses=h2resw01', '/lus/h2resw01/hpcperm/ecme3038/ecearth/ecearth4/ECtuner/jobs/run_tuner_sweep.sh', '2d', '/lus/h2resw01/hpcperm/ecme3038/ecearth/ecearth4/ECtuner/notebooks/temp_a01_spatial.yaml', '/ec/res4/hpcperm/ecme3038/ecearth/ecearth4/ECtuner/mari/results/tuned_2d_LR/refactor/2d/net_toa/tuned_a01_spatial.yml', '/ec/res4/hpcperm/ecme3038/ecearth/ecearth4/ECtuner/mari/results/tuned_2d_LR/refactor/2d/net_toa/log_a01_spatial.log', 'phis', '2000', '2017', 'a01_spatial']
[ECMWF-INFO -sbatch] - sbatch executed on ac
[ECMWF-INFO -sbatch] - Job queued on ac using method local
[ECMWF-INFO -sbatch] - Submitted batch job 30805052
[ECMWF-INFO -ecprofile] /usr/bin/bash NON_INTERACTIVE on ac1-1087 at 20260719_170757.134, PID: 1150120, JOBID: 30805052
[ECMWF-INFO -ecprofile] $SCRATCH=/ec/res4/scratch/ecme3038
[ECMWF-INFO -ecprofile] $PERM=/perm/ecme3038
[ECMWF-INFO -ecprofile] $HPCPERM=/ec/res4/hpcperm/ecme3038
[ECMWF-INFO -ecprofile] $TMPDIR=/dev/shm/_tmpdir_.ecme3038.30805052
[ECMWF-INFO -ecprofile] $SCRATCHDIR=/ec/res4/scratchdir/ecme3038/4/30805052
2026-07-19 17:07:59 | ectuner |     INFO -> ==== Starting ECtuner 2D Spatial Workflow ====
2026-07-19 17:07:59 | ectuner |     INFO -> Loading 2D Data (Sensitivity, Reference, Base)...
2026-07-19 17:07:59 | ectuner |     INFO -> Loading 2D sensitivity from: /ec/res4/hpcperm/ecme3038/ecearth/ecearth4/ECtuner/data/sensitivities/2D/sensitivity_TL63_415_1991-2000_2D.nc
/etc/ecmwf/nfs/dh2_2_perm_b/ecme3038/envs/ectuner/lib/python3.11/site-packages/pyproj/network.py:59: UserWarning: pyproj unable to set PROJ database path.
  _set_context_ca_bundle_path(ca_bundle_path)
2026-07-19 17:08:08 | ectuner |     INFO -> Loading reference for net_toa from: climate_average_net_toa_CERES EBAF_r180x90_2000-2024.nc
2026-07-19 17:08:08 | ectuner |     INFO -> Loading reference for rsnt from: climate_average_rsnt_CERES EBAF_r180x90_2000-2024.nc
2026-07-19 17:08:08 | ectuner |     INFO -> Loading reference for rlnt from: climate_average_rlnt_CERES EBAF_r180x90_2000-2024.nc
2026-07-19 17:08:08 | ectuner |     INFO -> Loading reference for swcf from: climate_average_swcf_CERES EBAF_r180x90_2000-2024.nc
2026-07-19 17:08:08 | ectuner |     INFO -> Loading reference for lwcf from: climate_average_lwcf_CERES EBAF_r180x90_2000-2024.nc
2026-07-19 17:08:08 | ectuner |  WARNING -> Missing observation map for 'rsns'. Skipping it from 2D targets/diagnostics.
2026-07-19 17:08:08 | ectuner |  WARNING -> Missing observation map for 'rlns'. Skipping it from 2D targets/diagnostics.
2026-07-19 17:08:08 | ectuner |  WARNING -> Missing observation map for 'hfss'. Skipping it from 2D targets/diagnostics.
2026-07-19 17:08:08 | ectuner |  WARNING -> Missing observation map for 'hfls'. Skipping it from 2D targets/diagnostics.
2026-07-19 17:08:08 | ectuner |     INFO -> Loading reference for net_sfc from: climate_average_net_sfc_NOCS_r180x90_2000-2014.nc
2026-07-19 17:08:08 | ectuner |  WARNING -> Missing observation map for 'toamsfc'. Skipping it from 2D targets/diagnostics.
2026-07-19 17:08:08 | ectuner |     INFO -> Loading cached base maps for phis from /ec/res4/hpcperm/ecme3038/ecearth/ecearth4/ECtuner/mari/ectuner/ecmean/maps_lres/base_2d_phis_2000_2017.nc
2026-07-19 17:08:08 | ectuner |     INFO -> Generating spatial weights and calculating initial biases...
2026-07-19 17:08:08 | ectuner |     INFO -> Flattening data
2026-07-19 17:08:09 | ectuner |     INFO -> Starting Optimization (dual_annealing)...
2026-07-19 17:11:03 | ectuner |     INFO -> Optimization finished. Spatial Cost: 7.0964 | Global Cost: 1.9331
2026-07-19 17:11:03 | ectuner |     INFO -> Diagnostic maps saved to: /ec/res4/hpcperm/ecme3038/ecearth/ecearth4/ECtuner/mari/results/tuned_2d_LR/refactor/2d/net_toa/diagnostics_2d_phis_a01_spatial.nc
2026-07-19 17:11:03 | ectuner |     INFO -> 
Parameters Optimization Result:
2026-07-19 17:11:03 | ectuner |     INFO -> --------------------------------------------------------------------------------
2026-07-19 17:11:03 | ectuner |     INFO -> |     Parameter     |   New value |   Old value |      Change |   Rel. change |   Min change |   Max change |   Dist. from ref. |
2026-07-19 17:11:03 | ectuner |     INFO -> |-------------------+-------------+-------------+-------------+---------------+--------------+--------------+-------------------|
2026-07-19 17:11:03 | ectuner |     INFO -> |      RPRCON       |  9.8266e-04 |  1.4000e-03 | -4.1734e-04 |   -2.9810e-01 |  -4.2000e-04 |   4.2000e-04 |       -2.9810e-01 |
2026-07-19 17:11:03 | ectuner |     INFO -> |      ENTRORG      |  1.5144e-03 |  1.7500e-03 | -2.3557e-04 |   -1.3461e-01 |  -5.2500e-04 |   5.2500e-04 |       -1.3461e-01 |
2026-07-19 17:11:03 | ectuner |     INFO -> |      DETRPEN      |  9.7484e-05 |  7.5000e-05 |  2.2484e-05 |    2.9979e-01 |  -2.2500e-05 |   2.2500e-05 |        2.9979e-01 |
2026-07-19 17:11:03 | ectuner |     INFO -> |      ENTRDD       |  2.1041e-04 |  3.0000e-04 | -8.9586e-05 |   -2.9862e-01 |  -9.0000e-05 |   9.0000e-05 |       -2.9862e-01 |
2026-07-19 17:11:03 | ectuner |     INFO -> |      RMFDEPS      |  3.8999e-01 |  3.0000e-01 |  8.9987e-02 |    2.9996e-01 |  -9.0000e-02 |   9.0000e-02 |        2.9996e-01 |
2026-07-19 17:11:03 | ectuner |     INFO -> |       RVICE       |  1.6898e-01 |  1.3000e-01 |  3.8981e-02 |    2.9985e-01 |  -3.9000e-02 |   3.9000e-02 |        2.9985e-01 |
2026-07-19 17:11:03 | ectuner |     INFO -> |    RLCRITSNOW     |  1.4018e-05 |  2.0000e-05 | -5.9821e-06 |   -2.9911e-01 |  -6.0000e-06 |   6.0000e-06 |       -2.9911e-01 |
2026-07-19 17:11:03 | ectuner |     INFO -> |     RSNOWLIN2     |  2.1002e-02 |  3.0000e-02 | -8.9981e-03 |   -2.9994e-01 |  -9.0000e-03 |   9.0000e-03 |       -2.9994e-01 |
2026-07-19 17:11:03 | ectuner |     INFO -> |      RCLDIFF      |  4.4159e-06 |  6.0000e-06 | -1.5841e-06 |   -2.6402e-01 |  -1.8000e-06 |   1.8000e-06 |       -2.6402e-01 |
2026-07-19 17:11:03 | ectuner |     INFO -> |   RCLDIFF_CONVI   |  7.0041e+00 |  1.0000e+01 | -2.9959e+00 |   -2.9959e-01 |  -3.0000e+00 |   3.0000e+00 |       -2.9959e-01 |
2026-07-19 17:11:03 | ectuner |     INFO -> |  RDEPLIQREFRATE   |  5.8172e-01 |  5.0000e-01 |  8.1721e-02 |    1.6344e-01 |  -1.5000e-01 |   1.5000e-01 |        1.6344e-01 |
2026-07-19 17:11:03 | ectuner |     INFO -> |  RDEPLIQREFDEPTH  |  4.2776e+02 |  5.0000e+02 | -7.2242e+01 |   -1.4448e-01 |  -1.5000e+02 |   1.5000e+02 |       -1.4448e-01 |
2026-07-19 17:11:03 | ectuner |     INFO -> | RCL_OVERLAPLIQICE |  4.5501e-01 |  6.5000e-01 | -1.9499e-01 |   -2.9999e-01 |  -1.9500e-01 |   1.9500e-01 |       -2.9999e-01 |
2026-07-19 17:11:03 | ectuner |     INFO -> |  RCL_INHOMOGAUT   |  1.0508e+00 |  1.5000e+00 | -4.4920e-01 |   -2.9947e-01 |  -4.5000e-01 |   4.5000e-01 |       -2.9947e-01 |
2026-07-19 17:11:03 | ectuner |     INFO -> |  RCL_INHOMOGACC   |  2.2829e+00 |  3.0000e+00 | -7.1710e-01 |   -2.3903e-01 |  -9.0000e-01 |   9.0000e-01 |       -2.3903e-01 |
2026-07-19 17:11:03 | ectuner |     INFO -> |      RMINICE      |  7.7989e+01 |  6.0000e+01 |  1.7989e+01 |    2.9982e-01 |  -1.8000e+01 |   1.8000e+01 |        2.9982e-01 |
2026-07-19 17:11:03 | ectuner |     INFO -> --------------------------------------------------------------------------------

2026-07-19 17:11:03 | ectuner |     INFO -> 
===================== OPTIMIZATION SUMMARY (Biases: Model - Target) ======================
2026-07-19 17:11:03 | ectuner |     INFO -> Goal: Bring Biases to 0.0

2026-07-19 17:11:03 | ectuner |     INFO -> --------------------------------- PRIMARY TUNING TARGETS ---------------------------------
2026-07-19 17:11:03 | ectuner |     INFO -> Variable     | Season | Region       | Weight |  Bias Init -> Bias Final | Status
2026-07-19 17:11:03 | ectuner |     INFO -> ---------------------------------------------------------------------------------
2026-07-19 17:11:03 | ectuner |     INFO -> net_toa      | ALL    | Global       | 1.00   |      5.626 -> [92m     1.933[0m | IMPROVED
2026-07-19 17:11:03 | ectuner |     INFO -> 
-------------------------------- DIAGNOSTIC SIDE-EFFECTS ---------------------------------
2026-07-19 17:11:03 | ectuner |     INFO -> Variable     | Season | Region       | Weight |  Bias Init -> Bias Final | Status
2026-07-19 17:11:03 | ectuner |     INFO -> ---------------------------------------------------------------------------------
2026-07-19 17:11:03 | ectuner |     INFO -> net_toa      | ALL    | Tropical     | 0.00   |      2.687 -> [92m    -0.943[0m | IMPROVED
2026-07-19 17:11:03 | ectuner |     INFO -> net_toa      | ALL    | North Midlat | 0.00   |      6.164 -> [92m     2.811[0m | IMPROVED
2026-07-19 17:11:03 | ectuner |     INFO -> net_toa      | ALL    | South Midlat | 0.00   |     10.965 -> [92m     6.808[0m | IMPROVED
2026-07-19 17:11:03 | ectuner |     INFO -> net_toa      | ALL    | North Pole   | 0.00   |      8.072 -> [92m     5.770[0m | IMPROVED
2026-07-19 17:11:03 | ectuner |     INFO -> net_toa      | ALL    | South Pole   | 0.00   |     19.615 -> [92m    16.612[0m | IMPROVED
2026-07-19 17:11:03 | ectuner |     INFO -> net_toa      | ALL    | Equatorial   | 0.00   |      2.367 -> [92m    -1.804[0m | IMPROVED
2026-07-19 17:11:03 | ectuner |     INFO -> net_toa      | ALL    | NH           | 0.00   |      4.927 -> [92m     1.860[0m | IMPROVED
2026-07-19 17:11:03 | ectuner |     INFO -> net_toa      | ALL    | SH           | 0.00   |      9.713 -> [92m     5.892[0m | IMPROVED
2026-07-19 17:11:03 | ectuner |     INFO -> rsnt         | ALL    | Global       | 0.00   |     -1.305 -> [91m    -3.499[0m | WORSENED
2026-07-19 17:11:03 | ectuner |     INFO -> rsnt         | ALL    | Tropical     | 0.00   |     -1.157 -> [91m    -4.010[0m | WORSENED
2026-07-19 17:11:03 | ectuner |     INFO -> rsnt         | ALL    | North Midlat | 0.00   |     -2.983 -> [91m    -4.725[0m | WORSENED
2026-07-19 17:11:03 | ectuner |     INFO -> rsnt         | ALL    | South Midlat | 0.00   |      0.076 -> [91m    -1.251[0m | WORSENED
2026-07-19 17:11:03 | ectuner |     INFO -> rsnt         | ALL    | North Pole   | 0.00   |     -5.579 -> [91m    -5.807[0m | WORSENED
2026-07-19 17:11:03 | ectuner |     INFO -> rsnt         | ALL    | South Pole   | 0.00   |      5.026 -> [91m     5.136[0m | WORSENED
2026-07-19 17:11:03 | ectuner |     INFO -> rsnt         | ALL    | Equatorial   | 0.00   |     -0.425 -> [91m    -3.399[0m | WORSENED
2026-07-19 17:11:03 | ectuner |     INFO -> rsnt         | ALL    | NH           | 0.00   |     -2.942 -> [91m    -4.968[0m | WORSENED
2026-07-19 17:11:03 | ectuner |     INFO -> rsnt         | ALL    | SH           | 0.00   |     -0.584 -> [91m    -2.133[0m | WORSENED
2026-07-19 17:11:03 | ectuner |     INFO -> rlnt         | ALL    | Global       | 0.00   |      6.931 -> [92m     5.432[0m | IMPROVED
2026-07-19 17:11:03 | ectuner |     INFO -> rlnt         | ALL    | Tropical     | 0.00   |      3.844 -> [92m     3.067[0m | IMPROVED
2026-07-19 17:11:03 | ectuner |     INFO -> rlnt         | ALL    | North Midlat | 0.00   |      9.147 -> [92m     7.536[0m | IMPROVED
2026-07-19 17:11:03 | ectuner |     INFO -> rlnt         | ALL    | South Midlat | 0.00   |     10.889 -> [92m     8.059[0m | IMPROVED
2026-07-19 17:11:03 | ectuner |     INFO -> rlnt         | ALL    | North Pole   | 0.00   |     13.651 -> [92m    11.577[0m | IMPROVED
2026-07-19 17:11:03 | ectuner |     INFO -> rlnt         | ALL    | South Pole   | 0.00   |     14.589 -> [92m    11.476[0m | IMPROVED
2026-07-19 17:11:03 | ectuner |     INFO -> rlnt         | ALL    | Equatorial   | 0.00   |      2.792 -> [92m     1.595[0m | IMPROVED
2026-07-19 17:11:03 | ectuner |     INFO -> rlnt         | ALL    | NH           | 0.00   |      7.869 -> [92m     6.828[0m | IMPROVED
2026-07-19 17:11:03 | ectuner |     INFO -> rlnt         | ALL    | SH           | 0.00   |     10.297 -> [92m     8.025[0m | IMPROVED
2026-07-19 17:11:03 | ectuner |     INFO -> swcf         | ALL    | Global       | 0.00   |      0.506 -> [91m    -1.618[0m | WORSENED
2026-07-19 17:11:03 | ectuner |     INFO -> swcf         | ALL    | Tropical     | 0.00   |      0.248 -> [91m    -2.556[0m | WORSENED
2026-07-19 17:11:03 | ectuner |     INFO -> swcf         | ALL    | North Midlat | 0.00   |     -0.103 -> [91m    -1.679[0m | WORSENED
2026-07-19 17:11:03 | ectuner |     INFO -> swcf         | ALL    | South Midlat | 0.00   |      1.630 -> [92m     0.319[0m | IMPROVED
2026-07-19 17:11:03 | ectuner |     INFO -> swcf         | ALL    | North Pole   | 0.00   |     -6.228 -> [91m    -6.554[0m | WORSENED
2026-07-19 17:11:03 | ectuner |     INFO -> swcf         | ALL    | South Pole   | 0.00   |      6.683 -> [91m     6.792[0m | WORSENED
2026-07-19 17:11:03 | ectuner |     INFO -> swcf         | ALL    | Equatorial   | 0.00   |      0.569 -> [91m    -2.355[0m | WORSENED
2026-07-19 17:11:03 | ectuner |     INFO -> swcf         | ALL    | NH           | 0.00   |      0.218 -> [91m    -1.670[0m | WORSENED
2026-07-19 17:11:03 | ectuner |     INFO -> swcf         | ALL    | SH           | 0.00   |      0.727 -> [91m    -0.799[0m | WORSENED
2026-07-19 17:11:03 | ectuner |     INFO -> lwcf         | ALL    | Global       | 0.00   |     -2.709 -> [91m    -5.104[0m | WORSENED
2026-07-19 17:11:03 | ectuner |     INFO -> lwcf         | ALL    | Tropical     | 0.00   |     -5.038 -> [91m    -7.014[0m | WORSENED
2026-07-19 17:11:03 | ectuner |     INFO -> lwcf         | ALL    | North Midlat | 0.00   |     -0.397 -> [91m    -2.934[0m | WORSENED
2026-07-19 17:11:03 | ectuner |     INFO -> lwcf         | ALL    | South Midlat | 0.00   |     -0.364 -> [91m    -3.453[0m | WORSENED
2026-07-19 17:11:03 | ectuner |     INFO -> lwcf         | ALL    | North Pole   | 0.00   |      5.081 -> [92m     2.257[0m | IMPROVED
2026-07-19 17:11:03 | ectuner |     INFO -> lwcf         | ALL    | South Pole   | 0.00   |      3.737 -> [92m     0.186[0m | IMPROVED
2026-07-19 17:11:03 | ectuner |     INFO -> lwcf         | ALL    | Equatorial   | 0.00   |     -5.041 -> [91m    -7.563[0m | WORSENED
2026-07-19 17:11:03 | ectuner |     INFO -> lwcf         | ALL    | NH           | 0.00   |     -1.670 -> [91m    -3.702[0m | WORSENED
2026-07-19 17:11:03 | ectuner |     INFO -> lwcf         | ALL    | SH           | 0.00   |     -1.325 -> [91m    -3.948[0m | WORSENED
2026-07-19 17:11:03 | ectuner |     INFO -> net_sfc      | ALL    | Global       | 0.00   |     -6.840 -> [91m   -11.844[0m | WORSENED
2026-07-19 17:11:03 | ectuner |     INFO -> net_sfc      | ALL    | Tropical     | 0.00   |     -4.390 -> [91m    -9.545[0m | WORSENED
2026-07-19 17:11:03 | ectuner |     INFO -> net_sfc      | ALL    | North Midlat | 0.00   |     -8.110 -> [91m   -13.239[0m | WORSENED
2026-07-19 17:11:03 | ectuner |     INFO -> net_sfc      | ALL    | South Midlat | 0.00   |    -10.410 -> [91m   -15.064[0m | WORSENED
2026-07-19 17:11:03 | ectuner |     INFO -> net_sfc      | ALL    | North Pole   | 0.00   |      5.755 -> [92m     3.315[0m | IMPROVED
2026-07-19 17:11:03 | ectuner |     INFO -> net_sfc      | ALL    | South Pole   | 0.00   |    -23.330 -> [91m   -24.615[0m | WORSENED
2026-07-19 17:11:03 | ectuner |     INFO -> net_sfc      | ALL    | Equatorial   | 0.00   |     -1.734 -> [91m    -6.905[0m | WORSENED
2026-07-19 17:11:03 | ectuner |     INFO -> net_sfc      | ALL    | NH           | 0.00   |    -10.165 -> [91m   -15.045[0m | WORSENED
2026-07-19 17:11:03 | ectuner |     INFO -> net_sfc      | ALL    | SH           | 0.00   |     -9.546 -> [91m   -14.474[0m | WORSENED
2026-07-19 17:11:03 | ectuner |     INFO -> ==========================================================================================

Structured tuning YAML written to: /ec/res4/hpcperm/ecme3038/ecearth/ecearth4/ECtuner/mari/results/tuned_2d_LR/refactor/2d/net_toa/tuned_a01_spatial.yml
Diagnostic YAML written to: /ec/res4/hpcperm/ecme3038/ecearth/ecearth4/ECtuner/mari/results/diagnostics_2d_LR/refactor/2d/net_toa/diagnostics_a01_spatial.yaml
[ECMWF-INFO -ecepilog] ----------------------------------------------------------------------------------------------------
[ECMWF-INFO -ecepilog] This is the ECMWF job Epilogue
[ECMWF-INFO -ecepilog] +++ Please report issues using the Support portal +++
[ECMWF-INFO -ecepilog] +++ https://support.ecmwf.int                     +++
[ECMWF-INFO -ecepilog] ----------------------------------------------------------------------------------------------------
[ECMWF-INFO -ecepilog] Run at 2026-07-19T17:11:04 on ac
[ECMWF-INFO -ecepilog] JobName                   : a01_spatial
[ECMWF-INFO -ecepilog] JobID                     : 30805052
[ECMWF-INFO -ecepilog] Submit                    : 2026-07-19T17:07:26
[ECMWF-INFO -ecepilog] Start                     : 2026-07-19T17:07:50
[ECMWF-INFO -ecepilog] End                       : 2026-07-19T17:11:04
[ECMWF-INFO -ecepilog] QueuedTime                : 24.0
[ECMWF-INFO -ecepilog] ElapsedRaw                : 194
[ECMWF-INFO -ecepilog] ExitCode                  : 0:0
[ECMWF-INFO -ecepilog] DerivedExitCode           : 0:0
[ECMWF-INFO -ecepilog] State                     : COMPLETED
[ECMWF-INFO -ecepilog] Account                   : spnltune
[ECMWF-INFO -ecepilog] QOS                       : np
[ECMWF-INFO -ecepilog] User                      : ecme3038
[ECMWF-INFO -ecepilog] StdOut                    : /ec/res4/hpcperm/ecme3038/ecearth/ecearth4/ECtuner/mari/results/tuned_2d_LR/refactor/2d/net_toa/slurm_a01_spatial.out
[ECMWF-INFO -ecepilog] StdErr                    : /ec/res4/hpcperm/ecme3038/ecearth/ecearth4/ECtuner/mari/results/tuned_2d_LR/refactor/2d/net_toa/slurm_a01_spatial.out
[ECMWF-INFO -ecepilog] NNodes                    : 1
[ECMWF-INFO -ecepilog] NCPUS                     : 256
[ECMWF-INFO -ecepilog] SBU                       : 117.701
[ECMWF-INFO -ecepilog] jobtag                    : ecme3038-a01_spatial-1x256-/ec/res4/hpcperm/ecme3038/ecearth/ecearth4/ECtuner/mari/results/tuned_2d_LR/refactor/2d/net_toa/slurm_a01_spatial.out
[ECMWF-INFO -ecepilog] ----------------------------------------------------------------------------------------------------

