[ECMWF-INFO -sbatch] - -------------------------------------------------------------------------------------
[ECMWF-INFO -sbatch] -  This is the ECMWF jobfilter
[ECMWF-INFO -sbatch] -  +++ Please report issues using the Support portal +++
[ECMWF-INFO -sbatch] -  +++ https://support.ecmwf.int                     +++
[ECMWF-INFO -sbatch] -  /usr/local/bin/ecsbatch: size: 54473, mtime: Mon Jun 29 15:34:27 2026
[ECMWF-INFO -sbatch] - -------------------------------------------------------------------------------------
[ECMWF-INFO -sbatch] - Time at submit: Sun Jul 19 17:00:19 2026 (1784480419.497013) on ac6-100.bullx:/lus/h2resw01/hpcperm/ecme3038/ecearth/ecearth4/ECtuner/notebooks
[ECMWF-INFO -sbatch] - --- SLURM VARIABLES ---
[ECMWF-INFO -sbatch] - EC_CLUSTER=ac
[ECMWF-INFO -sbatch] - SLURM_EXPORT_ENV=ALL
[ECMWF-INFO -sbatch] - SBATCH_EXPORT=NONE
[ECMWF-INFO -sbatch] - -----------------------
[ECMWF-INFO -sbatch] - jobscript: /lus/h2resw01/hpcperm/ecme3038/ecearth/ecearth4/ECtuner/jobs/run_tuner_sweep.sh
[ECMWF-INFO -sbatch] - --- SCRIPT OPTIONS ---
[ECMWF-INFO -sbatch] - (override by arg) #SBATCH --job-name=tuner_sweep
[ECMWF-INFO -sbatch] - #SBATCH --nodes=1
[ECMWF-INFO -sbatch] - #SBATCH --ntasks=1
[ECMWF-INFO -sbatch] - #SBATCH --cpus-per-task=8
[ECMWF-INFO -sbatch] - #SBATCH --mem=128G
[ECMWF-INFO -sbatch] - #SBATCH --time=04:00:00
[ECMWF-INFO -sbatch] - #SBATCH --qos=np
[ECMWF-INFO -sbatch] - -----------------------
[ECMWF-INFO -sbatch] - --- POST-PROCESSED OPTIONS ---
[ECMWF-INFO -sbatch] - ARG --positional=['/ec/res4/hpcperm/ecme3038/ecearth/ecearth4/ECtuner/jobs/run_tuner_sweep.sh', '2d', '/lus/h2resw01/hpcperm/ecme3038/ecearth/ecearth4/ECtuner/notebooks/temp_a03_spatial.yaml', '/ec/res4/hpcperm/ecme3038/ecearth/ecearth4/ECtuner/mari/results/tuned_2d_LR/refactor/2d/net_toa/tuned_a03_spatial.yml', '/ec/res4/hpcperm/ecme3038/ecearth/ecearth4/ECtuner/mari/results/tuned_2d_LR/refactor/2d/net_toa/log_a03_spatial.log', 'phis', '2000', '2017', 'a03_spatial']
[ECMWF-INFO -sbatch] - ARG --cpus_per_task=8
[ECMWF-INFO -sbatch] - ARG --job_name=a03_spatial
[ECMWF-INFO -sbatch] - ARG --ntasks=1
[ECMWF-INFO -sbatch] - ARG --nodes=1
[ECMWF-INFO -sbatch] - ARG --output=/ec/res4/hpcperm/ecme3038/ecearth/ecearth4/ECtuner/mari/results/tuned_2d_LR/refactor/2d/net_toa/slurm_a03_spatial.out
[ECMWF-INFO -sbatch] - ARG --qos=np
[ECMWF-INFO -sbatch] - ARG --time=04:00:00
[ECMWF-INFO -sbatch] - ARG --mem=128G
[ECMWF-INFO -sbatch] - ------------------------------
[ECMWF-INFO -sbatch] - jobtag: ecme3038-a03_spatial-1x256-/ec/res4/hpcperm/ecme3038/ecearth/ecearth4/ECtuner/mari/results/tuned_2d_LR/refactor/2d/net_toa/slurm_a03_spatial.out
[ECMWF-INFO -sbatch] - ['/usr/bin/sbatch', '--cpus-per-task=8', '--job-name=a03_spatial', '--ntasks=1', '--nodes=1', '--output=/ec/res4/hpcperm/ecme3038/ecearth/ecearth4/ECtuner/mari/results/tuned_2d_LR/refactor/2d/net_toa/slurm_a03_spatial.out', '--qos=np', '--time=04:00:00', '--mem=128G', '--export=SLURM_JOB_STDOUT=/ec/res4/hpcperm/ecme3038/ecearth/ecearth4/ECtuner/mari/results/tuned_2d_LR/refactor/2d/net_toa/slurm_a03_spatial.out,EC_user_time_limit=04:00:00', '--licenses=h2resw01', '/lus/h2resw01/hpcperm/ecme3038/ecearth/ecearth4/ECtuner/jobs/run_tuner_sweep.sh', '2d', '/lus/h2resw01/hpcperm/ecme3038/ecearth/ecearth4/ECtuner/notebooks/temp_a03_spatial.yaml', '/ec/res4/hpcperm/ecme3038/ecearth/ecearth4/ECtuner/mari/results/tuned_2d_LR/refactor/2d/net_toa/tuned_a03_spatial.yml', '/ec/res4/hpcperm/ecme3038/ecearth/ecearth4/ECtuner/mari/results/tuned_2d_LR/refactor/2d/net_toa/log_a03_spatial.log', 'phis', '2000', '2017', 'a03_spatial']
[ECMWF-INFO -sbatch] - sbatch executed on ac
[ECMWF-INFO -sbatch] - Job queued on ac using method local
[ECMWF-INFO -sbatch] - Submitted batch job 30803127
[ECMWF-INFO -ecprofile] /usr/bin/bash NON_INTERACTIVE on ac3-2090 at 20260719_170049.712, PID: 822409, JOBID: 30803127
[ECMWF-INFO -ecprofile] $SCRATCH=/ec/res4/scratch/ecme3038
[ECMWF-INFO -ecprofile] $PERM=/perm/ecme3038
[ECMWF-INFO -ecprofile] $HPCPERM=/ec/res4/hpcperm/ecme3038
[ECMWF-INFO -ecprofile] $TMPDIR=/dev/shm/_tmpdir_.ecme3038.30803127
[ECMWF-INFO -ecprofile] $SCRATCHDIR=/ec/res4/scratchdir/ecme3038/7/30803127
2026-07-19 17:00:52 | ectuner |     INFO -> ==== Starting ECtuner 2D Spatial Workflow ====
2026-07-19 17:00:53 | ectuner |     INFO -> Loading 2D Data (Sensitivity, Reference, Base)...
2026-07-19 17:00:53 | ectuner |     INFO -> Loading 2D sensitivity from: /ec/res4/hpcperm/ecme3038/ecearth/ecearth4/ECtuner/data/sensitivities/2D/sensitivity_TL63_415_1991-2000_2D.nc
/etc/ecmwf/nfs/dh2_2_perm_b/ecme3038/envs/ectuner/lib/python3.11/site-packages/pyproj/network.py:59: UserWarning: pyproj unable to set PROJ database path.
  _set_context_ca_bundle_path(ca_bundle_path)
2026-07-19 17:01:01 | ectuner |     INFO -> Loading reference for net_toa from: climate_average_net_toa_CERES EBAF_r180x90_2000-2024.nc
2026-07-19 17:01:01 | ectuner |     INFO -> Loading reference for rsnt from: climate_average_rsnt_CERES EBAF_r180x90_2000-2024.nc
2026-07-19 17:01:01 | ectuner |     INFO -> Loading reference for rlnt from: climate_average_rlnt_CERES EBAF_r180x90_2000-2024.nc
2026-07-19 17:01:01 | ectuner |     INFO -> Loading reference for swcf from: climate_average_swcf_CERES EBAF_r180x90_2000-2024.nc
2026-07-19 17:01:02 | ectuner |     INFO -> Loading reference for lwcf from: climate_average_lwcf_CERES EBAF_r180x90_2000-2024.nc
2026-07-19 17:01:02 | ectuner |  WARNING -> Missing observation map for 'rsns'. Skipping it from 2D targets/diagnostics.
2026-07-19 17:01:02 | ectuner |  WARNING -> Missing observation map for 'rlns'. Skipping it from 2D targets/diagnostics.
2026-07-19 17:01:02 | ectuner |  WARNING -> Missing observation map for 'hfss'. Skipping it from 2D targets/diagnostics.
2026-07-19 17:01:02 | ectuner |  WARNING -> Missing observation map for 'hfls'. Skipping it from 2D targets/diagnostics.
2026-07-19 17:01:02 | ectuner |     INFO -> Loading reference for net_sfc from: climate_average_net_sfc_NOCS_r180x90_2000-2014.nc
2026-07-19 17:01:02 | ectuner |  WARNING -> Missing observation map for 'toamsfc'. Skipping it from 2D targets/diagnostics.
2026-07-19 17:01:02 | ectuner |     INFO -> Loading cached base maps for phis from /ec/res4/hpcperm/ecme3038/ecearth/ecearth4/ECtuner/mari/ectuner/ecmean/maps_lres/base_2d_phis_2000_2017.nc
2026-07-19 17:01:02 | ectuner |     INFO -> Generating spatial weights and calculating initial biases...
2026-07-19 17:01:02 | ectuner |     INFO -> Flattening data
2026-07-19 17:01:02 | ectuner |     INFO -> Starting Optimization (dual_annealing)...
2026-07-19 17:02:46 | ectuner |     INFO -> Optimization finished. Spatial Cost: 7.6115 | Global Cost: 0.0000
2026-07-19 17:02:46 | ectuner |     INFO -> Diagnostic maps saved to: /ec/res4/hpcperm/ecme3038/ecearth/ecearth4/ECtuner/mari/results/tuned_2d_LR/refactor/2d/net_toa/diagnostics_2d_phis_a03_spatial.nc
2026-07-19 17:02:46 | ectuner |     INFO -> 
Parameters Optimization Result:
2026-07-19 17:02:46 | ectuner |     INFO -> --------------------------------------------------------------------------------
2026-07-19 17:02:46 | ectuner |     INFO -> |     Parameter     |   New value |   Old value |      Change |   Rel. change |   Min change |   Max change |   Dist. from ref. |
2026-07-19 17:02:46 | ectuner |     INFO -> |-------------------+-------------+-------------+-------------+---------------+--------------+--------------+-------------------|
2026-07-19 17:02:46 | ectuner |     INFO -> |      RPRCON       |  9.8158e-04 |  1.4000e-03 | -4.1842e-04 |   -2.9887e-01 |  -4.2000e-04 |   4.2000e-04 |       -2.9887e-01 |
2026-07-19 17:02:46 | ectuner |     INFO -> |      ENTRORG      |  1.8977e-03 |  1.7500e-03 |  1.4768e-04 |    8.4391e-02 |  -5.2500e-04 |   5.2500e-04 |        8.4391e-02 |
2026-07-19 17:02:46 | ectuner |     INFO -> |      DETRPEN      |  9.7166e-05 |  7.5000e-05 |  2.2166e-05 |    2.9555e-01 |  -2.2500e-05 |   2.2500e-05 |        2.9555e-01 |
2026-07-19 17:02:46 | ectuner |     INFO -> |      ENTRDD       |  2.1272e-04 |  3.0000e-04 | -8.7280e-05 |   -2.9093e-01 |  -9.0000e-05 |   9.0000e-05 |       -2.9093e-01 |
2026-07-19 17:02:46 | ectuner |     INFO -> |      RMFDEPS      |  3.8955e-01 |  3.0000e-01 |  8.9549e-02 |    2.9850e-01 |  -9.0000e-02 |   9.0000e-02 |        2.9850e-01 |
2026-07-19 17:02:46 | ectuner |     INFO -> |       RVICE       |  1.6894e-01 |  1.3000e-01 |  3.8939e-02 |    2.9953e-01 |  -3.9000e-02 |   3.9000e-02 |        2.9953e-01 |
2026-07-19 17:02:46 | ectuner |     INFO -> |    RLCRITSNOW     |  1.4000e-05 |  2.0000e-05 | -6.0000e-06 |   -3.0000e-01 |  -6.0000e-06 |   6.0000e-06 |       -3.0000e-01 |
2026-07-19 17:02:46 | ectuner |     INFO -> |     RSNOWLIN2     |  2.1011e-02 |  3.0000e-02 | -8.9888e-03 |   -2.9963e-01 |  -9.0000e-03 |   9.0000e-03 |       -2.9963e-01 |
2026-07-19 17:02:46 | ectuner |     INFO -> |      RCLDIFF      |  5.4252e-06 |  6.0000e-06 | -5.7482e-07 |   -9.5803e-02 |  -1.8000e-06 |   1.8000e-06 |       -9.5803e-02 |
2026-07-19 17:02:46 | ectuner |     INFO -> |   RCLDIFF_CONVI   |  7.0252e+00 |  1.0000e+01 | -2.9748e+00 |   -2.9748e-01 |  -3.0000e+00 |   3.0000e+00 |       -2.9748e-01 |
2026-07-19 17:02:46 | ectuner |     INFO -> |  RDEPLIQREFRATE   |  5.2160e-01 |  5.0000e-01 |  2.1603e-02 |    4.3207e-02 |  -1.5000e-01 |   1.5000e-01 |        4.3207e-02 |
2026-07-19 17:02:46 | ectuner |     INFO -> |  RDEPLIQREFDEPTH  |  3.5139e+02 |  5.0000e+02 | -1.4861e+02 |   -2.9721e-01 |  -1.5000e+02 |   1.5000e+02 |       -2.9721e-01 |
2026-07-19 17:02:46 | ectuner |     INFO -> | RCL_OVERLAPLIQICE |  4.5505e-01 |  6.5000e-01 | -1.9495e-01 |   -2.9992e-01 |  -1.9500e-01 |   1.9500e-01 |       -2.9992e-01 |
2026-07-19 17:02:46 | ectuner |     INFO -> |  RCL_INHOMOGAUT   |  1.0651e+00 |  1.5000e+00 | -4.3490e-01 |   -2.8994e-01 |  -4.5000e-01 |   4.5000e-01 |       -2.8994e-01 |
2026-07-19 17:02:46 | ectuner |     INFO -> |  RCL_INHOMOGACC   |  2.1032e+00 |  3.0000e+00 | -8.9681e-01 |   -2.9894e-01 |  -9.0000e-01 |   9.0000e-01 |       -2.9894e-01 |
2026-07-19 17:02:46 | ectuner |     INFO -> |      RMINICE      |  7.7999e+01 |  6.0000e+01 |  1.7999e+01 |    2.9998e-01 |  -1.8000e+01 |   1.8000e+01 |        2.9998e-01 |
2026-07-19 17:02:46 | ectuner |     INFO -> --------------------------------------------------------------------------------

2026-07-19 17:02:46 | ectuner |     INFO -> 
===================== OPTIMIZATION SUMMARY (Biases: Model - Target) ======================
2026-07-19 17:02:46 | ectuner |     INFO -> Goal: Bring Biases to 0.0

2026-07-19 17:02:46 | ectuner |     INFO -> --------------------------------- PRIMARY TUNING TARGETS ---------------------------------
2026-07-19 17:02:46 | ectuner |     INFO -> Variable     | Season | Region       | Weight |  Bias Init -> Bias Final | Status
2026-07-19 17:02:46 | ectuner |     INFO -> ---------------------------------------------------------------------------------
2026-07-19 17:02:46 | ectuner |     INFO -> net_toa      | ALL    | Global       | 1.00   |      5.626 -> [92m    -0.000[0m | IMPROVED
2026-07-19 17:02:46 | ectuner |     INFO -> 
-------------------------------- DIAGNOSTIC SIDE-EFFECTS ---------------------------------
2026-07-19 17:02:46 | ectuner |     INFO -> Variable     | Season | Region       | Weight |  Bias Init -> Bias Final | Status
2026-07-19 17:02:46 | ectuner |     INFO -> ---------------------------------------------------------------------------------
2026-07-19 17:02:46 | ectuner |     INFO -> net_toa      | ALL    | Tropical     | 0.00   |      2.687 -> [91m    -3.928[0m | WORSENED
2026-07-19 17:02:46 | ectuner |     INFO -> net_toa      | ALL    | North Midlat | 0.00   |      6.164 -> [92m     2.168[0m | IMPROVED
2026-07-19 17:02:46 | ectuner |     INFO -> net_toa      | ALL    | South Midlat | 0.00   |     10.965 -> [92m     5.689[0m | IMPROVED
2026-07-19 17:02:46 | ectuner |     INFO -> net_toa      | ALL    | North Pole   | 0.00   |      8.072 -> [92m     5.344[0m | IMPROVED
2026-07-19 17:02:46 | ectuner |     INFO -> net_toa      | ALL    | South Pole   | 0.00   |     19.615 -> [92m    16.242[0m | IMPROVED
2026-07-19 17:02:46 | ectuner |     INFO -> net_toa      | ALL    | Equatorial   | 0.00   |      2.367 -> [91m    -5.227[0m | WORSENED
2026-07-19 17:02:46 | ectuner |     INFO -> net_toa      | ALL    | NH           | 0.00   |      4.927 -> [92m     1.008[0m | IMPROVED
2026-07-19 17:02:46 | ectuner |     INFO -> net_toa      | ALL    | SH           | 0.00   |      9.713 -> [92m     4.426[0m | IMPROVED
2026-07-19 17:02:46 | ectuner |     INFO -> rsnt         | ALL    | Global       | 0.00   |     -1.305 -> [91m    -5.150[0m | WORSENED
2026-07-19 17:02:46 | ectuner |     INFO -> rsnt         | ALL    | Tropical     | 0.00   |     -1.157 -> [91m    -6.192[0m | WORSENED
2026-07-19 17:02:46 | ectuner |     INFO -> rsnt         | ALL    | North Midlat | 0.00   |     -2.983 -> [91m    -5.668[0m | WORSENED
2026-07-19 17:02:46 | ectuner |     INFO -> rsnt         | ALL    | South Midlat | 0.00   |      0.076 -> [91m    -2.550[0m | WORSENED
2026-07-19 17:02:46 | ectuner |     INFO -> rsnt         | ALL    | North Pole   | 0.00   |     -5.579 -> [91m    -6.311[0m | WORSENED
2026-07-19 17:02:46 | ectuner |     INFO -> rsnt         | ALL    | South Pole   | 0.00   |      5.026 -> [92m     4.948[0m | IMPROVED
2026-07-19 17:02:46 | ectuner |     INFO -> rsnt         | ALL    | Equatorial   | 0.00   |     -0.425 -> [91m    -5.777[0m | WORSENED
2026-07-19 17:02:46 | ectuner |     INFO -> rsnt         | ALL    | NH           | 0.00   |     -2.942 -> [91m    -5.897[0m | WORSENED
2026-07-19 17:02:46 | ectuner |     INFO -> rsnt         | ALL    | SH           | 0.00   |     -0.584 -> [91m    -3.753[0m | WORSENED
2026-07-19 17:02:46 | ectuner |     INFO -> rlnt         | ALL    | Global       | 0.00   |      6.931 -> [92m     5.150[0m | IMPROVED
2026-07-19 17:02:46 | ectuner |     INFO -> rlnt         | ALL    | Tropical     | 0.00   |      3.844 -> [92m     2.263[0m | IMPROVED
2026-07-19 17:02:46 | ectuner |     INFO -> rlnt         | ALL    | North Midlat | 0.00   |      9.147 -> [92m     7.836[0m | IMPROVED
2026-07-19 17:02:46 | ectuner |     INFO -> rlnt         | ALL    | South Midlat | 0.00   |     10.889 -> [92m     8.239[0m | IMPROVED
2026-07-19 17:02:46 | ectuner |     INFO -> rlnt         | ALL    | North Pole   | 0.00   |     13.651 -> [92m    11.655[0m | IMPROVED
2026-07-19 17:02:46 | ectuner |     INFO -> rlnt         | ALL    | South Pole   | 0.00   |     14.589 -> [92m    11.293[0m | IMPROVED
2026-07-19 17:02:46 | ectuner |     INFO -> rlnt         | ALL    | Equatorial   | 0.00   |      2.792 -> [92m     0.550[0m | IMPROVED
2026-07-19 17:02:46 | ectuner |     INFO -> rlnt         | ALL    | NH           | 0.00   |      7.869 -> [92m     6.905[0m | IMPROVED
2026-07-19 17:02:46 | ectuner |     INFO -> rlnt         | ALL    | SH           | 0.00   |     10.297 -> [92m     8.178[0m | IMPROVED
2026-07-19 17:02:46 | ectuner |     INFO -> swcf         | ALL    | Global       | 0.00   |      0.506 -> [91m    -3.226[0m | WORSENED
2026-07-19 17:02:46 | ectuner |     INFO -> swcf         | ALL    | Tropical     | 0.00   |      0.248 -> [91m    -4.710[0m | WORSENED
2026-07-19 17:02:46 | ectuner |     INFO -> swcf         | ALL    | North Midlat | 0.00   |     -0.103 -> [91m    -2.514[0m | WORSENED
2026-07-19 17:02:46 | ectuner |     INFO -> swcf         | ALL    | South Midlat | 0.00   |      1.630 -> [92m    -0.971[0m | IMPROVED
2026-07-19 17:02:46 | ectuner |     INFO -> swcf         | ALL    | North Pole   | 0.00   |     -6.228 -> [91m    -6.998[0m | WORSENED
2026-07-19 17:02:46 | ectuner |     INFO -> swcf         | ALL    | South Pole   | 0.00   |      6.683 -> [92m     6.584[0m | IMPROVED
2026-07-19 17:02:46 | ectuner |     INFO -> swcf         | ALL    | Equatorial   | 0.00   |      0.569 -> [91m    -4.709[0m | WORSENED
2026-07-19 17:02:46 | ectuner |     INFO -> swcf         | ALL    | NH           | 0.00   |      0.218 -> [91m    -2.507[0m | WORSENED
2026-07-19 17:02:46 | ectuner |     INFO -> swcf         | ALL    | SH           | 0.00   |      0.727 -> [91m    -2.404[0m | WORSENED
2026-07-19 17:02:46 | ectuner |     INFO -> lwcf         | ALL    | Global       | 0.00   |     -2.709 -> [91m    -5.157[0m | WORSENED
2026-07-19 17:02:46 | ectuner |     INFO -> lwcf         | ALL    | Tropical     | 0.00   |     -5.038 -> [91m    -7.290[0m | WORSENED
2026-07-19 17:02:46 | ectuner |     INFO -> lwcf         | ALL    | North Midlat | 0.00   |     -0.397 -> [91m    -2.803[0m | WORSENED
2026-07-19 17:02:46 | ectuner |     INFO -> lwcf         | ALL    | South Midlat | 0.00   |     -0.364 -> [91m    -3.246[0m | WORSENED
2026-07-19 17:02:46 | ectuner |     INFO -> lwcf         | ALL    | North Pole   | 0.00   |      5.081 -> [92m     2.091[0m | IMPROVED
2026-07-19 17:02:46 | ectuner |     INFO -> lwcf         | ALL    | South Pole   | 0.00   |      3.737 -> [92m     0.185[0m | IMPROVED
2026-07-19 17:02:46 | ectuner |     INFO -> lwcf         | ALL    | Equatorial   | 0.00   |     -5.041 -> [91m    -7.959[0m | WORSENED
2026-07-19 17:02:46 | ectuner |     INFO -> lwcf         | ALL    | NH           | 0.00   |     -1.670 -> [91m    -3.659[0m | WORSENED
2026-07-19 17:02:46 | ectuner |     INFO -> lwcf         | ALL    | SH           | 0.00   |     -1.325 -> [91m    -3.742[0m | WORSENED
2026-07-19 17:02:46 | ectuner |     INFO -> net_sfc      | ALL    | Global       | 0.00   |     -6.840 -> [91m   -14.485[0m | WORSENED
2026-07-19 17:02:46 | ectuner |     INFO -> net_sfc      | ALL    | Tropical     | 0.00   |     -4.390 -> [91m   -13.381[0m | WORSENED
2026-07-19 17:02:46 | ectuner |     INFO -> net_sfc      | ALL    | North Midlat | 0.00   |     -8.110 -> [91m   -14.594[0m | WORSENED
2026-07-19 17:02:46 | ectuner |     INFO -> net_sfc      | ALL    | South Midlat | 0.00   |    -10.410 -> [91m   -16.393[0m | WORSENED
2026-07-19 17:02:46 | ectuner |     INFO -> net_sfc      | ALL    | North Pole   | 0.00   |      5.755 -> [92m     2.062[0m | IMPROVED
2026-07-19 17:02:46 | ectuner |     INFO -> net_sfc      | ALL    | South Pole   | 0.00   |    -23.330 -> [91m   -24.232[0m | WORSENED
2026-07-19 17:02:46 | ectuner |     INFO -> net_sfc      | ALL    | Equatorial   | 0.00   |     -1.734 -> [91m   -11.108[0m | WORSENED
2026-07-19 17:02:46 | ectuner |     INFO -> net_sfc      | ALL    | NH           | 0.00   |    -10.165 -> [91m   -16.474[0m | WORSENED
2026-07-19 17:02:46 | ectuner |     INFO -> net_sfc      | ALL    | SH           | 0.00   |     -9.546 -> [91m   -16.421[0m | WORSENED
2026-07-19 17:02:46 | ectuner |     INFO -> ==========================================================================================

Structured tuning YAML written to: /ec/res4/hpcperm/ecme3038/ecearth/ecearth4/ECtuner/mari/results/tuned_2d_LR/refactor/2d/net_toa/tuned_a03_spatial.yml
Diagnostic YAML written to: /ec/res4/hpcperm/ecme3038/ecearth/ecearth4/ECtuner/mari/results/diagnostics_2d_LR/refactor/2d/net_toa/diagnostics_a03_spatial.yaml
[ECMWF-INFO -ecepilog] ----------------------------------------------------------------------------------------------------
[ECMWF-INFO -ecepilog] This is the ECMWF job Epilogue
[ECMWF-INFO -ecepilog] +++ Please report issues using the Support portal +++
[ECMWF-INFO -ecepilog] +++ https://support.ecmwf.int                     +++
[ECMWF-INFO -ecepilog] ----------------------------------------------------------------------------------------------------
[ECMWF-INFO -ecepilog] Run at 2026-07-19T17:02:46 on ac
[ECMWF-INFO -ecepilog] JobName                   : a03_spatial
[ECMWF-INFO -ecepilog] JobID                     : 30803127
[ECMWF-INFO -ecepilog] Submit                    : 2026-07-19T17:00:19
[ECMWF-INFO -ecepilog] Start                     : 2026-07-19T17:00:43
[ECMWF-INFO -ecepilog] End                       : 2026-07-19T17:02:46
[ECMWF-INFO -ecepilog] QueuedTime                : 24.0
[ECMWF-INFO -ecepilog] ElapsedRaw                : 123
[ECMWF-INFO -ecepilog] ExitCode                  : 0:0
[ECMWF-INFO -ecepilog] DerivedExitCode           : 0:0
[ECMWF-INFO -ecepilog] State                     : COMPLETED
[ECMWF-INFO -ecepilog] Account                   : spnltune
[ECMWF-INFO -ecepilog] QOS                       : np
[ECMWF-INFO -ecepilog] User                      : ecme3038
[ECMWF-INFO -ecepilog] StdOut                    : /ec/res4/hpcperm/ecme3038/ecearth/ecearth4/ECtuner/mari/results/tuned_2d_LR/refactor/2d/net_toa/slurm_a03_spatial.out
[ECMWF-INFO -ecepilog] StdErr                    : /ec/res4/hpcperm/ecme3038/ecearth/ecearth4/ECtuner/mari/results/tuned_2d_LR/refactor/2d/net_toa/slurm_a03_spatial.out
[ECMWF-INFO -ecepilog] NNodes                    : 1
[ECMWF-INFO -ecepilog] NCPUS                     : 256
[ECMWF-INFO -ecepilog] SBU                       : 74.625
[ECMWF-INFO -ecepilog] jobtag                    : ecme3038-a03_spatial-1x256-/ec/res4/hpcperm/ecme3038/ecearth/ecearth4/ECtuner/mari/results/tuned_2d_LR/refactor/2d/net_toa/slurm_a03_spatial.out
[ECMWF-INFO -ecepilog] ----------------------------------------------------------------------------------------------------

