2026-04-23 14:59:28 | ectuner |     INFO -> Loading 2D Data (Sensitivity, Reference, Base)...
   > Loading reference for net_toa from: climate_average_net_toa_CERES EBAF_r180x90_2000-2024.nc
   > Loading reference for rlnt from: climate_average_rlnt_CERES EBAF_r180x90_2000-2024.nc
   > Flipping sign for rlnt (Obs is UP, Model is DOWN)
--- Loading cached base maps for phis ---
2026-04-23 14:59:29 | ectuner |     INFO -> Generating spatial weights (Area * Region)...
2026-04-23 14:59:29 | ectuner |     INFO -> Variable net_toa: Initial Spatial RMSE (Weighted) = 11.3965
2026-04-23 14:59:29 | ectuner |     INFO -> Variable rlnt: Initial Spatial RMSE (Weighted) = 11.5226
2026-04-23 14:59:29 | ectuner |     INFO -> Flattening data for fast optimization...
2026-04-23 14:59:29 | ectuner |     INFO -> DEBUG: Global Bias for net_toa in optimizer: 5.6259
2026-04-23 14:59:29 | ectuner |     INFO -> DEBUG: Global Bias for rlnt in optimizer: 6.9311
2026-04-23 14:59:29 | ectuner |     INFO -> Starting 2D Optimization (dual_annealing)...
2026-04-23 15:00:26 | ectuner |     INFO -> 
==================== GLOBAL MEAN & ZONAL SUMMARY FROM 2D OPTIMIZATION ====================
2026-04-23 15:00:26 | ectuner |     INFO -> Variable     | Metric       |            Initial ->              Final | Status
2026-04-23 15:00:26 | ectuner |     INFO -> ------------------------------------------------------------------------------------------
2026-04-23 15:00:26 | ectuner |     INFO -> net_toa      | Global Bias |             5.6259 ->             0.6175 | IMPROVED
2026-04-23 15:00:26 | ectuner |     INFO ->              | Spatial RMSE  |            11.3965 ->             9.4296 | IMPROVED
2026-04-23 15:00:26 | ectuner |     INFO -> ------------------------------------------------------------------------------------------
2026-04-23 15:00:26 | ectuner |     INFO -> rlnt         | Global Bias |             6.9311 ->             1.1997 | IMPROVED
2026-04-23 15:00:26 | ectuner |     INFO ->              | Spatial RMSE  |            11.5226 ->             8.5450 | IMPROVED
2026-04-23 15:00:26 | ectuner |     INFO -> ------------------------------------------------------------------------------------------
2026-04-23 15:00:26 | ectuner |     INFO -> Structured tuning YAML written to ../results/tuned_2d_LR/rlut/alfa_017/tuned_phis_a017.yml

| Parameter         |   New Value |   Old Value |      Change |   Rel. Change |   Dist. from Ref. |
|-------------------+-------------+-------------+-------------+---------------+-------------------|
| RPRCON            |  1.0056e-03 |  1.4000e-03 | -3.9436e-04 |   -2.8168e-01 |       -2.8168e-01 |
| ENTRORG           |  1.2286e-03 |  1.7500e-03 | -5.2140e-04 |   -2.9794e-01 |       -2.9794e-01 |
| DETRPEN           |  1.2000e-04 |  7.5000e-05 |  4.5000e-05 |    6.0000e-01 |        6.0000e-01 |
| ENTRDD            |  1.8219e-04 |  3.0000e-04 | -1.1781e-04 |   -3.9270e-01 |       -3.9270e-01 |
| RMFDEPS           |  3.9900e-01 |  3.0000e-01 |  9.8999e-02 |    3.3000e-01 |        3.3000e-01 |
| RVICE             |  2.0800e-01 |  1.3000e-01 |  7.8000e-02 |    6.0000e-01 |        6.0000e-01 |
| RLCRITSNOW        |  8.0916e-06 |  2.0000e-05 | -1.1908e-05 |   -5.9542e-01 |       -5.9542e-01 |
| RSNOWLIN2         |  1.2000e-02 |  3.0000e-02 | -1.8000e-02 |   -6.0000e-01 |       -6.0000e-01 |
| RCLDIFF           |  5.1283e-06 |  6.0000e-06 | -8.7166e-07 |   -1.4528e-01 |       -1.4528e-01 |
| RCLDIFF_CONVI     |  1.1073e+01 |  1.0000e+01 |  1.0726e+00 |    1.0726e-01 |        1.0726e-01 |
| RDEPLIQREFRATE    |  6.7788e-01 |  5.0000e-01 |  1.7788e-01 |    3.5576e-01 |        3.5576e-01 |
| RDEPLIQREFDEPTH   |  5.2299e+02 |  5.0000e+02 |  2.2989e+01 |    4.5978e-02 |        4.5978e-02 |
| RCL_OVERLAPLIQICE |  4.5441e-01 |  6.5000e-01 | -1.9559e-01 |   -3.0091e-01 |       -3.0091e-01 |
| RCL_INHOMOGAUT    |  1.3377e+00 |  1.5000e+00 | -1.6228e-01 |   -1.0819e-01 |       -1.0819e-01 |
| RCL_INHOMOGACC    |  1.4438e+00 |  3.0000e+00 | -1.5562e+00 |   -5.1874e-01 |       -5.1874e-01 |
| RMINICE           |  9.3846e+01 |  6.0000e+01 |  3.3846e+01 |    5.6411e-01 |        5.6411e-01 |
2026-04-23 15:00:26 | ectuner |     INFO -> Diagnostic maps saved to ../results/tuned_2d_LR/rlut/alfa_017/diagnostics_2d_phis_Global_a017.nc
Copia del file YAML inviata a ../results/tuned_2d_LR/rlut/yaml_files
