2026-04-23 14:59:29 | ectuner |     INFO -> Loading 2D Data (Sensitivity, Reference, Base)...
   > Loading reference for net_toa from: climate_average_net_toa_CERES EBAF_r180x90_2000-2024.nc
   > Loading reference for rlnt from: climate_average_rlnt_CERES EBAF_r180x90_2000-2024.nc
   > Flipping sign for rlnt (Obs is UP, Model is DOWN)
--- Loading cached base maps for phis ---
2026-04-23 14:59:29 | ectuner |     INFO -> Generating spatial weights (Area * Region)...
2026-04-23 14:59:29 | ectuner |     INFO -> Variable net_toa: Initial Spatial RMSE (Weighted) = 11.3965
2026-04-23 14:59:29 | ectuner |     INFO -> Variable rlnt: Initial Spatial RMSE (Weighted) = 11.5226
2026-04-23 14:59:29 | ectuner |     INFO -> Flattening data for fast optimization...
2026-04-23 14:59:30 | ectuner |     INFO -> DEBUG: Global Bias for net_toa in optimizer: 5.6259
2026-04-23 14:59:30 | ectuner |     INFO -> DEBUG: Global Bias for rlnt in optimizer: 6.9311
2026-04-23 14:59:30 | ectuner |     INFO -> Starting 2D Optimization (dual_annealing)...
2026-04-23 15:00:23 | ectuner |     INFO -> 
==================== GLOBAL MEAN & ZONAL SUMMARY FROM 2D OPTIMIZATION ====================
2026-04-23 15:00:23 | ectuner |     INFO -> Variable     | Metric       |            Initial ->              Final | Status
2026-04-23 15:00:23 | ectuner |     INFO -> ------------------------------------------------------------------------------------------
2026-04-23 15:00:23 | ectuner |     INFO -> net_toa      | Global Bias |             5.6259 ->             0.3237 | IMPROVED
2026-04-23 15:00:23 | ectuner |     INFO ->              | Spatial RMSE  |            11.3965 ->             9.4822 | IMPROVED
2026-04-23 15:00:23 | ectuner |     INFO -> ------------------------------------------------------------------------------------------
2026-04-23 15:00:23 | ectuner |     INFO -> rlnt         | Global Bias |             6.9311 ->             0.9953 | IMPROVED
2026-04-23 15:00:23 | ectuner |     INFO ->              | Spatial RMSE  |            11.5226 ->             8.6054 | IMPROVED
2026-04-23 15:00:23 | ectuner |     INFO -> ------------------------------------------------------------------------------------------
2026-04-23 15:00:23 | ectuner |     INFO -> Structured tuning YAML written to ../results/tuned_2d_LR/rlut/alfa_020/tuned_phis_a020.yml

| Parameter         |   New Value |   Old Value |      Change |   Rel. Change |   Dist. from Ref. |
|-------------------+-------------+-------------+-------------+---------------+-------------------|
| RPRCON            |  1.0191e-03 |  1.4000e-03 | -3.8090e-04 |   -2.7207e-01 |       -2.7207e-01 |
| ENTRORG           |  1.2199e-03 |  1.7500e-03 | -5.3009e-04 |   -3.0291e-01 |       -3.0291e-01 |
| DETRPEN           |  1.2000e-04 |  7.5000e-05 |  4.5000e-05 |    6.0000e-01 |        6.0000e-01 |
| ENTRDD            |  1.7841e-04 |  3.0000e-04 | -1.2159e-04 |   -4.0530e-01 |       -4.0530e-01 |
| RMFDEPS           |  3.9607e-01 |  3.0000e-01 |  9.6068e-02 |    3.2023e-01 |        3.2023e-01 |
| RVICE             |  2.0800e-01 |  1.3000e-01 |  7.8000e-02 |    6.0000e-01 |        6.0000e-01 |
| RLCRITSNOW        |  8.0000e-06 |  2.0000e-05 | -1.2000e-05 |   -6.0000e-01 |       -6.0000e-01 |
| RSNOWLIN2         |  1.2000e-02 |  3.0000e-02 | -1.8000e-02 |   -6.0000e-01 |       -6.0000e-01 |
| RCLDIFF           |  5.1310e-06 |  6.0000e-06 | -8.6903e-07 |   -1.4484e-01 |       -1.4484e-01 |
| RCLDIFF_CONVI     |  1.0950e+01 |  1.0000e+01 |  9.4959e-01 |    9.4959e-02 |        9.4959e-02 |
| RDEPLIQREFRATE    |  6.8095e-01 |  5.0000e-01 |  1.8095e-01 |    3.6191e-01 |        3.6191e-01 |
| RDEPLIQREFDEPTH   |  5.1722e+02 |  5.0000e+02 |  1.7216e+01 |    3.4431e-02 |        3.4431e-02 |
| RCL_OVERLAPLIQICE |  4.4108e-01 |  6.5000e-01 | -2.0892e-01 |   -3.2141e-01 |       -3.2141e-01 |
| RCL_INHOMOGAUT    |  1.2976e+00 |  1.5000e+00 | -2.0236e-01 |   -1.3490e-01 |       -1.3490e-01 |
| RCL_INHOMOGACC    |  1.3174e+00 |  3.0000e+00 | -1.6826e+00 |   -5.6086e-01 |       -5.6086e-01 |
| RMINICE           |  9.5955e+01 |  6.0000e+01 |  3.5955e+01 |    5.9924e-01 |        5.9924e-01 |
2026-04-23 15:00:23 | ectuner |     INFO -> Diagnostic maps saved to ../results/tuned_2d_LR/rlut/alfa_020/diagnostics_2d_phis_Global_a02.nc
Copia del file YAML inviata a ../results/tuned_2d_LR/rlut/yaml_files
