2026-04-23 14:59:29 | ectuner |     INFO -> Loading 2D Data (Sensitivity, Reference, Base)...
   > Loading reference for net_toa from: climate_average_net_toa_CERES EBAF_r180x90_2000-2024.nc
   > Loading reference for rlnt from: climate_average_rlnt_CERES EBAF_r180x90_2000-2024.nc
   > Flipping sign for rlnt (Obs is UP, Model is DOWN)
--- Loading cached base maps for phis ---
2026-04-23 14:59:30 | ectuner |     INFO -> Generating spatial weights (Area * Region)...
2026-04-23 14:59:30 | ectuner |     INFO -> Variable net_toa: Initial Spatial RMSE (Weighted) = 11.3965
2026-04-23 14:59:30 | ectuner |     INFO -> Variable rlnt: Initial Spatial RMSE (Weighted) = 11.5226
2026-04-23 14:59:30 | ectuner |     INFO -> Flattening data for fast optimization...
2026-04-23 14:59:30 | ectuner |     INFO -> DEBUG: Global Bias for net_toa in optimizer: 5.6259
2026-04-23 14:59:30 | ectuner |     INFO -> DEBUG: Global Bias for rlnt in optimizer: 6.9311
2026-04-23 14:59:30 | ectuner |     INFO -> Starting 2D Optimization (dual_annealing)...
2026-04-23 15:00:55 | ectuner |     INFO -> 
==================== GLOBAL MEAN & ZONAL SUMMARY FROM 2D OPTIMIZATION ====================
2026-04-23 15:00:55 | ectuner |     INFO -> Variable     | Metric       |            Initial ->              Final | Status
2026-04-23 15:00:55 | ectuner |     INFO -> ------------------------------------------------------------------------------------------
2026-04-23 15:00:55 | ectuner |     INFO -> net_toa      | Global Bias |             5.6259 ->            -0.0000 | IMPROVED
2026-04-23 15:00:55 | ectuner |     INFO ->              | Spatial RMSE  |            11.3965 ->            10.1387 | IMPROVED
2026-04-23 15:00:55 | ectuner |     INFO -> ------------------------------------------------------------------------------------------
2026-04-23 15:00:55 | ectuner |     INFO -> rlnt         | Global Bias |             6.9311 ->             0.0000 | IMPROVED
2026-04-23 15:00:55 | ectuner |     INFO ->              | Spatial RMSE  |            11.5226 ->             9.5484 | IMPROVED
2026-04-23 15:00:55 | ectuner |     INFO -> ------------------------------------------------------------------------------------------
2026-04-23 15:00:55 | ectuner |     INFO -> Structured tuning YAML written to ../results/tuned_2d_LR/rlut/alfa_050/tuned_phis_a050.yml

| Parameter         |   New Value |   Old Value |      Change |   Rel. Change |   Dist. from Ref. |
|-------------------+-------------+-------------+-------------+---------------+-------------------|
| RPRCON            |  1.9409e-03 |  1.4000e-03 |  5.4093e-04 |    3.8638e-01 |        3.8638e-01 |
| ENTRORG           |  1.5158e-03 |  1.7500e-03 | -2.3419e-04 |   -1.3382e-01 |       -1.3382e-01 |
| DETRPEN           |  1.1201e-04 |  7.5000e-05 |  3.7015e-05 |    4.9353e-01 |        4.9353e-01 |
| ENTRDD            |  1.9298e-04 |  3.0000e-04 | -1.0702e-04 |   -3.5674e-01 |       -3.5674e-01 |
| RMFDEPS           |  4.3364e-01 |  3.0000e-01 |  1.3364e-01 |    4.4548e-01 |        4.4548e-01 |
| RVICE             |  1.9788e-01 |  1.3000e-01 |  6.7885e-02 |    5.2219e-01 |        5.2219e-01 |
| RLCRITSNOW        |  8.0131e-06 |  2.0000e-05 | -1.1987e-05 |   -5.9935e-01 |       -5.9935e-01 |
| RSNOWLIN2         |  1.8643e-02 |  3.0000e-02 | -1.1357e-02 |   -3.7857e-01 |       -3.7857e-01 |
| RCLDIFF           |  4.6900e-06 |  6.0000e-06 | -1.3100e-06 |   -2.1833e-01 |       -2.1833e-01 |
| RCLDIFF_CONVI     |  1.1905e+01 |  1.0000e+01 |  1.9055e+00 |    1.9055e-01 |        1.9055e-01 |
| RDEPLIQREFRATE    |  6.5430e-01 |  5.0000e-01 |  1.5430e-01 |    3.0861e-01 |        3.0861e-01 |
| RDEPLIQREFDEPTH   |  5.1114e+02 |  5.0000e+02 |  1.1138e+01 |    2.2276e-02 |        2.2276e-02 |
| RCL_OVERLAPLIQICE |  3.2167e-01 |  6.5000e-01 | -3.2833e-01 |   -5.0512e-01 |       -5.0512e-01 |
| RCL_INHOMOGAUT    |  1.9414e+00 |  1.5000e+00 |  4.4141e-01 |    2.9428e-01 |        2.9428e-01 |
| RCL_INHOMOGACC    |  1.2110e+00 |  3.0000e+00 | -1.7890e+00 |   -5.9633e-01 |       -5.9633e-01 |
| RMINICE           |  6.5962e+01 |  6.0000e+01 |  5.9616e+00 |    9.9361e-02 |        9.9361e-02 |
2026-04-23 15:00:55 | ectuner |     INFO -> Diagnostic maps saved to ../results/tuned_2d_LR/rlut/alfa_050/diagnostics_2d_phis_Global_a05.nc
Copia del file YAML inviata a ../results/tuned_2d_LR/rlut/yaml_files
