2026-04-23 14:59:29 | ectuner |     INFO -> Loading 2D Data (Sensitivity, Reference, Base)...
   > Loading reference for net_toa from: climate_average_net_toa_CERES EBAF_r180x90_2000-2024.nc
   > Loading reference for rlnt from: climate_average_rlnt_CERES EBAF_r180x90_2000-2024.nc
   > Flipping sign for rlnt (Obs is UP, Model is DOWN)
--- Loading cached base maps for phis ---
2026-04-23 14:59:30 | ectuner |     INFO -> Generating spatial weights (Area * Region)...
2026-04-23 14:59:30 | ectuner |     INFO -> Variable net_toa: Initial Spatial RMSE (Weighted) = 11.3965
2026-04-23 14:59:30 | ectuner |     INFO -> Variable rlnt: Initial Spatial RMSE (Weighted) = 11.5226
2026-04-23 14:59:30 | ectuner |     INFO -> Flattening data for fast optimization...
2026-04-23 14:59:30 | ectuner |     INFO -> DEBUG: Global Bias for net_toa in optimizer: 5.6259
2026-04-23 14:59:30 | ectuner |     INFO -> DEBUG: Global Bias for rlnt in optimizer: 6.9311
2026-04-23 14:59:30 | ectuner |     INFO -> Starting 2D Optimization (dual_annealing)...
2026-04-23 15:00:27 | ectuner |     INFO -> 
==================== GLOBAL MEAN & ZONAL SUMMARY FROM 2D OPTIMIZATION ====================
2026-04-23 15:00:27 | ectuner |     INFO -> Variable     | Metric       |            Initial ->              Final | Status
2026-04-23 15:00:27 | ectuner |     INFO -> ------------------------------------------------------------------------------------------
2026-04-23 15:00:28 | ectuner |     INFO -> net_toa      | Global Bias |             5.6259 ->             1.0259 | IMPROVED
2026-04-23 15:00:28 | ectuner |     INFO ->              | Spatial RMSE  |            11.3965 ->             9.3776 | IMPROVED
2026-04-23 15:00:28 | ectuner |     INFO -> ------------------------------------------------------------------------------------------
2026-04-23 15:00:28 | ectuner |     INFO -> rlnt         | Global Bias |             6.9311 ->             1.5453 | IMPROVED
2026-04-23 15:00:28 | ectuner |     INFO ->              | Spatial RMSE  |            11.5226 ->             8.4681 | IMPROVED
2026-04-23 15:00:28 | ectuner |     INFO -> ------------------------------------------------------------------------------------------
2026-04-23 15:00:28 | ectuner |     INFO -> Structured tuning YAML written to ../results/tuned_2d_LR/rlut/alfa_012/tuned_phis_a012.yml

| Parameter         |   New Value |   Old Value |      Change |   Rel. Change |   Dist. from Ref. |
|-------------------+-------------+-------------+-------------+---------------+-------------------|
| RPRCON            |  9.9395e-04 |  1.4000e-03 | -4.0605e-04 |   -2.9003e-01 |       -2.9003e-01 |
| ENTRORG           |  1.2364e-03 |  1.7500e-03 | -5.1358e-04 |   -2.9347e-01 |       -2.9347e-01 |
| DETRPEN           |  1.2000e-04 |  7.5000e-05 |  4.5000e-05 |    6.0000e-01 |        6.0000e-01 |
| ENTRDD            |  1.9268e-04 |  3.0000e-04 | -1.0732e-04 |   -3.5772e-01 |       -3.5772e-01 |
| RMFDEPS           |  4.0701e-01 |  3.0000e-01 |  1.0701e-01 |    3.5672e-01 |        3.5672e-01 |
| RVICE             |  2.0800e-01 |  1.3000e-01 |  7.8000e-02 |    6.0000e-01 |        6.0000e-01 |
| RLCRITSNOW        |  9.1812e-06 |  2.0000e-05 | -1.0819e-05 |   -5.4094e-01 |       -5.4094e-01 |
| RSNOWLIN2         |  1.2000e-02 |  3.0000e-02 | -1.8000e-02 |   -6.0000e-01 |       -6.0000e-01 |
| RCLDIFF           |  5.2012e-06 |  6.0000e-06 | -7.9882e-07 |   -1.3314e-01 |       -1.3314e-01 |
| RCLDIFF_CONVI     |  1.0995e+01 |  1.0000e+01 |  9.9532e-01 |    9.9532e-02 |        9.9532e-02 |
| RDEPLIQREFRATE    |  6.7717e-01 |  5.0000e-01 |  1.7717e-01 |    3.5434e-01 |        3.5434e-01 |
| RDEPLIQREFDEPTH   |  5.3450e+02 |  5.0000e+02 |  3.4500e+01 |    6.9000e-02 |        6.9000e-02 |
| RCL_OVERLAPLIQICE |  4.6663e-01 |  6.5000e-01 | -1.8337e-01 |   -2.8211e-01 |       -2.8211e-01 |
| RCL_INHOMOGAUT    |  1.3706e+00 |  1.5000e+00 | -1.2944e-01 |   -8.6292e-02 |       -8.6292e-02 |
| RCL_INHOMOGACC    |  1.6038e+00 |  3.0000e+00 | -1.3962e+00 |   -4.6538e-01 |       -4.6538e-01 |
| RMINICE           |  9.0851e+01 |  6.0000e+01 |  3.0851e+01 |    5.1419e-01 |        5.1419e-01 |
2026-04-23 15:00:28 | ectuner |     INFO -> Diagnostic maps saved to ../results/tuned_2d_LR/rlut/alfa_012/diagnostics_2d_phis_Global_a012.nc
Copia del file YAML inviata a ../results/tuned_2d_LR/rlut/yaml_files
