2026-04-23 14:59:27 | ectuner |     INFO -> Loading 2D Data (Sensitivity, Reference, Base)...
   > Loading reference for net_toa from: climate_average_net_toa_CERES EBAF_r180x90_2000-2024.nc
   > Loading reference for rlnt from: climate_average_rlnt_CERES EBAF_r180x90_2000-2024.nc
   > Flipping sign for rlnt (Obs is UP, Model is DOWN)
--- Loading cached base maps for phis ---
2026-04-23 14:59:28 | ectuner |     INFO -> Generating spatial weights (Area * Region)...
2026-04-23 14:59:28 | ectuner |     INFO -> Variable net_toa: Initial Spatial RMSE (Weighted) = 11.3965
2026-04-23 14:59:28 | ectuner |     INFO -> Variable rlnt: Initial Spatial RMSE (Weighted) = 11.5226
2026-04-23 14:59:28 | ectuner |     INFO -> Flattening data for fast optimization...
2026-04-23 14:59:29 | ectuner |     INFO -> DEBUG: Global Bias for net_toa in optimizer: 5.6259
2026-04-23 14:59:29 | ectuner |     INFO -> DEBUG: Global Bias for rlnt in optimizer: 6.9311
2026-04-23 14:59:29 | ectuner |     INFO -> Starting 2D Optimization (dual_annealing)...
2026-04-23 15:00:16 | ectuner |     INFO -> 
==================== GLOBAL MEAN & ZONAL SUMMARY FROM 2D OPTIMIZATION ====================
2026-04-23 15:00:16 | ectuner |     INFO -> Variable     | Metric       |            Initial ->              Final | Status
2026-04-23 15:00:16 | ectuner |     INFO -> ------------------------------------------------------------------------------------------
2026-04-23 15:00:16 | ectuner |     INFO -> net_toa      | Global Bias |             5.6259 ->             0.0000 | IMPROVED
2026-04-23 15:00:16 | ectuner |     INFO ->              | Spatial RMSE  |            11.3965 ->            11.7074 | WORSENED
2026-04-23 15:00:16 | ectuner |     INFO -> ------------------------------------------------------------------------------------------
2026-04-23 15:00:16 | ectuner |     INFO -> rlnt         | Global Bias |             6.9311 ->             0.0000 | IMPROVED
2026-04-23 15:00:16 | ectuner |     INFO ->              | Spatial RMSE  |            11.5226 ->            12.4814 | WORSENED
2026-04-23 15:00:16 | ectuner |     INFO -> ------------------------------------------------------------------------------------------
2026-04-23 15:00:16 | ectuner |     INFO -> Structured tuning YAML written to ../results/tuned_2d_LR/rlut/alfa_100/tuned_phis_a100.yml

| Parameter         |   New Value |   Old Value |      Change |   Rel. Change |   Dist. from Ref. |
|-------------------+-------------+-------------+-------------+---------------+-------------------|
| RPRCON            |  1.9714e-03 |  1.4000e-03 |  5.7135e-04 |    4.0811e-01 |        4.0811e-01 |
| ENTRORG           |  2.4818e-03 |  1.7500e-03 |  7.3176e-04 |    4.1815e-01 |        4.1815e-01 |
| DETRPEN           |  4.6305e-05 |  7.5000e-05 | -2.8695e-05 |   -3.8260e-01 |       -3.8260e-01 |
| ENTRDD            |  3.0664e-04 |  3.0000e-04 |  6.6353e-06 |    2.2118e-02 |        2.2118e-02 |
| RMFDEPS           |  1.9204e-01 |  3.0000e-01 | -1.0796e-01 |   -3.5985e-01 |       -3.5985e-01 |
| RVICE             |  1.6782e-01 |  1.3000e-01 |  3.7817e-02 |    2.9090e-01 |        2.9090e-01 |
| RLCRITSNOW        |  9.9426e-06 |  2.0000e-05 | -1.0057e-05 |   -5.0287e-01 |       -5.0287e-01 |
| RSNOWLIN2         |  1.6777e-02 |  3.0000e-02 | -1.3223e-02 |   -4.4076e-01 |       -4.4076e-01 |
| RCLDIFF           |  5.7902e-06 |  6.0000e-06 | -2.0978e-07 |   -3.4963e-02 |       -3.4963e-02 |
| RCLDIFF_CONVI     |  1.1900e+01 |  1.0000e+01 |  1.9005e+00 |    1.9005e-01 |        1.9005e-01 |
| RDEPLIQREFRATE    |  6.1519e-01 |  5.0000e-01 |  1.1519e-01 |    2.3039e-01 |        2.3039e-01 |
| RDEPLIQREFDEPTH   |  5.0232e+02 |  5.0000e+02 |  2.3154e+00 |    4.6308e-03 |        4.6308e-03 |
| RCL_OVERLAPLIQICE |  3.7714e-01 |  6.5000e-01 | -2.7286e-01 |   -4.1978e-01 |       -4.1978e-01 |
| RCL_INHOMOGAUT    |  6.3242e-01 |  1.5000e+00 | -8.6758e-01 |   -5.7839e-01 |       -5.7839e-01 |
| RCL_INHOMOGACC    |  2.5703e+00 |  3.0000e+00 | -4.2974e-01 |   -1.4325e-01 |       -1.4325e-01 |
| RMINICE           |  4.2256e+01 |  6.0000e+01 | -1.7744e+01 |   -2.9574e-01 |       -2.9574e-01 |
2026-04-23 15:00:16 | ectuner |     INFO -> Diagnostic maps saved to ../results/tuned_2d_LR/rlut/alfa_100/diagnostics_2d_phis_Global_a10.nc
Copia del file YAML inviata a ../results/tuned_2d_LR/rlut/yaml_files
