2026-04-23 14:59:29 | ectuner |     INFO -> Loading 2D Data (Sensitivity, Reference, Base)...
   > Loading reference for net_toa from: climate_average_net_toa_CERES EBAF_r180x90_2000-2024.nc
   > Loading reference for rlnt from: climate_average_rlnt_CERES EBAF_r180x90_2000-2024.nc
   > Flipping sign for rlnt (Obs is UP, Model is DOWN)
--- Loading cached base maps for phis ---
2026-04-23 14:59:30 | ectuner |     INFO -> Generating spatial weights (Area * Region)...
2026-04-23 14:59:30 | ectuner |     INFO -> Variable net_toa: Initial Spatial RMSE (Weighted) = 11.3965
2026-04-23 14:59:30 | ectuner |     INFO -> Variable rlnt: Initial Spatial RMSE (Weighted) = 11.5226
2026-04-23 14:59:30 | ectuner |     INFO -> Flattening data for fast optimization...
2026-04-23 14:59:30 | ectuner |     INFO -> DEBUG: Global Bias for net_toa in optimizer: 5.6259
2026-04-23 14:59:30 | ectuner |     INFO -> DEBUG: Global Bias for rlnt in optimizer: 6.9311
2026-04-23 14:59:30 | ectuner |     INFO -> Starting 2D Optimization (dual_annealing)...
2026-04-23 15:00:33 | ectuner |     INFO -> 
==================== GLOBAL MEAN & ZONAL SUMMARY FROM 2D OPTIMIZATION ====================
2026-04-23 15:00:33 | ectuner |     INFO -> Variable     | Metric       |            Initial ->              Final | Status
2026-04-23 15:00:33 | ectuner |     INFO -> ------------------------------------------------------------------------------------------
2026-04-23 15:00:33 | ectuner |     INFO -> net_toa      | Global Bias |             5.6259 ->             0.0000 | IMPROVED
2026-04-23 15:00:33 | ectuner |     INFO ->              | Spatial RMSE  |            11.3965 ->            10.9199 | IMPROVED
2026-04-23 15:00:33 | ectuner |     INFO -> ------------------------------------------------------------------------------------------
2026-04-23 15:00:33 | ectuner |     INFO -> rlnt         | Global Bias |             6.9311 ->             0.0000 | IMPROVED
2026-04-23 15:00:33 | ectuner |     INFO ->              | Spatial RMSE  |            11.5226 ->            10.3757 | IMPROVED
2026-04-23 15:00:33 | ectuner |     INFO -> ------------------------------------------------------------------------------------------
2026-04-23 15:00:33 | ectuner |     INFO -> Structured tuning YAML written to ../results/tuned_2d_LR/rlut/alfa_080/tuned_phis_a080.yml

| Parameter         |   New Value |   Old Value |      Change |   Rel. Change |   Dist. from Ref. |
|-------------------+-------------+-------------+-------------+---------------+-------------------|
| RPRCON            |  1.2419e-03 |  1.4000e-03 | -1.5814e-04 |   -1.1296e-01 |       -1.1296e-01 |
| ENTRORG           |  2.3830e-03 |  1.7500e-03 |  6.3298e-04 |    3.6170e-01 |        3.6170e-01 |
| DETRPEN           |  4.1179e-05 |  7.5000e-05 | -3.3821e-05 |   -4.5095e-01 |       -4.5095e-01 |
| ENTRDD            |  3.6952e-04 |  3.0000e-04 |  6.9523e-05 |    2.3174e-01 |        2.3174e-01 |
| RMFDEPS           |  4.7175e-01 |  3.0000e-01 |  1.7175e-01 |    5.7250e-01 |        5.7250e-01 |
| RVICE             |  1.4479e-01 |  1.3000e-01 |  1.4792e-02 |    1.1379e-01 |        1.1379e-01 |
| RLCRITSNOW        |  1.1064e-05 |  2.0000e-05 | -8.9356e-06 |   -4.4678e-01 |       -4.4678e-01 |
| RSNOWLIN2         |  1.2234e-02 |  3.0000e-02 | -1.7766e-02 |   -5.9219e-01 |       -5.9219e-01 |
| RCLDIFF           |  5.7950e-06 |  6.0000e-06 | -2.0504e-07 |   -3.4174e-02 |       -3.4174e-02 |
| RCLDIFF_CONVI     |  1.3035e+01 |  1.0000e+01 |  3.0346e+00 |    3.0346e-01 |        3.0346e-01 |
| RDEPLIQREFRATE    |  7.2333e-01 |  5.0000e-01 |  2.2333e-01 |    4.4667e-01 |        4.4667e-01 |
| RDEPLIQREFDEPTH   |  4.9711e+02 |  5.0000e+02 | -2.8887e+00 |   -5.7775e-03 |       -5.7775e-03 |
| RCL_OVERLAPLIQICE |  7.8785e-01 |  6.5000e-01 |  1.3785e-01 |    2.1208e-01 |        2.1208e-01 |
| RCL_INHOMOGAUT    |  1.5217e+00 |  1.5000e+00 |  2.1727e-02 |    1.4484e-02 |        1.4484e-02 |
| RCL_INHOMOGACC    |  2.4390e+00 |  3.0000e+00 | -5.6104e-01 |   -1.8701e-01 |       -1.8701e-01 |
| RMINICE           |  9.2474e+01 |  6.0000e+01 |  3.2474e+01 |    5.4123e-01 |        5.4123e-01 |
2026-04-23 15:00:33 | ectuner |     INFO -> Diagnostic maps saved to ../results/tuned_2d_LR/rlut/alfa_080/diagnostics_2d_phis_Global_a08.nc
Copia del file YAML inviata a ../results/tuned_2d_LR/rlut/yaml_files
