2026-04-23 14:59:25 | ectuner |     INFO -> Loading 2D Data (Sensitivity, Reference, Base)...
   > Loading reference for net_toa from: climate_average_net_toa_CERES EBAF_r180x90_2000-2024.nc
   > Loading reference for rlnt from: climate_average_rlnt_CERES EBAF_r180x90_2000-2024.nc
   > Flipping sign for rlnt (Obs is UP, Model is DOWN)
--- Loading cached base maps for phis ---
2026-04-23 14:59:27 | ectuner |     INFO -> Generating spatial weights (Area * Region)...
2026-04-23 14:59:27 | ectuner |     INFO -> Variable net_toa: Initial Spatial RMSE (Weighted) = 11.3965
2026-04-23 14:59:27 | ectuner |     INFO -> Variable rlnt: Initial Spatial RMSE (Weighted) = 11.5226
2026-04-23 14:59:27 | ectuner |     INFO -> Flattening data for fast optimization...
2026-04-23 14:59:28 | ectuner |     INFO -> DEBUG: Global Bias for net_toa in optimizer: 5.6259
2026-04-23 14:59:28 | ectuner |     INFO -> DEBUG: Global Bias for rlnt in optimizer: 6.9311
2026-04-23 14:59:28 | ectuner |     INFO -> Starting 2D Optimization (dual_annealing)...
2026-04-23 15:01:31 | ectuner |     INFO -> 
==================== GLOBAL MEAN & ZONAL SUMMARY FROM 2D OPTIMIZATION ====================
2026-04-23 15:01:31 | ectuner |     INFO -> Variable     | Metric       |            Initial ->              Final | Status
2026-04-23 15:01:31 | ectuner |     INFO -> ------------------------------------------------------------------------------------------
2026-04-23 15:01:31 | ectuner |     INFO -> net_toa      | Global Bias |             5.6259 ->            -0.0000 | IMPROVED
2026-04-23 15:01:31 | ectuner |     INFO ->              | Spatial RMSE  |            11.3965 ->             9.8999 | IMPROVED
2026-04-23 15:01:31 | ectuner |     INFO -> ------------------------------------------------------------------------------------------
2026-04-23 15:01:31 | ectuner |     INFO -> rlnt         | Global Bias |             6.9311 ->             0.0001 | IMPROVED
2026-04-23 15:01:31 | ectuner |     INFO ->              | Spatial RMSE  |            11.5226 ->             9.0980 | IMPROVED
2026-04-23 15:01:31 | ectuner |     INFO -> ------------------------------------------------------------------------------------------
2026-04-23 15:01:31 | ectuner |     INFO -> Structured tuning YAML written to ../results/tuned_2d_LR/rlut/alfa_040/tuned_phis_a040.yml

| Parameter         |   New Value |   Old Value |      Change |   Rel. Change |   Dist. from Ref. |
|-------------------+-------------+-------------+-------------+---------------+-------------------|
| RPRCON            |  1.2184e-03 |  1.4000e-03 | -1.8159e-04 |   -1.2971e-01 |       -1.2971e-01 |
| ENTRORG           |  1.6334e-03 |  1.7500e-03 | -1.1663e-04 |   -6.6644e-02 |       -6.6644e-02 |
| DETRPEN           |  1.0317e-04 |  7.5000e-05 |  2.8174e-05 |    3.7565e-01 |        3.7565e-01 |
| ENTRDD            |  2.5924e-04 |  3.0000e-04 | -4.0763e-05 |   -1.3588e-01 |       -1.3588e-01 |
| RMFDEPS           |  4.7329e-01 |  3.0000e-01 |  1.7329e-01 |    5.7764e-01 |        5.7764e-01 |
| RVICE             |  1.9836e-01 |  1.3000e-01 |  6.8357e-02 |    5.2583e-01 |        5.2583e-01 |
| RLCRITSNOW        |  9.4533e-06 |  2.0000e-05 | -1.0547e-05 |   -5.2733e-01 |       -5.2733e-01 |
| RSNOWLIN2         |  1.2279e-02 |  3.0000e-02 | -1.7721e-02 |   -5.9071e-01 |       -5.9071e-01 |
| RCLDIFF           |  4.1711e-06 |  6.0000e-06 | -1.8289e-06 |   -3.0482e-01 |       -3.0482e-01 |
| RCLDIFF_CONVI     |  1.1380e+01 |  1.0000e+01 |  1.3803e+00 |    1.3803e-01 |        1.3803e-01 |
| RDEPLIQREFRATE    |  7.0022e-01 |  5.0000e-01 |  2.0022e-01 |    4.0043e-01 |        4.0043e-01 |
| RDEPLIQREFDEPTH   |  5.0928e+02 |  5.0000e+02 |  9.2817e+00 |    1.8563e-02 |        1.8563e-02 |
| RCL_OVERLAPLIQICE |  6.0824e-01 |  6.5000e-01 | -4.1758e-02 |   -6.4244e-02 |       -6.4244e-02 |
| RCL_INHOMOGAUT    |  1.8538e+00 |  1.5000e+00 |  3.5376e-01 |    2.3584e-01 |        2.3584e-01 |
| RCL_INHOMOGACC    |  1.7114e+00 |  3.0000e+00 | -1.2886e+00 |   -4.2952e-01 |       -4.2952e-01 |
| RMINICE           |  9.3865e+01 |  6.0000e+01 |  3.3865e+01 |    5.6442e-01 |        5.6442e-01 |
2026-04-23 15:01:31 | ectuner |     INFO -> Diagnostic maps saved to ../results/tuned_2d_LR/rlut/alfa_040/diagnostics_2d_phis_Global_a04.nc
Copia del file YAML inviata a ../results/tuned_2d_LR/rlut/yaml_files
