2026-04-23 14:59:28 | ectuner |     INFO -> Loading 2D Data (Sensitivity, Reference, Base)...
   > Loading reference for net_toa from: climate_average_net_toa_CERES EBAF_r180x90_2000-2024.nc
   > Loading reference for rlnt from: climate_average_rlnt_CERES EBAF_r180x90_2000-2024.nc
   > Flipping sign for rlnt (Obs is UP, Model is DOWN)
--- Loading cached base maps for phis ---
2026-04-23 14:59:29 | ectuner |     INFO -> Generating spatial weights (Area * Region)...
2026-04-23 14:59:29 | ectuner |     INFO -> Variable net_toa: Initial Spatial RMSE (Weighted) = 11.3965
2026-04-23 14:59:29 | ectuner |     INFO -> Variable rlnt: Initial Spatial RMSE (Weighted) = 11.5226
2026-04-23 14:59:29 | ectuner |     INFO -> Flattening data for fast optimization...
2026-04-23 14:59:29 | ectuner |     INFO -> DEBUG: Global Bias for net_toa in optimizer: 5.6259
2026-04-23 14:59:29 | ectuner |     INFO -> DEBUG: Global Bias for rlnt in optimizer: 6.9311
2026-04-23 14:59:29 | ectuner |     INFO -> Starting 2D Optimization (dual_annealing)...
2026-04-23 15:01:34 | ectuner |     INFO -> 
==================== GLOBAL MEAN & ZONAL SUMMARY FROM 2D OPTIMIZATION ====================
2026-04-23 15:01:34 | ectuner |     INFO -> Variable     | Metric       |            Initial ->              Final | Status
2026-04-23 15:01:34 | ectuner |     INFO -> ------------------------------------------------------------------------------------------
2026-04-23 15:01:34 | ectuner |     INFO -> net_toa      | Global Bias |             5.6259 ->             0.0000 | IMPROVED
2026-04-23 15:01:34 | ectuner |     INFO ->              | Spatial RMSE  |            11.3965 ->             9.5127 | IMPROVED
2026-04-23 15:01:34 | ectuner |     INFO -> ------------------------------------------------------------------------------------------
2026-04-23 15:01:34 | ectuner |     INFO -> rlnt         | Global Bias |             6.9311 ->             0.3445 | IMPROVED
2026-04-23 15:01:34 | ectuner |     INFO ->              | Spatial RMSE  |            11.5226 ->             8.9524 | IMPROVED
2026-04-23 15:01:34 | ectuner |     INFO -> ------------------------------------------------------------------------------------------
2026-04-23 15:01:34 | ectuner |     INFO -> Structured tuning YAML written to ../results/tuned_2d_LR/rlut/alfa_030/tuned_phis_a030.yml

| Parameter         |   New Value |   Old Value |      Change |   Rel. Change |   Dist. from Ref. |
|-------------------+-------------+-------------+-------------+---------------+-------------------|
| RPRCON            |  1.0957e-03 |  1.4000e-03 | -3.0431e-04 |   -2.1737e-01 |       -2.1737e-01 |
| ENTRORG           |  1.3925e-03 |  1.7500e-03 | -3.5751e-04 |   -2.0429e-01 |       -2.0429e-01 |
| DETRPEN           |  1.1476e-04 |  7.5000e-05 |  3.9762e-05 |    5.3017e-01 |        5.3017e-01 |
| ENTRDD            |  1.4555e-04 |  3.0000e-04 | -1.5445e-04 |   -5.1483e-01 |       -5.1483e-01 |
| RMFDEPS           |  4.1357e-01 |  3.0000e-01 |  1.1357e-01 |    3.7856e-01 |        3.7856e-01 |
| RVICE             |  2.0798e-01 |  1.3000e-01 |  7.7983e-02 |    5.9987e-01 |        5.9987e-01 |
| RLCRITSNOW        |  8.0116e-06 |  2.0000e-05 | -1.1988e-05 |   -5.9942e-01 |       -5.9942e-01 |
| RSNOWLIN2         |  1.2033e-02 |  3.0000e-02 | -1.7967e-02 |   -5.9890e-01 |       -5.9890e-01 |
| RCLDIFF           |  4.8360e-06 |  6.0000e-06 | -1.1640e-06 |   -1.9400e-01 |       -1.9400e-01 |
| RCLDIFF_CONVI     |  9.9885e+00 |  1.0000e+01 | -1.1487e-02 |   -1.1487e-03 |       -1.1487e-03 |
| RDEPLIQREFRATE    |  6.9763e-01 |  5.0000e-01 |  1.9763e-01 |    3.9526e-01 |        3.9526e-01 |
| RDEPLIQREFDEPTH   |  5.2023e+02 |  5.0000e+02 |  2.0229e+01 |    4.0459e-02 |        4.0459e-02 |
| RCL_OVERLAPLIQICE |  3.8927e-01 |  6.5000e-01 | -2.6073e-01 |   -4.0112e-01 |       -4.0112e-01 |
| RCL_INHOMOGAUT    |  9.6149e-01 |  1.5000e+00 | -5.3851e-01 |   -3.5901e-01 |       -3.5901e-01 |
| RCL_INHOMOGACC    |  1.8189e+00 |  3.0000e+00 | -1.1811e+00 |   -3.9370e-01 |       -3.9370e-01 |
| RMINICE           |  9.5999e+01 |  6.0000e+01 |  3.5999e+01 |    5.9998e-01 |        5.9998e-01 |
2026-04-23 15:01:34 | ectuner |     INFO -> Diagnostic maps saved to ../results/tuned_2d_LR/rlut/alfa_030/diagnostics_2d_phis_Global_a03.nc
Copia del file YAML inviata a ../results/tuned_2d_LR/rlut/yaml_files
